determine-services	UNKNOWN STEP	﻿2026-02-09T09:12:06.2534077Z Current runner version: '2.331.0'
determine-services	UNKNOWN STEP	2026-02-09T09:12:06.2559066Z ##[group]Runner Image Provisioner
determine-services	UNKNOWN STEP	2026-02-09T09:12:06.2560165Z Hosted Compute Agent
determine-services	UNKNOWN STEP	2026-02-09T09:12:06.2560710Z Version: 20260123.484
determine-services	UNKNOWN STEP	2026-02-09T09:12:06.2561353Z Commit: 6bd6555ca37d84114959e1c76d2c01448ff61c5d
determine-services	UNKNOWN STEP	2026-02-09T09:12:06.2562087Z Build Date: 2026-01-23T19:41:17Z
determine-services	UNKNOWN STEP	2026-02-09T09:12:06.2562727Z Worker ID: {49b699df-0520-4bbf-9a23-b185b1e08c53}
determine-services	UNKNOWN STEP	2026-02-09T09:12:06.2563442Z Azure Region: eastus
determine-services	UNKNOWN STEP	2026-02-09T09:12:06.2563990Z ##[endgroup]
determine-services	UNKNOWN STEP	2026-02-09T09:12:06.2565577Z ##[group]Operating System
determine-services	UNKNOWN STEP	2026-02-09T09:12:06.2566261Z Ubuntu
determine-services	UNKNOWN STEP	2026-02-09T09:12:06.2566717Z 24.04.3
determine-services	UNKNOWN STEP	2026-02-09T09:12:06.2567166Z LTS
determine-services	UNKNOWN STEP	2026-02-09T09:12:06.2567607Z ##[endgroup]
determine-services	UNKNOWN STEP	2026-02-09T09:12:06.2568108Z ##[group]Runner Image
determine-services	UNKNOWN STEP	2026-02-09T09:12:06.2568657Z Image: ubuntu-24.04
determine-services	UNKNOWN STEP	2026-02-09T09:12:06.2569166Z Version: 20260201.15.1
determine-services	UNKNOWN STEP	2026-02-09T09:12:06.2570652Z Included Software: https://github.com/actions/runner-images/blob/ubuntu24/20260201.15/images/ubuntu/Ubuntu2404-Readme.md
determine-services	UNKNOWN STEP	2026-02-09T09:12:06.2572145Z Image Release: https://github.com/actions/runner-images/releases/tag/ubuntu24%2F20260201.15
determine-services	UNKNOWN STEP	2026-02-09T09:12:06.2572971Z ##[endgroup]
determine-services	UNKNOWN STEP	2026-02-09T09:12:06.2574199Z ##[group]GITHUB_TOKEN Permissions
determine-services	UNKNOWN STEP	2026-02-09T09:12:06.2577366Z Contents: read
determine-services	UNKNOWN STEP	2026-02-09T09:12:06.2577911Z Metadata: read
determine-services	UNKNOWN STEP	2026-02-09T09:12:06.2578351Z Packages: read
determine-services	UNKNOWN STEP	2026-02-09T09:12:06.2578930Z ##[endgroup]
determine-services	UNKNOWN STEP	2026-02-09T09:12:06.2581311Z Secret source: Actions
determine-services	UNKNOWN STEP	2026-02-09T09:12:06.2582344Z Prepare workflow directory
determine-services	UNKNOWN STEP	2026-02-09T09:12:06.2911333Z Prepare all required actions
determine-services	UNKNOWN STEP	2026-02-09T09:12:06.2949366Z Getting action download info
determine-services	UNKNOWN STEP	2026-02-09T09:12:06.6138135Z Download action repository 'actions/checkout@v4' (SHA:34e114876b0b11c390a56381ad16ebd13914f8d5)
determine-services	UNKNOWN STEP	2026-02-09T09:12:06.8057661Z Complete job name: determine-services
determine-services	UNKNOWN STEP	2026-02-09T09:12:06.8845986Z ##[group]Run actions/checkout@v4
determine-services	UNKNOWN STEP	2026-02-09T09:12:06.8847164Z with:
determine-services	UNKNOWN STEP	2026-02-09T09:12:06.8847543Z   fetch-depth: 0
determine-services	UNKNOWN STEP	2026-02-09T09:12:06.8847948Z   repository: ExecutESG/onton
determine-services	UNKNOWN STEP	2026-02-09T09:12:06.8848574Z   token: ***
determine-services	UNKNOWN STEP	2026-02-09T09:12:06.8848949Z   ssh-strict: true
determine-services	UNKNOWN STEP	2026-02-09T09:12:06.8849335Z   ssh-user: git
determine-services	UNKNOWN STEP	2026-02-09T09:12:06.8850033Z   persist-credentials: true
determine-services	UNKNOWN STEP	2026-02-09T09:12:06.8850491Z   clean: true
determine-services	UNKNOWN STEP	2026-02-09T09:12:06.8850895Z   sparse-checkout-cone-mode: true
determine-services	UNKNOWN STEP	2026-02-09T09:12:06.8851370Z   fetch-tags: false
determine-services	UNKNOWN STEP	2026-02-09T09:12:06.8851751Z   show-progress: true
determine-services	UNKNOWN STEP	2026-02-09T09:12:06.8852143Z   lfs: false
determine-services	UNKNOWN STEP	2026-02-09T09:12:06.8852487Z   submodules: false
determine-services	UNKNOWN STEP	2026-02-09T09:12:06.8852879Z   set-safe-directory: true
determine-services	UNKNOWN STEP	2026-02-09T09:12:06.8853664Z ##[endgroup]
determine-services	UNKNOWN STEP	2026-02-09T09:12:06.9954743Z Syncing repository: ExecutESG/onton
determine-services	UNKNOWN STEP	2026-02-09T09:12:06.9956385Z ##[group]Getting Git version info
determine-services	UNKNOWN STEP	2026-02-09T09:12:06.9957244Z Working directory is '/home/runner/work/onton/onton'
determine-services	UNKNOWN STEP	2026-02-09T09:12:06.9958845Z [command]/usr/bin/git version
determine-services	UNKNOWN STEP	2026-02-09T09:12:07.0050254Z git version 2.52.0
determine-services	UNKNOWN STEP	2026-02-09T09:12:07.0077802Z ##[endgroup]
determine-services	UNKNOWN STEP	2026-02-09T09:12:07.0092425Z Temporarily overriding HOME='/home/runner/work/_temp/2b28ba42-c943-4602-bccb-5457f3970bbc' before making global git config changes
determine-services	UNKNOWN STEP	2026-02-09T09:12:07.0105541Z Adding repository directory to the temporary git global config as a safe directory
determine-services	UNKNOWN STEP	2026-02-09T09:12:07.0106623Z [command]/usr/bin/git config --global --add safe.directory /home/runner/work/onton/onton
determine-services	UNKNOWN STEP	2026-02-09T09:12:07.0149095Z Deleting the contents of '/home/runner/work/onton/onton'
determine-services	UNKNOWN STEP	2026-02-09T09:12:07.0153318Z ##[group]Initializing the repository
determine-services	UNKNOWN STEP	2026-02-09T09:12:07.0157920Z [command]/usr/bin/git init /home/runner/work/onton/onton
determine-services	UNKNOWN STEP	2026-02-09T09:12:07.0278532Z hint: Using 'master' as the name for the initial branch. This default branch name
determine-services	UNKNOWN STEP	2026-02-09T09:12:07.0280324Z hint: will change to "main" in Git 3.0. To configure the initial branch name
determine-services	UNKNOWN STEP	2026-02-09T09:12:07.0281271Z hint: to use in all of your new repositories, which will suppress this warning,
determine-services	UNKNOWN STEP	2026-02-09T09:12:07.0282137Z hint: call:
determine-services	UNKNOWN STEP	2026-02-09T09:12:07.0282798Z hint:
determine-services	UNKNOWN STEP	2026-02-09T09:12:07.0283462Z hint: 	git config --global init.defaultBranch <name>
determine-services	UNKNOWN STEP	2026-02-09T09:12:07.0284661Z hint:
determine-services	UNKNOWN STEP	2026-02-09T09:12:07.0285662Z hint: Names commonly chosen instead of 'master' are 'main', 'trunk' and
determine-services	UNKNOWN STEP	2026-02-09T09:12:07.0287316Z hint: 'development'. The just-created branch can be renamed via this command:
determine-services	UNKNOWN STEP	2026-02-09T09:12:07.0288667Z hint:
determine-services	UNKNOWN STEP	2026-02-09T09:12:07.0289379Z hint: 	git branch -m <name>
determine-services	UNKNOWN STEP	2026-02-09T09:12:07.0290425Z hint:
determine-services	UNKNOWN STEP	2026-02-09T09:12:07.0291475Z hint: Disable this message with "git config set advice.defaultBranchName false"
determine-services	UNKNOWN STEP	2026-02-09T09:12:07.0293090Z Initialized empty Git repository in /home/runner/work/onton/onton/.git/
determine-services	UNKNOWN STEP	2026-02-09T09:12:07.0296888Z [command]/usr/bin/git remote add origin https://github.com/ExecutESG/onton
determine-services	UNKNOWN STEP	2026-02-09T09:12:07.0331042Z ##[endgroup]
determine-services	UNKNOWN STEP	2026-02-09T09:12:07.0332246Z ##[group]Disabling automatic garbage collection
determine-services	UNKNOWN STEP	2026-02-09T09:12:07.0335956Z [command]/usr/bin/git config --local gc.auto 0
determine-services	UNKNOWN STEP	2026-02-09T09:12:07.0364688Z ##[endgroup]
determine-services	UNKNOWN STEP	2026-02-09T09:12:07.0365875Z ##[group]Setting up auth
determine-services	UNKNOWN STEP	2026-02-09T09:12:07.0372544Z [command]/usr/bin/git config --local --name-only --get-regexp core\.sshCommand
determine-services	UNKNOWN STEP	2026-02-09T09:12:07.0402572Z [command]/usr/bin/git submodule foreach --recursive sh -c "git config --local --name-only --get-regexp 'core\.sshCommand' && git config --local --unset-all 'core.sshCommand' || :"
determine-services	UNKNOWN STEP	2026-02-09T09:12:07.0908860Z [command]/usr/bin/git config --local --name-only --get-regexp http\.https\:\/\/github\.com\/\.extraheader
determine-services	UNKNOWN STEP	2026-02-09T09:12:07.0939957Z [command]/usr/bin/git submodule foreach --recursive sh -c "git config --local --name-only --get-regexp 'http\.https\:\/\/github\.com\/\.extraheader' && git config --local --unset-all 'http.https://github.com/.extraheader' || :"
determine-services	UNKNOWN STEP	2026-02-09T09:12:07.1156313Z [command]/usr/bin/git config --local --name-only --get-regexp ^includeIf\.gitdir:
determine-services	UNKNOWN STEP	2026-02-09T09:12:07.1186711Z [command]/usr/bin/git submodule foreach --recursive git config --local --show-origin --name-only --get-regexp remote.origin.url
determine-services	UNKNOWN STEP	2026-02-09T09:12:07.1414915Z [command]/usr/bin/git config --local http.https://github.com/.extraheader AUTHORIZATION: basic ***
determine-services	UNKNOWN STEP	2026-02-09T09:12:07.1505886Z ##[endgroup]
determine-services	UNKNOWN STEP	2026-02-09T09:12:07.1507301Z ##[group]Fetching the repository
determine-services	UNKNOWN STEP	2026-02-09T09:12:07.1508869Z [command]/usr/bin/git -c protocol.version=2 fetch --prune --no-recurse-submodules origin +refs/heads/*:refs/remotes/origin/* +refs/tags/*:refs/tags/*
determine-services	UNKNOWN STEP	2026-02-09T09:12:08.9959517Z From https://github.com/ExecutESG/onton
determine-services	UNKNOWN STEP	2026-02-09T09:12:08.9961263Z  * [new branch]        codex/update-expired-tournament-activity-dates -> origin/codex/update-expired-tournament-activity-dates
determine-services	UNKNOWN STEP	2026-02-09T09:12:08.9962092Z  * [new branch]        dev                     -> origin/dev
determine-services	UNKNOWN STEP	2026-02-09T09:12:08.9962571Z  * [new branch]        feat/cats               -> origin/feat/cats
determine-services	UNKNOWN STEP	2026-02-09T09:12:08.9963190Z  * [new branch]        feat/claim_points       -> origin/feat/claim_points
determine-services	UNKNOWN STEP	2026-02-09T09:12:08.9963706Z  * [new branch]        feat/conflict           -> origin/feat/conflict
determine-services	UNKNOWN STEP	2026-02-09T09:12:08.9964180Z  * [new branch]        feat/giveaway           -> origin/feat/giveaway
determine-services	UNKNOWN STEP	2026-02-09T09:12:08.9964856Z  * [new branch]        feat/multi-ticket       -> origin/feat/multi-ticket
determine-services	UNKNOWN STEP	2026-02-09T09:12:08.9965793Z  * [new branch]        feat/nft-api            -> origin/feat/nft-api
determine-services	UNKNOWN STEP	2026-02-09T09:12:08.9966633Z  * [new branch]        feat/oauth              -> origin/feat/oauth
determine-services	UNKNOWN STEP	2026-02-09T09:12:08.9967464Z  * [new branch]        feat/point_details      -> origin/feat/point_details
determine-services	UNKNOWN STEP	2026-02-09T09:12:08.9968297Z  * [new branch]        main                    -> origin/main
determine-services	UNKNOWN STEP	2026-02-09T09:12:08.9968847Z  * [new branch]        muti-ticket-remove-ptma -> origin/muti-ticket-remove-ptma
determine-services	UNKNOWN STEP	2026-02-09T09:12:08.9969369Z  * [new branch]        staging                 -> origin/staging
determine-services	UNKNOWN STEP	2026-02-09T09:12:08.9970133Z  * [new branch]        update/promotion-code   -> origin/update/promotion-code
determine-services	UNKNOWN STEP	2026-02-09T09:12:08.9970636Z  * [new tag]           0.13.0                  -> 0.13.0
determine-services	UNKNOWN STEP	2026-02-09T09:12:08.9971009Z  * [new tag]           0.14.0                  -> 0.14.0
determine-services	UNKNOWN STEP	2026-02-09T09:12:08.9971377Z  * [new tag]           0.14.1                  -> 0.14.1
determine-services	UNKNOWN STEP	2026-02-09T09:12:08.9972046Z  * [new tag]           0.6.2                   -> 0.6.2
determine-services	UNKNOWN STEP	2026-02-09T09:12:08.9972424Z  * [new tag]           v0.5.1                  -> v0.5.1
determine-services	UNKNOWN STEP	2026-02-09T09:12:08.9972799Z  * [new tag]           v0.5.2                  -> v0.5.2
determine-services	UNKNOWN STEP	2026-02-09T09:12:08.9973164Z  * [new tag]           v0.5.3                  -> v0.5.3
determine-services	UNKNOWN STEP	2026-02-09T09:12:08.9973569Z  * [new tag]           v0.6.0                  -> v0.6.0
determine-services	UNKNOWN STEP	2026-02-09T09:12:08.9973935Z  * [new tag]           v0.7.0                  -> v0.7.0
determine-services	UNKNOWN STEP	2026-02-09T09:12:08.9974314Z  * [new tag]           v0.7.1                  -> v0.7.1
determine-services	UNKNOWN STEP	2026-02-09T09:12:08.9974699Z  * [new tag]           v0.7.2                  -> v0.7.2
determine-services	UNKNOWN STEP	2026-02-09T09:12:08.9975179Z  * [new tag]           v0.8.0                  -> v0.8.0
determine-services	UNKNOWN STEP	2026-02-09T09:12:08.9975716Z  * [new tag]           v0.9.4                  -> v0.9.4
determine-services	UNKNOWN STEP	2026-02-09T09:12:08.9976264Z  * [new tag]           v0.9.6                  -> v0.9.6
determine-services	UNKNOWN STEP	2026-02-09T09:12:09.0032428Z [command]/usr/bin/git branch --list --remote origin/dev
determine-services	UNKNOWN STEP	2026-02-09T09:12:09.0058334Z   origin/dev
determine-services	UNKNOWN STEP	2026-02-09T09:12:09.0066928Z [command]/usr/bin/git rev-parse refs/remotes/origin/dev
determine-services	UNKNOWN STEP	2026-02-09T09:12:09.0086311Z beb2fcb93db685caf586df53791b4e56088f0a4c
determine-services	UNKNOWN STEP	2026-02-09T09:12:09.0091248Z ##[endgroup]
determine-services	UNKNOWN STEP	2026-02-09T09:12:09.0092211Z ##[group]Determining the checkout info
determine-services	UNKNOWN STEP	2026-02-09T09:12:09.0093132Z ##[endgroup]
determine-services	UNKNOWN STEP	2026-02-09T09:12:09.0096811Z [command]/usr/bin/git sparse-checkout disable
determine-services	UNKNOWN STEP	2026-02-09T09:12:09.0138227Z [command]/usr/bin/git config --local --unset-all extensions.worktreeConfig
determine-services	UNKNOWN STEP	2026-02-09T09:12:09.0162885Z ##[group]Checking out the ref
determine-services	UNKNOWN STEP	2026-02-09T09:12:09.0166832Z [command]/usr/bin/git checkout --progress --force -B dev refs/remotes/origin/dev
determine-services	UNKNOWN STEP	2026-02-09T09:12:09.2952723Z Switched to a new branch 'dev'
determine-services	UNKNOWN STEP	2026-02-09T09:12:09.2953742Z branch 'dev' set up to track 'origin/dev'.
determine-services	UNKNOWN STEP	2026-02-09T09:12:09.2988012Z ##[endgroup]
determine-services	UNKNOWN STEP	2026-02-09T09:12:09.3027137Z [command]/usr/bin/git log -1 --format=%H
determine-services	UNKNOWN STEP	2026-02-09T09:12:09.3048437Z beb2fcb93db685caf586df53791b4e56088f0a4c
determine-services	UNKNOWN STEP	2026-02-09T09:12:09.3253553Z ##[group]Run echo "Determining services that have changed..."
determine-services	UNKNOWN STEP	2026-02-09T09:12:09.3254127Z [36;1mecho "Determining services that have changed..."[0m
determine-services	UNKNOWN STEP	2026-02-09T09:12:09.3254821Z [36;1mchanged_files=$(git diff --name-only "64684c934dd1e77d62b24ff505be288678765b02" "beb2fcb93db685caf586df53791b4e56088f0a4c")[0m
determine-services	UNKNOWN STEP	2026-02-09T09:12:09.3255475Z [36;1mecho "Changed files: $changed_files"[0m
determine-services	UNKNOWN STEP	2026-02-09T09:12:09.3255804Z [36;1mdeclare -a services_to_build=()[0m
determine-services	UNKNOWN STEP	2026-02-09T09:12:09.3256146Z [36;1m# Define service directory mappings[0m
determine-services	UNKNOWN STEP	2026-02-09T09:12:09.3256490Z [36;1m#  ["client-web"]="client-web-panel"[0m
determine-services	UNKNOWN STEP	2026-02-09T09:12:09.3256818Z [36;1mdeclare -A service_dirs=([0m
determine-services	UNKNOWN STEP	2026-02-09T09:12:09.3257112Z [36;1m  ["mini-app"]="mini-app"[0m
determine-services	UNKNOWN STEP	2026-02-09T09:12:09.3257468Z [36;1m  ["participant-tma"]="newton/apps/participant-tma"[0m
determine-services	UNKNOWN STEP	2026-02-09T09:12:09.3257883Z [36;1m  ["telegram-bot"]="telegram-bot"[0m
determine-services	UNKNOWN STEP	2026-02-09T09:12:09.3258184Z [36;1m  ["website"]="website"[0m
determine-services	UNKNOWN STEP	2026-02-09T09:12:09.3258519Z [36;1m  ["caddy"]="devops"[0m
determine-services	UNKNOWN STEP	2026-02-09T09:12:09.3258787Z [36;1m  ["swagger-ui"]="swagger"[0m
determine-services	UNKNOWN STEP	2026-02-09T09:12:09.3259051Z [36;1m)[0m
determine-services	UNKNOWN STEP	2026-02-09T09:12:09.3259364Z [36;1m# If Trigger-full-build.txt has changed, add all services[0m
determine-services	UNKNOWN STEP	2026-02-09T09:12:09.3259994Z [36;1mif echo "$changed_files" | grep -q "^Trigger-full-build.txt$"; then[0m
determine-services	UNKNOWN STEP	2026-02-09T09:12:09.3260513Z [36;1m  echo "Trigger-full-build.txt has changed, rebuilding all services."[0m
determine-services	UNKNOWN STEP	2026-02-09T09:12:09.3260968Z [36;1m  services_to_build=("${!service_dirs[@]}")[0m
determine-services	UNKNOWN STEP	2026-02-09T09:12:09.3261277Z [36;1melse[0m
determine-services	UNKNOWN STEP	2026-02-09T09:12:09.3261525Z [36;1m  for service in "${!service_dirs[@]}"; do[0m
determine-services	UNKNOWN STEP	2026-02-09T09:12:09.3261941Z [36;1m    if echo "$changed_files" | grep -q "^${service_dirs[$service]}"; then[0m
determine-services	UNKNOWN STEP	2026-02-09T09:12:09.3262358Z [36;1m      services_to_build+=("$service")[0m
determine-services	UNKNOWN STEP	2026-02-09T09:12:09.3262656Z [36;1m    fi[0m
determine-services	UNKNOWN STEP	2026-02-09T09:12:09.3262876Z [36;1m  done[0m
determine-services	UNKNOWN STEP	2026-02-09T09:12:09.3263280Z [36;1mfi[0m
determine-services	UNKNOWN STEP	2026-02-09T09:12:09.3263546Z [36;1m# Add 'telegram-bot' if no services have changed[0m
determine-services	UNKNOWN STEP	2026-02-09T09:12:09.3263923Z [36;1mif [ ${#services_to_build[@]} -eq 0 ]; then[0m
determine-services	UNKNOWN STEP	2026-02-09T09:12:09.3264327Z [36;1m  echo "No services have changed, defaulting to 'telegram-bot'."[0m
determine-services	UNKNOWN STEP	2026-02-09T09:12:09.3264730Z [36;1mservices_to_build+=("telegram-bot")[0m
determine-services	UNKNOWN STEP	2026-02-09T09:12:09.3265021Z [36;1mfi[0m
determine-services	UNKNOWN STEP	2026-02-09T09:12:09.3265259Z [36;1mif [ ${#services_to_build[@]} -eq 0 ]; then[0m
determine-services	UNKNOWN STEP	2026-02-09T09:12:09.3265622Z [36;1m  echo "No services have changes, skipping build."[0m
determine-services	UNKNOWN STEP	2026-02-09T09:12:09.3265956Z [36;1m  services_json="[]"[0m
determine-services	UNKNOWN STEP	2026-02-09T09:12:09.3266208Z [36;1melse[0m
determine-services	UNKNOWN STEP	2026-02-09T09:12:09.3266561Z [36;1m  services_json=$(printf '%s\n' "${services_to_build[@]}" | jq -R . | jq -s -c .)[0m
determine-services	UNKNOWN STEP	2026-02-09T09:12:09.3266968Z [36;1mfi[0m
determine-services	UNKNOWN STEP	2026-02-09T09:12:09.3267171Z [36;1m[0m
determine-services	UNKNOWN STEP	2026-02-09T09:12:09.3267402Z [36;1mecho "Services to build: $services_json"[0m
determine-services	UNKNOWN STEP	2026-02-09T09:12:09.3267782Z [36;1mecho "services=$services_json" >> $GITHUB_OUTPUT[0m
determine-services	UNKNOWN STEP	2026-02-09T09:12:09.3268104Z [36;1m[0m
determine-services	UNKNOWN STEP	2026-02-09T09:12:09.3268304Z [36;1m[0m
determine-services	UNKNOWN STEP	2026-02-09T09:12:09.3268716Z [36;1mif [ -z "TELEGRAM_BOT_TOKEN_FOR_DEPLOYMENT" ] || [ -z "$TELEGRAM_CHAT_ID_FOR_DEPLOYMENT" ]; then[0m
determine-services	UNKNOWN STEP	2026-02-09T09:12:09.3269304Z [36;1m  echo "Error: Telegram  deployment bot vars  are not set or are empty."[0m
determine-services	UNKNOWN STEP	2026-02-09T09:12:09.3270003Z [36;1m  exit 1[0m
determine-services	UNKNOWN STEP	2026-02-09T09:12:09.3270222Z [36;1mfi[0m
determine-services	UNKNOWN STEP	2026-02-09T09:12:09.3270425Z [36;1m[0m
determine-services	UNKNOWN STEP	2026-02-09T09:12:09.3270862Z [36;1mcurl -s -X POST "https://api.telegram.org/bot$TELEGRAM_BOT_TOKEN_FOR_DEPLOYMENT/sendMessage" \[0m
determine-services	UNKNOWN STEP	2026-02-09T09:12:09.3271424Z [36;1m  -d chat_id="$TELEGRAM_CHAT_ID_FOR_DEPLOYMENT" \[0m
determine-services	UNKNOWN STEP	2026-02-09T09:12:09.3271759Z [36;1m  -d text="[0m
determine-services	UNKNOWN STEP	2026-02-09T09:12:09.3272020Z [36;1m  🔄 Build Started for ExecutESG/onton[0m
determine-services	UNKNOWN STEP	2026-02-09T09:12:09.3272339Z [36;1m  🧑Actor: bemehrbani[0m
determine-services	UNKNOWN STEP	2026-02-09T09:12:09.3272622Z [36;1m  >> Changed services:  $services_json  [0m
determine-services	UNKNOWN STEP	2026-02-09T09:12:09.3273196Z [36;1m  📝 branch: refs/heads/dev[0m
determine-services	UNKNOWN STEP	2026-02-09T09:12:09.3273744Z [36;1m  🔍 See Changes: https://github.com/ExecutESG/onton/commit/beb2fcb93db685caf586df53791b4e56088f0a4c"[0m
determine-services	UNKNOWN STEP	2026-02-09T09:12:09.3309915Z shell: /usr/bin/bash -e {0}
determine-services	UNKNOWN STEP	2026-02-09T09:12:09.3310257Z env:
determine-services	UNKNOWN STEP	2026-02-09T09:12:09.3310618Z   TELEGRAM_BOT_TOKEN_FOR_DEPLOYMENT: 7604730825:AAHhtwa4bGhELsBn2VqUxIIFXVJkRJfKuDs
determine-services	UNKNOWN STEP	2026-02-09T09:12:09.3311117Z   TELEGRAM_CHAT_ID_FOR_DEPLOYMENT: -1003715829795
determine-services	UNKNOWN STEP	2026-02-09T09:12:09.3311430Z ##[endgroup]
determine-services	UNKNOWN STEP	2026-02-09T09:12:09.3386780Z Determining services that have changed...
determine-services	UNKNOWN STEP	2026-02-09T09:12:09.3408597Z Changed files: .github/workflows/build-push-deploy.yml
determine-services	UNKNOWN STEP	2026-02-09T09:12:09.3511965Z No services have changed, defaulting to 'telegram-bot'.
determine-services	UNKNOWN STEP	2026-02-09T09:12:09.3545588Z Services to build: ["telegram-bot"]
determine-services	UNKNOWN STEP	2026-02-09T09:12:09.7484570Z {"ok":true,"result":{"message_id":222,"sender_chat":{"id":-1003715829795,"title":"ONTON LOGs","type":"channel"},"chat":{"id":-1003715829795,"title":"ONTON LOGs","type":"channel"},"date":1770628329,"text":"\ud83d\udd04 Build Started for ExecutESG/onton\n  \ud83e\uddd1Actor: bemehrbani\n  >> Changed services:  [\"telegram-bot\"]  \n  \ud83d\udcdd branch: refs/heads/dev\n  \ud83d\udd0d See Changes: https://github.com/ExecutESG/onton/commit/beb2fcb93db685caf586df53791b4e56088f0a4c","entities":[{"offset":148,"length":82,"type":"url"}],"link_preview_options":{"url":"https://github.com/ExecutESG/onton/commit/beb2fcb93db685caf586df53791b4e56088f0a4c"}}}
determine-services	UNKNOWN STEP	2026-02-09T09:12:09.7587874Z Post job cleanup.
determine-services	UNKNOWN STEP	2026-02-09T09:12:09.8516385Z [command]/usr/bin/git version
determine-services	UNKNOWN STEP	2026-02-09T09:12:09.8552130Z git version 2.52.0
determine-services	UNKNOWN STEP	2026-02-09T09:12:09.8594973Z Temporarily overriding HOME='/home/runner/work/_temp/f1b2a281-b4aa-4b73-9422-d699c9496b18' before making global git config changes
determine-services	UNKNOWN STEP	2026-02-09T09:12:09.8596072Z Adding repository directory to the temporary git global config as a safe directory
determine-services	UNKNOWN STEP	2026-02-09T09:12:09.8600181Z [command]/usr/bin/git config --global --add safe.directory /home/runner/work/onton/onton
determine-services	UNKNOWN STEP	2026-02-09T09:12:09.8635641Z [command]/usr/bin/git config --local --name-only --get-regexp core\.sshCommand
determine-services	UNKNOWN STEP	2026-02-09T09:12:09.8667817Z [command]/usr/bin/git submodule foreach --recursive sh -c "git config --local --name-only --get-regexp 'core\.sshCommand' && git config --local --unset-all 'core.sshCommand' || :"
determine-services	UNKNOWN STEP	2026-02-09T09:12:09.8898628Z [command]/usr/bin/git config --local --name-only --get-regexp http\.https\:\/\/github\.com\/\.extraheader
determine-services	UNKNOWN STEP	2026-02-09T09:12:09.8919178Z http.https://github.com/.extraheader
determine-services	UNKNOWN STEP	2026-02-09T09:12:09.8932254Z [command]/usr/bin/git config --local --unset-all http.https://github.com/.extraheader
determine-services	UNKNOWN STEP	2026-02-09T09:12:09.8963161Z [command]/usr/bin/git submodule foreach --recursive sh -c "git config --local --name-only --get-regexp 'http\.https\:\/\/github\.com\/\.extraheader' && git config --local --unset-all 'http.https://github.com/.extraheader' || :"
determine-services	UNKNOWN STEP	2026-02-09T09:12:09.9180598Z [command]/usr/bin/git config --local --name-only --get-regexp ^includeIf\.gitdir:
determine-services	UNKNOWN STEP	2026-02-09T09:12:09.9212241Z [command]/usr/bin/git submodule foreach --recursive git config --local --show-origin --name-only --get-regexp remote.origin.url
determine-services	UNKNOWN STEP	2026-02-09T09:12:09.9558108Z Evaluate and set job outputs
determine-services	UNKNOWN STEP	2026-02-09T09:12:09.9563609Z Set output 'services_to_build'
determine-services	UNKNOWN STEP	2026-02-09T09:12:09.9565939Z Cleaning up orphan processes
build-and-push (telegram-bot)	UNKNOWN STEP	﻿2026-02-09T09:12:15.3154577Z Current runner version: '2.331.0'
build-and-push (telegram-bot)	UNKNOWN STEP	2026-02-09T09:12:15.3182018Z ##[group]Runner Image Provisioner
build-and-push (telegram-bot)	UNKNOWN STEP	2026-02-09T09:12:15.3184294Z Hosted Compute Agent
build-and-push (telegram-bot)	UNKNOWN STEP	2026-02-09T09:12:15.3185937Z Version: 20260123.484
build-and-push (telegram-bot)	UNKNOWN STEP	2026-02-09T09:12:15.3187567Z Commit: 6bd6555ca37d84114959e1c76d2c01448ff61c5d
build-and-push (telegram-bot)	UNKNOWN STEP	2026-02-09T09:12:15.3189194Z Build Date: 2026-01-23T19:41:17Z
build-and-push (telegram-bot)	UNKNOWN STEP	2026-02-09T09:12:15.3190835Z Worker ID: {9cb3323f-6847-469e-b001-c717e86f7a9d}
build-and-push (telegram-bot)	UNKNOWN STEP	2026-02-09T09:12:15.3192508Z Azure Region: westcentralus
build-and-push (telegram-bot)	UNKNOWN STEP	2026-02-09T09:12:15.3194148Z ##[endgroup]
build-and-push (telegram-bot)	UNKNOWN STEP	2026-02-09T09:12:15.3196531Z ##[group]Operating System
build-and-push (telegram-bot)	UNKNOWN STEP	2026-02-09T09:12:15.3198081Z Ubuntu
build-and-push (telegram-bot)	UNKNOWN STEP	2026-02-09T09:12:15.3199440Z 24.04.3
build-and-push (telegram-bot)	UNKNOWN STEP	2026-02-09T09:12:15.3200822Z LTS
build-and-push (telegram-bot)	UNKNOWN STEP	2026-02-09T09:12:15.3202194Z ##[endgroup]
build-and-push (telegram-bot)	UNKNOWN STEP	2026-02-09T09:12:15.3203609Z ##[group]Runner Image
build-and-push (telegram-bot)	UNKNOWN STEP	2026-02-09T09:12:15.3205647Z Image: ubuntu-24.04
build-and-push (telegram-bot)	UNKNOWN STEP	2026-02-09T09:12:15.3207157Z Version: 20260201.15.1
build-and-push (telegram-bot)	UNKNOWN STEP	2026-02-09T09:12:15.3209335Z Included Software: https://github.com/actions/runner-images/blob/ubuntu24/20260201.15/images/ubuntu/Ubuntu2404-Readme.md
build-and-push (telegram-bot)	UNKNOWN STEP	2026-02-09T09:12:15.3211829Z Image Release: https://github.com/actions/runner-images/releases/tag/ubuntu24%2F20260201.15
build-and-push (telegram-bot)	UNKNOWN STEP	2026-02-09T09:12:15.3213616Z ##[endgroup]
build-and-push (telegram-bot)	UNKNOWN STEP	2026-02-09T09:12:15.3216684Z ##[group]GITHUB_TOKEN Permissions
build-and-push (telegram-bot)	UNKNOWN STEP	2026-02-09T09:12:15.3219518Z Actions: write
build-and-push (telegram-bot)	UNKNOWN STEP	2026-02-09T09:12:15.3220970Z Contents: read
build-and-push (telegram-bot)	UNKNOWN STEP	2026-02-09T09:12:15.3222339Z Metadata: read
build-and-push (telegram-bot)	UNKNOWN STEP	2026-02-09T09:12:15.3223684Z Packages: write
build-and-push (telegram-bot)	UNKNOWN STEP	2026-02-09T09:12:15.3225311Z ##[endgroup]
build-and-push (telegram-bot)	UNKNOWN STEP	2026-02-09T09:12:15.3228256Z Secret source: Actions
build-and-push (telegram-bot)	UNKNOWN STEP	2026-02-09T09:12:15.3229908Z Prepare workflow directory
build-and-push (telegram-bot)	UNKNOWN STEP	2026-02-09T09:12:15.3915407Z Prepare all required actions
build-and-push (telegram-bot)	UNKNOWN STEP	2026-02-09T09:12:15.3951747Z Getting action download info
build-and-push (telegram-bot)	UNKNOWN STEP	2026-02-09T09:12:15.8194740Z Download action repository 'actions/checkout@v4' (SHA:34e114876b0b11c390a56381ad16ebd13914f8d5)
build-and-push (telegram-bot)	UNKNOWN STEP	2026-02-09T09:12:15.9254667Z Download action repository 'docker/setup-buildx-action@v3.7.1' (SHA:c47758b77c9736f4b2ef4073d4d51994fabfe349)
build-and-push (telegram-bot)	UNKNOWN STEP	2026-02-09T09:12:16.9230848Z Download action repository 'docker/login-action@v3' (SHA:c94ce9fb468520275***3c153574b00df6fe4bcc9)
build-and-push (telegram-bot)	UNKNOWN STEP	2026-02-09T09:12:17.9758781Z Complete job name: build-and-push (telegram-bot)
build-and-push (telegram-bot)	UNKNOWN STEP	2026-02-09T09:12:18.0329377Z ##[group]Run if [ -z "$TELEGRAM_BOT_TOKEN" ] || [ -z "$TELEGRAM_CHAT_ID" ]; then
build-and-push (telegram-bot)	UNKNOWN STEP	2026-02-09T09:12:18.0330458Z [36;1mif [ -z "$TELEGRAM_BOT_TOKEN" ] || [ -z "$TELEGRAM_CHAT_ID" ]; then[0m
build-and-push (telegram-bot)	UNKNOWN STEP	2026-02-09T09:12:18.0331419Z [36;1m  echo "Error: Telegram deployment bot vars are not set or are empty."[0m
build-and-push (telegram-bot)	UNKNOWN STEP	2026-02-09T09:12:18.0332207Z [36;1m  exit 1[0m
build-and-push (telegram-bot)	UNKNOWN STEP	2026-02-09T09:12:18.0332803Z [36;1mfi[0m
build-and-push (telegram-bot)	UNKNOWN STEP	2026-02-09T09:12:18.0333373Z [36;1m[0m
build-and-push (telegram-bot)	UNKNOWN STEP	2026-02-09T09:12:18.0334361Z [36;1mcurl -s -X POST "https://api.telegram.org/bot$TELEGRAM_BOT_TOKEN/sendMessage" \[0m
build-and-push (telegram-bot)	UNKNOWN STEP	2026-02-09T09:12:18.0335314Z [36;1m  -d chat_id="$TELEGRAM_CHAT_ID" \[0m
build-and-push (telegram-bot)	UNKNOWN STEP	2026-02-09T09:12:18.0336022Z [36;1m  -d text="[0m
build-and-push (telegram-bot)	UNKNOWN STEP	2026-02-09T09:12:18.0336802Z [36;1m  🔄Build Start for ExecutESG/***[0m
build-and-push (telegram-bot)	UNKNOWN STEP	2026-02-09T09:12:18.0337532Z [36;1m  📝 branch: refs/heads/dev[0m
build-and-push (telegram-bot)	UNKNOWN STEP	2026-02-09T09:12:18.0338261Z [36;1m  🧑 ‍💻Actor: bemehrbani[0m
build-and-push (telegram-bot)	UNKNOWN STEP	2026-02-09T09:12:18.0339084Z [36;1m  🖊   message: fix(deploy): remove missing override file from scp[0m
build-and-push (telegram-bot)	UNKNOWN STEP	2026-02-09T09:12:18.0340224Z [36;1m  🔍 See Changes: https://github.com/ExecutESG/***/commit/beb2fcb93db685caf586df53791b4e56088f0a4c"[0m
build-and-push (telegram-bot)	UNKNOWN STEP	2026-02-09T09:12:18.0376782Z shell: /usr/bin/bash -e {0}
build-and-push (telegram-bot)	UNKNOWN STEP	2026-02-09T09:12:18.0377840Z env:
build-and-push (telegram-bot)	UNKNOWN STEP	2026-02-09T09:12:18.0408523Z   ALLMYSECRETS: {
build-and-push (telegram-bot)	UNKNOWN STEP	  "DEV_MNEMONIC": "***",
build-and-push (telegram-bot)	UNKNOWN STEP	  "MAIN_PGADMIN_DEFAULT_PASSWORD": "***",
build-and-push (telegram-bot)	UNKNOWN STEP	  "DOCKER_HUB_TOKEN": "***",
build-and-push (telegram-bot)	UNKNOWN STEP	  "STAGING_ONTON_API_KEY": "***",
build-and-push (telegram-bot)	UNKNOWN STEP	  "STAGING_CLOUDFLARE_API_TOKEN": "***",
build-and-push (telegram-bot)	UNKNOWN STEP	  "DEV_TON_CENTER_TOKEN": "***",
build-and-push (telegram-bot)	UNKNOWN STEP	  "STAGING_ONTON_API_SECRET": "***",
build-and-push (telegram-bot)	UNKNOWN STEP	  "STAGING_GITHUB_CLIENT_SECRET": "***",
build-and-push (telegram-bot)	UNKNOWN STEP	  "SSH_MAIN_IP": "***",
build-and-push (telegram-bot)	UNKNOWN STEP	  "MAIN_TWITTER_CLIENT_SECRET": "***",
build-and-push (telegram-bot)	UNKNOWN STEP	  "STAGING_MINIO_ROOT_PASSWORD": "***",
build-and-push (telegram-bot)	UNKNOWN STEP	  "MAIN_GITHUB_CLIENT_SECRET": "***",
build-and-push (telegram-bot)	UNKNOWN STEP	  "STAGING_RABBITMQ_DEFAULT_PASS": "***",
build-and-push (telegram-bot)	UNKNOWN STEP	  "SSH_DEV_IP": "***",
build-and-push (telegram-bot)	UNKNOWN STEP	  "DEV_POSTGRES_PASSWORD": "***",
build-and-push (telegram-bot)	UNKNOWN STEP	  "SSH_PASSPHRASE": "***",
build-and-push (telegram-bot)	UNKNOWN STEP	  "STAGING_CLIENT_API_FIXED_KEY": "***",
build-and-push (telegram-bot)	UNKNOWN STEP	  "MAIN_TON_CENTER_TOKEN": "***",
build-and-push (telegram-bot)	UNKNOWN STEP	  "DOCKER_HUB_USERNAME": "***",
build-and-push (telegram-bot)	UNKNOWN STEP	  "GIT_API_KEY": "***",
build-and-push (telegram-bot)	UNKNOWN STEP	  "MAIN_CLOUDFLARE_EMAIL": "***",
build-and-push (telegram-bot)	UNKNOWN STEP	  "MAIN_DATABASE_URL": "***",
build-and-push (telegram-bot)	UNKNOWN STEP	  "MAIN_CLOUDFLARE_EMAIL_MAIN": "***",
build-and-push (telegram-bot)	UNKNOWN STEP	  "STAGING_PGADMIN_DEFAULT_EMAIL": "***",
build-and-push (telegram-bot)	UNKNOWN STEP	  "STAGING_SECRET_EVENT_WALLET_ENC_KEY": "***",
build-and-push (telegram-bot)	UNKNOWN STEP	  "STAGING_PGADMIN_DEFAULT_PASSWORD": "***",
build-and-push (telegram-bot)	UNKNOWN STEP	  "CR_PAT": "***",
build-and-push (telegram-bot)	UNKNOWN STEP	  "MAIN_CLOUDFLARE_API_TOKEN_MAIN": "***",
build-and-push (telegram-bot)	UNKNOWN STEP	  "MAIN_POSTGRES_USER": "***",
build-and-push (telegram-bot)	UNKNOWN STEP	  "DEV_BOT_TOKEN": "***",
build-and-push (telegram-bot)	UNKNOWN STEP	  "STAGING_REDIS_PASSWORD": "***",
build-and-push (telegram-bot)	UNKNOWN STEP	  "TELEGRAM_CHAT_ID_FOR_DEPLOYMENT": "***",
build-and-push (telegram-bot)	UNKNOWN STEP	  "STAGING_TONAPI_API_KEY": "***",
build-and-push (telegram-bot)	UNKNOWN STEP	  "STAGING_CLOUDFLARE_API_TOKEN_MAIN": "***",
build-and-push (telegram-bot)	UNKNOWN STEP	  "MAIN_BOT_TOKEN": "***",
build-and-push (telegram-bot)	UNKNOWN STEP	  "MAIN_SENTRY_AUTH_TOKEN": "***",
build-and-push (telegram-bot)	UNKNOWN STEP	  "github_token": "***",
build-and-push (telegram-bot)	UNKNOWN STEP	  "STAGING_DATABASE_URL_NFT_MANAGER": "***",
build-and-push (telegram-bot)	UNKNOWN STEP	  "DEV_CLOUDFLARE_API_TOKEN": "***",
build-and-push (telegram-bot)	UNKNOWN STEP	  "STAGING_TON_SOCIETY_API_KEY": "***",
build-and-push (telegram-bot)	UNKNOWN STEP	  "STAGING_POSTGRES_PASSWORD": "***",
build-and-push (telegram-bot)	UNKNOWN STEP	  "MAIN_RABBITMQ_DEFAULT_USER": "***",
build-and-push (telegram-bot)	UNKNOWN STEP	  "MAIN_CLOUDFLARE_API_TOKEN": "***",
build-and-push (telegram-bot)	UNKNOWN STEP	  "MAIN_CLOUDFLARE_DNS_ZONE_ID": "***",
build-and-push (telegram-bot)	UNKNOWN STEP	  "MAIN_REDIS_PASSWORD": "***",
build-and-push (telegram-bot)	UNKNOWN STEP	  "STAGING_MINIO_ROOT_USER": "***",
build-and-push (telegram-bot)	UNKNOWN STEP	  "MAIN_TON_SOCIETY_API_KEY": "***",
build-and-push (telegram-bot)	UNKNOWN STEP	  "STAGING_CLOUDFLARE_DNS_ZONE_ID": "***",
build-and-push (telegram-bot)	UNKNOWN STEP	  "DEV_CLIENT_API_JWT_SECRET": "***",
build-and-push (telegram-bot)	UNKNOWN STEP	  "STAGING_BOT_TOKEN": "***",
build-and-push (telegram-bot)	UNKNOWN STEP	  "MAIN_MB_ENCRYPTION_SECRET_KEY": "***",
build-and-push (telegram-bot)	UNKNOWN STEP	  "USE_CLOUDFLARE": "***",
build-and-push (telegram-bot)	UNKNOWN STEP	  "MAIN_TONAPI_API_KEY": "***",
build-and-push (telegram-bot)	UNKNOWN STEP	  "SSH_PRIVATE_KEY": "***",
build-and-push (telegram-bot)	UNKNOWN STEP	  "MAIN_LINKEDIN_CLIENT_SECRET": "***",
build-and-push (telegram-bot)	UNKNOWN STEP	  "STAGING_MS_CLIENT_SECRET": "***",
build-and-push (telegram-bot)	UNKNOWN STEP	  "SSH_DEV_KEY": "***",
build-and-push (telegram-bot)	UNKNOWN STEP	  "STAGING_TWITTER_CLIENT_SECRET": "***",
build-and-push (telegram-bot)	UNKNOWN STEP	  "STAGING_CLIENT_API_JWT_SECRET": "***",
build-and-push (telegram-bot)	UNKNOWN STEP	  "MAIN_DATABASE_URL_NFT_MANAGER": "***",
build-and-push (telegram-bot)	UNKNOWN STEP	  "DEV_ONTON_API_SECRET": "***",
build-and-push (telegram-bot)	UNKNOWN STEP	  "MAIN_GOOGLE_CLIENT_SECRET": "***",
build-and-push (telegram-bot)	UNKNOWN STEP	  "MAIN_MS_CLIENT_SECRET": "***",
build-and-push (telegram-bot)	UNKNOWN STEP	  "STAGING_DATABASE_URL": "***",
build-and-push (telegram-bot)	UNKNOWN STEP	  "STAGING_TON_CENTER_TOKEN": "***",
build-and-push (telegram-bot)	UNKNOWN STEP	  "DEV_TON_SOCIETY_API_KEY": "***",
build-and-push (telegram-bot)	UNKNOWN STEP	  "MAIN_EVENT_WALLET_ENC_KEY": "***",
build-and-push (telegram-bot)	UNKNOWN STEP	  "STAGING_POSTGRES_USER": "***",
build-and-push (telegram-bot)	UNKNOWN STEP	  "MAIN_PGADMIN_DEFAULT_EMAIL": "***",
build-and-push (telegram-bot)	UNKNOWN STEP	  "SSH_MAIN_PORT": "***",
build-and-push (telegram-bot)	UNKNOWN STEP	  "MAIN_MNEMONIC": "***",
build-and-push (telegram-bot)	UNKNOWN STEP	  "MAIN_POSTGRES_PASSWORD": "***",
build-and-push (telegram-bot)	UNKNOWN STEP	  "DEV_TONAPI_API_KEY": "***",
build-and-push (telegram-bot)	UNKNOWN STEP	  "STAGING_GOOGLE_CLIENT_SECRET": "***",
build-and-push (telegram-bot)	UNKNOWN STEP	  "DEV_MB_ENCRYPTION_SECRET_KEY": "***",
build-and-push (telegram-bot)	UNKNOWN STEP	  "STAGING_SENTRY_AUTH_TOKEN": "***",
build-and-push (telegram-bot)	UNKNOWN STEP	  "DEV_DATABASE_URL": "***",
build-and-push (telegram-bot)	UNKNOWN STEP	  "DEV_MINIO_ROOT_PASSWORD": "***",
build-and-push (telegram-bot)	UNKNOWN STEP	  "MAIN_RABBITMQ_DEFAULT_PASS": "***",
build-and-push (telegram-bot)	UNKNOWN STEP	  "TELEGRAM_BOT_TOKEN_FOR_DEPLOYMENT": "***",
build-and-push (telegram-bot)	UNKNOWN STEP	  "MAIN_ONTON_API_SECRET": "***",
build-and-push (telegram-bot)	UNKNOWN STEP	  "MAIN_CLIENT_API_FIXED_KEY": "***",
build-and-push (telegram-bot)	UNKNOWN STEP	  "SSH_DEV_PORT": "***",
build-and-push (telegram-bot)	UNKNOWN STEP	  "DEV_ONTON_API_KEY": "***",
build-and-push (telegram-bot)	UNKNOWN STEP	  "DEV_MINIO_ROOT_USER": "***",
build-and-push (telegram-bot)	UNKNOWN STEP	  "STAGING_MNEMONIC": "***",
build-and-push (telegram-bot)	UNKNOWN STEP	  "MAIN_MINIO_ROOT_USER": "***",
build-and-push (telegram-bot)	UNKNOWN STEP	  "DEV_PGADMIN_DEFAULT_PASSWORD": "***",
build-and-push (telegram-bot)	UNKNOWN STEP	  "DEV_CLIENT_API_FIXED_KEY": "***",
build-and-push (telegram-bot)	UNKNOWN STEP	  "STAGING_CLOUDFLARE_EMAIL": "***",
build-and-push (telegram-bot)	UNKNOWN STEP	  "STAGING_MB_ENCRYPTION_SECRET_KEY": "***",
build-and-push (telegram-bot)	UNKNOWN STEP	  "MAIN_MINIO_ROOT_PASSWORD": "***",
build-and-push (telegram-bot)	UNKNOWN STEP	  "MAIN_ONTON_API_KEY": "***",
build-and-push (telegram-bot)	UNKNOWN STEP	  "STAGING_RABBITMQ_DEFAULT_USER": "***",
build-and-push (telegram-bot)	UNKNOWN STEP	  "MAIN_CLIENT_API_JWT_SECRET": "***",
build-and-push (telegram-bot)	UNKNOWN STEP	  "STAGING_LINKEDIN_CLIENT_SECRET": "***",
build-and-push (telegram-bot)	UNKNOWN STEP	  "DEV_RABBITMQ_DEFAULT_PASS": "***"
build-and-push (telegram-bot)	UNKNOWN STEP	}
build-and-push (telegram-bot)	UNKNOWN STEP	2026-02-09T09:12:18.0499081Z   ALLMYVARS: {
build-and-push (telegram-bot)	UNKNOWN STEP	  "DEV_ACME_AGREE": "true",
build-and-push (telegram-bot)	UNKNOWN STEP	  "DEV_BRANCH_NAME": "dev",
build-and-push (telegram-bot)	UNKNOWN STEP	  "DEV_CACHE_ENABLED": "true",
build-and-push (telegram-bot)	UNKNOWN STEP	  "DEV_CLAMAV_PORT": "***10",
build-and-push (telegram-bot)	UNKNOWN STEP	  "DEV_CLIENT_API_FIXED_ORGANIZER": "@Ontonadmin",
build-and-push (telegram-bot)	UNKNOWN STEP	  "DEV_CLIENT_API_FIXED_USER": "@Ontonadmin",
build-and-push (telegram-bot)	UNKNOWN STEP	  "DEV_CLIENT_WEB_DOMAIN": "dev-client-web.dev.***.live",
build-and-push (telegram-bot)	UNKNOWN STEP	  "DEV_COMPOSE_PROJECT_NAME": "develop-***",
build-and-push (telegram-bot)	UNKNOWN STEP	  "DEV_ENV": "development",
build-and-push (telegram-bot)	UNKNOWN STEP	  "DEV_EVENT_WALLET_ENC_KEY": "Ci5M6/B4Wke4qX6tXViVeW0xM0iH0yh/qvD3Y1xu2v8",
build-and-push (telegram-bot)	UNKNOWN STEP	  "DEV_GOLANG_SERVER_PORT": "3013",
build-and-push (telegram-bot)	UNKNOWN STEP	  "DEV_IP_CADDY": "caddy",
build-and-push (telegram-bot)	UNKNOWN STEP	  "DEV_IP_CLAMAV": "host.docker.internal",
build-and-push (telegram-bot)	UNKNOWN STEP	  "DEV_IP_CLIENT_WEB": "client-web",
build-and-push (telegram-bot)	UNKNOWN STEP	  "DEV_IP_GIVEAWAY_CHECKER": "giveaway-checker",
build-and-push (telegram-bot)	UNKNOWN STEP	  "DEV_IP_GOLANG_SERVER": "golang-server",
build-and-push (telegram-bot)	UNKNOWN STEP	  "DEV_IP_GOLANG_WORKER": "golang-worker",
build-and-push (telegram-bot)	UNKNOWN STEP	  "DEV_IP_KIBANA": "kibana",
build-and-push (telegram-bot)	UNKNOWN STEP	  "DEV_IP_METABASE": "metabase",
build-and-push (telegram-bot)	UNKNOWN STEP	  "DEV_IP_MINIO": "minio",
build-and-push (telegram-bot)	UNKNOWN STEP	  "DEV_IP_MINI_APP": "mini-app",
build-and-push (telegram-bot)	UNKNOWN STEP	  "DEV_IP_MINI_APP_CRON": "mini-app-sbt-worker",
build-and-push (telegram-bot)	UNKNOWN STEP	  "DEV_IP_NFT_MANAGER": "nft-manager",
build-and-push (telegram-bot)	UNKNOWN STEP	  "DEV_IP_PARTICIPANT_TMA": "participant-tma",
build-and-push (telegram-bot)	UNKNOWN STEP	  "DEV_IP_PGADMIN": "pgadmin",
build-and-push (telegram-bot)	UNKNOWN STEP	  "DEV_IP_POA_WORKER": "mini-app-poa-worker",
build-and-push (telegram-bot)	UNKNOWN STEP	  "DEV_IP_POSTGRES": "postgres",
build-and-push (telegram-bot)	UNKNOWN STEP	  "DEV_IP_RABBITMQ": "rabbitmq",
build-and-push (telegram-bot)	UNKNOWN STEP	  "DEV_IP_RANGE_BASE": "host.docker.internal",
build-and-push (telegram-bot)	UNKNOWN STEP	  "DEV_IP_RANGE_START": "172.10",
build-and-push (telegram-bot)	UNKNOWN STEP	  "DEV_IP_RANGE_SUBNET": "24",
build-and-push (telegram-bot)	UNKNOWN STEP	  "DEV_IP_REDIS": "redis",
build-and-push (telegram-bot)	UNKNOWN STEP	  "DEV_IP_SOCKET": "mini-app-notification-socket",
build-and-push (telegram-bot)	UNKNOWN STEP	  "DEV_IP_SWAGGER_UI": "swagger-ui",
build-and-push (telegram-bot)	UNKNOWN STEP	  "DEV_IP_TELEGRAM_BOT": "telegram-bot",
build-and-push (telegram-bot)	UNKNOWN STEP	  "DEV_IP_WEBSITE": "website",
build-and-push (telegram-bot)	UNKNOWN STEP	  "DEV_JWT_SECRET_SOCKET": "D3v@OnTonw3tds112ewq%KD___%1006-7-8-9-0OkMjKlll%909R9OOsf",
build-and-push (telegram-bot)	UNKNOWN STEP	  "DEV_KIBANA_HASHED_PASSWORD": "$2a$14$6P83mnKs9BxP2qZDaMU.2OzBHY3SG0nnaVXJ8nKluEWEWD5RMmN/W",
build-and-push (telegram-bot)	UNKNOWN STEP	  "DEV_KIBANA_PORT": "3023",
build-and-push (telegram-bot)	UNKNOWN STEP	  "DEV_KIBANA_USERNAME": "monitor",
build-and-push (telegram-bot)	UNKNOWN STEP	  "DEV_LOCAL_DOMAIN": "dev-app.dev.***.live",
build-and-push (telegram-bot)	UNKNOWN STEP	  "DEV_MB_REDIRECT_ALL_REQUESTS_TO_HTTPS": "true",
build-and-push (telegram-bot)	UNKNOWN STEP	  "DEV_METABASE_DOMAIN": "dev-metabase.dev.***.live",
build-and-push (telegram-bot)	UNKNOWN STEP	  "DEV_MINIO_COLLECTION_BUCKET": "***collection",
build-and-push (telegram-bot)	UNKNOWN STEP	  "DEV_MINIO_DASHBOARD_PORT": "3014",
build-and-push (telegram-bot)	UNKNOWN STEP	  "DEV_MINIO_DOC_BUCKET": "***doc",
build-and-push (telegram-bot)	UNKNOWN STEP	  "DEV_MINIO_DOC_DEFAULT_BUCKET": "***",
build-and-push (telegram-bot)	UNKNOWN STEP	  "DEV_MINIO_ENDPOINT": "minio",
build-and-push (telegram-bot)	UNKNOWN STEP	  "DEV_MINIO_IMAGE_BUCKET": "***image",
build-and-push (telegram-bot)	UNKNOWN STEP	  "DEV_MINIO_ITEM_BUCKET": "***item",
build-and-push (telegram-bot)	UNKNOWN STEP	  "DEV_MINIO_PORT": "3012",
build-and-push (telegram-bot)	UNKNOWN STEP	  "DEV_MINIO_PUBLIC_URL": "https://dev-storage.dev.***.live",
build-and-push (telegram-bot)	UNKNOWN STEP	  "DEV_MINIO_REGION_NAME": "default",
build-and-push (telegram-bot)	UNKNOWN STEP	  "DEV_MINIO_SBT_COLLECTIONS_BUCKET": "sbt-collections",
build-and-push (telegram-bot)	UNKNOWN STEP	  "DEV_MINIO_STORAGE_ADMIN_DOMAIN": "dev-storage-admin.dev.***.live",
build-and-push (telegram-bot)	UNKNOWN STEP	  "DEV_MINIO_STORAGE_DOMAIN": "dev-storage.dev.***.live",
build-and-push (telegram-bot)	UNKNOWN STEP	  "DEV_MINIO_VIDEO_BUCKET": "***video",
build-and-push (telegram-bot)	UNKNOWN STEP	  "DEV_MINI_APP_DOMAIN": "dev-app.dev.***.live",
build-and-push (telegram-bot)	UNKNOWN STEP	  "DEV_MINI_APP_PORT": "3000",
build-and-push (telegram-bot)	UNKNOWN STEP	  "DEV_MINI_APP_SOCKET_DOMAIN": "dev-socket.dev.***.live",
build-and-push (telegram-bot)	UNKNOWN STEP	  "DEV_MONITORING_DOMAIN": "dev-monitoring.dev.***.live",
build-and-push (telegram-bot)	UNKNOWN STEP	  "DEV_NETWORK_NAME": "***-dev",
build-and-push (telegram-bot)	UNKNOWN STEP	  "DEV_NETWORK_PUBLIC_IP": "***",
build-and-push (telegram-bot)	UNKNOWN STEP	  "DEV_NEXT_PUBLIC_API_BASE_URL": "https://dev-app.dev.***.live/api/v1",
build-and-push (telegram-bot)	UNKNOWN STEP	  "DEV_NEXT_PUBLIC_APP_BASE_URL": "https://dev-app.dev.***.live",
build-and-push (telegram-bot)	UNKNOWN STEP	  "DEV_NEXT_PUBLIC_BACKEND_URL_CLIENT": "https://dev-app.dev.***.live/api/client/v1/",
build-and-push (telegram-bot)	UNKNOWN STEP	  "DEV_NEXT_PUBLIC_BOT_USERNAME": "dev_ont0n_bot",
build-and-push (telegram-bot)	UNKNOWN STEP	  "DEV_NEXT_PUBLIC_ENV": "development",
build-and-push (telegram-bot)	UNKNOWN STEP	  "DEV_NEXT_PUBLIC_GTM": "GTM-dev",
build-and-push (telegram-bot)	UNKNOWN STEP	  "DEV_NEXT_PUBLIC_SOCKET_URL": "dev-socket.dev.***.live",
build-and-push (telegram-bot)	UNKNOWN STEP	  "DEV_NFT_INTERVAL_TIME": "60000",
build-and-push (telegram-bot)	UNKNOWN STEP	  "DEV_NFT_MANAGER_PORT": "3004",
build-and-push (telegram-bot)	UNKNOWN STEP	  "DEV_NODE_ENV": "production",
build-and-push (telegram-bot)	UNKNOWN STEP	  "DEV_NODE_TLS_REJECT_UNAUTHORIZED": "0",
build-and-push (telegram-bot)	UNKNOWN STEP	  "DEV_ONTON_DOMAIN": "dev.***.live",
build-and-push (telegram-bot)	UNKNOWN STEP	  "DEV_PARTICIPANT_TMA_PORT": "3001",
build-and-push (telegram-bot)	UNKNOWN STEP	  "DEV_PGADMIN_DOMAIN": "dev-pgadmin.dev.***.live",
build-and-push (telegram-bot)	UNKNOWN STEP	  "DEV_PORT_CLIENT_WEB": "3007",
build-and-push (telegram-bot)	UNKNOWN STEP	  "DEV_PORT_METABASE": "3009",
build-and-push (telegram-bot)	UNKNOWN STEP	  "DEV_PORT_PGADMIN": "3006",
build-and-push (telegram-bot)	UNKNOWN STEP	  "DEV_PORT_WEB_SITE": "3005",
build-and-push (telegram-bot)	UNKNOWN STEP	  "DEV_POSTGRES_METABASE_DB": "dev-mini-app",
build-and-push (telegram-bot)	UNKNOWN STEP	  "DEV_POSTGRES_MINI_APP_DB": "dev-mini-app",
build-and-push (telegram-bot)	UNKNOWN STEP	  "DEV_POSTGRES_NFT_MANAGER_DB": "dev-nft-manager",
build-and-push (telegram-bot)	UNKNOWN STEP	  "DEV_POSTGRES_PORT": "3008",
build-and-push (telegram-bot)	UNKNOWN STEP	  "DEV_PTMA_API_BASE_URL": "https://dev-app.dev.***.live/api/v1",
build-and-push (telegram-bot)	UNKNOWN STEP	  "DEV_RABBITMQ_DOMAIN": "dev-rabbitmq.dev.***.live",
build-and-push (telegram-bot)	UNKNOWN STEP	  "DEV_RABBITMQ_MANAGEMENT_PORT": "3015",
build-and-push (telegram-bot)	UNKNOWN STEP	  "DEV_RABBITMQ_NODE_PORT": "3016",
build-and-push (telegram-bot)	UNKNOWN STEP	  "DEV_REDIS_DATABASES": "1",
build-and-push (telegram-bot)	UNKNOWN STEP	  "DEV_REDIS_PORT": "3011",
build-and-push (telegram-bot)	UNKNOWN STEP	  "DEV_REGISTRY_URL": "ghcr.io",
build-and-push (telegram-bot)	UNKNOWN STEP	  "DEV_SOCKET_PORT": "30***",
build-and-push (telegram-bot)	UNKNOWN STEP	  "DEV_STAGE_NAME": "dev-***",
build-and-push (telegram-bot)	UNKNOWN STEP	  "DEV_SWAGGER_UI_DOMAIN": "dev-swagger-ui.dev.***.live",
build-and-push (telegram-bot)	UNKNOWN STEP	  "DEV_SWAGGER_UI_PORT": "3024",
build-and-push (telegram-bot)	UNKNOWN STEP	  "DEV_SYS_CADDY_REPLICAS": "1",
build-and-push (telegram-bot)	UNKNOWN STEP	  "DEV_SYS_MINI_APP_REPLICAS": "1",
build-and-push (telegram-bot)	UNKNOWN STEP	  "DEV_SYS_PARTICIPANT_TMA_REPLICAS": "1",
build-and-push (telegram-bot)	UNKNOWN STEP	  "DEV_SYS_WEB_SITE_REPLICAS": "1",
build-and-push (telegram-bot)	UNKNOWN STEP	  "DEV_TELEGRAM_BOT_PORT": "3002",
build-and-push (telegram-bot)	UNKNOWN STEP	  "DEV_TG_EVENTS_TOPIC": "2",
build-and-push (telegram-bot)	UNKNOWN STEP	  "DEV_TG_LOGS_GROUP_ID": "-1002308507308",
build-and-push (telegram-bot)	UNKNOWN STEP	  "DEV_TG_LOG_BOT_TOKEN": "7604730825:AAE1WJHs5lFI2zX_tba6M-1HYfffA8ugFmA",
build-and-push (telegram-bot)	UNKNOWN STEP	  "DEV_TG_NOTIFICATION_CHANELL": "-1002164161685",
build-and-push (telegram-bot)	UNKNOWN STEP	  "DEV_TG_SYSTEM_TOPIC": "16",
build-and-push (telegram-bot)	UNKNOWN STEP	  "DEV_TG_TICKETS_TOPIC": "4",
build-and-push (telegram-bot)	UNKNOWN STEP	  "DEV_TON_CENTER_ENDPOINT": "https://toncenter.com/api/v2/jsonRPC",
build-and-push (telegram-bot)	UNKNOWN STEP	  "DEV_TON_SOCIETY_BASE_URL": "https://id.ton.org/v1",
build-and-push (telegram-bot)	UNKNOWN STEP	  "DEV_USE_CLOUDFLARE": "true",
build-and-push (telegram-bot)	UNKNOWN STEP	  "DEV_USE_MAIN_IP_TO_EXPOSE": "true",
build-and-push (telegram-bot)	UNKNOWN STEP	  "MAIN_ACME_AGREE": "true",
build-and-push (telegram-bot)	UNKNOWN STEP	  "MAIN_BRANCH_NAME": "main",
build-and-push (telegram-bot)	UNKNOWN STEP	  "MAIN_CACHE_ENABLED": "true",
build-and-push (telegram-bot)	UNKNOWN STEP	  "MAIN_CLAMAV_PORT": "***10",
build-and-push (telegram-bot)	UNKNOWN STEP	  "MAIN_CLIENT_API_FIXED_ORGANIZER": "@Ontonadmin",
build-and-push (telegram-bot)	UNKNOWN STEP	  "MAIN_CLIENT_API_FIXED_USER": "@Ontonadmin",
build-and-push (telegram-bot)	UNKNOWN STEP	  "MAIN_CLIENT_WEB_DOMAIN": "client-web.***.live",
build-and-push (telegram-bot)	UNKNOWN STEP	  "MAIN_COMPOSE_PROJECT_NAME": "production-***",
build-and-push (telegram-bot)	UNKNOWN STEP	  "MAIN_ENV": "production",
build-and-push (telegram-bot)	UNKNOWN STEP	  "MAIN_GITHUB_CLIENT_ID": "Ov23liQFN1rMeZicYHnL",
build-and-push (telegram-bot)	UNKNOWN STEP	  "MAIN_GITHUB_REPO": "***bot",
build-and-push (telegram-bot)	UNKNOWN STEP	  "MAIN_GOLANG_SERVER_PORT": "8013",
build-and-push (telegram-bot)	UNKNOWN STEP	  "MAIN_GOOGLE_CLIENT_ID": "174044865725-8urfv981fca74aj3bq2kqik7fbe2rggg.apps.googleusercontent.com",
build-and-push (telegram-bot)	UNKNOWN STEP	  "MAIN_IP_CADDY": "caddy",
build-and-push (telegram-bot)	UNKNOWN STEP	  "MAIN_IP_CLAMAV": "host.docker.internal",
build-and-push (telegram-bot)	UNKNOWN STEP	  "MAIN_IP_CLIENT_WEB": "client-web",
build-and-push (telegram-bot)	UNKNOWN STEP	  "MAIN_IP_GIVEAWAY_CHECKER": "giveaway-checker",
build-and-push (telegram-bot)	UNKNOWN STEP	  "MAIN_IP_GOLANG_SERVER": "golang-server",
build-and-push (telegram-bot)	UNKNOWN STEP	  "MAIN_IP_GOLANG_WORKER": "golang-worker",
build-and-push (telegram-bot)	UNKNOWN STEP	  "MAIN_IP_KIBANA": "kibana",
build-and-push (telegram-bot)	UNKNOWN STEP	  "MAIN_IP_METABASE": "metabase",
build-and-push (telegram-bot)	UNKNOWN STEP	  "MAIN_IP_MINIO": "minio",
build-and-push (telegram-bot)	UNKNOWN STEP	  "MAIN_IP_MINI_APP": "mini-app",
build-and-push (telegram-bot)	UNKNOWN STEP	  "MAIN_IP_MINI_APP_CRON": "mini-app-sbt-worker",
build-and-push (telegram-bot)	UNKNOWN STEP	  "MAIN_IP_NFT_MANAGER": "nft-manager",
build-and-push (telegram-bot)	UNKNOWN STEP	  "MAIN_IP_PARTICIPANT_TMA": "participant-tma",
build-and-push (telegram-bot)	UNKNOWN STEP	  "MAIN_IP_PGADMIN": "pgadmin",
build-and-push (telegram-bot)	UNKNOWN STEP	  "MAIN_IP_POA_WORKER": "mini-app-poa-worker",
build-and-push (telegram-bot)	UNKNOWN STEP	  "MAIN_IP_POSTGRES": "postgres",
build-and-push (telegram-bot)	UNKNOWN STEP	  "MAIN_IP_RABBITMQ": "rabbitmq",
build-and-push (telegram-bot)	UNKNOWN STEP	  "MAIN_IP_RANGE_BASE": "host.docker.internal",
build-and-push (telegram-bot)	UNKNOWN STEP	  "MAIN_IP_REDIS": "redis",
build-and-push (telegram-bot)	UNKNOWN STEP	  "MAIN_IP_SOCKET": "mini-app-notification-socket",
build-and-push (telegram-bot)	UNKNOWN STEP	  "MAIN_IP_SWAGGER_UI": "swagger-ui",
build-and-push (telegram-bot)	UNKNOWN STEP	  "MAIN_IP_TELEGRAM_BOT": "telegram-bot",
build-and-push (telegram-bot)	UNKNOWN STEP	  "MAIN_IP_WEBSITE": "website",
build-and-push (telegram-bot)	UNKNOWN STEP	  "MAIN_JWT_SECRET_SOCKET": "JFDmdjeu__@HF_KKSEEWR_ERW*ER_FGDFG_ET%DG%34534aasd_Rhuefli!hfsdlnf",
build-and-push (telegram-bot)	UNKNOWN STEP	  "MAIN_KIBANA_HASHED_PASSWORD": "$2a$14$6P83mnKs9BxP2qZDaMU.2OzBHY3SG0nnaVXJ8nKluEWEWD5RMmN/W",
build-and-push (telegram-bot)	UNKNOWN STEP	  "MAIN_KIBANA_PORT": "8023",
build-and-push (telegram-bot)	UNKNOWN STEP	  "MAIN_KIBANA_USERNAME": "monitor",
build-and-push (telegram-bot)	UNKNOWN STEP	  "MAIN_LINKEDIN_CLIENT_ID": "77osbnm9chxr4c",
build-and-push (telegram-bot)	UNKNOWN STEP	  "MAIN_LOCAL_DOMAIN": "***.live",
build-and-push (telegram-bot)	UNKNOWN STEP	  "MAIN_MB_REDIRECT_ALL_REQUESTS_TO_HTTPS": "true",
build-and-push (telegram-bot)	UNKNOWN STEP	  "MAIN_METABASE_DOMAIN": "metabase.***.live",
build-and-push (telegram-bot)	UNKNOWN STEP	  "MAIN_MINIO_COLLECTION_BUCKET": "***collection",
build-and-push (telegram-bot)	UNKNOWN STEP	  "MAIN_MINIO_DASHBOARD_PORT": "8014",
build-and-push (telegram-bot)	UNKNOWN STEP	  "MAIN_MINIO_DOC_BUCKET": "***doc",
build-and-push (telegram-bot)	UNKNOWN STEP	  "MAIN_MINIO_DOC_DEFAULT_BUCKET": "***",
build-and-push (telegram-bot)	UNKNOWN STEP	  "MAIN_MINIO_ENDPOINT": "minio",
build-and-push (telegram-bot)	UNKNOWN STEP	  "MAIN_MINIO_IMAGE_BUCKET": "***image",
build-and-push (telegram-bot)	UNKNOWN STEP	  "MAIN_MINIO_ITEM_BUCKET": "***item",
build-and-push (telegram-bot)	UNKNOWN STEP	  "MAIN_MINIO_PORT": "8012",
build-and-push (telegram-bot)	UNKNOWN STEP	  "MAIN_MINIO_PUBLIC_URL": "https://storage.***.live",
build-and-push (telegram-bot)	UNKNOWN STEP	  "MAIN_MINIO_REGION_NAME": "default",
build-and-push (telegram-bot)	UNKNOWN STEP	  "MAIN_MINIO_SBT_COLLECTIONS_BUCKET": "sbt-collections",
build-and-push (telegram-bot)	UNKNOWN STEP	  "MAIN_MINIO_STORAGE_ADMIN_DOMAIN": "storage-admin.***.live",
build-and-push (telegram-bot)	UNKNOWN STEP	  "MAIN_MINIO_STORAGE_DOMAIN": "storage.***.live",
build-and-push (telegram-bot)	UNKNOWN STEP	  "MAIN_MINIO_VIDEO_BUCKET": "***video",
build-and-push (telegram-bot)	UNKNOWN STEP	  "MAIN_MINI_APP_DOMAIN": "app.***.live",
build-and-push (telegram-bot)	UNKNOWN STEP	  "MAIN_MINI_APP_PORT": "8000",
build-and-push (telegram-bot)	UNKNOWN STEP	  "MAIN_MINI_APP_SOCKET_DOMAIN": "socket.***.live",
build-and-push (telegram-bot)	UNKNOWN STEP	  "MAIN_MONITORING_DOMAIN": "monitoring.***.live",
build-and-push (telegram-bot)	UNKNOWN STEP	  "MAIN_MS_CLIENT_ID": "916e0c9f-17bc-45c2-9cbc-025c48a0d449",
build-and-push (telegram-bot)	UNKNOWN STEP	  "MAIN_NETWORK_NAME": "***-production",
build-and-push (telegram-bot)	UNKNOWN STEP	  "MAIN_NETWORK_PUBLIC_IP": "***",
build-and-push (telegram-bot)	UNKNOWN STEP	  "MAIN_NEXT_PUBLIC_API_BASE_URL": "https://app.***.live/api/v1",
build-and-push (telegram-bot)	UNKNOWN STEP	  "MAIN_NEXT_PUBLIC_APP_BASE_URL": "https://app.***.live",
build-and-push (telegram-bot)	UNKNOWN STEP	  "MAIN_NEXT_PUBLIC_BACKEND_URL_CLIENT": "https://app.***.live/api/client/v1/",
build-and-push (telegram-bot)	UNKNOWN STEP	  "MAIN_NEXT_PUBLIC_BOT_USERNAME": "the***bot",
build-and-push (telegram-bot)	UNKNOWN STEP	  "MAIN_NEXT_PUBLIC_ENV": "production",
build-and-push (telegram-bot)	UNKNOWN STEP	  "MAIN_NEXT_PUBLIC_GTM": "GTM-TSCPWNCM",
build-and-push (telegram-bot)	UNKNOWN STEP	  "MAIN_NEXT_PUBLIC_SOCKET_URL": "socket.***.live",
build-and-push (telegram-bot)	UNKNOWN STEP	  "MAIN_NFT_INTERVAL_TIME": "60000",
build-and-push (telegram-bot)	UNKNOWN STEP	  "MAIN_NFT_MANAGER_PORT": "8004",
build-and-push (telegram-bot)	UNKNOWN STEP	  "MAIN_NODE_ENV": "production",
build-and-push (telegram-bot)	UNKNOWN STEP	  "MAIN_NODE_TLS_REJECT_UNAUTHORIZED": "1",
build-and-push (telegram-bot)	UNKNOWN STEP	  "MAIN_ONTON_DOMAIN": "***.live",
build-and-push (telegram-bot)	UNKNOWN STEP	  "MAIN_PARTICIPANT_TMA_PORT": "8001",
build-and-push (telegram-bot)	UNKNOWN STEP	  "MAIN_PGADMIN_DOMAIN": "pgadmin.***.live",
build-and-push (telegram-bot)	UNKNOWN STEP	  "MAIN_PORT_CLIENT_WEB": "8007",
build-and-push (telegram-bot)	UNKNOWN STEP	  "MAIN_PORT_METABASE": "8009",
build-and-push (telegram-bot)	UNKNOWN STEP	  "MAIN_PORT_PGADMIN": "8006",
build-and-push (telegram-bot)	UNKNOWN STEP	  "MAIN_PORT_WEB_SITE": "8005",
build-and-push (telegram-bot)	UNKNOWN STEP	  "MAIN_POSTGRES_METABASE_DB": "production-mini-app",
build-and-push (telegram-bot)	UNKNOWN STEP	  "MAIN_POSTGRES_MINI_APP_DB": "production-mini-app",
build-and-push (telegram-bot)	UNKNOWN STEP	  "MAIN_POSTGRES_NFT_MANAGER_DB": "production-nft-manager",
build-and-push (telegram-bot)	UNKNOWN STEP	  "MAIN_POSTGRES_PORT": "8008",
build-and-push (telegram-bot)	UNKNOWN STEP	  "MAIN_PTMA_API_BASE_URL": "https://app.***.live/api/v1",
build-and-push (telegram-bot)	UNKNOWN STEP	  "MAIN_RABBITMQ_DOMAIN": "rabbitmq.***.live",
build-and-push (telegram-bot)	UNKNOWN STEP	  "MAIN_RABBITMQ_MANAGEMENT_PORT": "8015",
build-and-push (telegram-bot)	UNKNOWN STEP	  "MAIN_RABBITMQ_NODE_PORT": "8016",
build-and-push (telegram-bot)	UNKNOWN STEP	  "MAIN_REDIS_DATABASES": "1",
build-and-push (telegram-bot)	UNKNOWN STEP	  "MAIN_REDIS_PORT": "8011",
build-and-push (telegram-bot)	UNKNOWN STEP	  "MAIN_REGISTRY_URL": "registry.toncloud.observer",
build-and-push (telegram-bot)	UNKNOWN STEP	  "MAIN_SOCKET_PORT": "80***",
build-and-push (telegram-bot)	UNKNOWN STEP	  "MAIN_STAGE_NAME": "main-***",
build-and-push (telegram-bot)	UNKNOWN STEP	  "MAIN_SWAGGER_UI_DOMAIN": "swagger-ui.***.live",
build-and-push (telegram-bot)	UNKNOWN STEP	  "MAIN_SWAGGER_UI_PORT": "8024",
build-and-push (telegram-bot)	UNKNOWN STEP	  "MAIN_SYS_CADDY_REPLICAS": "1",
build-and-push (telegram-bot)	UNKNOWN STEP	  "MAIN_SYS_MINI_APP_REPLICAS": "12",
build-and-push (telegram-bot)	UNKNOWN STEP	  "MAIN_SYS_PARTICIPANT_TMA_REPLICAS": "6",
build-and-push (telegram-bot)	UNKNOWN STEP	  "MAIN_SYS_WEB_SITE_REPLICAS": "3",
build-and-push (telegram-bot)	UNKNOWN STEP	  "MAIN_TELEGRAM_BOT_PORT": "8002",
build-and-push (telegram-bot)	UNKNOWN STEP	  "MAIN_TG_EVENTS_TOPIC": "2",
build-and-push (telegram-bot)	UNKNOWN STEP	  "MAIN_TG_LOGS_GROUP_ID": "-1002300666538",
build-and-push (telegram-bot)	UNKNOWN STEP	  "MAIN_TG_LOG_BOT_TOKEN": "7604730825:AAE1WJHs5lFI2zX_tba6M-1HYfffA8ugFmA",
build-and-push (telegram-bot)	UNKNOWN STEP	  "MAIN_TG_NOTIFICATION_CHANELL": "-100***32083***",
build-and-push (telegram-bot)	UNKNOWN STEP	  "MAIN_TG_SYSTEM_TOPIC": "16",
build-and-push (telegram-bot)	UNKNOWN STEP	  "MAIN_TG_TICKETS_TOPIC": "4",
build-and-push (telegram-bot)	UNKNOWN STEP	  "MAIN_TON_CENTER_ENDPOINT": "https://toncenter.com/api/v2/jsonRPC",
build-and-push (telegram-bot)	UNKNOWN STEP	  "MAIN_TON_SOCIETY_BASE_URL": "https://id.ton.org/v1",
build-and-push (telegram-bot)	UNKNOWN STEP	  "MAIN_TWITTER_CLIENT_ID": "SU1RUS0xaHNsRk5kd014UlZieDQ6MTpjaQ",
build-and-push (telegram-bot)	UNKNOWN STEP	  "MAIN_USE_CLOUDFLARE": "true",
build-and-push (telegram-bot)	UNKNOWN STEP	  "MAIN_USE_MAIN_IP_TO_EXPOSE": "true",
build-and-push (telegram-bot)	UNKNOWN STEP	  "NEXT_PUBLIC_BOT_USERNAME": "notnonstagebot",
build-and-push (telegram-bot)	UNKNOWN STEP	  "SANDBOX_ACME_AGREE": "true",
build-and-push (telegram-bot)	UNKNOWN STEP	  "SANDBOX_BRANCH_NAME": "sandbox",
build-and-push (telegram-bot)	UNKNOWN STEP	  "SANDBOX_CACHE_ENABLED": "true",
build-and-push (telegram-bot)	UNKNOWN STEP	  "SANDBOX_CLAMAV_PORT": "***10",
build-and-push (telegram-bot)	UNKNOWN STEP	  "SANDBOX_CLIENT_API_FIXED_ORGANIZER": "@Ontonadmin",
build-and-push (telegram-bot)	UNKNOWN STEP	  "SANDBOX_CLIENT_API_FIXED_USER": "@Ontonadmin",
build-and-push (telegram-bot)	UNKNOWN STEP	  "SANDBOX_CLIENT_WEB_DOMAIN": "sandbox-client-web.toncloud.observer",
build-and-push (telegram-bot)	UNKNOWN STEP	  "SANDBOX_COMPOSE_PROJECT_NAME": "sanbox-***",
build-and-push (telegram-bot)	UNKNOWN STEP	  "SANDBOX_IP_CADDY": "caddy",
build-and-push (telegram-bot)	UNKNOWN STEP	  "SANDBOX_IP_CLAMAV": "host.docker.internal",
build-and-push (telegram-bot)	UNKNOWN STEP	  "SANDBOX_IP_KIBANA": "kibana",
build-and-push (telegram-bot)	UNKNOWN STEP	  "SANDBOX_IP_METABASE": "metabase",
build-and-push (telegram-bot)	UNKNOWN STEP	  "SANDBOX_IP_PGADMIN": "pgadmin",
build-and-push (telegram-bot)	UNKNOWN STEP	  "SANDBOX_IP_POA_WORKER": "mini-app-poa-worker",
build-and-push (telegram-bot)	UNKNOWN STEP	  "SANDBOX_IP_POSTGRES": "postgres",
build-and-push (telegram-bot)	UNKNOWN STEP	  "SANDBOX_IP_SOCKET": "mini-app-notification-socket",
build-and-push (telegram-bot)	UNKNOWN STEP	  "SANDBOX_IP_TELEGRAM_BOT": "telegram-bot",
build-and-push (telegram-bot)	UNKNOWN STEP	  "SANDBOX_IP_WEBSITE": "website",
build-and-push (telegram-bot)	UNKNOWN STEP	  "SANDBOX_JWT_SECRET_SOCKET": "D3v@OnTonw3tds112ewq%KD___%1006-7-8-9-0OkMjKlll%909R9OOsf",
build-and-push (telegram-bot)	UNKNOWN STEP	  "SANDBOX_KIBANA_HASHED_PASSWORD": "$2a$14$6P83mnKs9BxP2qZDaMU.2OzBHY3SG0nnaVXJ8nKluEWEWD5RMmN/W",
build-and-push (telegram-bot)	UNKNOWN STEP	  "SANDBOX_KIBANA_PORT": "6023",
build-and-push (telegram-bot)	UNKNOWN STEP	  "SANDBOX_KIBANA_USERNAME": "monitor",
build-and-push (telegram-bot)	UNKNOWN STEP	  "SANDBOX_LOCAL_DOMAIN": "sandbox-app.toncloud.observer",
build-and-push (telegram-bot)	UNKNOWN STEP	  "SANDBOX_MB_REDIRECT_ALL_REQUESTS_TO_HTTPS": "true",
build-and-push (telegram-bot)	UNKNOWN STEP	  "SANDBOX_METABASE_DOMAIN": "sandbox-metabase.toncloud.observer",
build-and-push (telegram-bot)	UNKNOWN STEP	  "SANDBOX_MINIO_COLLECTION_BUCKET": "***collection",
build-and-push (telegram-bot)	UNKNOWN STEP	  "SANDBOX_MINIO_DASHBOARD_PORT": "6014",
build-and-push (telegram-bot)	UNKNOWN STEP	  "SANDBOX_MINIO_DOC_BUCKET": "***doc",
build-and-push (telegram-bot)	UNKNOWN STEP	  "SANDBOX_MINIO_DOC_DEFAULT_BUCKET": "***",
build-and-push (telegram-bot)	UNKNOWN STEP	  "SANDBOX_MINIO_ENDPOINT": "minio",
build-and-push (telegram-bot)	UNKNOWN STEP	  "SANDBOX_MINIO_IMAGE_BUCKET": "***image",
build-and-push (telegram-bot)	UNKNOWN STEP	  "SANDBOX_MINIO_ITEM_BUCKET": "***item",
build-and-push (telegram-bot)	UNKNOWN STEP	  "SANDBOX_MINIO_PORT": "6012",
build-and-push (telegram-bot)	UNKNOWN STEP	  "SANDBOX_MINIO_PUBLIC_URL": "https://sandbox-storage.toncloud.observer",
build-and-push (telegram-bot)	UNKNOWN STEP	  "SANDBOX_MINIO_REGION_NAME": "default",
build-and-push (telegram-bot)	UNKNOWN STEP	  "SANDBOX_MINIO_SBT_COLLECTIONS_BUCKET": "sbt-collections",
build-and-push (telegram-bot)	UNKNOWN STEP	  "SANDBOX_MINIO_STORAGE_ADMIN_DOMAIN": "sandbox-storage-admin.toncloud.observer",
build-and-push (telegram-bot)	UNKNOWN STEP	  "SANDBOX_MINIO_STORAGE_DOMAIN": "sandbox-storage.toncloud.observer",
build-and-push (telegram-bot)	UNKNOWN STEP	  "SANDBOX_MINIO_VIDEO_BUCKET": "***video",
build-and-push (telegram-bot)	UNKNOWN STEP	  "SANDBOX_MINI_APP_DOMAIN": "sandbox-app.toncloud.observer",
build-and-push (telegram-bot)	UNKNOWN STEP	  "SANDBOX_MINI_APP_PORT": "6000",
build-and-push (telegram-bot)	UNKNOWN STEP	  "SANDBOX_MINI_APP_SOCKET_DOMAIN": "sandbox-socket.toncloud.observer",
build-and-push (telegram-bot)	UNKNOWN STEP	  "SANDBOX_MONITORING_DOMAIN": "sandbox-monitoring.toncloud.observer",
build-and-push (telegram-bot)	UNKNOWN STEP	  "SANDBOX_NETWORK_NAME": "***-sandbox",
build-and-push (telegram-bot)	UNKNOWN STEP	  "SANDBOX_NETWORK_PUBLIC_IP": "***",
build-and-push (telegram-bot)	UNKNOWN STEP	  "SANDBOX_NEXT_PUBLIC_API_BASE_URL": "https://sandbox-app.toncloud.observer/api/v1",
build-and-push (telegram-bot)	UNKNOWN STEP	  "SANDBOX_NEXT_PUBLIC_APP_BASE_URL": "https://sandbox-app.toncloud.observer",
build-and-push (telegram-bot)	UNKNOWN STEP	  "SANDBOX_NEXT_PUBLIC_BACKEND_URL_CLIENT": "https://sandbox-app.toncloud.observer/api/client/v1/",
build-and-push (telegram-bot)	UNKNOWN STEP	  "SANDBOX_NEXT_PUBLIC_BOT_USERNAME": "sandbox_ont0n_bot",
build-and-push (telegram-bot)	UNKNOWN STEP	  "SANDBOX_NEXT_PUBLIC_GTM": "GTM-sandbox",
build-and-push (telegram-bot)	UNKNOWN STEP	  "SANDBOX_NEXT_PUBLIC_SOCKET_URL": "sandbox-socket.toncloud.observer",
build-and-push (telegram-bot)	UNKNOWN STEP	  "SANDBOX_NFT_INTERVAL_TIME": "60000",
build-and-push (telegram-bot)	UNKNOWN STEP	  "SANDBOX_NFT_MANAGER_PORT": "6004",
build-and-push (telegram-bot)	UNKNOWN STEP	  "SANDBOX_NODE_ENV": "production",
build-and-push (telegram-bot)	UNKNOWN STEP	  "SANDBOX_NODE_TLS_REJECT_UNAUTHORIZED": "0",
build-and-push (telegram-bot)	UNKNOWN STEP	  "SANDBOX_ONTON_DOMAIN": "sandbox.toncloud.observer",
build-and-push (telegram-bot)	UNKNOWN STEP	  "SANDBOX_PARTICIPANT_TMA_PORT": "6001",
build-and-push (telegram-bot)	UNKNOWN STEP	  "SANDBOX_PGADMIN_DOMAIN": "sandbox-pgadmin.toncloud.observer",
build-and-push (telegram-bot)	UNKNOWN STEP	  "SANDBOX_PORT_CLIENT_WEB": "6007",
build-and-push (telegram-bot)	UNKNOWN STEP	  "SANDBOX_PORT_METABASE": "6009",
build-and-push (telegram-bot)	UNKNOWN STEP	  "SANDBOX_PORT_PGADMIN": "6006",
build-and-push (telegram-bot)	UNKNOWN STEP	  "SANDBOX_PORT_WEB_SITE": "6005",
build-and-push (telegram-bot)	UNKNOWN STEP	  "SANDBOX_POSTGRES_METABASE_DB": "sandbox-mini-app",
build-and-push (telegram-bot)	UNKNOWN STEP	  "SANDBOX_POSTGRES_MINI_APP_DB": "sandbox-mini-app",
build-and-push (telegram-bot)	UNKNOWN STEP	  "SANDBOX_POSTGRES_NFT_MANAGER_DB": "sandbox-nft-manager",
build-and-push (telegram-bot)	UNKNOWN STEP	  "SANDBOX_POSTGRES_PORT": "6008",
build-and-push (telegram-bot)	UNKNOWN STEP	  "SANDBOX_PTMA_API_BASE_URL": "https://sandbox-app.toncloud.observer/api/v1",
build-and-push (telegram-bot)	UNKNOWN STEP	  "SANDBOX_RABBITMQ_DOMAIN": "sandbox-rabbitmq.toncloud.observer",
build-and-push (telegram-bot)	UNKNOWN STEP	  "SANDBOX_RABBITMQ_MANAGEMENT_PORT": "6015",
build-and-push (telegram-bot)	UNKNOWN STEP	  "SANDBOX_RABBITMQ_NODE_PORT": "6016",
build-and-push (telegram-bot)	UNKNOWN STEP	  "SANDBOX_REDIS_DATABASES": "1",
build-and-push (telegram-bot)	UNKNOWN STEP	  "SANDBOX_REDIS_PORT": "6011",
build-and-push (telegram-bot)	UNKNOWN STEP	  "SANDBOX_REGISTRY_URL": "registry.toncloud.observer",
build-and-push (telegram-bot)	UNKNOWN STEP	  "SANDBOX_SOCKET_PORT": "60***",
build-and-push (telegram-bot)	UNKNOWN STEP	  "SANDBOX_STAGE_NAME": "sandbox-***",
build-and-push (telegram-bot)	UNKNOWN STEP	  "SANDBOX_SYS_CADDY_REPLICAS": "1",
build-and-push (telegram-bot)	UNKNOWN STEP	  "SANDBOX_SYS_MINI_APP_REPLICAS": "2",
build-and-push (telegram-bot)	UNKNOWN STEP	  "SANDBOX_SYS_PARTICIPANT_TMA_REPLICAS": "2",
build-and-push (telegram-bot)	UNKNOWN STEP	  "SANDBOX_SYS_WEB_SITE_REPLICAS": "1",
build-and-push (telegram-bot)	UNKNOWN STEP	  "SANDBOX_TELEGRAM_BOT_PORT": "6002",
build-and-push (telegram-bot)	UNKNOWN STEP	  "SANDBOX_TG_NOTIFICATION_CHANELL": "-1002164161685",
build-and-push (telegram-bot)	UNKNOWN STEP	  "SANDBOX_TON_CENTER_ENDPOINT": "https://toncenter.com/api/v2/jsonRPC",
build-and-push (telegram-bot)	UNKNOWN STEP	  "SANDBOX_TON_SOCIETY_BASE_URL": "https://society.ton.org/v1",
build-and-push (telegram-bot)	UNKNOWN STEP	  "SANDBOX_USE_CLOUDFLARE": "true",
build-and-push (telegram-bot)	UNKNOWN STEP	  "SANDBOX_USE_MAIN_IP_TO_EXPOSE": "true",
build-and-push (telegram-bot)	UNKNOWN STEP	  "STAGING_ACME_AGREE": "true",
build-and-push (telegram-bot)	UNKNOWN STEP	  "STAGING_BRANCH_NAME": "staging",
build-and-push (telegram-bot)	UNKNOWN STEP	  "STAGING_CACHE_ENABLED": "true",
build-and-push (telegram-bot)	UNKNOWN STEP	  "STAGING_CLAMAV_PORT": "***10",
build-and-push (telegram-bot)	UNKNOWN STEP	  "STAGING_CLIENT_API_FIXED_ORGANIZER": "@Ontonadmin",
build-and-push (telegram-bot)	UNKNOWN STEP	  "STAGING_CLIENT_API_FIXED_USER": "@Ontonadmin",
build-and-push (telegram-bot)	UNKNOWN STEP	  "STAGING_CLIENT_WEB_DOMAIN": "staging-client-web.toncloud.observer",
build-and-push (telegram-bot)	UNKNOWN STEP	  "STAGING_COMPOSE_PROJECT_NAME": "staging-***",
build-and-push (telegram-bot)	UNKNOWN STEP	  "STAGING_ENV": "staging",
build-and-push (telegram-bot)	UNKNOWN STEP	  "STAGING_EVENT_WALLET_ENC_KEY": "Ci5M6/B4Wke4qX6tXViVeW0xM0iH0yh/qvD3Y1xu2v8",
build-and-push (telegram-bot)	UNKNOWN STEP	  "STAGING_GITHUB_CLIENT_ID": "Ov23liQFN1rMeZicYHnL",
build-and-push (telegram-bot)	UNKNOWN STEP	  "STAGING_GITHUB_REPO": "***bot",
build-and-push (telegram-bot)	UNKNOWN STEP	  "STAGING_GOLANG_SERVER_PORT": "4013",
build-and-push (telegram-bot)	UNKNOWN STEP	  "STAGING_GOOGLE_CLIENT_ID": "174044865725-8urfv981fca74aj3bq2kqik7fbe2rggg.apps.googleusercontent.com",
build-and-push (telegram-bot)	UNKNOWN STEP	  "STAGING_IP_CADDY": "caddy",
build-and-push (telegram-bot)	UNKNOWN STEP	  "STAGING_IP_CLAMAV": "host.docker.internal",
build-and-push (telegram-bot)	UNKNOWN STEP	  "STAGING_IP_CLIENT_WEB": "client-web",
build-and-push (telegram-bot)	UNKNOWN STEP	  "STAGING_IP_GIVEAWAY_CHECKER": "giveaway-checker",
build-and-push (telegram-bot)	UNKNOWN STEP	  "STAGING_IP_GOLANG_SERVER": "golang-server",
build-and-push (telegram-bot)	UNKNOWN STEP	  "STAGING_IP_GOLANG_WORKER": "golang-worker",
build-and-push (telegram-bot)	UNKNOWN STEP	  "STAGING_IP_KIBANA": "kibana",
build-and-push (telegram-bot)	UNKNOWN STEP	  "STAGING_IP_METABASE": "metabase",
build-and-push (telegram-bot)	UNKNOWN STEP	  "STAGING_IP_MINIO": "minio",
build-and-push (telegram-bot)	UNKNOWN STEP	  "STAGING_IP_MINI_APP": "mini-app",
build-and-push (telegram-bot)	UNKNOWN STEP	  "STAGING_IP_MINI_APP_CRON": "mini-app-sbt-worker",
build-and-push (telegram-bot)	UNKNOWN STEP	  "STAGING_IP_NFT_MANAGER": "nft-manager",
build-and-push (telegram-bot)	UNKNOWN STEP	  "STAGING_IP_PARTICIPANT_TMA": "participant-tma",
build-and-push (telegram-bot)	UNKNOWN STEP	  "STAGING_IP_PGADMIN": "pgadmin",
build-and-push (telegram-bot)	UNKNOWN STEP	  "STAGING_IP_POA_WORKER": "mini-app-poa-worker",
build-and-push (telegram-bot)	UNKNOWN STEP	  "STAGING_IP_POSTGRES": "postgres",
build-and-push (telegram-bot)	UNKNOWN STEP	  "STAGING_IP_RABBITMQ": "rabbitmq",
build-and-push (telegram-bot)	UNKNOWN STEP	  "STAGING_IP_RANGE_BASE": "host.docker.internal",
build-and-push (telegram-bot)	UNKNOWN STEP	  "STAGING_IP_RANGE_START": "172.11",
build-and-push (telegram-bot)	UNKNOWN STEP	  "STAGING_IP_RANGE_SUBNET": "24",
build-and-push (telegram-bot)	UNKNOWN STEP	  "STAGING_IP_REDIS": "redis",
build-and-push (telegram-bot)	UNKNOWN STEP	  "STAGING_IP_SOCKET": "IP_SOCKET=mini-app-notification-socket",
build-and-push (telegram-bot)	UNKNOWN STEP	  "STAGING_IP_SWAGGER_UI": "swagger-ui",
build-and-push (telegram-bot)	UNKNOWN STEP	  "STAGING_IP_TELEGRAM_BOT": "telegram-bot",
build-and-push (telegram-bot)	UNKNOWN STEP	  "STAGING_IP_WEBSITE": "website",
build-and-push (telegram-bot)	UNKNOWN STEP	  "STAGING_JWT_SECRET_SOCKET": "JFDmdjeu__@HF_KKSEEWR_ERWER_FGDFG_ET%DG%34534aasd%_Rhueflihfsdlnf",
build-and-push (telegram-bot)	UNKNOWN STEP	  "STAGING_KIBANA_HASHED_PASSWORD": "$2a$14$6P83mnKs9BxP2qZDaMU.2OzBHY3SG0nnaVXJ8nKluEWEWD5RMmN/W",
build-and-push (telegram-bot)	UNKNOWN STEP	  "STAGING_KIBANA_PORT": "4023",
build-and-push (telegram-bot)	UNKNOWN STEP	  "STAGING_KIBANA_USERNAME": "monitor",
build-and-push (telegram-bot)	UNKNOWN STEP	  "STAGING_LINKEDIN_CLIENT_ID": "77osbnm9chxr4c",
build-and-push (telegram-bot)	UNKNOWN STEP	  "STAGING_LOCAL_DOMAIN": "staging-app.toncloud.observer",
build-and-push (telegram-bot)	UNKNOWN STEP	  "STAGING_MB_REDIRECT_ALL_REQUESTS_TO_HTTPS": "true",
build-and-push (telegram-bot)	UNKNOWN STEP	  "STAGING_METABASE_DOMAIN": "staging-metabase.toncloud.observer",
build-and-push (telegram-bot)	UNKNOWN STEP	  "STAGING_MINIO_COLLECTION_BUCKET": "***collection",
build-and-push (telegram-bot)	UNKNOWN STEP	  "STAGING_MINIO_DASHBOARD_PORT": "4014",
build-and-push (telegram-bot)	UNKNOWN STEP	  "STAGING_MINIO_DOC_BUCKET": "***doc",
build-and-push (telegram-bot)	UNKNOWN STEP	  "STAGING_MINIO_DOC_DEFAULT_BUCKET": "***",
build-and-push (telegram-bot)	UNKNOWN STEP	  "STAGING_MINIO_ENDPOINT": "minio",
build-and-push (telegram-bot)	UNKNOWN STEP	  "STAGING_MINIO_IMAGE_BUCKET": "***image",
build-and-push (telegram-bot)	UNKNOWN STEP	  "STAGING_MINIO_ITEM_BUCKET": "***item",
build-and-push (telegram-bot)	UNKNOWN STEP	  "STAGING_MINIO_PORT": "4012",
build-and-push (telegram-bot)	UNKNOWN STEP	  "STAGING_MINIO_PUBLIC_URL": "https://staging-storage.toncloud.observer",
build-and-push (telegram-bot)	UNKNOWN STEP	  "STAGING_MINIO_REGION_NAME": "default",
build-and-push (telegram-bot)	UNKNOWN STEP	  "STAGING_MINIO_SBT_COLLECTIONS_BUCKET": "sbt-collections",
build-and-push (telegram-bot)	UNKNOWN STEP	  "STAGING_MINIO_STORAGE_ADMIN_DOMAIN": "staging-storage-admin.toncloud.observer",
build-and-push (telegram-bot)	UNKNOWN STEP	  "STAGING_MINIO_STORAGE_DOMAIN": "staging-storage.toncloud.observer",
build-and-push (telegram-bot)	UNKNOWN STEP	  "STAGING_MINIO_VIDEO_BUCKET": "***video",
build-and-push (telegram-bot)	UNKNOWN STEP	  "STAGING_MINI_APP_DOMAIN": "staging-app.toncloud.observer",
build-and-push (telegram-bot)	UNKNOWN STEP	  "STAGING_MINI_APP_PORT": "4000",
build-and-push (telegram-bot)	UNKNOWN STEP	  "STAGING_MINI_APP_SOCKET_DOMAIN": "staging-socket.toncloud.observer",
build-and-push (telegram-bot)	UNKNOWN STEP	  "STAGING_MONITORING_DOMAIN": "staging-monitoring.toncloud.observer",
build-and-push (telegram-bot)	UNKNOWN STEP	  "STAGING_MS_CLIENT_ID": "916e0c9f-17bc-45c2-9cbc-025c48a0d449",
build-and-push (telegram-bot)	UNKNOWN STEP	  "STAGING_NETWORK_NAME": "***-staging",
build-and-push (telegram-bot)	UNKNOWN STEP	  "STAGING_NETWORK_PUBLIC_IP": "***",
build-and-push (telegram-bot)	UNKNOWN STEP	  "STAGING_NEXT_PUBLIC_API_BASE_URL": "https://staging-app.toncloud.observer/api/v1",
build-and-push (telegram-bot)	UNKNOWN STEP	  "STAGING_NEXT_PUBLIC_APP_BASE_URL": "https://staging-app.toncloud.observer",
build-and-push (telegram-bot)	UNKNOWN STEP	  "STAGING_NEXT_PUBLIC_BACKEND_URL_CLIENT": "https://staging-app.toncloud.observer/api/client/v1/",
build-and-push (telegram-bot)	UNKNOWN STEP	  "STAGING_NEXT_PUBLIC_BOT_USERNAME": "notnonstagebot",
build-and-push (telegram-bot)	UNKNOWN STEP	  "STAGING_NEXT_PUBLIC_ENV": "staging",
build-and-push (telegram-bot)	UNKNOWN STEP	  "STAGING_NEXT_PUBLIC_GTM": "GTM-staging",
build-and-push (telegram-bot)	UNKNOWN STEP	  "STAGING_NEXT_PUBLIC_SOCKET_URL": "staging-socket.toncloud.observer",
build-and-push (telegram-bot)	UNKNOWN STEP	  "STAGING_NEXT_PUBLIC_TRPC_BASE_URL": "https://staging-app.toncloud.observer",
build-and-push (telegram-bot)	UNKNOWN STEP	  "STAGING_NFT_INTERVAL_TIME": "60000",
build-and-push (telegram-bot)	UNKNOWN STEP	  "STAGING_NFT_MANAGER_PORT": "4004",
build-and-push (telegram-bot)	UNKNOWN STEP	  "STAGING_NODE_ENV": "production",
build-and-push (telegram-bot)	UNKNOWN STEP	  "STAGING_NODE_TLS_REJECT_UNAUTHORIZED": "0",
build-and-push (telegram-bot)	UNKNOWN STEP	  "STAGING_ONTON_DOMAIN": "staging.toncloud.observer",
build-and-push (telegram-bot)	UNKNOWN STEP	  "STAGING_PARTICIPANT_TMA_PORT": "4001",
build-and-push (telegram-bot)	UNKNOWN STEP	  "STAGING_PGADMIN_DOMAIN": "staging-pgadmin.toncloud.observer",
build-and-push (telegram-bot)	UNKNOWN STEP	  "STAGING_PORT_CLIENT_WEB": "4007",
build-and-push (telegram-bot)	UNKNOWN STEP	  "STAGING_PORT_METABASE": "4009",
build-and-push (telegram-bot)	UNKNOWN STEP	  "STAGING_PORT_PGADMIN": "4006",
build-and-push (telegram-bot)	UNKNOWN STEP	  "STAGING_PORT_WEB_SITE": "4005",
build-and-push (telegram-bot)	UNKNOWN STEP	  "STAGING_POSTGRES_METABASE_DB": "staging-mini-app",
build-and-push (telegram-bot)	UNKNOWN STEP	  "STAGING_POSTGRES_MINI_APP_DB": "staging-mini-app",
build-and-push (telegram-bot)	UNKNOWN STEP	  "STAGING_POSTGRES_NFT_MANAGER_DB": "staging-nft-manager",
build-and-push (telegram-bot)	UNKNOWN STEP	  "STAGING_POSTGRES_PORT": "4008",
build-and-push (telegram-bot)	UNKNOWN STEP	  "STAGING_PTMA_API_BASE_URL": "https://staging-app.toncloud.observer/api/v1",
build-and-push (telegram-bot)	UNKNOWN STEP	  "STAGING_RABBITMQ_DOMAIN": "staging-rabbitmq.toncloud.observer",
build-and-push (telegram-bot)	UNKNOWN STEP	  "STAGING_RABBITMQ_MANAGEMENT_PORT": "4015",
build-and-push (telegram-bot)	UNKNOWN STEP	  "STAGING_RABBITMQ_NODE_PORT": "4016",
build-and-push (telegram-bot)	UNKNOWN STEP	  "STAGING_REDIS_DATABASES": "1",
build-and-push (telegram-bot)	UNKNOWN STEP	  "STAGING_REDIS_PORT": "4011",
build-and-push (telegram-bot)	UNKNOWN STEP	  "STAGING_REGISTRY_URL": "registry.toncloud.observer",
build-and-push (telegram-bot)	UNKNOWN STEP	  "STAGING_SOCKET_PORT": "40***",
build-and-push (telegram-bot)	UNKNOWN STEP	  "STAGING_STAGE_NAME": "staging-***",
build-and-push (telegram-bot)	UNKNOWN STEP	  "STAGING_SWAGGER_UI_DOMAIN": "staging-swagger-ui.toncloud.observer",
build-and-push (telegram-bot)	UNKNOWN STEP	  "STAGING_SWAGGER_UI_PORT": "4024",
build-and-push (telegram-bot)	UNKNOWN STEP	  "STAGING_SYS_CADDY_REPLICAS": "1",
build-and-push (telegram-bot)	UNKNOWN STEP	  "STAGING_SYS_MINI_APP_REPLICAS": "2",
build-and-push (telegram-bot)	UNKNOWN STEP	  "STAGING_SYS_PARTICIPANT_TMA_REPLICAS": "2",
build-and-push (telegram-bot)	UNKNOWN STEP	  "STAGING_SYS_WEB_SITE_REPLICAS": "1",
build-and-push (telegram-bot)	UNKNOWN STEP	  "STAGING_TELEGRAM_BOT_PORT": "4002",
build-and-push (telegram-bot)	UNKNOWN STEP	  "STAGING_TG_EVENTS_TOPIC": "2",
build-and-push (telegram-bot)	UNKNOWN STEP	  "STAGING_TG_LOGS_GROUP_ID": "-100***64975789",
build-and-push (telegram-bot)	UNKNOWN STEP	  "STAGING_TG_LOG_BOT_TOKEN": "7604730825:AAE1WJHs5lFI2zX_tba6M-1HYfffA8ugFmA",
build-and-push (telegram-bot)	UNKNOWN STEP	  "STAGING_TG_NOTIFICATION_CHANELL": "-1002164161685",
build-and-push (telegram-bot)	UNKNOWN STEP	  "STAGING_TG_SYSTEM_TOPIC": "16",
build-and-push (telegram-bot)	UNKNOWN STEP	  "STAGING_TG_TICKETS_TOPIC": "4",
build-and-push (telegram-bot)	UNKNOWN STEP	  "STAGING_TON_CENTER_ENDPOINT": "https://toncenter.com/api/v2/jsonRPC",
build-and-push (telegram-bot)	UNKNOWN STEP	  "STAGING_TON_SOCIETY_BASE_URL": "https://id.ton.org/v1",
build-and-push (telegram-bot)	UNKNOWN STEP	  "STAGING_TWITTER_CLIENT_ID": "SU1RUS0xaHNsRk5kd014UlZieDQ6MTpjaQ",
build-and-push (telegram-bot)	UNKNOWN STEP	  "STAGING_USE_CLOUDFLARE": "true",
build-and-push (telegram-bot)	UNKNOWN STEP	  "STAGING_USE_MAIN_IP_TO_EXPOSE": "true",
build-and-push (telegram-bot)	UNKNOWN STEP	  "TELEGRAM_BOT_TOKEN_FOR_DEPLOYMENT": "7604730825:AAHhtwa4bGhELsBn2VqUxIIFXVJkRJfKuDs",
build-and-push (telegram-bot)	UNKNOWN STEP	  "TELEGRAM_CHAT_ID_FOR_DEPLOYMENT": "***"
build-and-push (telegram-bot)	UNKNOWN STEP	}
build-and-push (telegram-bot)	UNKNOWN STEP	2026-02-09T09:12:18.0568558Z   TELEGRAM_BOT_TOKEN: 7604730825:AAHhtwa4bGhELsBn2VqUxIIFXVJkRJfKuDs
build-and-push (telegram-bot)	UNKNOWN STEP	2026-02-09T09:12:18.0569486Z   TELEGRAM_CHAT_ID: ***
build-and-push (telegram-bot)	UNKNOWN STEP	2026-02-09T09:12:18.0570119Z ##[endgroup]
build-and-push (telegram-bot)	UNKNOWN STEP	2026-02-09T09:12:18.6874390Z {"ok":true,"result":{"message_id":***3,"sender_chat":{"id":***,"title":"ONTON LOGs","type":"channel"},"chat":{"id":***,"title":"ONTON LOGs","type":"channel"},"date":1770628338,"text":"\ud83d\udd04Build Start for ExecutESG/***\n  \ud83d\udcdd branch: refs/heads/dev\n  \ud83e\uddd1 \u200d\ud83d\udcbbActor: bemehrbani\n  \ud83d\udd8a   message: fix(deploy): remove missing override file from scp\n  \ud83d\udd0d See Changes: https://github.com/ExecutESG/***/commit/beb2fcb93db685caf586df53791b4e56088f0a4c","entities":[{"offset":173,"length":82,"type":"url"}],"link_preview_options":{"url":"https://github.com/ExecutESG/***/commit/beb2fcb93db685caf586df53791b4e56088f0a4c"}}}
build-and-push (telegram-bot)	UNKNOWN STEP	2026-02-09T09:12:18.7082680Z ##[group]Run actions/checkout@v4
build-and-push (telegram-bot)	UNKNOWN STEP	2026-02-09T09:12:18.7083336Z with:
build-and-push (telegram-bot)	UNKNOWN STEP	2026-02-09T09:12:18.7084321Z   repository: ExecutESG/***
build-and-push (telegram-bot)	UNKNOWN STEP	2026-02-09T09:12:18.7085112Z   token: ***
build-and-push (telegram-bot)	UNKNOWN STEP	2026-02-09T09:12:18.7085671Z   ssh-strict: true
build-and-push (telegram-bot)	UNKNOWN STEP	2026-02-09T09:12:18.7086234Z   ssh-user: git
build-and-push (telegram-bot)	UNKNOWN STEP	2026-02-09T09:12:18.7086793Z   persist-credentials: true
build-and-push (telegram-bot)	UNKNOWN STEP	2026-02-09T09:12:18.7087384Z   clean: true
build-and-push (telegram-bot)	UNKNOWN STEP	2026-02-09T09:12:18.7087991Z   sparse-checkout-cone-mode: true
build-and-push (telegram-bot)	UNKNOWN STEP	2026-02-09T09:12:18.7088603Z   fetch-depth: 1
build-and-push (telegram-bot)	UNKNOWN STEP	2026-02-09T09:12:18.7089169Z   fetch-tags: ***
build-and-push (telegram-bot)	UNKNOWN STEP	2026-02-09T09:12:18.7089731Z   show-progress: true
build-and-push (telegram-bot)	UNKNOWN STEP	2026-02-09T09:12:18.7090315Z   lfs: ***
build-and-push (telegram-bot)	UNKNOWN STEP	2026-02-09T09:12:18.7090881Z   submodules: ***
build-and-push (telegram-bot)	UNKNOWN STEP	2026-02-09T09:12:18.7091451Z   set-safe-directory: true
build-and-push (telegram-bot)	UNKNOWN STEP	2026-02-09T09:12:18.7092221Z env:
build-and-push (telegram-bot)	UNKNOWN STEP	2026-02-09T09:12:18.7122394Z   ALLMYSECRETS: {
build-and-push (telegram-bot)	UNKNOWN STEP	  "DEV_MNEMONIC": "***",
build-and-push (telegram-bot)	UNKNOWN STEP	  "MAIN_PGADMIN_DEFAULT_PASSWORD": "***",
build-and-push (telegram-bot)	UNKNOWN STEP	  "DOCKER_HUB_TOKEN": "***",
build-and-push (telegram-bot)	UNKNOWN STEP	  "STAGING_ONTON_API_KEY": "***",
build-and-push (telegram-bot)	UNKNOWN STEP	  "STAGING_CLOUDFLARE_API_TOKEN": "***",
build-and-push (telegram-bot)	UNKNOWN STEP	  "DEV_TON_CENTER_TOKEN": "***",
build-and-push (telegram-bot)	UNKNOWN STEP	  "STAGING_ONTON_API_SECRET": "***",
build-and-push (telegram-bot)	UNKNOWN STEP	  "STAGING_GITHUB_CLIENT_SECRET": "***",
build-and-push (telegram-bot)	UNKNOWN STEP	  "SSH_MAIN_IP": "***",
build-and-push (telegram-bot)	UNKNOWN STEP	  "MAIN_TWITTER_CLIENT_SECRET": "***",
build-and-push (telegram-bot)	UNKNOWN STEP	  "STAGING_MINIO_ROOT_PASSWORD": "***",
build-and-push (telegram-bot)	UNKNOWN STEP	  "MAIN_GITHUB_CLIENT_SECRET": "***",
build-and-push (telegram-bot)	UNKNOWN STEP	  "STAGING_RABBITMQ_DEFAULT_PASS": "***",
build-and-push (telegram-bot)	UNKNOWN STEP	  "SSH_DEV_IP": "***",
build-and-push (telegram-bot)	UNKNOWN STEP	  "DEV_POSTGRES_PASSWORD": "***",
build-and-push (telegram-bot)	UNKNOWN STEP	  "SSH_PASSPHRASE": "***",
build-and-push (telegram-bot)	UNKNOWN STEP	  "STAGING_CLIENT_API_FIXED_KEY": "***",
build-and-push (telegram-bot)	UNKNOWN STEP	  "MAIN_TON_CENTER_TOKEN": "***",
build-and-push (telegram-bot)	UNKNOWN STEP	  "DOCKER_HUB_USERNAME": "***",
build-and-push (telegram-bot)	UNKNOWN STEP	  "GIT_API_KEY": "***",
build-and-push (telegram-bot)	UNKNOWN STEP	  "MAIN_CLOUDFLARE_EMAIL": "***",
build-and-push (telegram-bot)	UNKNOWN STEP	  "MAIN_DATABASE_URL": "***",
build-and-push (telegram-bot)	UNKNOWN STEP	  "MAIN_CLOUDFLARE_EMAIL_MAIN": "***",
build-and-push (telegram-bot)	UNKNOWN STEP	  "STAGING_PGADMIN_DEFAULT_EMAIL": "***",
build-and-push (telegram-bot)	UNKNOWN STEP	  "STAGING_SECRET_EVENT_WALLET_ENC_KEY": "***",
build-and-push (telegram-bot)	UNKNOWN STEP	  "STAGING_PGADMIN_DEFAULT_PASSWORD": "***",
build-and-push (telegram-bot)	UNKNOWN STEP	  "CR_PAT": "***",
build-and-push (telegram-bot)	UNKNOWN STEP	  "MAIN_CLOUDFLARE_API_TOKEN_MAIN": "***",
build-and-push (telegram-bot)	UNKNOWN STEP	  "MAIN_POSTGRES_USER": "***",
build-and-push (telegram-bot)	UNKNOWN STEP	  "DEV_BOT_TOKEN": "***",
build-and-push (telegram-bot)	UNKNOWN STEP	  "STAGING_REDIS_PASSWORD": "***",
build-and-push (telegram-bot)	UNKNOWN STEP	  "TELEGRAM_CHAT_ID_FOR_DEPLOYMENT": "***",
build-and-push (telegram-bot)	UNKNOWN STEP	  "STAGING_TONAPI_API_KEY": "***",
build-and-push (telegram-bot)	UNKNOWN STEP	  "STAGING_CLOUDFLARE_API_TOKEN_MAIN": "***",
build-and-push (telegram-bot)	UNKNOWN STEP	  "MAIN_BOT_TOKEN": "***",
build-and-push (telegram-bot)	UNKNOWN STEP	  "MAIN_SENTRY_AUTH_TOKEN": "***",
build-and-push (telegram-bot)	UNKNOWN STEP	  "github_token": "***",
build-and-push (telegram-bot)	UNKNOWN STEP	  "STAGING_DATABASE_URL_NFT_MANAGER": "***",
build-and-push (telegram-bot)	UNKNOWN STEP	  "DEV_CLOUDFLARE_API_TOKEN": "***",
build-and-push (telegram-bot)	UNKNOWN STEP	  "STAGING_TON_SOCIETY_API_KEY": "***",
build-and-push (telegram-bot)	UNKNOWN STEP	  "STAGING_POSTGRES_PASSWORD": "***",
build-and-push (telegram-bot)	UNKNOWN STEP	  "MAIN_RABBITMQ_DEFAULT_USER": "***",
build-and-push (telegram-bot)	UNKNOWN STEP	  "MAIN_CLOUDFLARE_API_TOKEN": "***",
build-and-push (telegram-bot)	UNKNOWN STEP	  "MAIN_CLOUDFLARE_DNS_ZONE_ID": "***",
build-and-push (telegram-bot)	UNKNOWN STEP	  "MAIN_REDIS_PASSWORD": "***",
build-and-push (telegram-bot)	UNKNOWN STEP	  "STAGING_MINIO_ROOT_USER": "***",
build-and-push (telegram-bot)	UNKNOWN STEP	  "MAIN_TON_SOCIETY_API_KEY": "***",
build-and-push (telegram-bot)	UNKNOWN STEP	  "STAGING_CLOUDFLARE_DNS_ZONE_ID": "***",
build-and-push (telegram-bot)	UNKNOWN STEP	  "DEV_CLIENT_API_JWT_SECRET": "***",
build-and-push (telegram-bot)	UNKNOWN STEP	  "STAGING_BOT_TOKEN": "***",
build-and-push (telegram-bot)	UNKNOWN STEP	  "MAIN_MB_ENCRYPTION_SECRET_KEY": "***",
build-and-push (telegram-bot)	UNKNOWN STEP	  "USE_CLOUDFLARE": "***",
build-and-push (telegram-bot)	UNKNOWN STEP	  "MAIN_TONAPI_API_KEY": "***",
build-and-push (telegram-bot)	UNKNOWN STEP	  "SSH_PRIVATE_KEY": "***",
build-and-push (telegram-bot)	UNKNOWN STEP	  "MAIN_LINKEDIN_CLIENT_SECRET": "***",
build-and-push (telegram-bot)	UNKNOWN STEP	  "STAGING_MS_CLIENT_SECRET": "***",
build-and-push (telegram-bot)	UNKNOWN STEP	  "SSH_DEV_KEY": "***",
build-and-push (telegram-bot)	UNKNOWN STEP	  "STAGING_TWITTER_CLIENT_SECRET": "***",
build-and-push (telegram-bot)	UNKNOWN STEP	  "STAGING_CLIENT_API_JWT_SECRET": "***",
build-and-push (telegram-bot)	UNKNOWN STEP	  "MAIN_DATABASE_URL_NFT_MANAGER": "***",
build-and-push (telegram-bot)	UNKNOWN STEP	  "DEV_ONTON_API_SECRET": "***",
build-and-push (telegram-bot)	UNKNOWN STEP	  "MAIN_GOOGLE_CLIENT_SECRET": "***",
build-and-push (telegram-bot)	UNKNOWN STEP	  "MAIN_MS_CLIENT_SECRET": "***",
build-and-push (telegram-bot)	UNKNOWN STEP	  "STAGING_DATABASE_URL": "***",
build-and-push (telegram-bot)	UNKNOWN STEP	  "STAGING_TON_CENTER_TOKEN": "***",
build-and-push (telegram-bot)	UNKNOWN STEP	  "DEV_TON_SOCIETY_API_KEY": "***",
build-and-push (telegram-bot)	UNKNOWN STEP	  "MAIN_EVENT_WALLET_ENC_KEY": "***",
build-and-push (telegram-bot)	UNKNOWN STEP	  "STAGING_POSTGRES_USER": "***",
build-and-push (telegram-bot)	UNKNOWN STEP	  "MAIN_PGADMIN_DEFAULT_EMAIL": "***",
build-and-push (telegram-bot)	UNKNOWN STEP	  "SSH_MAIN_PORT": "***",
build-and-push (telegram-bot)	UNKNOWN STEP	  "MAIN_MNEMONIC": "***",
build-and-push (telegram-bot)	UNKNOWN STEP	  "MAIN_POSTGRES_PASSWORD": "***",
build-and-push (telegram-bot)	UNKNOWN STEP	  "DEV_TONAPI_API_KEY": "***",
build-and-push (telegram-bot)	UNKNOWN STEP	  "STAGING_GOOGLE_CLIENT_SECRET": "***",
build-and-push (telegram-bot)	UNKNOWN STEP	  "DEV_MB_ENCRYPTION_SECRET_KEY": "***",
build-and-push (telegram-bot)	UNKNOWN STEP	  "STAGING_SENTRY_AUTH_TOKEN": "***",
build-and-push (telegram-bot)	UNKNOWN STEP	  "DEV_DATABASE_URL": "***",
build-and-push (telegram-bot)	UNKNOWN STEP	  "DEV_MINIO_ROOT_PASSWORD": "***",
build-and-push (telegram-bot)	UNKNOWN STEP	  "MAIN_RABBITMQ_DEFAULT_PASS": "***",
build-and-push (telegram-bot)	UNKNOWN STEP	  "TELEGRAM_BOT_TOKEN_FOR_DEPLOYMENT": "***",
build-and-push (telegram-bot)	UNKNOWN STEP	  "MAIN_ONTON_API_SECRET": "***",
build-and-push (telegram-bot)	UNKNOWN STEP	  "MAIN_CLIENT_API_FIXED_KEY": "***",
build-and-push (telegram-bot)	UNKNOWN STEP	  "SSH_DEV_PORT": "***",
build-and-push (telegram-bot)	UNKNOWN STEP	  "DEV_ONTON_API_KEY": "***",
build-and-push (telegram-bot)	UNKNOWN STEP	  "DEV_MINIO_ROOT_USER": "***",
build-and-push (telegram-bot)	UNKNOWN STEP	  "STAGING_MNEMONIC": "***",
build-and-push (telegram-bot)	UNKNOWN STEP	  "MAIN_MINIO_ROOT_USER": "***",
build-and-push (telegram-bot)	UNKNOWN STEP	  "DEV_PGADMIN_DEFAULT_PASSWORD": "***",
build-and-push (telegram-bot)	UNKNOWN STEP	  "DEV_CLIENT_API_FIXED_KEY": "***",
build-and-push (telegram-bot)	UNKNOWN STEP	  "STAGING_CLOUDFLARE_EMAIL": "***",
build-and-push (telegram-bot)	UNKNOWN STEP	  "STAGING_MB_ENCRYPTION_SECRET_KEY": "***",
build-and-push (telegram-bot)	UNKNOWN STEP	  "MAIN_MINIO_ROOT_PASSWORD": "***",
build-and-push (telegram-bot)	UNKNOWN STEP	  "MAIN_ONTON_API_KEY": "***",
build-and-push (telegram-bot)	UNKNOWN STEP	  "STAGING_RABBITMQ_DEFAULT_USER": "***",
build-and-push (telegram-bot)	UNKNOWN STEP	  "MAIN_CLIENT_API_JWT_SECRET": "***",
build-and-push (telegram-bot)	UNKNOWN STEP	  "STAGING_LINKEDIN_CLIENT_SECRET": "***",
build-and-push (telegram-bot)	UNKNOWN STEP	  "DEV_RABBITMQ_DEFAULT_PASS": "***"
build-and-push (telegram-bot)	UNKNOWN STEP	}
build-and-push (telegram-bot)	UNKNOWN STEP	2026-02-09T09:12:18.7203075Z   ALLMYVARS: {
build-and-push (telegram-bot)	UNKNOWN STEP	  "DEV_ACME_AGREE": "true",
build-and-push (telegram-bot)	UNKNOWN STEP	  "DEV_BRANCH_NAME": "dev",
build-and-push (telegram-bot)	UNKNOWN STEP	  "DEV_CACHE_ENABLED": "true",
build-and-push (telegram-bot)	UNKNOWN STEP	  "DEV_CLAMAV_PORT": "***10",
build-and-push (telegram-bot)	UNKNOWN STEP	  "DEV_CLIENT_API_FIXED_ORGANIZER": "@Ontonadmin",
build-and-push (telegram-bot)	UNKNOWN STEP	  "DEV_CLIENT_API_FIXED_USER": "@Ontonadmin",
build-and-push (telegram-bot)	UNKNOWN STEP	  "DEV_CLIENT_WEB_DOMAIN": "dev-client-web.dev.***.live",
build-and-push (telegram-bot)	UNKNOWN STEP	  "DEV_COMPOSE_PROJECT_NAME": "develop-***",
build-and-push (telegram-bot)	UNKNOWN STEP	  "DEV_ENV": "development",
build-and-push (telegram-bot)	UNKNOWN STEP	  "DEV_EVENT_WALLET_ENC_KEY": "Ci5M6/B4Wke4qX6tXViVeW0xM0iH0yh/qvD3Y1xu2v8",
build-and-push (telegram-bot)	UNKNOWN STEP	  "DEV_GOLANG_SERVER_PORT": "3013",
build-and-push (telegram-bot)	UNKNOWN STEP	  "DEV_IP_CADDY": "caddy",
build-and-push (telegram-bot)	UNKNOWN STEP	  "DEV_IP_CLAMAV": "host.docker.internal",
build-and-push (telegram-bot)	UNKNOWN STEP	  "DEV_IP_CLIENT_WEB": "client-web",
build-and-push (telegram-bot)	UNKNOWN STEP	  "DEV_IP_GIVEAWAY_CHECKER": "giveaway-checker",
build-and-push (telegram-bot)	UNKNOWN STEP	  "DEV_IP_GOLANG_SERVER": "golang-server",
build-and-push (telegram-bot)	UNKNOWN STEP	  "DEV_IP_GOLANG_WORKER": "golang-worker",
build-and-push (telegram-bot)	UNKNOWN STEP	  "DEV_IP_KIBANA": "kibana",
build-and-push (telegram-bot)	UNKNOWN STEP	  "DEV_IP_METABASE": "metabase",
build-and-push (telegram-bot)	UNKNOWN STEP	  "DEV_IP_MINIO": "minio",
build-and-push (telegram-bot)	UNKNOWN STEP	  "DEV_IP_MINI_APP": "mini-app",
build-and-push (telegram-bot)	UNKNOWN STEP	  "DEV_IP_MINI_APP_CRON": "mini-app-sbt-worker",
build-and-push (telegram-bot)	UNKNOWN STEP	  "DEV_IP_NFT_MANAGER": "nft-manager",
build-and-push (telegram-bot)	UNKNOWN STEP	  "DEV_IP_PARTICIPANT_TMA": "participant-tma",
build-and-push (telegram-bot)	UNKNOWN STEP	  "DEV_IP_PGADMIN": "pgadmin",
build-and-push (telegram-bot)	UNKNOWN STEP	  "DEV_IP_POA_WORKER": "mini-app-poa-worker",
build-and-push (telegram-bot)	UNKNOWN STEP	  "DEV_IP_POSTGRES": "postgres",
build-and-push (telegram-bot)	UNKNOWN STEP	  "DEV_IP_RABBITMQ": "rabbitmq",
build-and-push (telegram-bot)	UNKNOWN STEP	  "DEV_IP_RANGE_BASE": "host.docker.internal",
build-and-push (telegram-bot)	UNKNOWN STEP	  "DEV_IP_RANGE_START": "172.10",
build-and-push (telegram-bot)	UNKNOWN STEP	  "DEV_IP_RANGE_SUBNET": "24",
build-and-push (telegram-bot)	UNKNOWN STEP	  "DEV_IP_REDIS": "redis",
build-and-push (telegram-bot)	UNKNOWN STEP	  "DEV_IP_SOCKET": "mini-app-notification-socket",
build-and-push (telegram-bot)	UNKNOWN STEP	  "DEV_IP_SWAGGER_UI": "swagger-ui",
build-and-push (telegram-bot)	UNKNOWN STEP	  "DEV_IP_TELEGRAM_BOT": "telegram-bot",
build-and-push (telegram-bot)	UNKNOWN STEP	  "DEV_IP_WEBSITE": "website",
build-and-push (telegram-bot)	UNKNOWN STEP	  "DEV_JWT_SECRET_SOCKET": "D3v@OnTonw3tds112ewq%KD___%1006-7-8-9-0OkMjKlll%909R9OOsf",
build-and-push (telegram-bot)	UNKNOWN STEP	  "DEV_KIBANA_HASHED_PASSWORD": "$2a$14$6P83mnKs9BxP2qZDaMU.2OzBHY3SG0nnaVXJ8nKluEWEWD5RMmN/W",
build-and-push (telegram-bot)	UNKNOWN STEP	  "DEV_KIBANA_PORT": "3023",
build-and-push (telegram-bot)	UNKNOWN STEP	  "DEV_KIBANA_USERNAME": "monitor",
build-and-push (telegram-bot)	UNKNOWN STEP	  "DEV_LOCAL_DOMAIN": "dev-app.dev.***.live",
build-and-push (telegram-bot)	UNKNOWN STEP	  "DEV_MB_REDIRECT_ALL_REQUESTS_TO_HTTPS": "true",
build-and-push (telegram-bot)	UNKNOWN STEP	  "DEV_METABASE_DOMAIN": "dev-metabase.dev.***.live",
build-and-push (telegram-bot)	UNKNOWN STEP	  "DEV_MINIO_COLLECTION_BUCKET": "***collection",
build-and-push (telegram-bot)	UNKNOWN STEP	  "DEV_MINIO_DASHBOARD_PORT": "3014",
build-and-push (telegram-bot)	UNKNOWN STEP	  "DEV_MINIO_DOC_BUCKET": "***doc",
build-and-push (telegram-bot)	UNKNOWN STEP	  "DEV_MINIO_DOC_DEFAULT_BUCKET": "***",
build-and-push (telegram-bot)	UNKNOWN STEP	  "DEV_MINIO_ENDPOINT": "minio",
build-and-push (telegram-bot)	UNKNOWN STEP	  "DEV_MINIO_IMAGE_BUCKET": "***image",
build-and-push (telegram-bot)	UNKNOWN STEP	  "DEV_MINIO_ITEM_BUCKET": "***item",
build-and-push (telegram-bot)	UNKNOWN STEP	  "DEV_MINIO_PORT": "3012",
build-and-push (telegram-bot)	UNKNOWN STEP	  "DEV_MINIO_PUBLIC_URL": "https://dev-storage.dev.***.live",
build-and-push (telegram-bot)	UNKNOWN STEP	  "DEV_MINIO_REGION_NAME": "default",
build-and-push (telegram-bot)	UNKNOWN STEP	  "DEV_MINIO_SBT_COLLECTIONS_BUCKET": "sbt-collections",
build-and-push (telegram-bot)	UNKNOWN STEP	  "DEV_MINIO_STORAGE_ADMIN_DOMAIN": "dev-storage-admin.dev.***.live",
build-and-push (telegram-bot)	UNKNOWN STEP	  "DEV_MINIO_STORAGE_DOMAIN": "dev-storage.dev.***.live",
build-and-push (telegram-bot)	UNKNOWN STEP	  "DEV_MINIO_VIDEO_BUCKET": "***video",
build-and-push (telegram-bot)	UNKNOWN STEP	  "DEV_MINI_APP_DOMAIN": "dev-app.dev.***.live",
build-and-push (telegram-bot)	UNKNOWN STEP	  "DEV_MINI_APP_PORT": "3000",
build-and-push (telegram-bot)	UNKNOWN STEP	  "DEV_MINI_APP_SOCKET_DOMAIN": "dev-socket.dev.***.live",
build-and-push (telegram-bot)	UNKNOWN STEP	  "DEV_MONITORING_DOMAIN": "dev-monitoring.dev.***.live",
build-and-push (telegram-bot)	UNKNOWN STEP	  "DEV_NETWORK_NAME": "***-dev",
build-and-push (telegram-bot)	UNKNOWN STEP	  "DEV_NETWORK_PUBLIC_IP": "***",
build-and-push (telegram-bot)	UNKNOWN STEP	  "DEV_NEXT_PUBLIC_API_BASE_URL": "https://dev-app.dev.***.live/api/v1",
build-and-push (telegram-bot)	UNKNOWN STEP	  "DEV_NEXT_PUBLIC_APP_BASE_URL": "https://dev-app.dev.***.live",
build-and-push (telegram-bot)	UNKNOWN STEP	  "DEV_NEXT_PUBLIC_BACKEND_URL_CLIENT": "https://dev-app.dev.***.live/api/client/v1/",
build-and-push (telegram-bot)	UNKNOWN STEP	  "DEV_NEXT_PUBLIC_BOT_USERNAME": "dev_ont0n_bot",
build-and-push (telegram-bot)	UNKNOWN STEP	  "DEV_NEXT_PUBLIC_ENV": "development",
build-and-push (telegram-bot)	UNKNOWN STEP	  "DEV_NEXT_PUBLIC_GTM": "GTM-dev",
build-and-push (telegram-bot)	UNKNOWN STEP	  "DEV_NEXT_PUBLIC_SOCKET_URL": "dev-socket.dev.***.live",
build-and-push (telegram-bot)	UNKNOWN STEP	  "DEV_NFT_INTERVAL_TIME": "60000",
build-and-push (telegram-bot)	UNKNOWN STEP	  "DEV_NFT_MANAGER_PORT": "3004",
build-and-push (telegram-bot)	UNKNOWN STEP	  "DEV_NODE_ENV": "production",
build-and-push (telegram-bot)	UNKNOWN STEP	  "DEV_NODE_TLS_REJECT_UNAUTHORIZED": "0",
build-and-push (telegram-bot)	UNKNOWN STEP	  "DEV_ONTON_DOMAIN": "dev.***.live",
build-and-push (telegram-bot)	UNKNOWN STEP	  "DEV_PARTICIPANT_TMA_PORT": "3001",
build-and-push (telegram-bot)	UNKNOWN STEP	  "DEV_PGADMIN_DOMAIN": "dev-pgadmin.dev.***.live",
build-and-push (telegram-bot)	UNKNOWN STEP	  "DEV_PORT_CLIENT_WEB": "3007",
build-and-push (telegram-bot)	UNKNOWN STEP	  "DEV_PORT_METABASE": "3009",
build-and-push (telegram-bot)	UNKNOWN STEP	  "DEV_PORT_PGADMIN": "3006",
build-and-push (telegram-bot)	UNKNOWN STEP	  "DEV_PORT_WEB_SITE": "3005",
build-and-push (telegram-bot)	UNKNOWN STEP	  "DEV_POSTGRES_METABASE_DB": "dev-mini-app",
build-and-push (telegram-bot)	UNKNOWN STEP	  "DEV_POSTGRES_MINI_APP_DB": "dev-mini-app",
build-and-push (telegram-bot)	UNKNOWN STEP	  "DEV_POSTGRES_NFT_MANAGER_DB": "dev-nft-manager",
build-and-push (telegram-bot)	UNKNOWN STEP	  "DEV_POSTGRES_PORT": "3008",
build-and-push (telegram-bot)	UNKNOWN STEP	  "DEV_PTMA_API_BASE_URL": "https://dev-app.dev.***.live/api/v1",
build-and-push (telegram-bot)	UNKNOWN STEP	  "DEV_RABBITMQ_DOMAIN": "dev-rabbitmq.dev.***.live",
build-and-push (telegram-bot)	UNKNOWN STEP	  "DEV_RABBITMQ_MANAGEMENT_PORT": "3015",
build-and-push (telegram-bot)	UNKNOWN STEP	  "DEV_RABBITMQ_NODE_PORT": "3016",
build-and-push (telegram-bot)	UNKNOWN STEP	  "DEV_REDIS_DATABASES": "1",
build-and-push (telegram-bot)	UNKNOWN STEP	  "DEV_REDIS_PORT": "3011",
build-and-push (telegram-bot)	UNKNOWN STEP	  "DEV_REGISTRY_URL": "ghcr.io",
build-and-push (telegram-bot)	UNKNOWN STEP	  "DEV_SOCKET_PORT": "30***",
build-and-push (telegram-bot)	UNKNOWN STEP	  "DEV_STAGE_NAME": "dev-***",
build-and-push (telegram-bot)	UNKNOWN STEP	  "DEV_SWAGGER_UI_DOMAIN": "dev-swagger-ui.dev.***.live",
build-and-push (telegram-bot)	UNKNOWN STEP	  "DEV_SWAGGER_UI_PORT": "3024",
build-and-push (telegram-bot)	UNKNOWN STEP	  "DEV_SYS_CADDY_REPLICAS": "1",
build-and-push (telegram-bot)	UNKNOWN STEP	  "DEV_SYS_MINI_APP_REPLICAS": "1",
build-and-push (telegram-bot)	UNKNOWN STEP	  "DEV_SYS_PARTICIPANT_TMA_REPLICAS": "1",
build-and-push (telegram-bot)	UNKNOWN STEP	  "DEV_SYS_WEB_SITE_REPLICAS": "1",
build-and-push (telegram-bot)	UNKNOWN STEP	  "DEV_TELEGRAM_BOT_PORT": "3002",
build-and-push (telegram-bot)	UNKNOWN STEP	  "DEV_TG_EVENTS_TOPIC": "2",
build-and-push (telegram-bot)	UNKNOWN STEP	  "DEV_TG_LOGS_GROUP_ID": "-1002308507308",
build-and-push (telegram-bot)	UNKNOWN STEP	  "DEV_TG_LOG_BOT_TOKEN": "7604730825:AAE1WJHs5lFI2zX_tba6M-1HYfffA8ugFmA",
build-and-push (telegram-bot)	UNKNOWN STEP	  "DEV_TG_NOTIFICATION_CHANELL": "-1002164161685",
build-and-push (telegram-bot)	UNKNOWN STEP	  "DEV_TG_SYSTEM_TOPIC": "16",
build-and-push (telegram-bot)	UNKNOWN STEP	  "DEV_TG_TICKETS_TOPIC": "4",
build-and-push (telegram-bot)	UNKNOWN STEP	  "DEV_TON_CENTER_ENDPOINT": "https://toncenter.com/api/v2/jsonRPC",
build-and-push (telegram-bot)	UNKNOWN STEP	  "DEV_TON_SOCIETY_BASE_URL": "https://id.ton.org/v1",
build-and-push (telegram-bot)	UNKNOWN STEP	  "DEV_USE_CLOUDFLARE": "true",
build-and-push (telegram-bot)	UNKNOWN STEP	  "DEV_USE_MAIN_IP_TO_EXPOSE": "true",
build-and-push (telegram-bot)	UNKNOWN STEP	  "MAIN_ACME_AGREE": "true",
build-and-push (telegram-bot)	UNKNOWN STEP	  "MAIN_BRANCH_NAME": "main",
build-and-push (telegram-bot)	UNKNOWN STEP	  "MAIN_CACHE_ENABLED": "true",
build-and-push (telegram-bot)	UNKNOWN STEP	  "MAIN_CLAMAV_PORT": "***10",
build-and-push (telegram-bot)	UNKNOWN STEP	  "MAIN_CLIENT_API_FIXED_ORGANIZER": "@Ontonadmin",
build-and-push (telegram-bot)	UNKNOWN STEP	  "MAIN_CLIENT_API_FIXED_USER": "@Ontonadmin",
build-and-push (telegram-bot)	UNKNOWN STEP	  "MAIN_CLIENT_WEB_DOMAIN": "client-web.***.live",
build-and-push (telegram-bot)	UNKNOWN STEP	  "MAIN_COMPOSE_PROJECT_NAME": "production-***",
build-and-push (telegram-bot)	UNKNOWN STEP	  "MAIN_ENV": "production",
build-and-push (telegram-bot)	UNKNOWN STEP	  "MAIN_GITHUB_CLIENT_ID": "Ov23liQFN1rMeZicYHnL",
build-and-push (telegram-bot)	UNKNOWN STEP	  "MAIN_GITHUB_REPO": "***bot",
build-and-push (telegram-bot)	UNKNOWN STEP	  "MAIN_GOLANG_SERVER_PORT": "8013",
build-and-push (telegram-bot)	UNKNOWN STEP	  "MAIN_GOOGLE_CLIENT_ID": "174044865725-8urfv981fca74aj3bq2kqik7fbe2rggg.apps.googleusercontent.com",
build-and-push (telegram-bot)	UNKNOWN STEP	  "MAIN_IP_CADDY": "caddy",
build-and-push (telegram-bot)	UNKNOWN STEP	  "MAIN_IP_CLAMAV": "host.docker.internal",
build-and-push (telegram-bot)	UNKNOWN STEP	  "MAIN_IP_CLIENT_WEB": "client-web",
build-and-push (telegram-bot)	UNKNOWN STEP	  "MAIN_IP_GIVEAWAY_CHECKER": "giveaway-checker",
build-and-push (telegram-bot)	UNKNOWN STEP	  "MAIN_IP_GOLANG_SERVER": "golang-server",
build-and-push (telegram-bot)	UNKNOWN STEP	  "MAIN_IP_GOLANG_WORKER": "golang-worker",
build-and-push (telegram-bot)	UNKNOWN STEP	  "MAIN_IP_KIBANA": "kibana",
build-and-push (telegram-bot)	UNKNOWN STEP	  "MAIN_IP_METABASE": "metabase",
build-and-push (telegram-bot)	UNKNOWN STEP	  "MAIN_IP_MINIO": "minio",
build-and-push (telegram-bot)	UNKNOWN STEP	  "MAIN_IP_MINI_APP": "mini-app",
build-and-push (telegram-bot)	UNKNOWN STEP	  "MAIN_IP_MINI_APP_CRON": "mini-app-sbt-worker",
build-and-push (telegram-bot)	UNKNOWN STEP	  "MAIN_IP_NFT_MANAGER": "nft-manager",
build-and-push (telegram-bot)	UNKNOWN STEP	  "MAIN_IP_PARTICIPANT_TMA": "participant-tma",
build-and-push (telegram-bot)	UNKNOWN STEP	  "MAIN_IP_PGADMIN": "pgadmin",
build-and-push (telegram-bot)	UNKNOWN STEP	  "MAIN_IP_POA_WORKER": "mini-app-poa-worker",
build-and-push (telegram-bot)	UNKNOWN STEP	  "MAIN_IP_POSTGRES": "postgres",
build-and-push (telegram-bot)	UNKNOWN STEP	  "MAIN_IP_RABBITMQ": "rabbitmq",
build-and-push (telegram-bot)	UNKNOWN STEP	  "MAIN_IP_RANGE_BASE": "host.docker.internal",
build-and-push (telegram-bot)	UNKNOWN STEP	  "MAIN_IP_REDIS": "redis",
build-and-push (telegram-bot)	UNKNOWN STEP	  "MAIN_IP_SOCKET": "mini-app-notification-socket",
build-and-push (telegram-bot)	UNKNOWN STEP	  "MAIN_IP_SWAGGER_UI": "swagger-ui",
build-and-push (telegram-bot)	UNKNOWN STEP	  "MAIN_IP_TELEGRAM_BOT": "telegram-bot",
build-and-push (telegram-bot)	UNKNOWN STEP	  "MAIN_IP_WEBSITE": "website",
build-and-push (telegram-bot)	UNKNOWN STEP	  "MAIN_JWT_SECRET_SOCKET": "JFDmdjeu__@HF_KKSEEWR_ERW*ER_FGDFG_ET%DG%34534aasd_Rhuefli!hfsdlnf",
build-and-push (telegram-bot)	UNKNOWN STEP	  "MAIN_KIBANA_HASHED_PASSWORD": "$2a$14$6P83mnKs9BxP2qZDaMU.2OzBHY3SG0nnaVXJ8nKluEWEWD5RMmN/W",
build-and-push (telegram-bot)	UNKNOWN STEP	  "MAIN_KIBANA_PORT": "8023",
build-and-push (telegram-bot)	UNKNOWN STEP	  "MAIN_KIBANA_USERNAME": "monitor",
build-and-push (telegram-bot)	UNKNOWN STEP	  "MAIN_LINKEDIN_CLIENT_ID": "77osbnm9chxr4c",
build-and-push (telegram-bot)	UNKNOWN STEP	  "MAIN_LOCAL_DOMAIN": "***.live",
build-and-push (telegram-bot)	UNKNOWN STEP	  "MAIN_MB_REDIRECT_ALL_REQUESTS_TO_HTTPS": "true",
build-and-push (telegram-bot)	UNKNOWN STEP	  "MAIN_METABASE_DOMAIN": "metabase.***.live",
build-and-push (telegram-bot)	UNKNOWN STEP	  "MAIN_MINIO_COLLECTION_BUCKET": "***collection",
build-and-push (telegram-bot)	UNKNOWN STEP	  "MAIN_MINIO_DASHBOARD_PORT": "8014",
build-and-push (telegram-bot)	UNKNOWN STEP	  "MAIN_MINIO_DOC_BUCKET": "***doc",
build-and-push (telegram-bot)	UNKNOWN STEP	  "MAIN_MINIO_DOC_DEFAULT_BUCKET": "***",
build-and-push (telegram-bot)	UNKNOWN STEP	  "MAIN_MINIO_ENDPOINT": "minio",
build-and-push (telegram-bot)	UNKNOWN STEP	  "MAIN_MINIO_IMAGE_BUCKET": "***image",
build-and-push (telegram-bot)	UNKNOWN STEP	  "MAIN_MINIO_ITEM_BUCKET": "***item",
build-and-push (telegram-bot)	UNKNOWN STEP	  "MAIN_MINIO_PORT": "8012",
build-and-push (telegram-bot)	UNKNOWN STEP	  "MAIN_MINIO_PUBLIC_URL": "https://storage.***.live",
build-and-push (telegram-bot)	UNKNOWN STEP	  "MAIN_MINIO_REGION_NAME": "default",
build-and-push (telegram-bot)	UNKNOWN STEP	  "MAIN_MINIO_SBT_COLLECTIONS_BUCKET": "sbt-collections",
build-and-push (telegram-bot)	UNKNOWN STEP	  "MAIN_MINIO_STORAGE_ADMIN_DOMAIN": "storage-admin.***.live",
build-and-push (telegram-bot)	UNKNOWN STEP	  "MAIN_MINIO_STORAGE_DOMAIN": "storage.***.live",
build-and-push (telegram-bot)	UNKNOWN STEP	  "MAIN_MINIO_VIDEO_BUCKET": "***video",
build-and-push (telegram-bot)	UNKNOWN STEP	  "MAIN_MINI_APP_DOMAIN": "app.***.live",
build-and-push (telegram-bot)	UNKNOWN STEP	  "MAIN_MINI_APP_PORT": "8000",
build-and-push (telegram-bot)	UNKNOWN STEP	  "MAIN_MINI_APP_SOCKET_DOMAIN": "socket.***.live",
build-and-push (telegram-bot)	UNKNOWN STEP	  "MAIN_MONITORING_DOMAIN": "monitoring.***.live",
build-and-push (telegram-bot)	UNKNOWN STEP	  "MAIN_MS_CLIENT_ID": "916e0c9f-17bc-45c2-9cbc-025c48a0d449",
build-and-push (telegram-bot)	UNKNOWN STEP	  "MAIN_NETWORK_NAME": "***-production",
build-and-push (telegram-bot)	UNKNOWN STEP	  "MAIN_NETWORK_PUBLIC_IP": "***",
build-and-push (telegram-bot)	UNKNOWN STEP	  "MAIN_NEXT_PUBLIC_API_BASE_URL": "https://app.***.live/api/v1",
build-and-push (telegram-bot)	UNKNOWN STEP	  "MAIN_NEXT_PUBLIC_APP_BASE_URL": "https://app.***.live",
build-and-push (telegram-bot)	UNKNOWN STEP	  "MAIN_NEXT_PUBLIC_BACKEND_URL_CLIENT": "https://app.***.live/api/client/v1/",
build-and-push (telegram-bot)	UNKNOWN STEP	  "MAIN_NEXT_PUBLIC_BOT_USERNAME": "the***bot",
build-and-push (telegram-bot)	UNKNOWN STEP	  "MAIN_NEXT_PUBLIC_ENV": "production",
build-and-push (telegram-bot)	UNKNOWN STEP	  "MAIN_NEXT_PUBLIC_GTM": "GTM-TSCPWNCM",
build-and-push (telegram-bot)	UNKNOWN STEP	  "MAIN_NEXT_PUBLIC_SOCKET_URL": "socket.***.live",
build-and-push (telegram-bot)	UNKNOWN STEP	  "MAIN_NFT_INTERVAL_TIME": "60000",
build-and-push (telegram-bot)	UNKNOWN STEP	  "MAIN_NFT_MANAGER_PORT": "8004",
build-and-push (telegram-bot)	UNKNOWN STEP	  "MAIN_NODE_ENV": "production",
build-and-push (telegram-bot)	UNKNOWN STEP	  "MAIN_NODE_TLS_REJECT_UNAUTHORIZED": "1",
build-and-push (telegram-bot)	UNKNOWN STEP	  "MAIN_ONTON_DOMAIN": "***.live",
build-and-push (telegram-bot)	UNKNOWN STEP	  "MAIN_PARTICIPANT_TMA_PORT": "8001",
build-and-push (telegram-bot)	UNKNOWN STEP	  "MAIN_PGADMIN_DOMAIN": "pgadmin.***.live",
build-and-push (telegram-bot)	UNKNOWN STEP	  "MAIN_PORT_CLIENT_WEB": "8007",
build-and-push (telegram-bot)	UNKNOWN STEP	  "MAIN_PORT_METABASE": "8009",
build-and-push (telegram-bot)	UNKNOWN STEP	  "MAIN_PORT_PGADMIN": "8006",
build-and-push (telegram-bot)	UNKNOWN STEP	  "MAIN_PORT_WEB_SITE": "8005",
build-and-push (telegram-bot)	UNKNOWN STEP	  "MAIN_POSTGRES_METABASE_DB": "production-mini-app",
build-and-push (telegram-bot)	UNKNOWN STEP	  "MAIN_POSTGRES_MINI_APP_DB": "production-mini-app",
build-and-push (telegram-bot)	UNKNOWN STEP	  "MAIN_POSTGRES_NFT_MANAGER_DB": "production-nft-manager",
build-and-push (telegram-bot)	UNKNOWN STEP	  "MAIN_POSTGRES_PORT": "8008",
build-and-push (telegram-bot)	UNKNOWN STEP	  "MAIN_PTMA_API_BASE_URL": "https://app.***.live/api/v1",
build-and-push (telegram-bot)	UNKNOWN STEP	  "MAIN_RABBITMQ_DOMAIN": "rabbitmq.***.live",
build-and-push (telegram-bot)	UNKNOWN STEP	  "MAIN_RABBITMQ_MANAGEMENT_PORT": "8015",
build-and-push (telegram-bot)	UNKNOWN STEP	  "MAIN_RABBITMQ_NODE_PORT": "8016",
build-and-push (telegram-bot)	UNKNOWN STEP	  "MAIN_REDIS_DATABASES": "1",
build-and-push (telegram-bot)	UNKNOWN STEP	  "MAIN_REDIS_PORT": "8011",
build-and-push (telegram-bot)	UNKNOWN STEP	  "MAIN_REGISTRY_URL": "registry.toncloud.observer",
build-and-push (telegram-bot)	UNKNOWN STEP	  "MAIN_SOCKET_PORT": "80***",
build-and-push (telegram-bot)	UNKNOWN STEP	  "MAIN_STAGE_NAME": "main-***",
build-and-push (telegram-bot)	UNKNOWN STEP	  "MAIN_SWAGGER_UI_DOMAIN": "swagger-ui.***.live",
build-and-push (telegram-bot)	UNKNOWN STEP	  "MAIN_SWAGGER_UI_PORT": "8024",
build-and-push (telegram-bot)	UNKNOWN STEP	  "MAIN_SYS_CADDY_REPLICAS": "1",
build-and-push (telegram-bot)	UNKNOWN STEP	  "MAIN_SYS_MINI_APP_REPLICAS": "12",
build-and-push (telegram-bot)	UNKNOWN STEP	  "MAIN_SYS_PARTICIPANT_TMA_REPLICAS": "6",
build-and-push (telegram-bot)	UNKNOWN STEP	  "MAIN_SYS_WEB_SITE_REPLICAS": "3",
build-and-push (telegram-bot)	UNKNOWN STEP	  "MAIN_TELEGRAM_BOT_PORT": "8002",
build-and-push (telegram-bot)	UNKNOWN STEP	  "MAIN_TG_EVENTS_TOPIC": "2",
build-and-push (telegram-bot)	UNKNOWN STEP	  "MAIN_TG_LOGS_GROUP_ID": "-1002300666538",
build-and-push (telegram-bot)	UNKNOWN STEP	  "MAIN_TG_LOG_BOT_TOKEN": "7604730825:AAE1WJHs5lFI2zX_tba6M-1HYfffA8ugFmA",
build-and-push (telegram-bot)	UNKNOWN STEP	  "MAIN_TG_NOTIFICATION_CHANELL": "-100***32083***",
build-and-push (telegram-bot)	UNKNOWN STEP	  "MAIN_TG_SYSTEM_TOPIC": "16",
build-and-push (telegram-bot)	UNKNOWN STEP	  "MAIN_TG_TICKETS_TOPIC": "4",
build-and-push (telegram-bot)	UNKNOWN STEP	  "MAIN_TON_CENTER_ENDPOINT": "https://toncenter.com/api/v2/jsonRPC",
build-and-push (telegram-bot)	UNKNOWN STEP	  "MAIN_TON_SOCIETY_BASE_URL": "https://id.ton.org/v1",
build-and-push (telegram-bot)	UNKNOWN STEP	  "MAIN_TWITTER_CLIENT_ID": "SU1RUS0xaHNsRk5kd014UlZieDQ6MTpjaQ",
build-and-push (telegram-bot)	UNKNOWN STEP	  "MAIN_USE_CLOUDFLARE": "true",
build-and-push (telegram-bot)	UNKNOWN STEP	  "MAIN_USE_MAIN_IP_TO_EXPOSE": "true",
build-and-push (telegram-bot)	UNKNOWN STEP	  "NEXT_PUBLIC_BOT_USERNAME": "notnonstagebot",
build-and-push (telegram-bot)	UNKNOWN STEP	  "SANDBOX_ACME_AGREE": "true",
build-and-push (telegram-bot)	UNKNOWN STEP	  "SANDBOX_BRANCH_NAME": "sandbox",
build-and-push (telegram-bot)	UNKNOWN STEP	  "SANDBOX_CACHE_ENABLED": "true",
build-and-push (telegram-bot)	UNKNOWN STEP	  "SANDBOX_CLAMAV_PORT": "***10",
build-and-push (telegram-bot)	UNKNOWN STEP	  "SANDBOX_CLIENT_API_FIXED_ORGANIZER": "@Ontonadmin",
build-and-push (telegram-bot)	UNKNOWN STEP	  "SANDBOX_CLIENT_API_FIXED_USER": "@Ontonadmin",
build-and-push (telegram-bot)	UNKNOWN STEP	  "SANDBOX_CLIENT_WEB_DOMAIN": "sandbox-client-web.toncloud.observer",
build-and-push (telegram-bot)	UNKNOWN STEP	  "SANDBOX_COMPOSE_PROJECT_NAME": "sanbox-***",
build-and-push (telegram-bot)	UNKNOWN STEP	  "SANDBOX_IP_CADDY": "caddy",
build-and-push (telegram-bot)	UNKNOWN STEP	  "SANDBOX_IP_CLAMAV": "host.docker.internal",
build-and-push (telegram-bot)	UNKNOWN STEP	  "SANDBOX_IP_KIBANA": "kibana",
build-and-push (telegram-bot)	UNKNOWN STEP	  "SANDBOX_IP_METABASE": "metabase",
build-and-push (telegram-bot)	UNKNOWN STEP	  "SANDBOX_IP_PGADMIN": "pgadmin",
build-and-push (telegram-bot)	UNKNOWN STEP	  "SANDBOX_IP_POA_WORKER": "mini-app-poa-worker",
build-and-push (telegram-bot)	UNKNOWN STEP	  "SANDBOX_IP_POSTGRES": "postgres",
build-and-push (telegram-bot)	UNKNOWN STEP	  "SANDBOX_IP_SOCKET": "mini-app-notification-socket",
build-and-push (telegram-bot)	UNKNOWN STEP	  "SANDBOX_IP_TELEGRAM_BOT": "telegram-bot",
build-and-push (telegram-bot)	UNKNOWN STEP	  "SANDBOX_IP_WEBSITE": "website",
build-and-push (telegram-bot)	UNKNOWN STEP	  "SANDBOX_JWT_SECRET_SOCKET": "D3v@OnTonw3tds112ewq%KD___%1006-7-8-9-0OkMjKlll%909R9OOsf",
build-and-push (telegram-bot)	UNKNOWN STEP	  "SANDBOX_KIBANA_HASHED_PASSWORD": "$2a$14$6P83mnKs9BxP2qZDaMU.2OzBHY3SG0nnaVXJ8nKluEWEWD5RMmN/W",
build-and-push (telegram-bot)	UNKNOWN STEP	  "SANDBOX_KIBANA_PORT": "6023",
build-and-push (telegram-bot)	UNKNOWN STEP	  "SANDBOX_KIBANA_USERNAME": "monitor",
build-and-push (telegram-bot)	UNKNOWN STEP	  "SANDBOX_LOCAL_DOMAIN": "sandbox-app.toncloud.observer",
build-and-push (telegram-bot)	UNKNOWN STEP	  "SANDBOX_MB_REDIRECT_ALL_REQUESTS_TO_HTTPS": "true",
build-and-push (telegram-bot)	UNKNOWN STEP	  "SANDBOX_METABASE_DOMAIN": "sandbox-metabase.toncloud.observer",
build-and-push (telegram-bot)	UNKNOWN STEP	  "SANDBOX_MINIO_COLLECTION_BUCKET": "***collection",
build-and-push (telegram-bot)	UNKNOWN STEP	  "SANDBOX_MINIO_DASHBOARD_PORT": "6014",
build-and-push (telegram-bot)	UNKNOWN STEP	  "SANDBOX_MINIO_DOC_BUCKET": "***doc",
build-and-push (telegram-bot)	UNKNOWN STEP	  "SANDBOX_MINIO_DOC_DEFAULT_BUCKET": "***",
build-and-push (telegram-bot)	UNKNOWN STEP	  "SANDBOX_MINIO_ENDPOINT": "minio",
build-and-push (telegram-bot)	UNKNOWN STEP	  "SANDBOX_MINIO_IMAGE_BUCKET": "***image",
build-and-push (telegram-bot)	UNKNOWN STEP	  "SANDBOX_MINIO_ITEM_BUCKET": "***item",
build-and-push (telegram-bot)	UNKNOWN STEP	  "SANDBOX_MINIO_PORT": "6012",
build-and-push (telegram-bot)	UNKNOWN STEP	  "SANDBOX_MINIO_PUBLIC_URL": "https://sandbox-storage.toncloud.observer",
build-and-push (telegram-bot)	UNKNOWN STEP	  "SANDBOX_MINIO_REGION_NAME": "default",
build-and-push (telegram-bot)	UNKNOWN STEP	  "SANDBOX_MINIO_SBT_COLLECTIONS_BUCKET": "sbt-collections",
build-and-push (telegram-bot)	UNKNOWN STEP	  "SANDBOX_MINIO_STORAGE_ADMIN_DOMAIN": "sandbox-storage-admin.toncloud.observer",
build-and-push (telegram-bot)	UNKNOWN STEP	  "SANDBOX_MINIO_STORAGE_DOMAIN": "sandbox-storage.toncloud.observer",
build-and-push (telegram-bot)	UNKNOWN STEP	  "SANDBOX_MINIO_VIDEO_BUCKET": "***video",
build-and-push (telegram-bot)	UNKNOWN STEP	  "SANDBOX_MINI_APP_DOMAIN": "sandbox-app.toncloud.observer",
build-and-push (telegram-bot)	UNKNOWN STEP	  "SANDBOX_MINI_APP_PORT": "6000",
build-and-push (telegram-bot)	UNKNOWN STEP	  "SANDBOX_MINI_APP_SOCKET_DOMAIN": "sandbox-socket.toncloud.observer",
build-and-push (telegram-bot)	UNKNOWN STEP	  "SANDBOX_MONITORING_DOMAIN": "sandbox-monitoring.toncloud.observer",
build-and-push (telegram-bot)	UNKNOWN STEP	  "SANDBOX_NETWORK_NAME": "***-sandbox",
build-and-push (telegram-bot)	UNKNOWN STEP	  "SANDBOX_NETWORK_PUBLIC_IP": "***",
build-and-push (telegram-bot)	UNKNOWN STEP	  "SANDBOX_NEXT_PUBLIC_API_BASE_URL": "https://sandbox-app.toncloud.observer/api/v1",
build-and-push (telegram-bot)	UNKNOWN STEP	  "SANDBOX_NEXT_PUBLIC_APP_BASE_URL": "https://sandbox-app.toncloud.observer",
build-and-push (telegram-bot)	UNKNOWN STEP	  "SANDBOX_NEXT_PUBLIC_BACKEND_URL_CLIENT": "https://sandbox-app.toncloud.observer/api/client/v1/",
build-and-push (telegram-bot)	UNKNOWN STEP	  "SANDBOX_NEXT_PUBLIC_BOT_USERNAME": "sandbox_ont0n_bot",
build-and-push (telegram-bot)	UNKNOWN STEP	  "SANDBOX_NEXT_PUBLIC_GTM": "GTM-sandbox",
build-and-push (telegram-bot)	UNKNOWN STEP	  "SANDBOX_NEXT_PUBLIC_SOCKET_URL": "sandbox-socket.toncloud.observer",
build-and-push (telegram-bot)	UNKNOWN STEP	  "SANDBOX_NFT_INTERVAL_TIME": "60000",
build-and-push (telegram-bot)	UNKNOWN STEP	  "SANDBOX_NFT_MANAGER_PORT": "6004",
build-and-push (telegram-bot)	UNKNOWN STEP	  "SANDBOX_NODE_ENV": "production",
build-and-push (telegram-bot)	UNKNOWN STEP	  "SANDBOX_NODE_TLS_REJECT_UNAUTHORIZED": "0",
build-and-push (telegram-bot)	UNKNOWN STEP	  "SANDBOX_ONTON_DOMAIN": "sandbox.toncloud.observer",
build-and-push (telegram-bot)	UNKNOWN STEP	  "SANDBOX_PARTICIPANT_TMA_PORT": "6001",
build-and-push (telegram-bot)	UNKNOWN STEP	  "SANDBOX_PGADMIN_DOMAIN": "sandbox-pgadmin.toncloud.observer",
build-and-push (telegram-bot)	UNKNOWN STEP	  "SANDBOX_PORT_CLIENT_WEB": "6007",
build-and-push (telegram-bot)	UNKNOWN STEP	  "SANDBOX_PORT_METABASE": "6009",
build-and-push (telegram-bot)	UNKNOWN STEP	  "SANDBOX_PORT_PGADMIN": "6006",
build-and-push (telegram-bot)	UNKNOWN STEP	  "SANDBOX_PORT_WEB_SITE": "6005",
build-and-push (telegram-bot)	UNKNOWN STEP	  "SANDBOX_POSTGRES_METABASE_DB": "sandbox-mini-app",
build-and-push (telegram-bot)	UNKNOWN STEP	  "SANDBOX_POSTGRES_MINI_APP_DB": "sandbox-mini-app",
build-and-push (telegram-bot)	UNKNOWN STEP	  "SANDBOX_POSTGRES_NFT_MANAGER_DB": "sandbox-nft-manager",
build-and-push (telegram-bot)	UNKNOWN STEP	  "SANDBOX_POSTGRES_PORT": "6008",
build-and-push (telegram-bot)	UNKNOWN STEP	  "SANDBOX_PTMA_API_BASE_URL": "https://sandbox-app.toncloud.observer/api/v1",
build-and-push (telegram-bot)	UNKNOWN STEP	  "SANDBOX_RABBITMQ_DOMAIN": "sandbox-rabbitmq.toncloud.observer",
build-and-push (telegram-bot)	UNKNOWN STEP	  "SANDBOX_RABBITMQ_MANAGEMENT_PORT": "6015",
build-and-push (telegram-bot)	UNKNOWN STEP	  "SANDBOX_RABBITMQ_NODE_PORT": "6016",
build-and-push (telegram-bot)	UNKNOWN STEP	  "SANDBOX_REDIS_DATABASES": "1",
build-and-push (telegram-bot)	UNKNOWN STEP	  "SANDBOX_REDIS_PORT": "6011",
build-and-push (telegram-bot)	UNKNOWN STEP	  "SANDBOX_REGISTRY_URL": "registry.toncloud.observer",
build-and-push (telegram-bot)	UNKNOWN STEP	  "SANDBOX_SOCKET_PORT": "60***",
build-and-push (telegram-bot)	UNKNOWN STEP	  "SANDBOX_STAGE_NAME": "sandbox-***",
build-and-push (telegram-bot)	UNKNOWN STEP	  "SANDBOX_SYS_CADDY_REPLICAS": "1",
build-and-push (telegram-bot)	UNKNOWN STEP	  "SANDBOX_SYS_MINI_APP_REPLICAS": "2",
build-and-push (telegram-bot)	UNKNOWN STEP	  "SANDBOX_SYS_PARTICIPANT_TMA_REPLICAS": "2",
build-and-push (telegram-bot)	UNKNOWN STEP	  "SANDBOX_SYS_WEB_SITE_REPLICAS": "1",
build-and-push (telegram-bot)	UNKNOWN STEP	  "SANDBOX_TELEGRAM_BOT_PORT": "6002",
build-and-push (telegram-bot)	UNKNOWN STEP	  "SANDBOX_TG_NOTIFICATION_CHANELL": "-1002164161685",
build-and-push (telegram-bot)	UNKNOWN STEP	  "SANDBOX_TON_CENTER_ENDPOINT": "https://toncenter.com/api/v2/jsonRPC",
build-and-push (telegram-bot)	UNKNOWN STEP	  "SANDBOX_TON_SOCIETY_BASE_URL": "https://society.ton.org/v1",
build-and-push (telegram-bot)	UNKNOWN STEP	  "SANDBOX_USE_CLOUDFLARE": "true",
build-and-push (telegram-bot)	UNKNOWN STEP	  "SANDBOX_USE_MAIN_IP_TO_EXPOSE": "true",
build-and-push (telegram-bot)	UNKNOWN STEP	  "STAGING_ACME_AGREE": "true",
build-and-push (telegram-bot)	UNKNOWN STEP	  "STAGING_BRANCH_NAME": "staging",
build-and-push (telegram-bot)	UNKNOWN STEP	  "STAGING_CACHE_ENABLED": "true",
build-and-push (telegram-bot)	UNKNOWN STEP	  "STAGING_CLAMAV_PORT": "***10",
build-and-push (telegram-bot)	UNKNOWN STEP	  "STAGING_CLIENT_API_FIXED_ORGANIZER": "@Ontonadmin",
build-and-push (telegram-bot)	UNKNOWN STEP	  "STAGING_CLIENT_API_FIXED_USER": "@Ontonadmin",
build-and-push (telegram-bot)	UNKNOWN STEP	  "STAGING_CLIENT_WEB_DOMAIN": "staging-client-web.toncloud.observer",
build-and-push (telegram-bot)	UNKNOWN STEP	  "STAGING_COMPOSE_PROJECT_NAME": "staging-***",
build-and-push (telegram-bot)	UNKNOWN STEP	  "STAGING_ENV": "staging",
build-and-push (telegram-bot)	UNKNOWN STEP	  "STAGING_EVENT_WALLET_ENC_KEY": "Ci5M6/B4Wke4qX6tXViVeW0xM0iH0yh/qvD3Y1xu2v8",
build-and-push (telegram-bot)	UNKNOWN STEP	  "STAGING_GITHUB_CLIENT_ID": "Ov23liQFN1rMeZicYHnL",
build-and-push (telegram-bot)	UNKNOWN STEP	  "STAGING_GITHUB_REPO": "***bot",
build-and-push (telegram-bot)	UNKNOWN STEP	  "STAGING_GOLANG_SERVER_PORT": "4013",
build-and-push (telegram-bot)	UNKNOWN STEP	  "STAGING_GOOGLE_CLIENT_ID": "174044865725-8urfv981fca74aj3bq2kqik7fbe2rggg.apps.googleusercontent.com",
build-and-push (telegram-bot)	UNKNOWN STEP	  "STAGING_IP_CADDY": "caddy",
build-and-push (telegram-bot)	UNKNOWN STEP	  "STAGING_IP_CLAMAV": "host.docker.internal",
build-and-push (telegram-bot)	UNKNOWN STEP	  "STAGING_IP_CLIENT_WEB": "client-web",
build-and-push (telegram-bot)	UNKNOWN STEP	  "STAGING_IP_GIVEAWAY_CHECKER": "giveaway-checker",
build-and-push (telegram-bot)	UNKNOWN STEP	  "STAGING_IP_GOLANG_SERVER": "golang-server",
build-and-push (telegram-bot)	UNKNOWN STEP	  "STAGING_IP_GOLANG_WORKER": "golang-worker",
build-and-push (telegram-bot)	UNKNOWN STEP	  "STAGING_IP_KIBANA": "kibana",
build-and-push (telegram-bot)	UNKNOWN STEP	  "STAGING_IP_METABASE": "metabase",
build-and-push (telegram-bot)	UNKNOWN STEP	  "STAGING_IP_MINIO": "minio",
build-and-push (telegram-bot)	UNKNOWN STEP	  "STAGING_IP_MINI_APP": "mini-app",
build-and-push (telegram-bot)	UNKNOWN STEP	  "STAGING_IP_MINI_APP_CRON": "mini-app-sbt-worker",
build-and-push (telegram-bot)	UNKNOWN STEP	  "STAGING_IP_NFT_MANAGER": "nft-manager",
build-and-push (telegram-bot)	UNKNOWN STEP	  "STAGING_IP_PARTICIPANT_TMA": "participant-tma",
build-and-push (telegram-bot)	UNKNOWN STEP	  "STAGING_IP_PGADMIN": "pgadmin",
build-and-push (telegram-bot)	UNKNOWN STEP	  "STAGING_IP_POA_WORKER": "mini-app-poa-worker",
build-and-push (telegram-bot)	UNKNOWN STEP	  "STAGING_IP_POSTGRES": "postgres",
build-and-push (telegram-bot)	UNKNOWN STEP	  "STAGING_IP_RABBITMQ": "rabbitmq",
build-and-push (telegram-bot)	UNKNOWN STEP	  "STAGING_IP_RANGE_BASE": "host.docker.internal",
build-and-push (telegram-bot)	UNKNOWN STEP	  "STAGING_IP_RANGE_START": "172.11",
build-and-push (telegram-bot)	UNKNOWN STEP	  "STAGING_IP_RANGE_SUBNET": "24",
build-and-push (telegram-bot)	UNKNOWN STEP	  "STAGING_IP_REDIS": "redis",
build-and-push (telegram-bot)	UNKNOWN STEP	  "STAGING_IP_SOCKET": "IP_SOCKET=mini-app-notification-socket",
build-and-push (telegram-bot)	UNKNOWN STEP	  "STAGING_IP_SWAGGER_UI": "swagger-ui",
build-and-push (telegram-bot)	UNKNOWN STEP	  "STAGING_IP_TELEGRAM_BOT": "telegram-bot",
build-and-push (telegram-bot)	UNKNOWN STEP	  "STAGING_IP_WEBSITE": "website",
build-and-push (telegram-bot)	UNKNOWN STEP	  "STAGING_JWT_SECRET_SOCKET": "JFDmdjeu__@HF_KKSEEWR_ERWER_FGDFG_ET%DG%34534aasd%_Rhueflihfsdlnf",
build-and-push (telegram-bot)	UNKNOWN STEP	  "STAGING_KIBANA_HASHED_PASSWORD": "$2a$14$6P83mnKs9BxP2qZDaMU.2OzBHY3SG0nnaVXJ8nKluEWEWD5RMmN/W",
build-and-push (telegram-bot)	UNKNOWN STEP	  "STAGING_KIBANA_PORT": "4023",
build-and-push (telegram-bot)	UNKNOWN STEP	  "STAGING_KIBANA_USERNAME": "monitor",
build-and-push (telegram-bot)	UNKNOWN STEP	  "STAGING_LINKEDIN_CLIENT_ID": "77osbnm9chxr4c",
build-and-push (telegram-bot)	UNKNOWN STEP	  "STAGING_LOCAL_DOMAIN": "staging-app.toncloud.observer",
build-and-push (telegram-bot)	UNKNOWN STEP	  "STAGING_MB_REDIRECT_ALL_REQUESTS_TO_HTTPS": "true",
build-and-push (telegram-bot)	UNKNOWN STEP	  "STAGING_METABASE_DOMAIN": "staging-metabase.toncloud.observer",
build-and-push (telegram-bot)	UNKNOWN STEP	  "STAGING_MINIO_COLLECTION_BUCKET": "***collection",
build-and-push (telegram-bot)	UNKNOWN STEP	  "STAGING_MINIO_DASHBOARD_PORT": "4014",
build-and-push (telegram-bot)	UNKNOWN STEP	  "STAGING_MINIO_DOC_BUCKET": "***doc",
build-and-push (telegram-bot)	UNKNOWN STEP	  "STAGING_MINIO_DOC_DEFAULT_BUCKET": "***",
build-and-push (telegram-bot)	UNKNOWN STEP	  "STAGING_MINIO_ENDPOINT": "minio",
build-and-push (telegram-bot)	UNKNOWN STEP	  "STAGING_MINIO_IMAGE_BUCKET": "***image",
build-and-push (telegram-bot)	UNKNOWN STEP	  "STAGING_MINIO_ITEM_BUCKET": "***item",
build-and-push (telegram-bot)	UNKNOWN STEP	  "STAGING_MINIO_PORT": "4012",
build-and-push (telegram-bot)	UNKNOWN STEP	  "STAGING_MINIO_PUBLIC_URL": "https://staging-storage.toncloud.observer",
build-and-push (telegram-bot)	UNKNOWN STEP	  "STAGING_MINIO_REGION_NAME": "default",
build-and-push (telegram-bot)	UNKNOWN STEP	  "STAGING_MINIO_SBT_COLLECTIONS_BUCKET": "sbt-collections",
build-and-push (telegram-bot)	UNKNOWN STEP	  "STAGING_MINIO_STORAGE_ADMIN_DOMAIN": "staging-storage-admin.toncloud.observer",
build-and-push (telegram-bot)	UNKNOWN STEP	  "STAGING_MINIO_STORAGE_DOMAIN": "staging-storage.toncloud.observer",
build-and-push (telegram-bot)	UNKNOWN STEP	  "STAGING_MINIO_VIDEO_BUCKET": "***video",
build-and-push (telegram-bot)	UNKNOWN STEP	  "STAGING_MINI_APP_DOMAIN": "staging-app.toncloud.observer",
build-and-push (telegram-bot)	UNKNOWN STEP	  "STAGING_MINI_APP_PORT": "4000",
build-and-push (telegram-bot)	UNKNOWN STEP	  "STAGING_MINI_APP_SOCKET_DOMAIN": "staging-socket.toncloud.observer",
build-and-push (telegram-bot)	UNKNOWN STEP	  "STAGING_MONITORING_DOMAIN": "staging-monitoring.toncloud.observer",
build-and-push (telegram-bot)	UNKNOWN STEP	  "STAGING_MS_CLIENT_ID": "916e0c9f-17bc-45c2-9cbc-025c48a0d449",
build-and-push (telegram-bot)	UNKNOWN STEP	  "STAGING_NETWORK_NAME": "***-staging",
build-and-push (telegram-bot)	UNKNOWN STEP	  "STAGING_NETWORK_PUBLIC_IP": "***",
build-and-push (telegram-bot)	UNKNOWN STEP	  "STAGING_NEXT_PUBLIC_API_BASE_URL": "https://staging-app.toncloud.observer/api/v1",
build-and-push (telegram-bot)	UNKNOWN STEP	  "STAGING_NEXT_PUBLIC_APP_BASE_URL": "https://staging-app.toncloud.observer",
build-and-push (telegram-bot)	UNKNOWN STEP	  "STAGING_NEXT_PUBLIC_BACKEND_URL_CLIENT": "https://staging-app.toncloud.observer/api/client/v1/",
build-and-push (telegram-bot)	UNKNOWN STEP	  "STAGING_NEXT_PUBLIC_BOT_USERNAME": "notnonstagebot",
build-and-push (telegram-bot)	UNKNOWN STEP	  "STAGING_NEXT_PUBLIC_ENV": "staging",
build-and-push (telegram-bot)	UNKNOWN STEP	  "STAGING_NEXT_PUBLIC_GTM": "GTM-staging",
build-and-push (telegram-bot)	UNKNOWN STEP	  "STAGING_NEXT_PUBLIC_SOCKET_URL": "staging-socket.toncloud.observer",
build-and-push (telegram-bot)	UNKNOWN STEP	  "STAGING_NEXT_PUBLIC_TRPC_BASE_URL": "https://staging-app.toncloud.observer",
build-and-push (telegram-bot)	UNKNOWN STEP	  "STAGING_NFT_INTERVAL_TIME": "60000",
build-and-push (telegram-bot)	UNKNOWN STEP	  "STAGING_NFT_MANAGER_PORT": "4004",
build-and-push (telegram-bot)	UNKNOWN STEP	  "STAGING_NODE_ENV": "production",
build-and-push (telegram-bot)	UNKNOWN STEP	  "STAGING_NODE_TLS_REJECT_UNAUTHORIZED": "0",
build-and-push (telegram-bot)	UNKNOWN STEP	  "STAGING_ONTON_DOMAIN": "staging.toncloud.observer",
build-and-push (telegram-bot)	UNKNOWN STEP	  "STAGING_PARTICIPANT_TMA_PORT": "4001",
build-and-push (telegram-bot)	UNKNOWN STEP	  "STAGING_PGADMIN_DOMAIN": "staging-pgadmin.toncloud.observer",
build-and-push (telegram-bot)	UNKNOWN STEP	  "STAGING_PORT_CLIENT_WEB": "4007",
build-and-push (telegram-bot)	UNKNOWN STEP	  "STAGING_PORT_METABASE": "4009",
build-and-push (telegram-bot)	UNKNOWN STEP	  "STAGING_PORT_PGADMIN": "4006",
build-and-push (telegram-bot)	UNKNOWN STEP	  "STAGING_PORT_WEB_SITE": "4005",
build-and-push (telegram-bot)	UNKNOWN STEP	  "STAGING_POSTGRES_METABASE_DB": "staging-mini-app",
build-and-push (telegram-bot)	UNKNOWN STEP	  "STAGING_POSTGRES_MINI_APP_DB": "staging-mini-app",
build-and-push (telegram-bot)	UNKNOWN STEP	  "STAGING_POSTGRES_NFT_MANAGER_DB": "staging-nft-manager",
build-and-push (telegram-bot)	UNKNOWN STEP	  "STAGING_POSTGRES_PORT": "4008",
build-and-push (telegram-bot)	UNKNOWN STEP	  "STAGING_PTMA_API_BASE_URL": "https://staging-app.toncloud.observer/api/v1",
build-and-push (telegram-bot)	UNKNOWN STEP	  "STAGING_RABBITMQ_DOMAIN": "staging-rabbitmq.toncloud.observer",
build-and-push (telegram-bot)	UNKNOWN STEP	  "STAGING_RABBITMQ_MANAGEMENT_PORT": "4015",
build-and-push (telegram-bot)	UNKNOWN STEP	  "STAGING_RABBITMQ_NODE_PORT": "4016",
build-and-push (telegram-bot)	UNKNOWN STEP	  "STAGING_REDIS_DATABASES": "1",
build-and-push (telegram-bot)	UNKNOWN STEP	  "STAGING_REDIS_PORT": "4011",
build-and-push (telegram-bot)	UNKNOWN STEP	  "STAGING_REGISTRY_URL": "registry.toncloud.observer",
build-and-push (telegram-bot)	UNKNOWN STEP	  "STAGING_SOCKET_PORT": "40***",
build-and-push (telegram-bot)	UNKNOWN STEP	  "STAGING_STAGE_NAME": "staging-***",
build-and-push (telegram-bot)	UNKNOWN STEP	  "STAGING_SWAGGER_UI_DOMAIN": "staging-swagger-ui.toncloud.observer",
build-and-push (telegram-bot)	UNKNOWN STEP	  "STAGING_SWAGGER_UI_PORT": "4024",
build-and-push (telegram-bot)	UNKNOWN STEP	  "STAGING_SYS_CADDY_REPLICAS": "1",
build-and-push (telegram-bot)	UNKNOWN STEP	  "STAGING_SYS_MINI_APP_REPLICAS": "2",
build-and-push (telegram-bot)	UNKNOWN STEP	  "STAGING_SYS_PARTICIPANT_TMA_REPLICAS": "2",
build-and-push (telegram-bot)	UNKNOWN STEP	  "STAGING_SYS_WEB_SITE_REPLICAS": "1",
build-and-push (telegram-bot)	UNKNOWN STEP	  "STAGING_TELEGRAM_BOT_PORT": "4002",
build-and-push (telegram-bot)	UNKNOWN STEP	  "STAGING_TG_EVENTS_TOPIC": "2",
build-and-push (telegram-bot)	UNKNOWN STEP	  "STAGING_TG_LOGS_GROUP_ID": "-100***64975789",
build-and-push (telegram-bot)	UNKNOWN STEP	  "STAGING_TG_LOG_BOT_TOKEN": "7604730825:AAE1WJHs5lFI2zX_tba6M-1HYfffA8ugFmA",
build-and-push (telegram-bot)	UNKNOWN STEP	  "STAGING_TG_NOTIFICATION_CHANELL": "-1002164161685",
build-and-push (telegram-bot)	UNKNOWN STEP	  "STAGING_TG_SYSTEM_TOPIC": "16",
build-and-push (telegram-bot)	UNKNOWN STEP	  "STAGING_TG_TICKETS_TOPIC": "4",
build-and-push (telegram-bot)	UNKNOWN STEP	  "STAGING_TON_CENTER_ENDPOINT": "https://toncenter.com/api/v2/jsonRPC",
build-and-push (telegram-bot)	UNKNOWN STEP	  "STAGING_TON_SOCIETY_BASE_URL": "https://id.ton.org/v1",
build-and-push (telegram-bot)	UNKNOWN STEP	  "STAGING_TWITTER_CLIENT_ID": "SU1RUS0xaHNsRk5kd014UlZieDQ6MTpjaQ",
build-and-push (telegram-bot)	UNKNOWN STEP	  "STAGING_USE_CLOUDFLARE": "true",
build-and-push (telegram-bot)	UNKNOWN STEP	  "STAGING_USE_MAIN_IP_TO_EXPOSE": "true",
build-and-push (telegram-bot)	UNKNOWN STEP	  "TELEGRAM_BOT_TOKEN_FOR_DEPLOYMENT": "7604730825:AAHhtwa4bGhELsBn2VqUxIIFXVJkRJfKuDs",
build-and-push (telegram-bot)	UNKNOWN STEP	  "TELEGRAM_CHAT_ID_FOR_DEPLOYMENT": "***"
build-and-push (telegram-bot)	UNKNOWN STEP	}
build-and-push (telegram-bot)	UNKNOWN STEP	2026-02-09T09:12:18.7271448Z ##[endgroup]
build-and-push (telegram-bot)	UNKNOWN STEP	2026-02-09T09:12:18.8302906Z Syncing repository: ExecutESG/***
build-and-push (telegram-bot)	UNKNOWN STEP	2026-02-09T09:12:18.8305314Z ##[group]Getting Git version info
build-and-push (telegram-bot)	UNKNOWN STEP	2026-02-09T09:12:18.8306448Z Working directory is '/home/runner/work/***/***'
build-and-push (telegram-bot)	UNKNOWN STEP	2026-02-09T09:12:18.8307599Z [command]/usr/bin/git version
build-and-push (telegram-bot)	UNKNOWN STEP	2026-02-09T09:12:18.8371711Z git version 2.52.0
build-and-push (telegram-bot)	UNKNOWN STEP	2026-02-09T09:12:18.8397999Z ##[endgroup]
build-and-push (telegram-bot)	UNKNOWN STEP	2026-02-09T09:12:18.8417019Z Temporarily overriding HOME='/home/runner/work/_temp/4a2f1ca6-7dc7-4a3c-bdf2-aa390405fa60' before making global git config changes
build-and-push (telegram-bot)	UNKNOWN STEP	2026-02-09T09:12:18.8419098Z Adding repository directory to the temporary git global config as a safe directory
build-and-push (telegram-bot)	UNKNOWN STEP	2026-02-09T09:12:18.8421988Z [command]/usr/bin/git config --global --add safe.directory /home/runner/work/***/***
build-and-push (telegram-bot)	UNKNOWN STEP	2026-02-09T09:12:18.8458778Z Deleting the contents of '/home/runner/work/***/***'
build-and-push (telegram-bot)	UNKNOWN STEP	2026-02-09T09:12:18.8462778Z ##[group]Initializing the repository
build-and-push (telegram-bot)	UNKNOWN STEP	2026-02-09T09:12:18.8467840Z [command]/usr/bin/git init /home/runner/work/***/***
build-and-push (telegram-bot)	UNKNOWN STEP	2026-02-09T09:12:18.8565091Z hint: Using 'master' as the name for the initial branch. This default branch name
build-and-push (telegram-bot)	UNKNOWN STEP	2026-02-09T09:12:18.8566676Z hint: will change to "main" in Git 3.0. To configure the initial branch name
build-and-push (telegram-bot)	UNKNOWN STEP	2026-02-09T09:12:18.8568291Z hint: to use in all of your new repositories, which will suppress this warning,
build-and-push (telegram-bot)	UNKNOWN STEP	2026-02-09T09:12:18.8569240Z hint: call:
build-and-push (telegram-bot)	UNKNOWN STEP	2026-02-09T09:12:18.8570210Z hint:
build-and-push (telegram-bot)	UNKNOWN STEP	2026-02-09T09:12:18.8571411Z hint: 	git config --global init.defaultBranch <name>
build-and-push (telegram-bot)	UNKNOWN STEP	2026-02-09T09:12:18.8572682Z hint:
build-and-push (telegram-bot)	UNKNOWN STEP	2026-02-09T09:12:18.8574136Z hint: Names commonly chosen instead of 'master' are 'main', 'trunk' and
build-and-push (telegram-bot)	UNKNOWN STEP	2026-02-09T09:12:18.8575950Z hint: 'development'. The just-created branch can be renamed via this command:
build-and-push (telegram-bot)	UNKNOWN STEP	2026-02-09T09:12:18.8577310Z hint:
build-and-push (telegram-bot)	UNKNOWN STEP	2026-02-09T09:12:18.8578304Z hint: 	git branch -m <name>
build-and-push (telegram-bot)	UNKNOWN STEP	2026-02-09T09:12:18.8579407Z hint:
build-and-push (telegram-bot)	UNKNOWN STEP	2026-02-09T09:12:18.8580814Z hint: Disable this message with "git config set advice.defaultBranchName ***"
build-and-push (telegram-bot)	UNKNOWN STEP	2026-02-09T09:12:18.8582737Z Initialized empty Git repository in /home/runner/work/***/***/.git/
build-and-push (telegram-bot)	UNKNOWN STEP	2026-02-09T09:12:18.8585911Z [command]/usr/bin/git remote add origin https://github.com/ExecutESG/***
build-and-push (telegram-bot)	UNKNOWN STEP	2026-02-09T09:12:18.8616324Z ##[endgroup]
build-and-push (telegram-bot)	UNKNOWN STEP	2026-02-09T09:12:18.8617996Z ##[group]Disabling automatic garbage collection
build-and-push (telegram-bot)	UNKNOWN STEP	2026-02-09T09:12:18.8621025Z [command]/usr/bin/git config --local gc.auto 0
build-and-push (telegram-bot)	UNKNOWN STEP	2026-02-09T09:12:18.8650135Z ##[endgroup]
build-and-push (telegram-bot)	UNKNOWN STEP	2026-02-09T09:12:18.8651867Z ##[group]Setting up auth
build-and-push (telegram-bot)	UNKNOWN STEP	2026-02-09T09:12:18.8657809Z [command]/usr/bin/git config --local --name-only --get-regexp core\.sshCommand
build-and-push (telegram-bot)	UNKNOWN STEP	2026-02-09T09:12:18.8688521Z [command]/usr/bin/git submodule foreach --recursive sh -c "git config --local --name-only --get-regexp 'core\.sshCommand' && git config --local --unset-all 'core.sshCommand' || :"
build-and-push (telegram-bot)	UNKNOWN STEP	2026-02-09T09:12:18.9027882Z [command]/usr/bin/git config --local --name-only --get-regexp http\.https\:\/\/github\.com\/\.extraheader
build-and-push (telegram-bot)	UNKNOWN STEP	2026-02-09T09:12:18.9067529Z [command]/usr/bin/git submodule foreach --recursive sh -c "git config --local --name-only --get-regexp 'http\.https\:\/\/github\.com\/\.extraheader' && git config --local --unset-all 'http.https://github.com/.extraheader' || :"
build-and-push (telegram-bot)	UNKNOWN STEP	2026-02-09T09:12:18.9289997Z [command]/usr/bin/git config --local --name-only --get-regexp ^includeIf\.gitdir:
build-and-push (telegram-bot)	UNKNOWN STEP	2026-02-09T09:12:18.9320830Z [command]/usr/bin/git submodule foreach --recursive git config --local --show-origin --name-only --get-regexp remote.origin.url
build-and-push (telegram-bot)	UNKNOWN STEP	2026-02-09T09:12:18.9543031Z [command]/usr/bin/git config --local http.https://github.com/.extraheader AUTHORIZATION: basic ***
build-and-push (telegram-bot)	UNKNOWN STEP	2026-02-09T09:12:18.9577076Z ##[endgroup]
build-and-push (telegram-bot)	UNKNOWN STEP	2026-02-09T09:12:18.9578056Z ##[group]Fetching the repository
build-and-push (telegram-bot)	UNKNOWN STEP	2026-02-09T09:12:18.9585282Z [command]/usr/bin/git -c protocol.version=2 fetch --no-tags --prune --no-recurse-submodules --depth=1 origin +beb2fcb93db685caf586df53791b4e56088f0a4c:refs/remotes/origin/dev
build-and-push (telegram-bot)	UNKNOWN STEP	2026-02-09T09:12:20.4716408Z From https://github.com/ExecutESG/***
build-and-push (telegram-bot)	UNKNOWN STEP	2026-02-09T09:12:20.4718066Z  * [new ref]         beb2fcb93db685caf586df53791b4e56088f0a4c -> origin/dev
build-and-push (telegram-bot)	UNKNOWN STEP	2026-02-09T09:12:20.4752743Z ##[endgroup]
build-and-push (telegram-bot)	UNKNOWN STEP	2026-02-09T09:12:20.4754706Z ##[group]Determining the checkout info
build-and-push (telegram-bot)	UNKNOWN STEP	2026-02-09T09:12:20.4756570Z ##[endgroup]
build-and-push (telegram-bot)	UNKNOWN STEP	2026-02-09T09:12:20.4761484Z [command]/usr/bin/git sparse-checkout disable
build-and-push (telegram-bot)	UNKNOWN STEP	2026-02-09T09:12:20.4816947Z [command]/usr/bin/git config --local --unset-all extensions.worktreeConfig
build-and-push (telegram-bot)	UNKNOWN STEP	2026-02-09T09:12:20.4839788Z ##[group]Checking out the ref
build-and-push (telegram-bot)	UNKNOWN STEP	2026-02-09T09:12:20.4845567Z [command]/usr/bin/git checkout --progress --force -B dev refs/remotes/origin/dev
build-and-push (telegram-bot)	UNKNOWN STEP	2026-02-09T09:12:20.7512450Z Switched to a new branch 'dev'
build-and-push (telegram-bot)	UNKNOWN STEP	2026-02-09T09:12:20.7513614Z branch 'dev' set up to track 'origin/dev'.
build-and-push (telegram-bot)	UNKNOWN STEP	2026-02-09T09:12:20.7545134Z ##[endgroup]
build-and-push (telegram-bot)	UNKNOWN STEP	2026-02-09T09:12:20.7585809Z [command]/usr/bin/git log -1 --format=%H
build-and-push (telegram-bot)	UNKNOWN STEP	2026-02-09T09:12:20.7610579Z beb2fcb93db685caf586df53791b4e56088f0a4c
build-and-push (telegram-bot)	UNKNOWN STEP	2026-02-09T09:12:20.7827406Z ##[group]Run docker/setup-buildx-action@v3.7.1
build-and-push (telegram-bot)	UNKNOWN STEP	2026-02-09T09:12:20.7827999Z with:
build-and-push (telegram-bot)	UNKNOWN STEP	2026-02-09T09:12:20.7828641Z   driver: docker-container
build-and-push (telegram-bot)	UNKNOWN STEP	2026-02-09T09:12:20.7829152Z   install: ***
build-and-push (telegram-bot)	UNKNOWN STEP	2026-02-09T09:12:20.7829582Z   use: true
build-and-push (telegram-bot)	UNKNOWN STEP	2026-02-09T09:12:20.7830039Z   cache-binary: true
build-and-push (telegram-bot)	UNKNOWN STEP	2026-02-09T09:12:20.7830496Z   cleanup: true
build-and-push (telegram-bot)	UNKNOWN STEP	2026-02-09T09:12:20.7830922Z env:
build-and-push (telegram-bot)	UNKNOWN STEP	2026-02-09T09:12:20.7860950Z   ALLMYSECRETS: {
build-and-push (telegram-bot)	UNKNOWN STEP	  "DEV_MNEMONIC": "***",
build-and-push (telegram-bot)	UNKNOWN STEP	  "MAIN_PGADMIN_DEFAULT_PASSWORD": "***",
build-and-push (telegram-bot)	UNKNOWN STEP	  "DOCKER_HUB_TOKEN": "***",
build-and-push (telegram-bot)	UNKNOWN STEP	  "STAGING_ONTON_API_KEY": "***",
build-and-push (telegram-bot)	UNKNOWN STEP	  "STAGING_CLOUDFLARE_API_TOKEN": "***",
build-and-push (telegram-bot)	UNKNOWN STEP	  "DEV_TON_CENTER_TOKEN": "***",
build-and-push (telegram-bot)	UNKNOWN STEP	  "STAGING_ONTON_API_SECRET": "***",
build-and-push (telegram-bot)	UNKNOWN STEP	  "STAGING_GITHUB_CLIENT_SECRET": "***",
build-and-push (telegram-bot)	UNKNOWN STEP	  "SSH_MAIN_IP": "***",
build-and-push (telegram-bot)	UNKNOWN STEP	  "MAIN_TWITTER_CLIENT_SECRET": "***",
build-and-push (telegram-bot)	UNKNOWN STEP	  "STAGING_MINIO_ROOT_PASSWORD": "***",
build-and-push (telegram-bot)	UNKNOWN STEP	  "MAIN_GITHUB_CLIENT_SECRET": "***",
build-and-push (telegram-bot)	UNKNOWN STEP	  "STAGING_RABBITMQ_DEFAULT_PASS": "***",
build-and-push (telegram-bot)	UNKNOWN STEP	  "SSH_DEV_IP": "***",
build-and-push (telegram-bot)	UNKNOWN STEP	  "DEV_POSTGRES_PASSWORD": "***",
build-and-push (telegram-bot)	UNKNOWN STEP	  "SSH_PASSPHRASE": "***",
build-and-push (telegram-bot)	UNKNOWN STEP	  "STAGING_CLIENT_API_FIXED_KEY": "***",
build-and-push (telegram-bot)	UNKNOWN STEP	  "MAIN_TON_CENTER_TOKEN": "***",
build-and-push (telegram-bot)	UNKNOWN STEP	  "DOCKER_HUB_USERNAME": "***",
build-and-push (telegram-bot)	UNKNOWN STEP	  "GIT_API_KEY": "***",
build-and-push (telegram-bot)	UNKNOWN STEP	  "MAIN_CLOUDFLARE_EMAIL": "***",
build-and-push (telegram-bot)	UNKNOWN STEP	  "MAIN_DATABASE_URL": "***",
build-and-push (telegram-bot)	UNKNOWN STEP	  "MAIN_CLOUDFLARE_EMAIL_MAIN": "***",
build-and-push (telegram-bot)	UNKNOWN STEP	  "STAGING_PGADMIN_DEFAULT_EMAIL": "***",
build-and-push (telegram-bot)	UNKNOWN STEP	  "STAGING_SECRET_EVENT_WALLET_ENC_KEY": "***",
build-and-push (telegram-bot)	UNKNOWN STEP	  "STAGING_PGADMIN_DEFAULT_PASSWORD": "***",
build-and-push (telegram-bot)	UNKNOWN STEP	  "CR_PAT": "***",
build-and-push (telegram-bot)	UNKNOWN STEP	  "MAIN_CLOUDFLARE_API_TOKEN_MAIN": "***",
build-and-push (telegram-bot)	UNKNOWN STEP	  "MAIN_POSTGRES_USER": "***",
build-and-push (telegram-bot)	UNKNOWN STEP	  "DEV_BOT_TOKEN": "***",
build-and-push (telegram-bot)	UNKNOWN STEP	  "STAGING_REDIS_PASSWORD": "***",
build-and-push (telegram-bot)	UNKNOWN STEP	  "TELEGRAM_CHAT_ID_FOR_DEPLOYMENT": "***",
build-and-push (telegram-bot)	UNKNOWN STEP	  "STAGING_TONAPI_API_KEY": "***",
build-and-push (telegram-bot)	UNKNOWN STEP	  "STAGING_CLOUDFLARE_API_TOKEN_MAIN": "***",
build-and-push (telegram-bot)	UNKNOWN STEP	  "MAIN_BOT_TOKEN": "***",
build-and-push (telegram-bot)	UNKNOWN STEP	  "MAIN_SENTRY_AUTH_TOKEN": "***",
build-and-push (telegram-bot)	UNKNOWN STEP	  "github_token": "***",
build-and-push (telegram-bot)	UNKNOWN STEP	  "STAGING_DATABASE_URL_NFT_MANAGER": "***",
build-and-push (telegram-bot)	UNKNOWN STEP	  "DEV_CLOUDFLARE_API_TOKEN": "***",
build-and-push (telegram-bot)	UNKNOWN STEP	  "STAGING_TON_SOCIETY_API_KEY": "***",
build-and-push (telegram-bot)	UNKNOWN STEP	  "STAGING_POSTGRES_PASSWORD": "***",
build-and-push (telegram-bot)	UNKNOWN STEP	  "MAIN_RABBITMQ_DEFAULT_USER": "***",
build-and-push (telegram-bot)	UNKNOWN STEP	  "MAIN_CLOUDFLARE_API_TOKEN": "***",
build-and-push (telegram-bot)	UNKNOWN STEP	  "MAIN_CLOUDFLARE_DNS_ZONE_ID": "***",
build-and-push (telegram-bot)	UNKNOWN STEP	  "MAIN_REDIS_PASSWORD": "***",
build-and-push (telegram-bot)	UNKNOWN STEP	  "STAGING_MINIO_ROOT_USER": "***",
build-and-push (telegram-bot)	UNKNOWN STEP	  "MAIN_TON_SOCIETY_API_KEY": "***",
build-and-push (telegram-bot)	UNKNOWN STEP	  "STAGING_CLOUDFLARE_DNS_ZONE_ID": "***",
build-and-push (telegram-bot)	UNKNOWN STEP	  "DEV_CLIENT_API_JWT_SECRET": "***",
build-and-push (telegram-bot)	UNKNOWN STEP	  "STAGING_BOT_TOKEN": "***",
build-and-push (telegram-bot)	UNKNOWN STEP	  "MAIN_MB_ENCRYPTION_SECRET_KEY": "***",
build-and-push (telegram-bot)	UNKNOWN STEP	  "USE_CLOUDFLARE": "***",
build-and-push (telegram-bot)	UNKNOWN STEP	  "MAIN_TONAPI_API_KEY": "***",
build-and-push (telegram-bot)	UNKNOWN STEP	  "SSH_PRIVATE_KEY": "***",
build-and-push (telegram-bot)	UNKNOWN STEP	  "MAIN_LINKEDIN_CLIENT_SECRET": "***",
build-and-push (telegram-bot)	UNKNOWN STEP	  "STAGING_MS_CLIENT_SECRET": "***",
build-and-push (telegram-bot)	UNKNOWN STEP	  "SSH_DEV_KEY": "***",
build-and-push (telegram-bot)	UNKNOWN STEP	  "STAGING_TWITTER_CLIENT_SECRET": "***",
build-and-push (telegram-bot)	UNKNOWN STEP	  "STAGING_CLIENT_API_JWT_SECRET": "***",
build-and-push (telegram-bot)	UNKNOWN STEP	  "MAIN_DATABASE_URL_NFT_MANAGER": "***",
build-and-push (telegram-bot)	UNKNOWN STEP	  "DEV_ONTON_API_SECRET": "***",
build-and-push (telegram-bot)	UNKNOWN STEP	  "MAIN_GOOGLE_CLIENT_SECRET": "***",
build-and-push (telegram-bot)	UNKNOWN STEP	  "MAIN_MS_CLIENT_SECRET": "***",
build-and-push (telegram-bot)	UNKNOWN STEP	  "STAGING_DATABASE_URL": "***",
build-and-push (telegram-bot)	UNKNOWN STEP	  "STAGING_TON_CENTER_TOKEN": "***",
build-and-push (telegram-bot)	UNKNOWN STEP	  "DEV_TON_SOCIETY_API_KEY": "***",
build-and-push (telegram-bot)	UNKNOWN STEP	  "MAIN_EVENT_WALLET_ENC_KEY": "***",
build-and-push (telegram-bot)	UNKNOWN STEP	  "STAGING_POSTGRES_USER": "***",
build-and-push (telegram-bot)	UNKNOWN STEP	  "MAIN_PGADMIN_DEFAULT_EMAIL": "***",
build-and-push (telegram-bot)	UNKNOWN STEP	  "SSH_MAIN_PORT": "***",
build-and-push (telegram-bot)	UNKNOWN STEP	  "MAIN_MNEMONIC": "***",
build-and-push (telegram-bot)	UNKNOWN STEP	  "MAIN_POSTGRES_PASSWORD": "***",
build-and-push (telegram-bot)	UNKNOWN STEP	  "DEV_TONAPI_API_KEY": "***",
build-and-push (telegram-bot)	UNKNOWN STEP	  "STAGING_GOOGLE_CLIENT_SECRET": "***",
build-and-push (telegram-bot)	UNKNOWN STEP	  "DEV_MB_ENCRYPTION_SECRET_KEY": "***",
build-and-push (telegram-bot)	UNKNOWN STEP	  "STAGING_SENTRY_AUTH_TOKEN": "***",
build-and-push (telegram-bot)	UNKNOWN STEP	  "DEV_DATABASE_URL": "***",
build-and-push (telegram-bot)	UNKNOWN STEP	  "DEV_MINIO_ROOT_PASSWORD": "***",
build-and-push (telegram-bot)	UNKNOWN STEP	  "MAIN_RABBITMQ_DEFAULT_PASS": "***",
build-and-push (telegram-bot)	UNKNOWN STEP	  "TELEGRAM_BOT_TOKEN_FOR_DEPLOYMENT": "***",
build-and-push (telegram-bot)	UNKNOWN STEP	  "MAIN_ONTON_API_SECRET": "***",
build-and-push (telegram-bot)	UNKNOWN STEP	  "MAIN_CLIENT_API_FIXED_KEY": "***",
build-and-push (telegram-bot)	UNKNOWN STEP	  "SSH_DEV_PORT": "***",
build-and-push (telegram-bot)	UNKNOWN STEP	  "DEV_ONTON_API_KEY": "***",
build-and-push (telegram-bot)	UNKNOWN STEP	  "DEV_MINIO_ROOT_USER": "***",
build-and-push (telegram-bot)	UNKNOWN STEP	  "STAGING_MNEMONIC": "***",
build-and-push (telegram-bot)	UNKNOWN STEP	  "MAIN_MINIO_ROOT_USER": "***",
build-and-push (telegram-bot)	UNKNOWN STEP	  "DEV_PGADMIN_DEFAULT_PASSWORD": "***",
build-and-push (telegram-bot)	UNKNOWN STEP	  "DEV_CLIENT_API_FIXED_KEY": "***",
build-and-push (telegram-bot)	UNKNOWN STEP	  "STAGING_CLOUDFLARE_EMAIL": "***",
build-and-push (telegram-bot)	UNKNOWN STEP	  "STAGING_MB_ENCRYPTION_SECRET_KEY": "***",
build-and-push (telegram-bot)	UNKNOWN STEP	  "MAIN_MINIO_ROOT_PASSWORD": "***",
build-and-push (telegram-bot)	UNKNOWN STEP	  "MAIN_ONTON_API_KEY": "***",
build-and-push (telegram-bot)	UNKNOWN STEP	  "STAGING_RABBITMQ_DEFAULT_USER": "***",
build-and-push (telegram-bot)	UNKNOWN STEP	  "MAIN_CLIENT_API_JWT_SECRET": "***",
build-and-push (telegram-bot)	UNKNOWN STEP	  "STAGING_LINKEDIN_CLIENT_SECRET": "***",
build-and-push (telegram-bot)	UNKNOWN STEP	  "DEV_RABBITMQ_DEFAULT_PASS": "***"
build-and-push (telegram-bot)	UNKNOWN STEP	}
build-and-push (telegram-bot)	UNKNOWN STEP	2026-02-09T09:12:20.7948314Z   ALLMYVARS: {
build-and-push (telegram-bot)	UNKNOWN STEP	  "DEV_ACME_AGREE": "true",
build-and-push (telegram-bot)	UNKNOWN STEP	  "DEV_BRANCH_NAME": "dev",
build-and-push (telegram-bot)	UNKNOWN STEP	  "DEV_CACHE_ENABLED": "true",
build-and-push (telegram-bot)	UNKNOWN STEP	  "DEV_CLAMAV_PORT": "***10",
build-and-push (telegram-bot)	UNKNOWN STEP	  "DEV_CLIENT_API_FIXED_ORGANIZER": "@Ontonadmin",
build-and-push (telegram-bot)	UNKNOWN STEP	  "DEV_CLIENT_API_FIXED_USER": "@Ontonadmin",
build-and-push (telegram-bot)	UNKNOWN STEP	  "DEV_CLIENT_WEB_DOMAIN": "dev-client-web.dev.***.live",
build-and-push (telegram-bot)	UNKNOWN STEP	  "DEV_COMPOSE_PROJECT_NAME": "develop-***",
build-and-push (telegram-bot)	UNKNOWN STEP	  "DEV_ENV": "development",
build-and-push (telegram-bot)	UNKNOWN STEP	  "DEV_EVENT_WALLET_ENC_KEY": "Ci5M6/B4Wke4qX6tXViVeW0xM0iH0yh/qvD3Y1xu2v8",
build-and-push (telegram-bot)	UNKNOWN STEP	  "DEV_GOLANG_SERVER_PORT": "3013",
build-and-push (telegram-bot)	UNKNOWN STEP	  "DEV_IP_CADDY": "caddy",
build-and-push (telegram-bot)	UNKNOWN STEP	  "DEV_IP_CLAMAV": "host.docker.internal",
build-and-push (telegram-bot)	UNKNOWN STEP	  "DEV_IP_CLIENT_WEB": "client-web",
build-and-push (telegram-bot)	UNKNOWN STEP	  "DEV_IP_GIVEAWAY_CHECKER": "giveaway-checker",
build-and-push (telegram-bot)	UNKNOWN STEP	  "DEV_IP_GOLANG_SERVER": "golang-server",
build-and-push (telegram-bot)	UNKNOWN STEP	  "DEV_IP_GOLANG_WORKER": "golang-worker",
build-and-push (telegram-bot)	UNKNOWN STEP	  "DEV_IP_KIBANA": "kibana",
build-and-push (telegram-bot)	UNKNOWN STEP	  "DEV_IP_METABASE": "metabase",
build-and-push (telegram-bot)	UNKNOWN STEP	  "DEV_IP_MINIO": "minio",
build-and-push (telegram-bot)	UNKNOWN STEP	  "DEV_IP_MINI_APP": "mini-app",
build-and-push (telegram-bot)	UNKNOWN STEP	  "DEV_IP_MINI_APP_CRON": "mini-app-sbt-worker",
build-and-push (telegram-bot)	UNKNOWN STEP	  "DEV_IP_NFT_MANAGER": "nft-manager",
build-and-push (telegram-bot)	UNKNOWN STEP	  "DEV_IP_PARTICIPANT_TMA": "participant-tma",
build-and-push (telegram-bot)	UNKNOWN STEP	  "DEV_IP_PGADMIN": "pgadmin",
build-and-push (telegram-bot)	UNKNOWN STEP	  "DEV_IP_POA_WORKER": "mini-app-poa-worker",
build-and-push (telegram-bot)	UNKNOWN STEP	  "DEV_IP_POSTGRES": "postgres",
build-and-push (telegram-bot)	UNKNOWN STEP	  "DEV_IP_RABBITMQ": "rabbitmq",
build-and-push (telegram-bot)	UNKNOWN STEP	  "DEV_IP_RANGE_BASE": "host.docker.internal",
build-and-push (telegram-bot)	UNKNOWN STEP	  "DEV_IP_RANGE_START": "172.10",
build-and-push (telegram-bot)	UNKNOWN STEP	  "DEV_IP_RANGE_SUBNET": "24",
build-and-push (telegram-bot)	UNKNOWN STEP	  "DEV_IP_REDIS": "redis",
build-and-push (telegram-bot)	UNKNOWN STEP	  "DEV_IP_SOCKET": "mini-app-notification-socket",
build-and-push (telegram-bot)	UNKNOWN STEP	  "DEV_IP_SWAGGER_UI": "swagger-ui",
build-and-push (telegram-bot)	UNKNOWN STEP	  "DEV_IP_TELEGRAM_BOT": "telegram-bot",
build-and-push (telegram-bot)	UNKNOWN STEP	  "DEV_IP_WEBSITE": "website",
build-and-push (telegram-bot)	UNKNOWN STEP	  "DEV_JWT_SECRET_SOCKET": "D3v@OnTonw3tds112ewq%KD___%1006-7-8-9-0OkMjKlll%909R9OOsf",
build-and-push (telegram-bot)	UNKNOWN STEP	  "DEV_KIBANA_HASHED_PASSWORD": "$2a$14$6P83mnKs9BxP2qZDaMU.2OzBHY3SG0nnaVXJ8nKluEWEWD5RMmN/W",
build-and-push (telegram-bot)	UNKNOWN STEP	  "DEV_KIBANA_PORT": "3023",
build-and-push (telegram-bot)	UNKNOWN STEP	  "DEV_KIBANA_USERNAME": "monitor",
build-and-push (telegram-bot)	UNKNOWN STEP	  "DEV_LOCAL_DOMAIN": "dev-app.dev.***.live",
build-and-push (telegram-bot)	UNKNOWN STEP	  "DEV_MB_REDIRECT_ALL_REQUESTS_TO_HTTPS": "true",
build-and-push (telegram-bot)	UNKNOWN STEP	  "DEV_METABASE_DOMAIN": "dev-metabase.dev.***.live",
build-and-push (telegram-bot)	UNKNOWN STEP	  "DEV_MINIO_COLLECTION_BUCKET": "***collection",
build-and-push (telegram-bot)	UNKNOWN STEP	  "DEV_MINIO_DASHBOARD_PORT": "3014",
build-and-push (telegram-bot)	UNKNOWN STEP	  "DEV_MINIO_DOC_BUCKET": "***doc",
build-and-push (telegram-bot)	UNKNOWN STEP	  "DEV_MINIO_DOC_DEFAULT_BUCKET": "***",
build-and-push (telegram-bot)	UNKNOWN STEP	  "DEV_MINIO_ENDPOINT": "minio",
build-and-push (telegram-bot)	UNKNOWN STEP	  "DEV_MINIO_IMAGE_BUCKET": "***image",
build-and-push (telegram-bot)	UNKNOWN STEP	  "DEV_MINIO_ITEM_BUCKET": "***item",
build-and-push (telegram-bot)	UNKNOWN STEP	  "DEV_MINIO_PORT": "3012",
build-and-push (telegram-bot)	UNKNOWN STEP	  "DEV_MINIO_PUBLIC_URL": "https://dev-storage.dev.***.live",
build-and-push (telegram-bot)	UNKNOWN STEP	  "DEV_MINIO_REGION_NAME": "default",
build-and-push (telegram-bot)	UNKNOWN STEP	  "DEV_MINIO_SBT_COLLECTIONS_BUCKET": "sbt-collections",
build-and-push (telegram-bot)	UNKNOWN STEP	  "DEV_MINIO_STORAGE_ADMIN_DOMAIN": "dev-storage-admin.dev.***.live",
build-and-push (telegram-bot)	UNKNOWN STEP	  "DEV_MINIO_STORAGE_DOMAIN": "dev-storage.dev.***.live",
build-and-push (telegram-bot)	UNKNOWN STEP	  "DEV_MINIO_VIDEO_BUCKET": "***video",
build-and-push (telegram-bot)	UNKNOWN STEP	  "DEV_MINI_APP_DOMAIN": "dev-app.dev.***.live",
build-and-push (telegram-bot)	UNKNOWN STEP	  "DEV_MINI_APP_PORT": "3000",
build-and-push (telegram-bot)	UNKNOWN STEP	  "DEV_MINI_APP_SOCKET_DOMAIN": "dev-socket.dev.***.live",
build-and-push (telegram-bot)	UNKNOWN STEP	  "DEV_MONITORING_DOMAIN": "dev-monitoring.dev.***.live",
build-and-push (telegram-bot)	UNKNOWN STEP	  "DEV_NETWORK_NAME": "***-dev",
build-and-push (telegram-bot)	UNKNOWN STEP	  "DEV_NETWORK_PUBLIC_IP": "***",
build-and-push (telegram-bot)	UNKNOWN STEP	  "DEV_NEXT_PUBLIC_API_BASE_URL": "https://dev-app.dev.***.live/api/v1",
build-and-push (telegram-bot)	UNKNOWN STEP	  "DEV_NEXT_PUBLIC_APP_BASE_URL": "https://dev-app.dev.***.live",
build-and-push (telegram-bot)	UNKNOWN STEP	  "DEV_NEXT_PUBLIC_BACKEND_URL_CLIENT": "https://dev-app.dev.***.live/api/client/v1/",
build-and-push (telegram-bot)	UNKNOWN STEP	  "DEV_NEXT_PUBLIC_BOT_USERNAME": "dev_ont0n_bot",
build-and-push (telegram-bot)	UNKNOWN STEP	  "DEV_NEXT_PUBLIC_ENV": "development",
build-and-push (telegram-bot)	UNKNOWN STEP	  "DEV_NEXT_PUBLIC_GTM": "GTM-dev",
build-and-push (telegram-bot)	UNKNOWN STEP	  "DEV_NEXT_PUBLIC_SOCKET_URL": "dev-socket.dev.***.live",
build-and-push (telegram-bot)	UNKNOWN STEP	  "DEV_NFT_INTERVAL_TIME": "60000",
build-and-push (telegram-bot)	UNKNOWN STEP	  "DEV_NFT_MANAGER_PORT": "3004",
build-and-push (telegram-bot)	UNKNOWN STEP	  "DEV_NODE_ENV": "production",
build-and-push (telegram-bot)	UNKNOWN STEP	  "DEV_NODE_TLS_REJECT_UNAUTHORIZED": "0",
build-and-push (telegram-bot)	UNKNOWN STEP	  "DEV_ONTON_DOMAIN": "dev.***.live",
build-and-push (telegram-bot)	UNKNOWN STEP	  "DEV_PARTICIPANT_TMA_PORT": "3001",
build-and-push (telegram-bot)	UNKNOWN STEP	  "DEV_PGADMIN_DOMAIN": "dev-pgadmin.dev.***.live",
build-and-push (telegram-bot)	UNKNOWN STEP	  "DEV_PORT_CLIENT_WEB": "3007",
build-and-push (telegram-bot)	UNKNOWN STEP	  "DEV_PORT_METABASE": "3009",
build-and-push (telegram-bot)	UNKNOWN STEP	  "DEV_PORT_PGADMIN": "3006",
build-and-push (telegram-bot)	UNKNOWN STEP	  "DEV_PORT_WEB_SITE": "3005",
build-and-push (telegram-bot)	UNKNOWN STEP	  "DEV_POSTGRES_METABASE_DB": "dev-mini-app",
build-and-push (telegram-bot)	UNKNOWN STEP	  "DEV_POSTGRES_MINI_APP_DB": "dev-mini-app",
build-and-push (telegram-bot)	UNKNOWN STEP	  "DEV_POSTGRES_NFT_MANAGER_DB": "dev-nft-manager",
build-and-push (telegram-bot)	UNKNOWN STEP	  "DEV_POSTGRES_PORT": "3008",
build-and-push (telegram-bot)	UNKNOWN STEP	  "DEV_PTMA_API_BASE_URL": "https://dev-app.dev.***.live/api/v1",
build-and-push (telegram-bot)	UNKNOWN STEP	  "DEV_RABBITMQ_DOMAIN": "dev-rabbitmq.dev.***.live",
build-and-push (telegram-bot)	UNKNOWN STEP	  "DEV_RABBITMQ_MANAGEMENT_PORT": "3015",
build-and-push (telegram-bot)	UNKNOWN STEP	  "DEV_RABBITMQ_NODE_PORT": "3016",
build-and-push (telegram-bot)	UNKNOWN STEP	  "DEV_REDIS_DATABASES": "1",
build-and-push (telegram-bot)	UNKNOWN STEP	  "DEV_REDIS_PORT": "3011",
build-and-push (telegram-bot)	UNKNOWN STEP	  "DEV_REGISTRY_URL": "ghcr.io",
build-and-push (telegram-bot)	UNKNOWN STEP	  "DEV_SOCKET_PORT": "30***",
build-and-push (telegram-bot)	UNKNOWN STEP	  "DEV_STAGE_NAME": "dev-***",
build-and-push (telegram-bot)	UNKNOWN STEP	  "DEV_SWAGGER_UI_DOMAIN": "dev-swagger-ui.dev.***.live",
build-and-push (telegram-bot)	UNKNOWN STEP	  "DEV_SWAGGER_UI_PORT": "3024",
build-and-push (telegram-bot)	UNKNOWN STEP	  "DEV_SYS_CADDY_REPLICAS": "1",
build-and-push (telegram-bot)	UNKNOWN STEP	  "DEV_SYS_MINI_APP_REPLICAS": "1",
build-and-push (telegram-bot)	UNKNOWN STEP	  "DEV_SYS_PARTICIPANT_TMA_REPLICAS": "1",
build-and-push (telegram-bot)	UNKNOWN STEP	  "DEV_SYS_WEB_SITE_REPLICAS": "1",
build-and-push (telegram-bot)	UNKNOWN STEP	  "DEV_TELEGRAM_BOT_PORT": "3002",
build-and-push (telegram-bot)	UNKNOWN STEP	  "DEV_TG_EVENTS_TOPIC": "2",
build-and-push (telegram-bot)	UNKNOWN STEP	  "DEV_TG_LOGS_GROUP_ID": "-1002308507308",
build-and-push (telegram-bot)	UNKNOWN STEP	  "DEV_TG_LOG_BOT_TOKEN": "7604730825:AAE1WJHs5lFI2zX_tba6M-1HYfffA8ugFmA",
build-and-push (telegram-bot)	UNKNOWN STEP	  "DEV_TG_NOTIFICATION_CHANELL": "-1002164161685",
build-and-push (telegram-bot)	UNKNOWN STEP	  "DEV_TG_SYSTEM_TOPIC": "16",
build-and-push (telegram-bot)	UNKNOWN STEP	  "DEV_TG_TICKETS_TOPIC": "4",
build-and-push (telegram-bot)	UNKNOWN STEP	  "DEV_TON_CENTER_ENDPOINT": "https://toncenter.com/api/v2/jsonRPC",
build-and-push (telegram-bot)	UNKNOWN STEP	  "DEV_TON_SOCIETY_BASE_URL": "https://id.ton.org/v1",
build-and-push (telegram-bot)	UNKNOWN STEP	  "DEV_USE_CLOUDFLARE": "true",
build-and-push (telegram-bot)	UNKNOWN STEP	  "DEV_USE_MAIN_IP_TO_EXPOSE": "true",
build-and-push (telegram-bot)	UNKNOWN STEP	  "MAIN_ACME_AGREE": "true",
build-and-push (telegram-bot)	UNKNOWN STEP	  "MAIN_BRANCH_NAME": "main",
build-and-push (telegram-bot)	UNKNOWN STEP	  "MAIN_CACHE_ENABLED": "true",
build-and-push (telegram-bot)	UNKNOWN STEP	  "MAIN_CLAMAV_PORT": "***10",
build-and-push (telegram-bot)	UNKNOWN STEP	  "MAIN_CLIENT_API_FIXED_ORGANIZER": "@Ontonadmin",
build-and-push (telegram-bot)	UNKNOWN STEP	  "MAIN_CLIENT_API_FIXED_USER": "@Ontonadmin",
build-and-push (telegram-bot)	UNKNOWN STEP	  "MAIN_CLIENT_WEB_DOMAIN": "client-web.***.live",
build-and-push (telegram-bot)	UNKNOWN STEP	  "MAIN_COMPOSE_PROJECT_NAME": "production-***",
build-and-push (telegram-bot)	UNKNOWN STEP	  "MAIN_ENV": "production",
build-and-push (telegram-bot)	UNKNOWN STEP	  "MAIN_GITHUB_CLIENT_ID": "Ov23liQFN1rMeZicYHnL",
build-and-push (telegram-bot)	UNKNOWN STEP	  "MAIN_GITHUB_REPO": "***bot",
build-and-push (telegram-bot)	UNKNOWN STEP	  "MAIN_GOLANG_SERVER_PORT": "8013",
build-and-push (telegram-bot)	UNKNOWN STEP	  "MAIN_GOOGLE_CLIENT_ID": "174044865725-8urfv981fca74aj3bq2kqik7fbe2rggg.apps.googleusercontent.com",
build-and-push (telegram-bot)	UNKNOWN STEP	  "MAIN_IP_CADDY": "caddy",
build-and-push (telegram-bot)	UNKNOWN STEP	  "MAIN_IP_CLAMAV": "host.docker.internal",
build-and-push (telegram-bot)	UNKNOWN STEP	  "MAIN_IP_CLIENT_WEB": "client-web",
build-and-push (telegram-bot)	UNKNOWN STEP	  "MAIN_IP_GIVEAWAY_CHECKER": "giveaway-checker",
build-and-push (telegram-bot)	UNKNOWN STEP	  "MAIN_IP_GOLANG_SERVER": "golang-server",
build-and-push (telegram-bot)	UNKNOWN STEP	  "MAIN_IP_GOLANG_WORKER": "golang-worker",
build-and-push (telegram-bot)	UNKNOWN STEP	  "MAIN_IP_KIBANA": "kibana",
build-and-push (telegram-bot)	UNKNOWN STEP	  "MAIN_IP_METABASE": "metabase",
build-and-push (telegram-bot)	UNKNOWN STEP	  "MAIN_IP_MINIO": "minio",
build-and-push (telegram-bot)	UNKNOWN STEP	  "MAIN_IP_MINI_APP": "mini-app",
build-and-push (telegram-bot)	UNKNOWN STEP	  "MAIN_IP_MINI_APP_CRON": "mini-app-sbt-worker",
build-and-push (telegram-bot)	UNKNOWN STEP	  "MAIN_IP_NFT_MANAGER": "nft-manager",
build-and-push (telegram-bot)	UNKNOWN STEP	  "MAIN_IP_PARTICIPANT_TMA": "participant-tma",
build-and-push (telegram-bot)	UNKNOWN STEP	  "MAIN_IP_PGADMIN": "pgadmin",
build-and-push (telegram-bot)	UNKNOWN STEP	  "MAIN_IP_POA_WORKER": "mini-app-poa-worker",
build-and-push (telegram-bot)	UNKNOWN STEP	  "MAIN_IP_POSTGRES": "postgres",
build-and-push (telegram-bot)	UNKNOWN STEP	  "MAIN_IP_RABBITMQ": "rabbitmq",
build-and-push (telegram-bot)	UNKNOWN STEP	  "MAIN_IP_RANGE_BASE": "host.docker.internal",
build-and-push (telegram-bot)	UNKNOWN STEP	  "MAIN_IP_REDIS": "redis",
build-and-push (telegram-bot)	UNKNOWN STEP	  "MAIN_IP_SOCKET": "mini-app-notification-socket",
build-and-push (telegram-bot)	UNKNOWN STEP	  "MAIN_IP_SWAGGER_UI": "swagger-ui",
build-and-push (telegram-bot)	UNKNOWN STEP	  "MAIN_IP_TELEGRAM_BOT": "telegram-bot",
build-and-push (telegram-bot)	UNKNOWN STEP	  "MAIN_IP_WEBSITE": "website",
build-and-push (telegram-bot)	UNKNOWN STEP	  "MAIN_JWT_SECRET_SOCKET": "JFDmdjeu__@HF_KKSEEWR_ERW*ER_FGDFG_ET%DG%34534aasd_Rhuefli!hfsdlnf",
build-and-push (telegram-bot)	UNKNOWN STEP	  "MAIN_KIBANA_HASHED_PASSWORD": "$2a$14$6P83mnKs9BxP2qZDaMU.2OzBHY3SG0nnaVXJ8nKluEWEWD5RMmN/W",
build-and-push (telegram-bot)	UNKNOWN STEP	  "MAIN_KIBANA_PORT": "8023",
build-and-push (telegram-bot)	UNKNOWN STEP	  "MAIN_KIBANA_USERNAME": "monitor",
build-and-push (telegram-bot)	UNKNOWN STEP	  "MAIN_LINKEDIN_CLIENT_ID": "77osbnm9chxr4c",
build-and-push (telegram-bot)	UNKNOWN STEP	  "MAIN_LOCAL_DOMAIN": "***.live",
build-and-push (telegram-bot)	UNKNOWN STEP	  "MAIN_MB_REDIRECT_ALL_REQUESTS_TO_HTTPS": "true",
build-and-push (telegram-bot)	UNKNOWN STEP	  "MAIN_METABASE_DOMAIN": "metabase.***.live",
build-and-push (telegram-bot)	UNKNOWN STEP	  "MAIN_MINIO_COLLECTION_BUCKET": "***collection",
build-and-push (telegram-bot)	UNKNOWN STEP	  "MAIN_MINIO_DASHBOARD_PORT": "8014",
build-and-push (telegram-bot)	UNKNOWN STEP	  "MAIN_MINIO_DOC_BUCKET": "***doc",
build-and-push (telegram-bot)	UNKNOWN STEP	  "MAIN_MINIO_DOC_DEFAULT_BUCKET": "***",
build-and-push (telegram-bot)	UNKNOWN STEP	  "MAIN_MINIO_ENDPOINT": "minio",
build-and-push (telegram-bot)	UNKNOWN STEP	  "MAIN_MINIO_IMAGE_BUCKET": "***image",
build-and-push (telegram-bot)	UNKNOWN STEP	  "MAIN_MINIO_ITEM_BUCKET": "***item",
build-and-push (telegram-bot)	UNKNOWN STEP	  "MAIN_MINIO_PORT": "8012",
build-and-push (telegram-bot)	UNKNOWN STEP	  "MAIN_MINIO_PUBLIC_URL": "https://storage.***.live",
build-and-push (telegram-bot)	UNKNOWN STEP	  "MAIN_MINIO_REGION_NAME": "default",
build-and-push (telegram-bot)	UNKNOWN STEP	  "MAIN_MINIO_SBT_COLLECTIONS_BUCKET": "sbt-collections",
build-and-push (telegram-bot)	UNKNOWN STEP	  "MAIN_MINIO_STORAGE_ADMIN_DOMAIN": "storage-admin.***.live",
build-and-push (telegram-bot)	UNKNOWN STEP	  "MAIN_MINIO_STORAGE_DOMAIN": "storage.***.live",
build-and-push (telegram-bot)	UNKNOWN STEP	  "MAIN_MINIO_VIDEO_BUCKET": "***video",
build-and-push (telegram-bot)	UNKNOWN STEP	  "MAIN_MINI_APP_DOMAIN": "app.***.live",
build-and-push (telegram-bot)	UNKNOWN STEP	  "MAIN_MINI_APP_PORT": "8000",
build-and-push (telegram-bot)	UNKNOWN STEP	  "MAIN_MINI_APP_SOCKET_DOMAIN": "socket.***.live",
build-and-push (telegram-bot)	UNKNOWN STEP	  "MAIN_MONITORING_DOMAIN": "monitoring.***.live",
build-and-push (telegram-bot)	UNKNOWN STEP	  "MAIN_MS_CLIENT_ID": "916e0c9f-17bc-45c2-9cbc-025c48a0d449",
build-and-push (telegram-bot)	UNKNOWN STEP	  "MAIN_NETWORK_NAME": "***-production",
build-and-push (telegram-bot)	UNKNOWN STEP	  "MAIN_NETWORK_PUBLIC_IP": "***",
build-and-push (telegram-bot)	UNKNOWN STEP	  "MAIN_NEXT_PUBLIC_API_BASE_URL": "https://app.***.live/api/v1",
build-and-push (telegram-bot)	UNKNOWN STEP	  "MAIN_NEXT_PUBLIC_APP_BASE_URL": "https://app.***.live",
build-and-push (telegram-bot)	UNKNOWN STEP	  "MAIN_NEXT_PUBLIC_BACKEND_URL_CLIENT": "https://app.***.live/api/client/v1/",
build-and-push (telegram-bot)	UNKNOWN STEP	  "MAIN_NEXT_PUBLIC_BOT_USERNAME": "the***bot",
build-and-push (telegram-bot)	UNKNOWN STEP	  "MAIN_NEXT_PUBLIC_ENV": "production",
build-and-push (telegram-bot)	UNKNOWN STEP	  "MAIN_NEXT_PUBLIC_GTM": "GTM-TSCPWNCM",
build-and-push (telegram-bot)	UNKNOWN STEP	  "MAIN_NEXT_PUBLIC_SOCKET_URL": "socket.***.live",
build-and-push (telegram-bot)	UNKNOWN STEP	  "MAIN_NFT_INTERVAL_TIME": "60000",
build-and-push (telegram-bot)	UNKNOWN STEP	  "MAIN_NFT_MANAGER_PORT": "8004",
build-and-push (telegram-bot)	UNKNOWN STEP	  "MAIN_NODE_ENV": "production",
build-and-push (telegram-bot)	UNKNOWN STEP	  "MAIN_NODE_TLS_REJECT_UNAUTHORIZED": "1",
build-and-push (telegram-bot)	UNKNOWN STEP	  "MAIN_ONTON_DOMAIN": "***.live",
build-and-push (telegram-bot)	UNKNOWN STEP	  "MAIN_PARTICIPANT_TMA_PORT": "8001",
build-and-push (telegram-bot)	UNKNOWN STEP	  "MAIN_PGADMIN_DOMAIN": "pgadmin.***.live",
build-and-push (telegram-bot)	UNKNOWN STEP	  "MAIN_PORT_CLIENT_WEB": "8007",
build-and-push (telegram-bot)	UNKNOWN STEP	  "MAIN_PORT_METABASE": "8009",
build-and-push (telegram-bot)	UNKNOWN STEP	  "MAIN_PORT_PGADMIN": "8006",
build-and-push (telegram-bot)	UNKNOWN STEP	  "MAIN_PORT_WEB_SITE": "8005",
build-and-push (telegram-bot)	UNKNOWN STEP	  "MAIN_POSTGRES_METABASE_DB": "production-mini-app",
build-and-push (telegram-bot)	UNKNOWN STEP	  "MAIN_POSTGRES_MINI_APP_DB": "production-mini-app",
build-and-push (telegram-bot)	UNKNOWN STEP	  "MAIN_POSTGRES_NFT_MANAGER_DB": "production-nft-manager",
build-and-push (telegram-bot)	UNKNOWN STEP	  "MAIN_POSTGRES_PORT": "8008",
build-and-push (telegram-bot)	UNKNOWN STEP	  "MAIN_PTMA_API_BASE_URL": "https://app.***.live/api/v1",
build-and-push (telegram-bot)	UNKNOWN STEP	  "MAIN_RABBITMQ_DOMAIN": "rabbitmq.***.live",
build-and-push (telegram-bot)	UNKNOWN STEP	  "MAIN_RABBITMQ_MANAGEMENT_PORT": "8015",
build-and-push (telegram-bot)	UNKNOWN STEP	  "MAIN_RABBITMQ_NODE_PORT": "8016",
build-and-push (telegram-bot)	UNKNOWN STEP	  "MAIN_REDIS_DATABASES": "1",
build-and-push (telegram-bot)	UNKNOWN STEP	  "MAIN_REDIS_PORT": "8011",
build-and-push (telegram-bot)	UNKNOWN STEP	  "MAIN_REGISTRY_URL": "registry.toncloud.observer",
build-and-push (telegram-bot)	UNKNOWN STEP	  "MAIN_SOCKET_PORT": "80***",
build-and-push (telegram-bot)	UNKNOWN STEP	  "MAIN_STAGE_NAME": "main-***",
build-and-push (telegram-bot)	UNKNOWN STEP	  "MAIN_SWAGGER_UI_DOMAIN": "swagger-ui.***.live",
build-and-push (telegram-bot)	UNKNOWN STEP	  "MAIN_SWAGGER_UI_PORT": "8024",
build-and-push (telegram-bot)	UNKNOWN STEP	  "MAIN_SYS_CADDY_REPLICAS": "1",
build-and-push (telegram-bot)	UNKNOWN STEP	  "MAIN_SYS_MINI_APP_REPLICAS": "12",
build-and-push (telegram-bot)	UNKNOWN STEP	  "MAIN_SYS_PARTICIPANT_TMA_REPLICAS": "6",
build-and-push (telegram-bot)	UNKNOWN STEP	  "MAIN_SYS_WEB_SITE_REPLICAS": "3",
build-and-push (telegram-bot)	UNKNOWN STEP	  "MAIN_TELEGRAM_BOT_PORT": "8002",
build-and-push (telegram-bot)	UNKNOWN STEP	  "MAIN_TG_EVENTS_TOPIC": "2",
build-and-push (telegram-bot)	UNKNOWN STEP	  "MAIN_TG_LOGS_GROUP_ID": "-1002300666538",
build-and-push (telegram-bot)	UNKNOWN STEP	  "MAIN_TG_LOG_BOT_TOKEN": "7604730825:AAE1WJHs5lFI2zX_tba6M-1HYfffA8ugFmA",
build-and-push (telegram-bot)	UNKNOWN STEP	  "MAIN_TG_NOTIFICATION_CHANELL": "-100***32083***",
build-and-push (telegram-bot)	UNKNOWN STEP	  "MAIN_TG_SYSTEM_TOPIC": "16",
build-and-push (telegram-bot)	UNKNOWN STEP	  "MAIN_TG_TICKETS_TOPIC": "4",
build-and-push (telegram-bot)	UNKNOWN STEP	  "MAIN_TON_CENTER_ENDPOINT": "https://toncenter.com/api/v2/jsonRPC",
build-and-push (telegram-bot)	UNKNOWN STEP	  "MAIN_TON_SOCIETY_BASE_URL": "https://id.ton.org/v1",
build-and-push (telegram-bot)	UNKNOWN STEP	  "MAIN_TWITTER_CLIENT_ID": "SU1RUS0xaHNsRk5kd014UlZieDQ6MTpjaQ",
build-and-push (telegram-bot)	UNKNOWN STEP	  "MAIN_USE_CLOUDFLARE": "true",
build-and-push (telegram-bot)	UNKNOWN STEP	  "MAIN_USE_MAIN_IP_TO_EXPOSE": "true",
build-and-push (telegram-bot)	UNKNOWN STEP	  "NEXT_PUBLIC_BOT_USERNAME": "notnonstagebot",
build-and-push (telegram-bot)	UNKNOWN STEP	  "SANDBOX_ACME_AGREE": "true",
build-and-push (telegram-bot)	UNKNOWN STEP	  "SANDBOX_BRANCH_NAME": "sandbox",
build-and-push (telegram-bot)	UNKNOWN STEP	  "SANDBOX_CACHE_ENABLED": "true",
build-and-push (telegram-bot)	UNKNOWN STEP	  "SANDBOX_CLAMAV_PORT": "***10",
build-and-push (telegram-bot)	UNKNOWN STEP	  "SANDBOX_CLIENT_API_FIXED_ORGANIZER": "@Ontonadmin",
build-and-push (telegram-bot)	UNKNOWN STEP	  "SANDBOX_CLIENT_API_FIXED_USER": "@Ontonadmin",
build-and-push (telegram-bot)	UNKNOWN STEP	  "SANDBOX_CLIENT_WEB_DOMAIN": "sandbox-client-web.toncloud.observer",
build-and-push (telegram-bot)	UNKNOWN STEP	  "SANDBOX_COMPOSE_PROJECT_NAME": "sanbox-***",
build-and-push (telegram-bot)	UNKNOWN STEP	  "SANDBOX_IP_CADDY": "caddy",
build-and-push (telegram-bot)	UNKNOWN STEP	  "SANDBOX_IP_CLAMAV": "host.docker.internal",
build-and-push (telegram-bot)	UNKNOWN STEP	  "SANDBOX_IP_KIBANA": "kibana",
build-and-push (telegram-bot)	UNKNOWN STEP	  "SANDBOX_IP_METABASE": "metabase",
build-and-push (telegram-bot)	UNKNOWN STEP	  "SANDBOX_IP_PGADMIN": "pgadmin",
build-and-push (telegram-bot)	UNKNOWN STEP	  "SANDBOX_IP_POA_WORKER": "mini-app-poa-worker",
build-and-push (telegram-bot)	UNKNOWN STEP	  "SANDBOX_IP_POSTGRES": "postgres",
build-and-push (telegram-bot)	UNKNOWN STEP	  "SANDBOX_IP_SOCKET": "mini-app-notification-socket",
build-and-push (telegram-bot)	UNKNOWN STEP	  "SANDBOX_IP_TELEGRAM_BOT": "telegram-bot",
build-and-push (telegram-bot)	UNKNOWN STEP	  "SANDBOX_IP_WEBSITE": "website",
build-and-push (telegram-bot)	UNKNOWN STEP	  "SANDBOX_JWT_SECRET_SOCKET": "D3v@OnTonw3tds112ewq%KD___%1006-7-8-9-0OkMjKlll%909R9OOsf",
build-and-push (telegram-bot)	UNKNOWN STEP	  "SANDBOX_KIBANA_HASHED_PASSWORD": "$2a$14$6P83mnKs9BxP2qZDaMU.2OzBHY3SG0nnaVXJ8nKluEWEWD5RMmN/W",
build-and-push (telegram-bot)	UNKNOWN STEP	  "SANDBOX_KIBANA_PORT": "6023",
build-and-push (telegram-bot)	UNKNOWN STEP	  "SANDBOX_KIBANA_USERNAME": "monitor",
build-and-push (telegram-bot)	UNKNOWN STEP	  "SANDBOX_LOCAL_DOMAIN": "sandbox-app.toncloud.observer",
build-and-push (telegram-bot)	UNKNOWN STEP	  "SANDBOX_MB_REDIRECT_ALL_REQUESTS_TO_HTTPS": "true",
build-and-push (telegram-bot)	UNKNOWN STEP	  "SANDBOX_METABASE_DOMAIN": "sandbox-metabase.toncloud.observer",
build-and-push (telegram-bot)	UNKNOWN STEP	  "SANDBOX_MINIO_COLLECTION_BUCKET": "***collection",
build-and-push (telegram-bot)	UNKNOWN STEP	  "SANDBOX_MINIO_DASHBOARD_PORT": "6014",
build-and-push (telegram-bot)	UNKNOWN STEP	  "SANDBOX_MINIO_DOC_BUCKET": "***doc",
build-and-push (telegram-bot)	UNKNOWN STEP	  "SANDBOX_MINIO_DOC_DEFAULT_BUCKET": "***",
build-and-push (telegram-bot)	UNKNOWN STEP	  "SANDBOX_MINIO_ENDPOINT": "minio",
build-and-push (telegram-bot)	UNKNOWN STEP	  "SANDBOX_MINIO_IMAGE_BUCKET": "***image",
build-and-push (telegram-bot)	UNKNOWN STEP	  "SANDBOX_MINIO_ITEM_BUCKET": "***item",
build-and-push (telegram-bot)	UNKNOWN STEP	  "SANDBOX_MINIO_PORT": "6012",
build-and-push (telegram-bot)	UNKNOWN STEP	  "SANDBOX_MINIO_PUBLIC_URL": "https://sandbox-storage.toncloud.observer",
build-and-push (telegram-bot)	UNKNOWN STEP	  "SANDBOX_MINIO_REGION_NAME": "default",
build-and-push (telegram-bot)	UNKNOWN STEP	  "SANDBOX_MINIO_SBT_COLLECTIONS_BUCKET": "sbt-collections",
build-and-push (telegram-bot)	UNKNOWN STEP	  "SANDBOX_MINIO_STORAGE_ADMIN_DOMAIN": "sandbox-storage-admin.toncloud.observer",
build-and-push (telegram-bot)	UNKNOWN STEP	  "SANDBOX_MINIO_STORAGE_DOMAIN": "sandbox-storage.toncloud.observer",
build-and-push (telegram-bot)	UNKNOWN STEP	  "SANDBOX_MINIO_VIDEO_BUCKET": "***video",
build-and-push (telegram-bot)	UNKNOWN STEP	  "SANDBOX_MINI_APP_DOMAIN": "sandbox-app.toncloud.observer",
build-and-push (telegram-bot)	UNKNOWN STEP	  "SANDBOX_MINI_APP_PORT": "6000",
build-and-push (telegram-bot)	UNKNOWN STEP	  "SANDBOX_MINI_APP_SOCKET_DOMAIN": "sandbox-socket.toncloud.observer",
build-and-push (telegram-bot)	UNKNOWN STEP	  "SANDBOX_MONITORING_DOMAIN": "sandbox-monitoring.toncloud.observer",
build-and-push (telegram-bot)	UNKNOWN STEP	  "SANDBOX_NETWORK_NAME": "***-sandbox",
build-and-push (telegram-bot)	UNKNOWN STEP	  "SANDBOX_NETWORK_PUBLIC_IP": "***",
build-and-push (telegram-bot)	UNKNOWN STEP	  "SANDBOX_NEXT_PUBLIC_API_BASE_URL": "https://sandbox-app.toncloud.observer/api/v1",
build-and-push (telegram-bot)	UNKNOWN STEP	  "SANDBOX_NEXT_PUBLIC_APP_BASE_URL": "https://sandbox-app.toncloud.observer",
build-and-push (telegram-bot)	UNKNOWN STEP	  "SANDBOX_NEXT_PUBLIC_BACKEND_URL_CLIENT": "https://sandbox-app.toncloud.observer/api/client/v1/",
build-and-push (telegram-bot)	UNKNOWN STEP	  "SANDBOX_NEXT_PUBLIC_BOT_USERNAME": "sandbox_ont0n_bot",
build-and-push (telegram-bot)	UNKNOWN STEP	  "SANDBOX_NEXT_PUBLIC_GTM": "GTM-sandbox",
build-and-push (telegram-bot)	UNKNOWN STEP	  "SANDBOX_NEXT_PUBLIC_SOCKET_URL": "sandbox-socket.toncloud.observer",
build-and-push (telegram-bot)	UNKNOWN STEP	  "SANDBOX_NFT_INTERVAL_TIME": "60000",
build-and-push (telegram-bot)	UNKNOWN STEP	  "SANDBOX_NFT_MANAGER_PORT": "6004",
build-and-push (telegram-bot)	UNKNOWN STEP	  "SANDBOX_NODE_ENV": "production",
build-and-push (telegram-bot)	UNKNOWN STEP	  "SANDBOX_NODE_TLS_REJECT_UNAUTHORIZED": "0",
build-and-push (telegram-bot)	UNKNOWN STEP	  "SANDBOX_ONTON_DOMAIN": "sandbox.toncloud.observer",
build-and-push (telegram-bot)	UNKNOWN STEP	  "SANDBOX_PARTICIPANT_TMA_PORT": "6001",
build-and-push (telegram-bot)	UNKNOWN STEP	  "SANDBOX_PGADMIN_DOMAIN": "sandbox-pgadmin.toncloud.observer",
build-and-push (telegram-bot)	UNKNOWN STEP	  "SANDBOX_PORT_CLIENT_WEB": "6007",
build-and-push (telegram-bot)	UNKNOWN STEP	  "SANDBOX_PORT_METABASE": "6009",
build-and-push (telegram-bot)	UNKNOWN STEP	  "SANDBOX_PORT_PGADMIN": "6006",
build-and-push (telegram-bot)	UNKNOWN STEP	  "SANDBOX_PORT_WEB_SITE": "6005",
build-and-push (telegram-bot)	UNKNOWN STEP	  "SANDBOX_POSTGRES_METABASE_DB": "sandbox-mini-app",
build-and-push (telegram-bot)	UNKNOWN STEP	  "SANDBOX_POSTGRES_MINI_APP_DB": "sandbox-mini-app",
build-and-push (telegram-bot)	UNKNOWN STEP	  "SANDBOX_POSTGRES_NFT_MANAGER_DB": "sandbox-nft-manager",
build-and-push (telegram-bot)	UNKNOWN STEP	  "SANDBOX_POSTGRES_PORT": "6008",
build-and-push (telegram-bot)	UNKNOWN STEP	  "SANDBOX_PTMA_API_BASE_URL": "https://sandbox-app.toncloud.observer/api/v1",
build-and-push (telegram-bot)	UNKNOWN STEP	  "SANDBOX_RABBITMQ_DOMAIN": "sandbox-rabbitmq.toncloud.observer",
build-and-push (telegram-bot)	UNKNOWN STEP	  "SANDBOX_RABBITMQ_MANAGEMENT_PORT": "6015",
build-and-push (telegram-bot)	UNKNOWN STEP	  "SANDBOX_RABBITMQ_NODE_PORT": "6016",
build-and-push (telegram-bot)	UNKNOWN STEP	  "SANDBOX_REDIS_DATABASES": "1",
build-and-push (telegram-bot)	UNKNOWN STEP	  "SANDBOX_REDIS_PORT": "6011",
build-and-push (telegram-bot)	UNKNOWN STEP	  "SANDBOX_REGISTRY_URL": "registry.toncloud.observer",
build-and-push (telegram-bot)	UNKNOWN STEP	  "SANDBOX_SOCKET_PORT": "60***",
build-and-push (telegram-bot)	UNKNOWN STEP	  "SANDBOX_STAGE_NAME": "sandbox-***",
build-and-push (telegram-bot)	UNKNOWN STEP	  "SANDBOX_SYS_CADDY_REPLICAS": "1",
build-and-push (telegram-bot)	UNKNOWN STEP	  "SANDBOX_SYS_MINI_APP_REPLICAS": "2",
build-and-push (telegram-bot)	UNKNOWN STEP	  "SANDBOX_SYS_PARTICIPANT_TMA_REPLICAS": "2",
build-and-push (telegram-bot)	UNKNOWN STEP	  "SANDBOX_SYS_WEB_SITE_REPLICAS": "1",
build-and-push (telegram-bot)	UNKNOWN STEP	  "SANDBOX_TELEGRAM_BOT_PORT": "6002",
build-and-push (telegram-bot)	UNKNOWN STEP	  "SANDBOX_TG_NOTIFICATION_CHANELL": "-1002164161685",
build-and-push (telegram-bot)	UNKNOWN STEP	  "SANDBOX_TON_CENTER_ENDPOINT": "https://toncenter.com/api/v2/jsonRPC",
build-and-push (telegram-bot)	UNKNOWN STEP	  "SANDBOX_TON_SOCIETY_BASE_URL": "https://society.ton.org/v1",
build-and-push (telegram-bot)	UNKNOWN STEP	  "SANDBOX_USE_CLOUDFLARE": "true",
build-and-push (telegram-bot)	UNKNOWN STEP	  "SANDBOX_USE_MAIN_IP_TO_EXPOSE": "true",
build-and-push (telegram-bot)	UNKNOWN STEP	  "STAGING_ACME_AGREE": "true",
build-and-push (telegram-bot)	UNKNOWN STEP	  "STAGING_BRANCH_NAME": "staging",
build-and-push (telegram-bot)	UNKNOWN STEP	  "STAGING_CACHE_ENABLED": "true",
build-and-push (telegram-bot)	UNKNOWN STEP	  "STAGING_CLAMAV_PORT": "***10",
build-and-push (telegram-bot)	UNKNOWN STEP	  "STAGING_CLIENT_API_FIXED_ORGANIZER": "@Ontonadmin",
build-and-push (telegram-bot)	UNKNOWN STEP	  "STAGING_CLIENT_API_FIXED_USER": "@Ontonadmin",
build-and-push (telegram-bot)	UNKNOWN STEP	  "STAGING_CLIENT_WEB_DOMAIN": "staging-client-web.toncloud.observer",
build-and-push (telegram-bot)	UNKNOWN STEP	  "STAGING_COMPOSE_PROJECT_NAME": "staging-***",
build-and-push (telegram-bot)	UNKNOWN STEP	  "STAGING_ENV": "staging",
build-and-push (telegram-bot)	UNKNOWN STEP	  "STAGING_EVENT_WALLET_ENC_KEY": "Ci5M6/B4Wke4qX6tXViVeW0xM0iH0yh/qvD3Y1xu2v8",
build-and-push (telegram-bot)	UNKNOWN STEP	  "STAGING_GITHUB_CLIENT_ID": "Ov23liQFN1rMeZicYHnL",
build-and-push (telegram-bot)	UNKNOWN STEP	  "STAGING_GITHUB_REPO": "***bot",
build-and-push (telegram-bot)	UNKNOWN STEP	  "STAGING_GOLANG_SERVER_PORT": "4013",
build-and-push (telegram-bot)	UNKNOWN STEP	  "STAGING_GOOGLE_CLIENT_ID": "174044865725-8urfv981fca74aj3bq2kqik7fbe2rggg.apps.googleusercontent.com",
build-and-push (telegram-bot)	UNKNOWN STEP	  "STAGING_IP_CADDY": "caddy",
build-and-push (telegram-bot)	UNKNOWN STEP	  "STAGING_IP_CLAMAV": "host.docker.internal",
build-and-push (telegram-bot)	UNKNOWN STEP	  "STAGING_IP_CLIENT_WEB": "client-web",
build-and-push (telegram-bot)	UNKNOWN STEP	  "STAGING_IP_GIVEAWAY_CHECKER": "giveaway-checker",
build-and-push (telegram-bot)	UNKNOWN STEP	  "STAGING_IP_GOLANG_SERVER": "golang-server",
build-and-push (telegram-bot)	UNKNOWN STEP	  "STAGING_IP_GOLANG_WORKER": "golang-worker",
build-and-push (telegram-bot)	UNKNOWN STEP	  "STAGING_IP_KIBANA": "kibana",
build-and-push (telegram-bot)	UNKNOWN STEP	  "STAGING_IP_METABASE": "metabase",
build-and-push (telegram-bot)	UNKNOWN STEP	  "STAGING_IP_MINIO": "minio",
build-and-push (telegram-bot)	UNKNOWN STEP	  "STAGING_IP_MINI_APP": "mini-app",
build-and-push (telegram-bot)	UNKNOWN STEP	  "STAGING_IP_MINI_APP_CRON": "mini-app-sbt-worker",
build-and-push (telegram-bot)	UNKNOWN STEP	  "STAGING_IP_NFT_MANAGER": "nft-manager",
build-and-push (telegram-bot)	UNKNOWN STEP	  "STAGING_IP_PARTICIPANT_TMA": "participant-tma",
build-and-push (telegram-bot)	UNKNOWN STEP	  "STAGING_IP_PGADMIN": "pgadmin",
build-and-push (telegram-bot)	UNKNOWN STEP	  "STAGING_IP_POA_WORKER": "mini-app-poa-worker",
build-and-push (telegram-bot)	UNKNOWN STEP	  "STAGING_IP_POSTGRES": "postgres",
build-and-push (telegram-bot)	UNKNOWN STEP	  "STAGING_IP_RABBITMQ": "rabbitmq",
build-and-push (telegram-bot)	UNKNOWN STEP	  "STAGING_IP_RANGE_BASE": "host.docker.internal",
build-and-push (telegram-bot)	UNKNOWN STEP	  "STAGING_IP_RANGE_START": "172.11",
build-and-push (telegram-bot)	UNKNOWN STEP	  "STAGING_IP_RANGE_SUBNET": "24",
build-and-push (telegram-bot)	UNKNOWN STEP	  "STAGING_IP_REDIS": "redis",
build-and-push (telegram-bot)	UNKNOWN STEP	  "STAGING_IP_SOCKET": "IP_SOCKET=mini-app-notification-socket",
build-and-push (telegram-bot)	UNKNOWN STEP	  "STAGING_IP_SWAGGER_UI": "swagger-ui",
build-and-push (telegram-bot)	UNKNOWN STEP	  "STAGING_IP_TELEGRAM_BOT": "telegram-bot",
build-and-push (telegram-bot)	UNKNOWN STEP	  "STAGING_IP_WEBSITE": "website",
build-and-push (telegram-bot)	UNKNOWN STEP	  "STAGING_JWT_SECRET_SOCKET": "JFDmdjeu__@HF_KKSEEWR_ERWER_FGDFG_ET%DG%34534aasd%_Rhueflihfsdlnf",
build-and-push (telegram-bot)	UNKNOWN STEP	  "STAGING_KIBANA_HASHED_PASSWORD": "$2a$14$6P83mnKs9BxP2qZDaMU.2OzBHY3SG0nnaVXJ8nKluEWEWD5RMmN/W",
build-and-push (telegram-bot)	UNKNOWN STEP	  "STAGING_KIBANA_PORT": "4023",
build-and-push (telegram-bot)	UNKNOWN STEP	  "STAGING_KIBANA_USERNAME": "monitor",
build-and-push (telegram-bot)	UNKNOWN STEP	  "STAGING_LINKEDIN_CLIENT_ID": "77osbnm9chxr4c",
build-and-push (telegram-bot)	UNKNOWN STEP	  "STAGING_LOCAL_DOMAIN": "staging-app.toncloud.observer",
build-and-push (telegram-bot)	UNKNOWN STEP	  "STAGING_MB_REDIRECT_ALL_REQUESTS_TO_HTTPS": "true",
build-and-push (telegram-bot)	UNKNOWN STEP	  "STAGING_METABASE_DOMAIN": "staging-metabase.toncloud.observer",
build-and-push (telegram-bot)	UNKNOWN STEP	  "STAGING_MINIO_COLLECTION_BUCKET": "***collection",
build-and-push (telegram-bot)	UNKNOWN STEP	  "STAGING_MINIO_DASHBOARD_PORT": "4014",
build-and-push (telegram-bot)	UNKNOWN STEP	  "STAGING_MINIO_DOC_BUCKET": "***doc",
build-and-push (telegram-bot)	UNKNOWN STEP	  "STAGING_MINIO_DOC_DEFAULT_BUCKET": "***",
build-and-push (telegram-bot)	UNKNOWN STEP	  "STAGING_MINIO_ENDPOINT": "minio",
build-and-push (telegram-bot)	UNKNOWN STEP	  "STAGING_MINIO_IMAGE_BUCKET": "***image",
build-and-push (telegram-bot)	UNKNOWN STEP	  "STAGING_MINIO_ITEM_BUCKET": "***item",
build-and-push (telegram-bot)	UNKNOWN STEP	  "STAGING_MINIO_PORT": "4012",
build-and-push (telegram-bot)	UNKNOWN STEP	  "STAGING_MINIO_PUBLIC_URL": "https://staging-storage.toncloud.observer",
build-and-push (telegram-bot)	UNKNOWN STEP	  "STAGING_MINIO_REGION_NAME": "default",
build-and-push (telegram-bot)	UNKNOWN STEP	  "STAGING_MINIO_SBT_COLLECTIONS_BUCKET": "sbt-collections",
build-and-push (telegram-bot)	UNKNOWN STEP	  "STAGING_MINIO_STORAGE_ADMIN_DOMAIN": "staging-storage-admin.toncloud.observer",
build-and-push (telegram-bot)	UNKNOWN STEP	  "STAGING_MINIO_STORAGE_DOMAIN": "staging-storage.toncloud.observer",
build-and-push (telegram-bot)	UNKNOWN STEP	  "STAGING_MINIO_VIDEO_BUCKET": "***video",
build-and-push (telegram-bot)	UNKNOWN STEP	  "STAGING_MINI_APP_DOMAIN": "staging-app.toncloud.observer",
build-and-push (telegram-bot)	UNKNOWN STEP	  "STAGING_MINI_APP_PORT": "4000",
build-and-push (telegram-bot)	UNKNOWN STEP	  "STAGING_MINI_APP_SOCKET_DOMAIN": "staging-socket.toncloud.observer",
build-and-push (telegram-bot)	UNKNOWN STEP	  "STAGING_MONITORING_DOMAIN": "staging-monitoring.toncloud.observer",
build-and-push (telegram-bot)	UNKNOWN STEP	  "STAGING_MS_CLIENT_ID": "916e0c9f-17bc-45c2-9cbc-025c48a0d449",
build-and-push (telegram-bot)	UNKNOWN STEP	  "STAGING_NETWORK_NAME": "***-staging",
build-and-push (telegram-bot)	UNKNOWN STEP	  "STAGING_NETWORK_PUBLIC_IP": "***",
build-and-push (telegram-bot)	UNKNOWN STEP	  "STAGING_NEXT_PUBLIC_API_BASE_URL": "https://staging-app.toncloud.observer/api/v1",
build-and-push (telegram-bot)	UNKNOWN STEP	  "STAGING_NEXT_PUBLIC_APP_BASE_URL": "https://staging-app.toncloud.observer",
build-and-push (telegram-bot)	UNKNOWN STEP	  "STAGING_NEXT_PUBLIC_BACKEND_URL_CLIENT": "https://staging-app.toncloud.observer/api/client/v1/",
build-and-push (telegram-bot)	UNKNOWN STEP	  "STAGING_NEXT_PUBLIC_BOT_USERNAME": "notnonstagebot",
build-and-push (telegram-bot)	UNKNOWN STEP	  "STAGING_NEXT_PUBLIC_ENV": "staging",
build-and-push (telegram-bot)	UNKNOWN STEP	  "STAGING_NEXT_PUBLIC_GTM": "GTM-staging",
build-and-push (telegram-bot)	UNKNOWN STEP	  "STAGING_NEXT_PUBLIC_SOCKET_URL": "staging-socket.toncloud.observer",
build-and-push (telegram-bot)	UNKNOWN STEP	  "STAGING_NEXT_PUBLIC_TRPC_BASE_URL": "https://staging-app.toncloud.observer",
build-and-push (telegram-bot)	UNKNOWN STEP	  "STAGING_NFT_INTERVAL_TIME": "60000",
build-and-push (telegram-bot)	UNKNOWN STEP	  "STAGING_NFT_MANAGER_PORT": "4004",
build-and-push (telegram-bot)	UNKNOWN STEP	  "STAGING_NODE_ENV": "production",
build-and-push (telegram-bot)	UNKNOWN STEP	  "STAGING_NODE_TLS_REJECT_UNAUTHORIZED": "0",
build-and-push (telegram-bot)	UNKNOWN STEP	  "STAGING_ONTON_DOMAIN": "staging.toncloud.observer",
build-and-push (telegram-bot)	UNKNOWN STEP	  "STAGING_PARTICIPANT_TMA_PORT": "4001",
build-and-push (telegram-bot)	UNKNOWN STEP	  "STAGING_PGADMIN_DOMAIN": "staging-pgadmin.toncloud.observer",
build-and-push (telegram-bot)	UNKNOWN STEP	  "STAGING_PORT_CLIENT_WEB": "4007",
build-and-push (telegram-bot)	UNKNOWN STEP	  "STAGING_PORT_METABASE": "4009",
build-and-push (telegram-bot)	UNKNOWN STEP	  "STAGING_PORT_PGADMIN": "4006",
build-and-push (telegram-bot)	UNKNOWN STEP	  "STAGING_PORT_WEB_SITE": "4005",
build-and-push (telegram-bot)	UNKNOWN STEP	  "STAGING_POSTGRES_METABASE_DB": "staging-mini-app",
build-and-push (telegram-bot)	UNKNOWN STEP	  "STAGING_POSTGRES_MINI_APP_DB": "staging-mini-app",
build-and-push (telegram-bot)	UNKNOWN STEP	  "STAGING_POSTGRES_NFT_MANAGER_DB": "staging-nft-manager",
build-and-push (telegram-bot)	UNKNOWN STEP	  "STAGING_POSTGRES_PORT": "4008",
build-and-push (telegram-bot)	UNKNOWN STEP	  "STAGING_PTMA_API_BASE_URL": "https://staging-app.toncloud.observer/api/v1",
build-and-push (telegram-bot)	UNKNOWN STEP	  "STAGING_RABBITMQ_DOMAIN": "staging-rabbitmq.toncloud.observer",
build-and-push (telegram-bot)	UNKNOWN STEP	  "STAGING_RABBITMQ_MANAGEMENT_PORT": "4015",
build-and-push (telegram-bot)	UNKNOWN STEP	  "STAGING_RABBITMQ_NODE_PORT": "4016",
build-and-push (telegram-bot)	UNKNOWN STEP	  "STAGING_REDIS_DATABASES": "1",
build-and-push (telegram-bot)	UNKNOWN STEP	  "STAGING_REDIS_PORT": "4011",
build-and-push (telegram-bot)	UNKNOWN STEP	  "STAGING_REGISTRY_URL": "registry.toncloud.observer",
build-and-push (telegram-bot)	UNKNOWN STEP	  "STAGING_SOCKET_PORT": "40***",
build-and-push (telegram-bot)	UNKNOWN STEP	  "STAGING_STAGE_NAME": "staging-***",
build-and-push (telegram-bot)	UNKNOWN STEP	  "STAGING_SWAGGER_UI_DOMAIN": "staging-swagger-ui.toncloud.observer",
build-and-push (telegram-bot)	UNKNOWN STEP	  "STAGING_SWAGGER_UI_PORT": "4024",
build-and-push (telegram-bot)	UNKNOWN STEP	  "STAGING_SYS_CADDY_REPLICAS": "1",
build-and-push (telegram-bot)	UNKNOWN STEP	  "STAGING_SYS_MINI_APP_REPLICAS": "2",
build-and-push (telegram-bot)	UNKNOWN STEP	  "STAGING_SYS_PARTICIPANT_TMA_REPLICAS": "2",
build-and-push (telegram-bot)	UNKNOWN STEP	  "STAGING_SYS_WEB_SITE_REPLICAS": "1",
build-and-push (telegram-bot)	UNKNOWN STEP	  "STAGING_TELEGRAM_BOT_PORT": "4002",
build-and-push (telegram-bot)	UNKNOWN STEP	  "STAGING_TG_EVENTS_TOPIC": "2",
build-and-push (telegram-bot)	UNKNOWN STEP	  "STAGING_TG_LOGS_GROUP_ID": "-100***64975789",
build-and-push (telegram-bot)	UNKNOWN STEP	  "STAGING_TG_LOG_BOT_TOKEN": "7604730825:AAE1WJHs5lFI2zX_tba6M-1HYfffA8ugFmA",
build-and-push (telegram-bot)	UNKNOWN STEP	  "STAGING_TG_NOTIFICATION_CHANELL": "-1002164161685",
build-and-push (telegram-bot)	UNKNOWN STEP	  "STAGING_TG_SYSTEM_TOPIC": "16",
build-and-push (telegram-bot)	UNKNOWN STEP	  "STAGING_TG_TICKETS_TOPIC": "4",
build-and-push (telegram-bot)	UNKNOWN STEP	  "STAGING_TON_CENTER_ENDPOINT": "https://toncenter.com/api/v2/jsonRPC",
build-and-push (telegram-bot)	UNKNOWN STEP	  "STAGING_TON_SOCIETY_BASE_URL": "https://id.ton.org/v1",
build-and-push (telegram-bot)	UNKNOWN STEP	  "STAGING_TWITTER_CLIENT_ID": "SU1RUS0xaHNsRk5kd014UlZieDQ6MTpjaQ",
build-and-push (telegram-bot)	UNKNOWN STEP	  "STAGING_USE_CLOUDFLARE": "true",
build-and-push (telegram-bot)	UNKNOWN STEP	  "STAGING_USE_MAIN_IP_TO_EXPOSE": "true",
build-and-push (telegram-bot)	UNKNOWN STEP	  "TELEGRAM_BOT_TOKEN_FOR_DEPLOYMENT": "7604730825:AAHhtwa4bGhELsBn2VqUxIIFXVJkRJfKuDs",
build-and-push (telegram-bot)	UNKNOWN STEP	  "TELEGRAM_CHAT_ID_FOR_DEPLOYMENT": "***"
build-and-push (telegram-bot)	UNKNOWN STEP	}
build-and-push (telegram-bot)	UNKNOWN STEP	2026-02-09T09:12:20.8015964Z ##[endgroup]
build-and-push (telegram-bot)	UNKNOWN STEP	2026-02-09T09:12:21.0414136Z ##[group]Docker info
build-and-push (telegram-bot)	UNKNOWN STEP	2026-02-09T09:12:21.0443993Z [command]/usr/bin/docker version
build-and-push (telegram-bot)	UNKNOWN STEP	2026-02-09T09:12:21.1324415Z Client: Docker Engine - Community
build-and-push (telegram-bot)	UNKNOWN STEP	2026-02-09T09:12:21.1328992Z  Version:           28.0.4
build-and-push (telegram-bot)	UNKNOWN STEP	2026-02-09T09:12:21.1330364Z  API version:       1.48
build-and-push (telegram-bot)	UNKNOWN STEP	2026-02-09T09:12:21.1332333Z  Go version:        go1.23.7
build-and-push (telegram-bot)	UNKNOWN STEP	2026-02-09T09:12:21.1333227Z  Git commit:        b8034c0
build-and-push (telegram-bot)	UNKNOWN STEP	2026-02-09T09:12:21.1334255Z  Built:             Tue Mar 25 15:07:16 2025
build-and-push (telegram-bot)	UNKNOWN STEP	2026-02-09T09:12:21.1335516Z  OS/Arch:           linux/amd64
build-and-push (telegram-bot)	UNKNOWN STEP	2026-02-09T09:12:21.1336413Z  Context:           default
build-and-push (telegram-bot)	UNKNOWN STEP	2026-02-09T09:12:21.1336900Z 
build-and-push (telegram-bot)	UNKNOWN STEP	2026-02-09T09:12:21.1337269Z Server: Docker Engine - Community
build-and-push (telegram-bot)	UNKNOWN STEP	2026-02-09T09:12:21.1338093Z  Engine:
build-and-push (telegram-bot)	UNKNOWN STEP	2026-02-09T09:12:21.1338523Z   Version:          28.0.4
build-and-push (telegram-bot)	UNKNOWN STEP	2026-02-09T09:12:21.1339057Z   API version:      1.48 (minimum version 1.24)
build-and-push (telegram-bot)	UNKNOWN STEP	2026-02-09T09:12:21.1339624Z   Go version:       go1.23.7
build-and-push (telegram-bot)	UNKNOWN STEP	2026-02-09T09:12:21.1340111Z   Git commit:       6430e49
build-and-push (telegram-bot)	UNKNOWN STEP	2026-02-09T09:12:21.1340609Z   Built:            Tue Mar 25 15:07:16 2025
build-and-push (telegram-bot)	UNKNOWN STEP	2026-02-09T09:12:21.1341130Z   OS/Arch:          linux/amd64
build-and-push (telegram-bot)	UNKNOWN STEP	2026-02-09T09:12:21.1341665Z   Experimental:     ***
build-and-push (telegram-bot)	UNKNOWN STEP	2026-02-09T09:12:21.1342139Z  containerd:
build-and-push (telegram-bot)	UNKNOWN STEP	2026-02-09T09:12:21.1342589Z   Version:          v2.2.1
build-and-push (telegram-bot)	UNKNOWN STEP	2026-02-09T09:12:21.1343132Z   GitCommit:        dea7da592f5d1d2b7755e3a161be07f43fad8f75
build-and-push (telegram-bot)	UNKNOWN STEP	2026-02-09T09:12:21.1343684Z  runc:
build-and-push (telegram-bot)	UNKNOWN STEP	2026-02-09T09:12:21.1344394Z   Version:          1.3.4
build-and-push (telegram-bot)	UNKNOWN STEP	2026-02-09T09:12:21.1344905Z   GitCommit:        v1.3.4-0-gd6d73eb8
build-and-push (telegram-bot)	UNKNOWN STEP	2026-02-09T09:12:21.1345436Z  docker-init:
build-and-push (telegram-bot)	UNKNOWN STEP	2026-02-09T09:12:21.1345891Z   Version:          0.19.0
build-and-push (telegram-bot)	UNKNOWN STEP	2026-02-09T09:12:21.1346366Z   GitCommit:        de40ad0
build-and-push (telegram-bot)	UNKNOWN STEP	2026-02-09T09:12:21.1396728Z [command]/usr/bin/docker info
build-and-push (telegram-bot)	UNKNOWN STEP	2026-02-09T09:12:23.7383162Z Client: Docker Engine - Community
build-and-push (telegram-bot)	UNKNOWN STEP	2026-02-09T09:12:23.7384544Z  Version:    28.0.4
build-and-push (telegram-bot)	UNKNOWN STEP	2026-02-09T09:12:23.7385068Z  Context:    default
build-and-push (telegram-bot)	UNKNOWN STEP	2026-02-09T09:12:23.7385583Z  Debug Mode: ***
build-and-push (telegram-bot)	UNKNOWN STEP	2026-02-09T09:12:23.7386019Z  Plugins:
build-and-push (telegram-bot)	UNKNOWN STEP	2026-02-09T09:12:23.7386471Z   buildx: Docker Buildx (Docker Inc.)
build-and-push (telegram-bot)	UNKNOWN STEP	2026-02-09T09:12:23.7386976Z     Version:  v0.31.1
build-and-push (telegram-bot)	UNKNOWN STEP	2026-02-09T09:12:23.7387510Z     Path:     /usr/libexec/docker/cli-plugins/docker-buildx
build-and-push (telegram-bot)	UNKNOWN STEP	2026-02-09T09:12:23.7388109Z   compose: Docker Compose (Docker Inc.)
build-and-push (telegram-bot)	UNKNOWN STEP	2026-02-09T09:12:23.7388640Z     Version:  v2.38.2
build-and-push (telegram-bot)	UNKNOWN STEP	2026-02-09T09:12:23.7389158Z     Path:     /usr/libexec/docker/cli-plugins/docker-compose
build-and-push (telegram-bot)	UNKNOWN STEP	2026-02-09T09:12:23.7389547Z 
build-and-push (telegram-bot)	UNKNOWN STEP	2026-02-09T09:12:23.7389729Z Server:
build-and-push (telegram-bot)	UNKNOWN STEP	2026-02-09T09:12:23.7390132Z  Containers: 0
build-and-push (telegram-bot)	UNKNOWN STEP	2026-02-09T09:12:23.7390560Z   Running: 0
build-and-push (telegram-bot)	UNKNOWN STEP	2026-02-09T09:12:23.7391002Z   Paused: 0
build-and-push (telegram-bot)	UNKNOWN STEP	2026-02-09T09:12:23.7391414Z   Stopped: 0
build-and-push (telegram-bot)	UNKNOWN STEP	2026-02-09T09:12:23.7391811Z  Images: 1
build-and-push (telegram-bot)	UNKNOWN STEP	2026-02-09T09:12:23.7392449Z  Server Version: 28.0.4
build-and-push (telegram-bot)	UNKNOWN STEP	2026-02-09T09:12:23.7392967Z  Storage Driver: overlay2
build-and-push (telegram-bot)	UNKNOWN STEP	2026-02-09T09:12:23.7393590Z   Backing Filesystem: extfs
build-and-push (telegram-bot)	UNKNOWN STEP	2026-02-09T09:12:23.7394382Z   Supports d_type: true
build-and-push (telegram-bot)	UNKNOWN STEP	2026-02-09T09:12:23.7394874Z   Using metacopy: ***
build-and-push (telegram-bot)	UNKNOWN STEP	2026-02-09T09:12:23.7395364Z   Native Overlay Diff: ***
build-and-push (telegram-bot)	UNKNOWN STEP	2026-02-09T09:12:23.7395841Z   userxattr: ***
build-and-push (telegram-bot)	UNKNOWN STEP	2026-02-09T09:12:23.7396340Z  Logging Driver: json-file
build-and-push (telegram-bot)	UNKNOWN STEP	2026-02-09T09:12:23.7396814Z  Cgroup Driver: systemd
build-and-push (telegram-bot)	UNKNOWN STEP	2026-02-09T09:12:23.7397266Z  Cgroup Version: 2
build-and-push (telegram-bot)	UNKNOWN STEP	2026-02-09T09:12:23.7397849Z  Plugins:
build-and-push (telegram-bot)	UNKNOWN STEP	2026-02-09T09:12:23.7398586Z   Volume: local
build-and-push (telegram-bot)	UNKNOWN STEP	2026-02-09T09:12:23.7399095Z   Network: bridge host ipvlan macvlan null overlay
build-and-push (telegram-bot)	UNKNOWN STEP	2026-02-09T09:12:23.7399785Z   Log: awslogs fluentd gcplogs gelf journald json-file local splunk syslog
build-and-push (telegram-bot)	UNKNOWN STEP	2026-02-09T09:12:23.7400399Z  Swarm: inactive
build-and-push (telegram-bot)	UNKNOWN STEP	2026-02-09T09:12:23.7400863Z  Runtimes: io.containerd.runc.v2 runc
build-and-push (telegram-bot)	UNKNOWN STEP	2026-02-09T09:12:23.7401385Z  Default Runtime: runc
build-and-push (telegram-bot)	UNKNOWN STEP	2026-02-09T09:12:23.7401851Z  Init Binary: docker-init
build-and-push (telegram-bot)	UNKNOWN STEP	2026-02-09T09:12:23.7402401Z  containerd version: dea7da592f5d1d2b7755e3a161be07f43fad8f75
build-and-push (telegram-bot)	UNKNOWN STEP	2026-02-09T09:12:23.7403194Z  runc version: v1.3.4-0-gd6d73eb8
build-and-push (telegram-bot)	UNKNOWN STEP	2026-02-09T09:12:23.7403768Z  init version: de40ad0
build-and-push (telegram-bot)	UNKNOWN STEP	2026-02-09T09:12:23.7404467Z  Security Options:
build-and-push (telegram-bot)	UNKNOWN STEP	2026-02-09T09:12:23.7405072Z   apparmor
build-and-push (telegram-bot)	UNKNOWN STEP	2026-02-09T09:12:23.7405488Z   seccomp
build-and-push (telegram-bot)	UNKNOWN STEP	2026-02-09T09:12:23.7405901Z    Profile: builtin
build-and-push (telegram-bot)	UNKNOWN STEP	2026-02-09T09:12:23.7406326Z   cgroupns
build-and-push (telegram-bot)	UNKNOWN STEP	2026-02-09T09:12:23.7406899Z  Kernel Version: 6.11.0-1018-azure
build-and-push (telegram-bot)	UNKNOWN STEP	2026-02-09T09:12:23.7407548Z  Operating System: Ubuntu 24.04.3 LTS
build-and-push (telegram-bot)	UNKNOWN STEP	2026-02-09T09:12:23.7408186Z  OSType: linux
build-and-push (telegram-bot)	UNKNOWN STEP	2026-02-09T09:12:23.7408624Z  Architecture: x86_64
build-and-push (telegram-bot)	UNKNOWN STEP	2026-02-09T09:12:23.7409164Z  CPUs: 4
build-and-push (telegram-bot)	UNKNOWN STEP	2026-02-09T09:12:23.7409691Z  Total Memory: 15.62GiB
build-and-push (telegram-bot)	UNKNOWN STEP	2026-02-09T09:12:23.7410203Z  Name: runnervmwffz4
build-and-push (telegram-bot)	UNKNOWN STEP	2026-02-09T09:12:23.7410808Z  ID: 073c65d4-c458-42c9-935a-939d0489da0a
build-and-push (telegram-bot)	UNKNOWN STEP	2026-02-09T09:12:23.7411342Z  Docker Root Dir: /var/lib/docker
build-and-push (telegram-bot)	UNKNOWN STEP	2026-02-09T09:12:23.7412316Z  Debug Mode: ***
build-and-push (telegram-bot)	UNKNOWN STEP	2026-02-09T09:12:23.7412890Z  Username: githubactions
build-and-push (telegram-bot)	UNKNOWN STEP	2026-02-09T09:12:23.7413515Z  Experimental: ***
build-and-push (telegram-bot)	UNKNOWN STEP	2026-02-09T09:12:23.7414805Z  Insecure Registries:
build-and-push (telegram-bot)	UNKNOWN STEP	2026-02-09T09:12:23.7419895Z   ::1/128
build-and-push (telegram-bot)	UNKNOWN STEP	2026-02-09T09:12:23.7420618Z   127.0.0.0/8
build-and-push (telegram-bot)	UNKNOWN STEP	2026-02-09T09:12:23.7421155Z  Live Restore Enabled: ***
build-and-push (telegram-bot)	UNKNOWN STEP	2026-02-09T09:12:23.7421585Z 
build-and-push (telegram-bot)	UNKNOWN STEP	2026-02-09T09:12:23.7422333Z ##[endgroup]
build-and-push (telegram-bot)	UNKNOWN STEP	2026-02-09T09:12:23.8448942Z ##[group]Buildx version
build-and-push (telegram-bot)	UNKNOWN STEP	2026-02-09T09:12:23.8472658Z [command]/usr/bin/docker buildx version
build-and-push (telegram-bot)	UNKNOWN STEP	2026-02-09T09:12:23.9103271Z github.com/docker/buildx v0.31.1 a2675950d46b2cb171b23c2015ca44fb88607531
build-and-push (telegram-bot)	UNKNOWN STEP	2026-02-09T09:12:23.9139111Z ##[endgroup]
build-and-push (telegram-bot)	UNKNOWN STEP	2026-02-09T09:12:23.9286472Z ##[group]Inspecting default docker context
build-and-push (telegram-bot)	UNKNOWN STEP	2026-02-09T09:12:23.9466332Z [
build-and-push (telegram-bot)	UNKNOWN STEP	2026-02-09T09:12:23.9467400Z   {
build-and-push (telegram-bot)	UNKNOWN STEP	2026-02-09T09:12:23.9468153Z     "Name": "default",
build-and-push (telegram-bot)	UNKNOWN STEP	2026-02-09T09:12:23.9468982Z     "Metadata": {},
build-and-push (telegram-bot)	UNKNOWN STEP	2026-02-09T09:12:23.9469787Z     "Endpoints": {
build-and-push (telegram-bot)	UNKNOWN STEP	2026-02-09T09:12:23.9470595Z       "docker": {
build-and-push (telegram-bot)	UNKNOWN STEP	2026-02-09T09:12:23.9471494Z         "Host": "unix:///var/run/docker.sock",
build-and-push (telegram-bot)	UNKNOWN STEP	2026-02-09T09:12:23.9472569Z         "SkipTLSVerify": ***
build-and-push (telegram-bot)	UNKNOWN STEP	2026-02-09T09:12:23.9473437Z       }
build-and-push (telegram-bot)	UNKNOWN STEP	2026-02-09T09:12:23.9474400Z     },
build-and-push (telegram-bot)	UNKNOWN STEP	2026-02-09T09:12:23.9475189Z     "TLSMaterial": {},
build-and-push (telegram-bot)	UNKNOWN STEP	2026-02-09T09:12:23.9476044Z     "Storage": {
build-and-push (telegram-bot)	UNKNOWN STEP	2026-02-09T09:12:23.9476889Z       "MetadataPath": "<IN MEMORY>",
build-and-push (telegram-bot)	UNKNOWN STEP	2026-02-09T09:12:23.9477855Z       "TLSPath": "<IN MEMORY>"
build-and-push (telegram-bot)	UNKNOWN STEP	2026-02-09T09:12:23.9478713Z     }
build-and-push (telegram-bot)	UNKNOWN STEP	2026-02-09T09:12:23.9479449Z   }
build-and-push (telegram-bot)	UNKNOWN STEP	2026-02-09T09:12:23.9480167Z ]
build-and-push (telegram-bot)	UNKNOWN STEP	2026-02-09T09:12:23.9481515Z ##[endgroup]
build-and-push (telegram-bot)	UNKNOWN STEP	2026-02-09T09:12:23.9482907Z ##[group]Creating a new builder instance
build-and-push (telegram-bot)	UNKNOWN STEP	2026-02-09T09:12:24.0306571Z [command]/usr/bin/docker buildx create --name builder-674fb48a-9b92-4e97-9d68-1b87657df172 --driver docker-container --buildkitd-flags --allow-insecure-entitlement security.insecure --allow-insecure-entitlement network.host --use
build-and-push (telegram-bot)	UNKNOWN STEP	2026-02-09T09:12:24.1263703Z builder-674fb48a-9b92-4e97-9d68-1b87657df172
build-and-push (telegram-bot)	UNKNOWN STEP	2026-02-09T09:12:24.1299730Z ##[endgroup]
build-and-push (telegram-bot)	UNKNOWN STEP	2026-02-09T09:12:24.1300942Z ##[group]Booting builder
build-and-push (telegram-bot)	UNKNOWN STEP	2026-02-09T09:12:24.1346777Z [command]/usr/bin/docker buildx inspect --bootstrap --builder builder-674fb48a-9b92-4e97-9d68-1b87657df172
build-and-push (telegram-bot)	UNKNOWN STEP	2026-02-09T09:12:24.2093299Z #1 [internal] booting buildkit
build-and-push (telegram-bot)	UNKNOWN STEP	2026-02-09T09:12:24.3596850Z #1 pulling image moby/buildkit:buildx-stable-1
build-and-push (telegram-bot)	UNKNOWN STEP	2026-02-09T09:12:28.0709124Z #1 pulling image moby/buildkit:buildx-stable-1 3.9s done
build-and-push (telegram-bot)	UNKNOWN STEP	2026-02-09T09:12:28.2220382Z #1 creating container buildx_buildkit_builder-674fb48a-9b92-4e97-9d68-1b87657df1720
build-and-push (telegram-bot)	UNKNOWN STEP	2026-02-09T09:12:28.3360761Z #1 creating container buildx_buildkit_builder-674fb48a-9b92-4e97-9d68-1b87657df1720 0.3s done
build-and-push (telegram-bot)	UNKNOWN STEP	2026-02-09T09:12:28.3377620Z #1 DONE 4.1s
build-and-push (telegram-bot)	UNKNOWN STEP	2026-02-09T09:12:28.3669983Z Name:          builder-674fb48a-9b92-4e97-9d68-1b87657df172
build-and-push (telegram-bot)	UNKNOWN STEP	2026-02-09T09:12:28.3671029Z Driver:        docker-container
build-and-push (telegram-bot)	UNKNOWN STEP	2026-02-09T09:12:28.3671939Z Last Activity: 2026-02-09 09:12:24 +0000 UTC
build-and-push (telegram-bot)	UNKNOWN STEP	2026-02-09T09:12:28.3672362Z 
build-and-push (telegram-bot)	UNKNOWN STEP	2026-02-09T09:12:28.3672665Z Nodes:
build-and-push (telegram-bot)	UNKNOWN STEP	2026-02-09T09:12:28.3673553Z Name:                  builder-674fb48a-9b92-4e97-9d68-1b87657df1720
build-and-push (telegram-bot)	UNKNOWN STEP	2026-02-09T09:12:28.3674898Z Endpoint:              unix:///var/run/docker.sock
build-and-push (telegram-bot)	UNKNOWN STEP	2026-02-09T09:12:28.3675888Z Status:                running
build-and-push (telegram-bot)	UNKNOWN STEP	2026-02-09T09:12:28.3676804Z BuildKit daemon flags: --allow-insecure-entitlement security.insecure --allow-insecure-entitlement network.host
build-and-push (telegram-bot)	UNKNOWN STEP	2026-02-09T09:12:28.3678147Z BuildKit version:      v0.27.1
build-and-push (telegram-bot)	UNKNOWN STEP	2026-02-09T09:12:28.3679212Z Platforms:             linux/amd64, linux/amd64/v2, linux/amd64/v3, linux/386
build-and-push (telegram-bot)	UNKNOWN STEP	2026-02-09T09:12:28.3680231Z Labels:
build-and-push (telegram-bot)	UNKNOWN STEP	2026-02-09T09:12:28.3681109Z  org.mobyproject.buildkit.worker.executor:         oci
build-and-push (telegram-bot)	UNKNOWN STEP	2026-02-09T09:12:28.3681871Z  org.mobyproject.buildkit.worker.hostname:         d964eeb04983
build-and-push (telegram-bot)	UNKNOWN STEP	2026-02-09T09:12:28.3682581Z  org.mobyproject.buildkit.worker.network:          host
build-and-push (telegram-bot)	UNKNOWN STEP	2026-02-09T09:12:28.3683261Z  org.mobyproject.buildkit.worker.oci.process-mode: sandbox
build-and-push (telegram-bot)	UNKNOWN STEP	2026-02-09T09:12:28.3684268Z  org.mobyproject.buildkit.worker.selinux.enabled:  ***
build-and-push (telegram-bot)	UNKNOWN STEP	2026-02-09T09:12:28.3684979Z  org.mobyproject.buildkit.worker.snapshotter:      overlayfs
build-and-push (telegram-bot)	UNKNOWN STEP	2026-02-09T09:12:28.3685899Z GC Policy rule#0:
build-and-push (telegram-bot)	UNKNOWN STEP	2026-02-09T09:12:28.3686374Z  All:            ***
build-and-push (telegram-bot)	UNKNOWN STEP	2026-02-09T09:12:28.3687002Z  Filters:        type==source.local,type==exec.cachemount,type==source.git.checkout
build-and-push (telegram-bot)	UNKNOWN STEP	2026-02-09T09:12:28.3687855Z  Keep Duration:  48h0m0s
build-and-push (telegram-bot)	UNKNOWN STEP	2026-02-09T09:12:28.3688365Z  Max Used Space: 488.3MiB
build-and-push (telegram-bot)	UNKNOWN STEP	2026-02-09T09:12:28.3688829Z GC Policy rule#1:
build-and-push (telegram-bot)	UNKNOWN STEP	2026-02-09T09:12:28.3689273Z  All:            ***
build-and-push (telegram-bot)	UNKNOWN STEP	2026-02-09T09:12:28.3689732Z  Keep Duration:  1440h0m0s
build-and-push (telegram-bot)	UNKNOWN STEP	2026-02-09T09:12:28.3690196Z  Reserved Space: 7.451GiB
build-and-push (telegram-bot)	UNKNOWN STEP	2026-02-09T09:12:28.3690649Z  Max Used Space: 54.02GiB
build-and-push (telegram-bot)	UNKNOWN STEP	2026-02-09T09:12:28.3691376Z  Min Free Space: 13.97GiB
build-and-push (telegram-bot)	UNKNOWN STEP	2026-02-09T09:12:28.3692158Z GC Policy rule#2:
build-and-push (telegram-bot)	UNKNOWN STEP	2026-02-09T09:12:28.3692942Z  All:            ***
build-and-push (telegram-bot)	UNKNOWN STEP	2026-02-09T09:12:28.3693755Z  Reserved Space: 7.451GiB
build-and-push (telegram-bot)	UNKNOWN STEP	2026-02-09T09:12:28.3716248Z  Max Used Space: 54.02GiB
build-and-push (telegram-bot)	UNKNOWN STEP	2026-02-09T09:12:28.3717089Z  Min Free Space: 13.97GiB
build-and-push (telegram-bot)	UNKNOWN STEP	2026-02-09T09:12:28.3717865Z GC Policy rule#3:
build-and-push (telegram-bot)	UNKNOWN STEP	2026-02-09T09:12:28.3718618Z  All:            true
build-and-push (telegram-bot)	UNKNOWN STEP	2026-02-09T09:12:28.3719422Z  Reserved Space: 7.451GiB
build-and-push (telegram-bot)	UNKNOWN STEP	2026-02-09T09:12:28.3720209Z  Max Used Space: 54.02GiB
build-and-push (telegram-bot)	UNKNOWN STEP	2026-02-09T09:12:28.3720975Z  Min Free Space: 13.97GiB
build-and-push (telegram-bot)	UNKNOWN STEP	2026-02-09T09:12:28.3725438Z ##[endgroup]
build-and-push (telegram-bot)	UNKNOWN STEP	2026-02-09T09:12:28.4701201Z ##[group]Inspect builder
build-and-push (telegram-bot)	UNKNOWN STEP	2026-02-09T09:12:28.4702773Z {
build-and-push (telegram-bot)	UNKNOWN STEP	2026-02-09T09:12:28.4703543Z   "nodes": [
build-and-push (telegram-bot)	UNKNOWN STEP	2026-02-09T09:12:28.4704524Z     {
build-and-push (telegram-bot)	UNKNOWN STEP	2026-02-09T09:12:28.4705442Z       "name": "builder-674fb48a-9b92-4e97-9d68-1b87657df1720",
build-and-push (telegram-bot)	UNKNOWN STEP	2026-02-09T09:12:28.4706601Z       "endpoint": "unix:///var/run/docker.sock",
build-and-push (telegram-bot)	UNKNOWN STEP	2026-02-09T09:12:28.4707631Z       "status": "running",
build-and-push (telegram-bot)	UNKNOWN STEP	2026-02-09T09:12:28.4709078Z       "buildkitd-flags": "--allow-insecure-entitlement security.insecure --allow-insecure-entitlement network.host",
build-and-push (telegram-bot)	UNKNOWN STEP	2026-02-09T09:12:28.4710586Z       "buildkit": "v0.27.1",
build-and-push (telegram-bot)	UNKNOWN STEP	2026-02-09T09:12:28.4711673Z       "platforms": "linux/amd64,linux/amd64/v2,linux/amd64/v3,linux/386",
build-and-push (telegram-bot)	UNKNOWN STEP	2026-02-09T09:12:28.4712704Z       "features": {
build-and-push (telegram-bot)	UNKNOWN STEP	2026-02-09T09:12:28.4713666Z         "Automatically load images to the Docker Engine image store": true,
build-and-push (telegram-bot)	UNKNOWN STEP	2026-02-09T09:12:28.4714907Z         "Cache export": true,
build-and-push (telegram-bot)	UNKNOWN STEP	2026-02-09T09:12:28.4715723Z         "Direct push": true,
build-and-push (telegram-bot)	UNKNOWN STEP	2026-02-09T09:12:28.4716531Z         "Docker exporter": true,
build-and-push (telegram-bot)	UNKNOWN STEP	2026-02-09T09:12:28.4717372Z         "Multi-platform build": true,
build-and-push (telegram-bot)	UNKNOWN STEP	2026-02-09T09:12:28.4718223Z         "OCI exporter": true
build-and-push (telegram-bot)	UNKNOWN STEP	2026-02-09T09:12:28.4718967Z       },
build-and-push (telegram-bot)	UNKNOWN STEP	2026-02-09T09:12:28.4719630Z       "labels": {
build-and-push (telegram-bot)	UNKNOWN STEP	2026-02-09T09:12:28.4720474Z         "org.mobyproject.buildkit.worker.executor": "oci",
build-and-push (telegram-bot)	UNKNOWN STEP	2026-02-09T09:12:28.4721613Z         "org.mobyproject.buildkit.worker.hostname": "d964eeb04983",
build-and-push (telegram-bot)	UNKNOWN STEP	2026-02-09T09:12:28.4722817Z         "org.mobyproject.buildkit.worker.network": "host",
build-and-push (telegram-bot)	UNKNOWN STEP	2026-02-09T09:12:28.4724127Z         "org.mobyproject.buildkit.worker.oci.process-mode": "sandbox",
build-and-push (telegram-bot)	UNKNOWN STEP	2026-02-09T09:12:28.4725439Z         "org.mobyproject.buildkit.worker.selinux.enabled": "***",
build-and-push (telegram-bot)	UNKNOWN STEP	2026-02-09T09:12:28.4726650Z         "org.mobyproject.buildkit.worker.snapshotter": "overlayfs"
build-and-push (telegram-bot)	UNKNOWN STEP	2026-02-09T09:12:28.4727646Z       },
build-and-push (telegram-bot)	UNKNOWN STEP	2026-02-09T09:12:28.4728332Z       "gcPolicy": [
build-and-push (telegram-bot)	UNKNOWN STEP	2026-02-09T09:12:28.4729052Z         {
build-and-push (telegram-bot)	UNKNOWN STEP	2026-02-09T09:12:28.4729726Z           "all": ***,
build-and-push (telegram-bot)	UNKNOWN STEP	2026-02-09T09:12:28.4730445Z           "filter": [
build-and-push (telegram-bot)	UNKNOWN STEP	2026-02-09T09:12:28.4731150Z             "type==source.local",
build-and-push (telegram-bot)	UNKNOWN STEP	2026-02-09T09:12:28.4732063Z             "type==exec.cachemount",
build-and-push (telegram-bot)	UNKNOWN STEP	2026-02-09T09:12:28.4732995Z             "type==source.git.checkout"
build-and-push (telegram-bot)	UNKNOWN STEP	2026-02-09T09:12:28.4734143Z           ],
build-and-push (telegram-bot)	UNKNOWN STEP	2026-02-09T09:12:28.4734905Z           "keepDuration": "48h0m0s"
build-and-push (telegram-bot)	UNKNOWN STEP	2026-02-09T09:12:28.4735695Z         },
build-and-push (telegram-bot)	UNKNOWN STEP	2026-02-09T09:12:28.4736351Z         {
build-and-push (telegram-bot)	UNKNOWN STEP	2026-02-09T09:12:28.4737055Z           "all": ***,
build-and-push (telegram-bot)	UNKNOWN STEP	2026-02-09T09:12:28.4737822Z           "keepDuration": "1440h0m0s"
build-and-push (telegram-bot)	UNKNOWN STEP	2026-02-09T09:12:28.4738634Z         },
build-and-push (telegram-bot)	UNKNOWN STEP	2026-02-09T09:12:28.4739283Z         {
build-and-push (telegram-bot)	UNKNOWN STEP	2026-02-09T09:12:28.4739968Z           "all": ***
build-and-push (telegram-bot)	UNKNOWN STEP	2026-02-09T09:12:28.4740687Z         },
build-and-push (telegram-bot)	UNKNOWN STEP	2026-02-09T09:12:28.4741328Z         {
build-and-push (telegram-bot)	UNKNOWN STEP	2026-02-09T09:12:28.4741989Z           "all": true
build-and-push (telegram-bot)	UNKNOWN STEP	2026-02-09T09:12:28.4742685Z         }
build-and-push (telegram-bot)	UNKNOWN STEP	2026-02-09T09:12:28.4743320Z       ]
build-and-push (telegram-bot)	UNKNOWN STEP	2026-02-09T09:12:28.4744428Z     }
build-and-push (telegram-bot)	UNKNOWN STEP	2026-02-09T09:12:28.4745094Z   ],
build-and-push (telegram-bot)	UNKNOWN STEP	2026-02-09T09:12:28.4745899Z   "name": "builder-674fb48a-9b92-4e97-9d68-1b87657df172",
build-and-push (telegram-bot)	UNKNOWN STEP	2026-02-09T09:12:28.4747068Z   "driver": "docker-container",
build-and-push (telegram-bot)	UNKNOWN STEP	2026-02-09T09:12:28.4747921Z   "lastActivity": "2026-02-09T09:12:24.000Z"
build-and-push (telegram-bot)	UNKNOWN STEP	2026-02-09T09:12:28.4748752Z }
build-and-push (telegram-bot)	UNKNOWN STEP	2026-02-09T09:12:28.4750070Z ##[endgroup]
build-and-push (telegram-bot)	UNKNOWN STEP	2026-02-09T09:12:28.4751273Z ##[group]BuildKit version
build-and-push (telegram-bot)	UNKNOWN STEP	2026-02-09T09:12:28.4752151Z builder-674fb48a-9b92-4e97-9d68-1b87657df1720: v0.27.1
build-and-push (telegram-bot)	UNKNOWN STEP	2026-02-09T09:12:28.4753488Z ##[endgroup]
build-and-push (telegram-bot)	UNKNOWN STEP	2026-02-09T09:12:28.4857883Z ##[group]Run docker/login-action@v3
build-and-push (telegram-bot)	UNKNOWN STEP	2026-02-09T09:12:28.4858423Z with:
build-and-push (telegram-bot)	UNKNOWN STEP	2026-02-09T09:12:28.4858857Z   registry: ghcr.io
build-and-push (telegram-bot)	UNKNOWN STEP	2026-02-09T09:12:28.4859325Z   username: bemehrbani
build-and-push (telegram-bot)	UNKNOWN STEP	2026-02-09T09:12:28.4859910Z   password: ***
build-and-push (telegram-bot)	UNKNOWN STEP	2026-02-09T09:12:28.4860362Z   logout: true
build-and-push (telegram-bot)	UNKNOWN STEP	2026-02-09T09:12:28.4860778Z env:
build-and-push (telegram-bot)	UNKNOWN STEP	2026-02-09T09:12:28.4890674Z   ALLMYSECRETS: {
build-and-push (telegram-bot)	UNKNOWN STEP	  "DEV_MNEMONIC": "***",
build-and-push (telegram-bot)	UNKNOWN STEP	  "MAIN_PGADMIN_DEFAULT_PASSWORD": "***",
build-and-push (telegram-bot)	UNKNOWN STEP	  "DOCKER_HUB_TOKEN": "***",
build-and-push (telegram-bot)	UNKNOWN STEP	  "STAGING_ONTON_API_KEY": "***",
build-and-push (telegram-bot)	UNKNOWN STEP	  "STAGING_CLOUDFLARE_API_TOKEN": "***",
build-and-push (telegram-bot)	UNKNOWN STEP	  "DEV_TON_CENTER_TOKEN": "***",
build-and-push (telegram-bot)	UNKNOWN STEP	  "STAGING_ONTON_API_SECRET": "***",
build-and-push (telegram-bot)	UNKNOWN STEP	  "STAGING_GITHUB_CLIENT_SECRET": "***",
build-and-push (telegram-bot)	UNKNOWN STEP	  "SSH_MAIN_IP": "***",
build-and-push (telegram-bot)	UNKNOWN STEP	  "MAIN_TWITTER_CLIENT_SECRET": "***",
build-and-push (telegram-bot)	UNKNOWN STEP	  "STAGING_MINIO_ROOT_PASSWORD": "***",
build-and-push (telegram-bot)	UNKNOWN STEP	  "MAIN_GITHUB_CLIENT_SECRET": "***",
build-and-push (telegram-bot)	UNKNOWN STEP	  "STAGING_RABBITMQ_DEFAULT_PASS": "***",
build-and-push (telegram-bot)	UNKNOWN STEP	  "SSH_DEV_IP": "***",
build-and-push (telegram-bot)	UNKNOWN STEP	  "DEV_POSTGRES_PASSWORD": "***",
build-and-push (telegram-bot)	UNKNOWN STEP	  "SSH_PASSPHRASE": "***",
build-and-push (telegram-bot)	UNKNOWN STEP	  "STAGING_CLIENT_API_FIXED_KEY": "***",
build-and-push (telegram-bot)	UNKNOWN STEP	  "MAIN_TON_CENTER_TOKEN": "***",
build-and-push (telegram-bot)	UNKNOWN STEP	  "DOCKER_HUB_USERNAME": "***",
build-and-push (telegram-bot)	UNKNOWN STEP	  "GIT_API_KEY": "***",
build-and-push (telegram-bot)	UNKNOWN STEP	  "MAIN_CLOUDFLARE_EMAIL": "***",
build-and-push (telegram-bot)	UNKNOWN STEP	  "MAIN_DATABASE_URL": "***",
build-and-push (telegram-bot)	UNKNOWN STEP	  "MAIN_CLOUDFLARE_EMAIL_MAIN": "***",
build-and-push (telegram-bot)	UNKNOWN STEP	  "STAGING_PGADMIN_DEFAULT_EMAIL": "***",
build-and-push (telegram-bot)	UNKNOWN STEP	  "STAGING_SECRET_EVENT_WALLET_ENC_KEY": "***",
build-and-push (telegram-bot)	UNKNOWN STEP	  "STAGING_PGADMIN_DEFAULT_PASSWORD": "***",
build-and-push (telegram-bot)	UNKNOWN STEP	  "CR_PAT": "***",
build-and-push (telegram-bot)	UNKNOWN STEP	  "MAIN_CLOUDFLARE_API_TOKEN_MAIN": "***",
build-and-push (telegram-bot)	UNKNOWN STEP	  "MAIN_POSTGRES_USER": "***",
build-and-push (telegram-bot)	UNKNOWN STEP	  "DEV_BOT_TOKEN": "***",
build-and-push (telegram-bot)	UNKNOWN STEP	  "STAGING_REDIS_PASSWORD": "***",
build-and-push (telegram-bot)	UNKNOWN STEP	  "TELEGRAM_CHAT_ID_FOR_DEPLOYMENT": "***",
build-and-push (telegram-bot)	UNKNOWN STEP	  "STAGING_TONAPI_API_KEY": "***",
build-and-push (telegram-bot)	UNKNOWN STEP	  "STAGING_CLOUDFLARE_API_TOKEN_MAIN": "***",
build-and-push (telegram-bot)	UNKNOWN STEP	  "MAIN_BOT_TOKEN": "***",
build-and-push (telegram-bot)	UNKNOWN STEP	  "MAIN_SENTRY_AUTH_TOKEN": "***",
build-and-push (telegram-bot)	UNKNOWN STEP	  "github_token": "***",
build-and-push (telegram-bot)	UNKNOWN STEP	  "STAGING_DATABASE_URL_NFT_MANAGER": "***",
build-and-push (telegram-bot)	UNKNOWN STEP	  "DEV_CLOUDFLARE_API_TOKEN": "***",
build-and-push (telegram-bot)	UNKNOWN STEP	  "STAGING_TON_SOCIETY_API_KEY": "***",
build-and-push (telegram-bot)	UNKNOWN STEP	  "STAGING_POSTGRES_PASSWORD": "***",
build-and-push (telegram-bot)	UNKNOWN STEP	  "MAIN_RABBITMQ_DEFAULT_USER": "***",
build-and-push (telegram-bot)	UNKNOWN STEP	  "MAIN_CLOUDFLARE_API_TOKEN": "***",
build-and-push (telegram-bot)	UNKNOWN STEP	  "MAIN_CLOUDFLARE_DNS_ZONE_ID": "***",
build-and-push (telegram-bot)	UNKNOWN STEP	  "MAIN_REDIS_PASSWORD": "***",
build-and-push (telegram-bot)	UNKNOWN STEP	  "STAGING_MINIO_ROOT_USER": "***",
build-and-push (telegram-bot)	UNKNOWN STEP	  "MAIN_TON_SOCIETY_API_KEY": "***",
build-and-push (telegram-bot)	UNKNOWN STEP	  "STAGING_CLOUDFLARE_DNS_ZONE_ID": "***",
build-and-push (telegram-bot)	UNKNOWN STEP	  "DEV_CLIENT_API_JWT_SECRET": "***",
build-and-push (telegram-bot)	UNKNOWN STEP	  "STAGING_BOT_TOKEN": "***",
build-and-push (telegram-bot)	UNKNOWN STEP	  "MAIN_MB_ENCRYPTION_SECRET_KEY": "***",
build-and-push (telegram-bot)	UNKNOWN STEP	  "USE_CLOUDFLARE": "***",
build-and-push (telegram-bot)	UNKNOWN STEP	  "MAIN_TONAPI_API_KEY": "***",
build-and-push (telegram-bot)	UNKNOWN STEP	  "SSH_PRIVATE_KEY": "***",
build-and-push (telegram-bot)	UNKNOWN STEP	  "MAIN_LINKEDIN_CLIENT_SECRET": "***",
build-and-push (telegram-bot)	UNKNOWN STEP	  "STAGING_MS_CLIENT_SECRET": "***",
build-and-push (telegram-bot)	UNKNOWN STEP	  "SSH_DEV_KEY": "***",
build-and-push (telegram-bot)	UNKNOWN STEP	  "STAGING_TWITTER_CLIENT_SECRET": "***",
build-and-push (telegram-bot)	UNKNOWN STEP	  "STAGING_CLIENT_API_JWT_SECRET": "***",
build-and-push (telegram-bot)	UNKNOWN STEP	  "MAIN_DATABASE_URL_NFT_MANAGER": "***",
build-and-push (telegram-bot)	UNKNOWN STEP	  "DEV_ONTON_API_SECRET": "***",
build-and-push (telegram-bot)	UNKNOWN STEP	  "MAIN_GOOGLE_CLIENT_SECRET": "***",
build-and-push (telegram-bot)	UNKNOWN STEP	  "MAIN_MS_CLIENT_SECRET": "***",
build-and-push (telegram-bot)	UNKNOWN STEP	  "STAGING_DATABASE_URL": "***",
build-and-push (telegram-bot)	UNKNOWN STEP	  "STAGING_TON_CENTER_TOKEN": "***",
build-and-push (telegram-bot)	UNKNOWN STEP	  "DEV_TON_SOCIETY_API_KEY": "***",
build-and-push (telegram-bot)	UNKNOWN STEP	  "MAIN_EVENT_WALLET_ENC_KEY": "***",
build-and-push (telegram-bot)	UNKNOWN STEP	  "STAGING_POSTGRES_USER": "***",
build-and-push (telegram-bot)	UNKNOWN STEP	  "MAIN_PGADMIN_DEFAULT_EMAIL": "***",
build-and-push (telegram-bot)	UNKNOWN STEP	  "SSH_MAIN_PORT": "***",
build-and-push (telegram-bot)	UNKNOWN STEP	  "MAIN_MNEMONIC": "***",
build-and-push (telegram-bot)	UNKNOWN STEP	  "MAIN_POSTGRES_PASSWORD": "***",
build-and-push (telegram-bot)	UNKNOWN STEP	  "DEV_TONAPI_API_KEY": "***",
build-and-push (telegram-bot)	UNKNOWN STEP	  "STAGING_GOOGLE_CLIENT_SECRET": "***",
build-and-push (telegram-bot)	UNKNOWN STEP	  "DEV_MB_ENCRYPTION_SECRET_KEY": "***",
build-and-push (telegram-bot)	UNKNOWN STEP	  "STAGING_SENTRY_AUTH_TOKEN": "***",
build-and-push (telegram-bot)	UNKNOWN STEP	  "DEV_DATABASE_URL": "***",
build-and-push (telegram-bot)	UNKNOWN STEP	  "DEV_MINIO_ROOT_PASSWORD": "***",
build-and-push (telegram-bot)	UNKNOWN STEP	  "MAIN_RABBITMQ_DEFAULT_PASS": "***",
build-and-push (telegram-bot)	UNKNOWN STEP	  "TELEGRAM_BOT_TOKEN_FOR_DEPLOYMENT": "***",
build-and-push (telegram-bot)	UNKNOWN STEP	  "MAIN_ONTON_API_SECRET": "***",
build-and-push (telegram-bot)	UNKNOWN STEP	  "MAIN_CLIENT_API_FIXED_KEY": "***",
build-and-push (telegram-bot)	UNKNOWN STEP	  "SSH_DEV_PORT": "***",
build-and-push (telegram-bot)	UNKNOWN STEP	  "DEV_ONTON_API_KEY": "***",
build-and-push (telegram-bot)	UNKNOWN STEP	  "DEV_MINIO_ROOT_USER": "***",
build-and-push (telegram-bot)	UNKNOWN STEP	  "STAGING_MNEMONIC": "***",
build-and-push (telegram-bot)	UNKNOWN STEP	  "MAIN_MINIO_ROOT_USER": "***",
build-and-push (telegram-bot)	UNKNOWN STEP	  "DEV_PGADMIN_DEFAULT_PASSWORD": "***",
build-and-push (telegram-bot)	UNKNOWN STEP	  "DEV_CLIENT_API_FIXED_KEY": "***",
build-and-push (telegram-bot)	UNKNOWN STEP	  "STAGING_CLOUDFLARE_EMAIL": "***",
build-and-push (telegram-bot)	UNKNOWN STEP	  "STAGING_MB_ENCRYPTION_SECRET_KEY": "***",
build-and-push (telegram-bot)	UNKNOWN STEP	  "MAIN_MINIO_ROOT_PASSWORD": "***",
build-and-push (telegram-bot)	UNKNOWN STEP	  "MAIN_ONTON_API_KEY": "***",
build-and-push (telegram-bot)	UNKNOWN STEP	  "STAGING_RABBITMQ_DEFAULT_USER": "***",
build-and-push (telegram-bot)	UNKNOWN STEP	  "MAIN_CLIENT_API_JWT_SECRET": "***",
build-and-push (telegram-bot)	UNKNOWN STEP	  "STAGING_LINKEDIN_CLIENT_SECRET": "***",
build-and-push (telegram-bot)	UNKNOWN STEP	  "DEV_RABBITMQ_DEFAULT_PASS": "***"
build-and-push (telegram-bot)	UNKNOWN STEP	}
build-and-push (telegram-bot)	UNKNOWN STEP	2026-02-09T09:12:28.4970420Z   ALLMYVARS: {
build-and-push (telegram-bot)	UNKNOWN STEP	  "DEV_ACME_AGREE": "true",
build-and-push (telegram-bot)	UNKNOWN STEP	  "DEV_BRANCH_NAME": "dev",
build-and-push (telegram-bot)	UNKNOWN STEP	  "DEV_CACHE_ENABLED": "true",
build-and-push (telegram-bot)	UNKNOWN STEP	  "DEV_CLAMAV_PORT": "***10",
build-and-push (telegram-bot)	UNKNOWN STEP	  "DEV_CLIENT_API_FIXED_ORGANIZER": "@Ontonadmin",
build-and-push (telegram-bot)	UNKNOWN STEP	  "DEV_CLIENT_API_FIXED_USER": "@Ontonadmin",
build-and-push (telegram-bot)	UNKNOWN STEP	  "DEV_CLIENT_WEB_DOMAIN": "dev-client-web.dev.***.live",
build-and-push (telegram-bot)	UNKNOWN STEP	  "DEV_COMPOSE_PROJECT_NAME": "develop-***",
build-and-push (telegram-bot)	UNKNOWN STEP	  "DEV_ENV": "development",
build-and-push (telegram-bot)	UNKNOWN STEP	  "DEV_EVENT_WALLET_ENC_KEY": "Ci5M6/B4Wke4qX6tXViVeW0xM0iH0yh/qvD3Y1xu2v8",
build-and-push (telegram-bot)	UNKNOWN STEP	  "DEV_GOLANG_SERVER_PORT": "3013",
build-and-push (telegram-bot)	UNKNOWN STEP	  "DEV_IP_CADDY": "caddy",
build-and-push (telegram-bot)	UNKNOWN STEP	  "DEV_IP_CLAMAV": "host.docker.internal",
build-and-push (telegram-bot)	UNKNOWN STEP	  "DEV_IP_CLIENT_WEB": "client-web",
build-and-push (telegram-bot)	UNKNOWN STEP	  "DEV_IP_GIVEAWAY_CHECKER": "giveaway-checker",
build-and-push (telegram-bot)	UNKNOWN STEP	  "DEV_IP_GOLANG_SERVER": "golang-server",
build-and-push (telegram-bot)	UNKNOWN STEP	  "DEV_IP_GOLANG_WORKER": "golang-worker",
build-and-push (telegram-bot)	UNKNOWN STEP	  "DEV_IP_KIBANA": "kibana",
build-and-push (telegram-bot)	UNKNOWN STEP	  "DEV_IP_METABASE": "metabase",
build-and-push (telegram-bot)	UNKNOWN STEP	  "DEV_IP_MINIO": "minio",
build-and-push (telegram-bot)	UNKNOWN STEP	  "DEV_IP_MINI_APP": "mini-app",
build-and-push (telegram-bot)	UNKNOWN STEP	  "DEV_IP_MINI_APP_CRON": "mini-app-sbt-worker",
build-and-push (telegram-bot)	UNKNOWN STEP	  "DEV_IP_NFT_MANAGER": "nft-manager",
build-and-push (telegram-bot)	UNKNOWN STEP	  "DEV_IP_PARTICIPANT_TMA": "participant-tma",
build-and-push (telegram-bot)	UNKNOWN STEP	  "DEV_IP_PGADMIN": "pgadmin",
build-and-push (telegram-bot)	UNKNOWN STEP	  "DEV_IP_POA_WORKER": "mini-app-poa-worker",
build-and-push (telegram-bot)	UNKNOWN STEP	  "DEV_IP_POSTGRES": "postgres",
build-and-push (telegram-bot)	UNKNOWN STEP	  "DEV_IP_RABBITMQ": "rabbitmq",
build-and-push (telegram-bot)	UNKNOWN STEP	  "DEV_IP_RANGE_BASE": "host.docker.internal",
build-and-push (telegram-bot)	UNKNOWN STEP	  "DEV_IP_RANGE_START": "172.10",
build-and-push (telegram-bot)	UNKNOWN STEP	  "DEV_IP_RANGE_SUBNET": "24",
build-and-push (telegram-bot)	UNKNOWN STEP	  "DEV_IP_REDIS": "redis",
build-and-push (telegram-bot)	UNKNOWN STEP	  "DEV_IP_SOCKET": "mini-app-notification-socket",
build-and-push (telegram-bot)	UNKNOWN STEP	  "DEV_IP_SWAGGER_UI": "swagger-ui",
build-and-push (telegram-bot)	UNKNOWN STEP	  "DEV_IP_TELEGRAM_BOT": "telegram-bot",
build-and-push (telegram-bot)	UNKNOWN STEP	  "DEV_IP_WEBSITE": "website",
build-and-push (telegram-bot)	UNKNOWN STEP	  "DEV_JWT_SECRET_SOCKET": "D3v@OnTonw3tds112ewq%KD___%1006-7-8-9-0OkMjKlll%909R9OOsf",
build-and-push (telegram-bot)	UNKNOWN STEP	  "DEV_KIBANA_HASHED_PASSWORD": "$2a$14$6P83mnKs9BxP2qZDaMU.2OzBHY3SG0nnaVXJ8nKluEWEWD5RMmN/W",
build-and-push (telegram-bot)	UNKNOWN STEP	  "DEV_KIBANA_PORT": "3023",
build-and-push (telegram-bot)	UNKNOWN STEP	  "DEV_KIBANA_USERNAME": "monitor",
build-and-push (telegram-bot)	UNKNOWN STEP	  "DEV_LOCAL_DOMAIN": "dev-app.dev.***.live",
build-and-push (telegram-bot)	UNKNOWN STEP	  "DEV_MB_REDIRECT_ALL_REQUESTS_TO_HTTPS": "true",
build-and-push (telegram-bot)	UNKNOWN STEP	  "DEV_METABASE_DOMAIN": "dev-metabase.dev.***.live",
build-and-push (telegram-bot)	UNKNOWN STEP	  "DEV_MINIO_COLLECTION_BUCKET": "***collection",
build-and-push (telegram-bot)	UNKNOWN STEP	  "DEV_MINIO_DASHBOARD_PORT": "3014",
build-and-push (telegram-bot)	UNKNOWN STEP	  "DEV_MINIO_DOC_BUCKET": "***doc",
build-and-push (telegram-bot)	UNKNOWN STEP	  "DEV_MINIO_DOC_DEFAULT_BUCKET": "***",
build-and-push (telegram-bot)	UNKNOWN STEP	  "DEV_MINIO_ENDPOINT": "minio",
build-and-push (telegram-bot)	UNKNOWN STEP	  "DEV_MINIO_IMAGE_BUCKET": "***image",
build-and-push (telegram-bot)	UNKNOWN STEP	  "DEV_MINIO_ITEM_BUCKET": "***item",
build-and-push (telegram-bot)	UNKNOWN STEP	  "DEV_MINIO_PORT": "3012",
build-and-push (telegram-bot)	UNKNOWN STEP	  "DEV_MINIO_PUBLIC_URL": "https://dev-storage.dev.***.live",
build-and-push (telegram-bot)	UNKNOWN STEP	  "DEV_MINIO_REGION_NAME": "default",
build-and-push (telegram-bot)	UNKNOWN STEP	  "DEV_MINIO_SBT_COLLECTIONS_BUCKET": "sbt-collections",
build-and-push (telegram-bot)	UNKNOWN STEP	  "DEV_MINIO_STORAGE_ADMIN_DOMAIN": "dev-storage-admin.dev.***.live",
build-and-push (telegram-bot)	UNKNOWN STEP	  "DEV_MINIO_STORAGE_DOMAIN": "dev-storage.dev.***.live",
build-and-push (telegram-bot)	UNKNOWN STEP	  "DEV_MINIO_VIDEO_BUCKET": "***video",
build-and-push (telegram-bot)	UNKNOWN STEP	  "DEV_MINI_APP_DOMAIN": "dev-app.dev.***.live",
build-and-push (telegram-bot)	UNKNOWN STEP	  "DEV_MINI_APP_PORT": "3000",
build-and-push (telegram-bot)	UNKNOWN STEP	  "DEV_MINI_APP_SOCKET_DOMAIN": "dev-socket.dev.***.live",
build-and-push (telegram-bot)	UNKNOWN STEP	  "DEV_MONITORING_DOMAIN": "dev-monitoring.dev.***.live",
build-and-push (telegram-bot)	UNKNOWN STEP	  "DEV_NETWORK_NAME": "***-dev",
build-and-push (telegram-bot)	UNKNOWN STEP	  "DEV_NETWORK_PUBLIC_IP": "***",
build-and-push (telegram-bot)	UNKNOWN STEP	  "DEV_NEXT_PUBLIC_API_BASE_URL": "https://dev-app.dev.***.live/api/v1",
build-and-push (telegram-bot)	UNKNOWN STEP	  "DEV_NEXT_PUBLIC_APP_BASE_URL": "https://dev-app.dev.***.live",
build-and-push (telegram-bot)	UNKNOWN STEP	  "DEV_NEXT_PUBLIC_BACKEND_URL_CLIENT": "https://dev-app.dev.***.live/api/client/v1/",
build-and-push (telegram-bot)	UNKNOWN STEP	  "DEV_NEXT_PUBLIC_BOT_USERNAME": "dev_ont0n_bot",
build-and-push (telegram-bot)	UNKNOWN STEP	  "DEV_NEXT_PUBLIC_ENV": "development",
build-and-push (telegram-bot)	UNKNOWN STEP	  "DEV_NEXT_PUBLIC_GTM": "GTM-dev",
build-and-push (telegram-bot)	UNKNOWN STEP	  "DEV_NEXT_PUBLIC_SOCKET_URL": "dev-socket.dev.***.live",
build-and-push (telegram-bot)	UNKNOWN STEP	  "DEV_NFT_INTERVAL_TIME": "60000",
build-and-push (telegram-bot)	UNKNOWN STEP	  "DEV_NFT_MANAGER_PORT": "3004",
build-and-push (telegram-bot)	UNKNOWN STEP	  "DEV_NODE_ENV": "production",
build-and-push (telegram-bot)	UNKNOWN STEP	  "DEV_NODE_TLS_REJECT_UNAUTHORIZED": "0",
build-and-push (telegram-bot)	UNKNOWN STEP	  "DEV_ONTON_DOMAIN": "dev.***.live",
build-and-push (telegram-bot)	UNKNOWN STEP	  "DEV_PARTICIPANT_TMA_PORT": "3001",
build-and-push (telegram-bot)	UNKNOWN STEP	  "DEV_PGADMIN_DOMAIN": "dev-pgadmin.dev.***.live",
build-and-push (telegram-bot)	UNKNOWN STEP	  "DEV_PORT_CLIENT_WEB": "3007",
build-and-push (telegram-bot)	UNKNOWN STEP	  "DEV_PORT_METABASE": "3009",
build-and-push (telegram-bot)	UNKNOWN STEP	  "DEV_PORT_PGADMIN": "3006",
build-and-push (telegram-bot)	UNKNOWN STEP	  "DEV_PORT_WEB_SITE": "3005",
build-and-push (telegram-bot)	UNKNOWN STEP	  "DEV_POSTGRES_METABASE_DB": "dev-mini-app",
build-and-push (telegram-bot)	UNKNOWN STEP	  "DEV_POSTGRES_MINI_APP_DB": "dev-mini-app",
build-and-push (telegram-bot)	UNKNOWN STEP	  "DEV_POSTGRES_NFT_MANAGER_DB": "dev-nft-manager",
build-and-push (telegram-bot)	UNKNOWN STEP	  "DEV_POSTGRES_PORT": "3008",
build-and-push (telegram-bot)	UNKNOWN STEP	  "DEV_PTMA_API_BASE_URL": "https://dev-app.dev.***.live/api/v1",
build-and-push (telegram-bot)	UNKNOWN STEP	  "DEV_RABBITMQ_DOMAIN": "dev-rabbitmq.dev.***.live",
build-and-push (telegram-bot)	UNKNOWN STEP	  "DEV_RABBITMQ_MANAGEMENT_PORT": "3015",
build-and-push (telegram-bot)	UNKNOWN STEP	  "DEV_RABBITMQ_NODE_PORT": "3016",
build-and-push (telegram-bot)	UNKNOWN STEP	  "DEV_REDIS_DATABASES": "1",
build-and-push (telegram-bot)	UNKNOWN STEP	  "DEV_REDIS_PORT": "3011",
build-and-push (telegram-bot)	UNKNOWN STEP	  "DEV_REGISTRY_URL": "ghcr.io",
build-and-push (telegram-bot)	UNKNOWN STEP	  "DEV_SOCKET_PORT": "30***",
build-and-push (telegram-bot)	UNKNOWN STEP	  "DEV_STAGE_NAME": "dev-***",
build-and-push (telegram-bot)	UNKNOWN STEP	  "DEV_SWAGGER_UI_DOMAIN": "dev-swagger-ui.dev.***.live",
build-and-push (telegram-bot)	UNKNOWN STEP	  "DEV_SWAGGER_UI_PORT": "3024",
build-and-push (telegram-bot)	UNKNOWN STEP	  "DEV_SYS_CADDY_REPLICAS": "1",
build-and-push (telegram-bot)	UNKNOWN STEP	  "DEV_SYS_MINI_APP_REPLICAS": "1",
build-and-push (telegram-bot)	UNKNOWN STEP	  "DEV_SYS_PARTICIPANT_TMA_REPLICAS": "1",
build-and-push (telegram-bot)	UNKNOWN STEP	  "DEV_SYS_WEB_SITE_REPLICAS": "1",
build-and-push (telegram-bot)	UNKNOWN STEP	  "DEV_TELEGRAM_BOT_PORT": "3002",
build-and-push (telegram-bot)	UNKNOWN STEP	  "DEV_TG_EVENTS_TOPIC": "2",
build-and-push (telegram-bot)	UNKNOWN STEP	  "DEV_TG_LOGS_GROUP_ID": "-1002308507308",
build-and-push (telegram-bot)	UNKNOWN STEP	  "DEV_TG_LOG_BOT_TOKEN": "7604730825:AAE1WJHs5lFI2zX_tba6M-1HYfffA8ugFmA",
build-and-push (telegram-bot)	UNKNOWN STEP	  "DEV_TG_NOTIFICATION_CHANELL": "-1002164161685",
build-and-push (telegram-bot)	UNKNOWN STEP	  "DEV_TG_SYSTEM_TOPIC": "16",
build-and-push (telegram-bot)	UNKNOWN STEP	  "DEV_TG_TICKETS_TOPIC": "4",
build-and-push (telegram-bot)	UNKNOWN STEP	  "DEV_TON_CENTER_ENDPOINT": "https://toncenter.com/api/v2/jsonRPC",
build-and-push (telegram-bot)	UNKNOWN STEP	  "DEV_TON_SOCIETY_BASE_URL": "https://id.ton.org/v1",
build-and-push (telegram-bot)	UNKNOWN STEP	  "DEV_USE_CLOUDFLARE": "true",
build-and-push (telegram-bot)	UNKNOWN STEP	  "DEV_USE_MAIN_IP_TO_EXPOSE": "true",
build-and-push (telegram-bot)	UNKNOWN STEP	  "MAIN_ACME_AGREE": "true",
build-and-push (telegram-bot)	UNKNOWN STEP	  "MAIN_BRANCH_NAME": "main",
build-and-push (telegram-bot)	UNKNOWN STEP	  "MAIN_CACHE_ENABLED": "true",
build-and-push (telegram-bot)	UNKNOWN STEP	  "MAIN_CLAMAV_PORT": "***10",
build-and-push (telegram-bot)	UNKNOWN STEP	  "MAIN_CLIENT_API_FIXED_ORGANIZER": "@Ontonadmin",
build-and-push (telegram-bot)	UNKNOWN STEP	  "MAIN_CLIENT_API_FIXED_USER": "@Ontonadmin",
build-and-push (telegram-bot)	UNKNOWN STEP	  "MAIN_CLIENT_WEB_DOMAIN": "client-web.***.live",
build-and-push (telegram-bot)	UNKNOWN STEP	  "MAIN_COMPOSE_PROJECT_NAME": "production-***",
build-and-push (telegram-bot)	UNKNOWN STEP	  "MAIN_ENV": "production",
build-and-push (telegram-bot)	UNKNOWN STEP	  "MAIN_GITHUB_CLIENT_ID": "Ov23liQFN1rMeZicYHnL",
build-and-push (telegram-bot)	UNKNOWN STEP	  "MAIN_GITHUB_REPO": "***bot",
build-and-push (telegram-bot)	UNKNOWN STEP	  "MAIN_GOLANG_SERVER_PORT": "8013",
build-and-push (telegram-bot)	UNKNOWN STEP	  "MAIN_GOOGLE_CLIENT_ID": "174044865725-8urfv981fca74aj3bq2kqik7fbe2rggg.apps.googleusercontent.com",
build-and-push (telegram-bot)	UNKNOWN STEP	  "MAIN_IP_CADDY": "caddy",
build-and-push (telegram-bot)	UNKNOWN STEP	  "MAIN_IP_CLAMAV": "host.docker.internal",
build-and-push (telegram-bot)	UNKNOWN STEP	  "MAIN_IP_CLIENT_WEB": "client-web",
build-and-push (telegram-bot)	UNKNOWN STEP	  "MAIN_IP_GIVEAWAY_CHECKER": "giveaway-checker",
build-and-push (telegram-bot)	UNKNOWN STEP	  "MAIN_IP_GOLANG_SERVER": "golang-server",
build-and-push (telegram-bot)	UNKNOWN STEP	  "MAIN_IP_GOLANG_WORKER": "golang-worker",
build-and-push (telegram-bot)	UNKNOWN STEP	  "MAIN_IP_KIBANA": "kibana",
build-and-push (telegram-bot)	UNKNOWN STEP	  "MAIN_IP_METABASE": "metabase",
build-and-push (telegram-bot)	UNKNOWN STEP	  "MAIN_IP_MINIO": "minio",
build-and-push (telegram-bot)	UNKNOWN STEP	  "MAIN_IP_MINI_APP": "mini-app",
build-and-push (telegram-bot)	UNKNOWN STEP	  "MAIN_IP_MINI_APP_CRON": "mini-app-sbt-worker",
build-and-push (telegram-bot)	UNKNOWN STEP	  "MAIN_IP_NFT_MANAGER": "nft-manager",
build-and-push (telegram-bot)	UNKNOWN STEP	  "MAIN_IP_PARTICIPANT_TMA": "participant-tma",
build-and-push (telegram-bot)	UNKNOWN STEP	  "MAIN_IP_PGADMIN": "pgadmin",
build-and-push (telegram-bot)	UNKNOWN STEP	  "MAIN_IP_POA_WORKER": "mini-app-poa-worker",
build-and-push (telegram-bot)	UNKNOWN STEP	  "MAIN_IP_POSTGRES": "postgres",
build-and-push (telegram-bot)	UNKNOWN STEP	  "MAIN_IP_RABBITMQ": "rabbitmq",
build-and-push (telegram-bot)	UNKNOWN STEP	  "MAIN_IP_RANGE_BASE": "host.docker.internal",
build-and-push (telegram-bot)	UNKNOWN STEP	  "MAIN_IP_REDIS": "redis",
build-and-push (telegram-bot)	UNKNOWN STEP	  "MAIN_IP_SOCKET": "mini-app-notification-socket",
build-and-push (telegram-bot)	UNKNOWN STEP	  "MAIN_IP_SWAGGER_UI": "swagger-ui",
build-and-push (telegram-bot)	UNKNOWN STEP	  "MAIN_IP_TELEGRAM_BOT": "telegram-bot",
build-and-push (telegram-bot)	UNKNOWN STEP	  "MAIN_IP_WEBSITE": "website",
build-and-push (telegram-bot)	UNKNOWN STEP	  "MAIN_JWT_SECRET_SOCKET": "JFDmdjeu__@HF_KKSEEWR_ERW*ER_FGDFG_ET%DG%34534aasd_Rhuefli!hfsdlnf",
build-and-push (telegram-bot)	UNKNOWN STEP	  "MAIN_KIBANA_HASHED_PASSWORD": "$2a$14$6P83mnKs9BxP2qZDaMU.2OzBHY3SG0nnaVXJ8nKluEWEWD5RMmN/W",
build-and-push (telegram-bot)	UNKNOWN STEP	  "MAIN_KIBANA_PORT": "8023",
build-and-push (telegram-bot)	UNKNOWN STEP	  "MAIN_KIBANA_USERNAME": "monitor",
build-and-push (telegram-bot)	UNKNOWN STEP	  "MAIN_LINKEDIN_CLIENT_ID": "77osbnm9chxr4c",
build-and-push (telegram-bot)	UNKNOWN STEP	  "MAIN_LOCAL_DOMAIN": "***.live",
build-and-push (telegram-bot)	UNKNOWN STEP	  "MAIN_MB_REDIRECT_ALL_REQUESTS_TO_HTTPS": "true",
build-and-push (telegram-bot)	UNKNOWN STEP	  "MAIN_METABASE_DOMAIN": "metabase.***.live",
build-and-push (telegram-bot)	UNKNOWN STEP	  "MAIN_MINIO_COLLECTION_BUCKET": "***collection",
build-and-push (telegram-bot)	UNKNOWN STEP	  "MAIN_MINIO_DASHBOARD_PORT": "8014",
build-and-push (telegram-bot)	UNKNOWN STEP	  "MAIN_MINIO_DOC_BUCKET": "***doc",
build-and-push (telegram-bot)	UNKNOWN STEP	  "MAIN_MINIO_DOC_DEFAULT_BUCKET": "***",
build-and-push (telegram-bot)	UNKNOWN STEP	  "MAIN_MINIO_ENDPOINT": "minio",
build-and-push (telegram-bot)	UNKNOWN STEP	  "MAIN_MINIO_IMAGE_BUCKET": "***image",
build-and-push (telegram-bot)	UNKNOWN STEP	  "MAIN_MINIO_ITEM_BUCKET": "***item",
build-and-push (telegram-bot)	UNKNOWN STEP	  "MAIN_MINIO_PORT": "8012",
build-and-push (telegram-bot)	UNKNOWN STEP	  "MAIN_MINIO_PUBLIC_URL": "https://storage.***.live",
build-and-push (telegram-bot)	UNKNOWN STEP	  "MAIN_MINIO_REGION_NAME": "default",
build-and-push (telegram-bot)	UNKNOWN STEP	  "MAIN_MINIO_SBT_COLLECTIONS_BUCKET": "sbt-collections",
build-and-push (telegram-bot)	UNKNOWN STEP	  "MAIN_MINIO_STORAGE_ADMIN_DOMAIN": "storage-admin.***.live",
build-and-push (telegram-bot)	UNKNOWN STEP	  "MAIN_MINIO_STORAGE_DOMAIN": "storage.***.live",
build-and-push (telegram-bot)	UNKNOWN STEP	  "MAIN_MINIO_VIDEO_BUCKET": "***video",
build-and-push (telegram-bot)	UNKNOWN STEP	  "MAIN_MINI_APP_DOMAIN": "app.***.live",
build-and-push (telegram-bot)	UNKNOWN STEP	  "MAIN_MINI_APP_PORT": "8000",
build-and-push (telegram-bot)	UNKNOWN STEP	  "MAIN_MINI_APP_SOCKET_DOMAIN": "socket.***.live",
build-and-push (telegram-bot)	UNKNOWN STEP	  "MAIN_MONITORING_DOMAIN": "monitoring.***.live",
build-and-push (telegram-bot)	UNKNOWN STEP	  "MAIN_MS_CLIENT_ID": "916e0c9f-17bc-45c2-9cbc-025c48a0d449",
build-and-push (telegram-bot)	UNKNOWN STEP	  "MAIN_NETWORK_NAME": "***-production",
build-and-push (telegram-bot)	UNKNOWN STEP	  "MAIN_NETWORK_PUBLIC_IP": "***",
build-and-push (telegram-bot)	UNKNOWN STEP	  "MAIN_NEXT_PUBLIC_API_BASE_URL": "https://app.***.live/api/v1",
build-and-push (telegram-bot)	UNKNOWN STEP	  "MAIN_NEXT_PUBLIC_APP_BASE_URL": "https://app.***.live",
build-and-push (telegram-bot)	UNKNOWN STEP	  "MAIN_NEXT_PUBLIC_BACKEND_URL_CLIENT": "https://app.***.live/api/client/v1/",
build-and-push (telegram-bot)	UNKNOWN STEP	  "MAIN_NEXT_PUBLIC_BOT_USERNAME": "the***bot",
build-and-push (telegram-bot)	UNKNOWN STEP	  "MAIN_NEXT_PUBLIC_ENV": "production",
build-and-push (telegram-bot)	UNKNOWN STEP	  "MAIN_NEXT_PUBLIC_GTM": "GTM-TSCPWNCM",
build-and-push (telegram-bot)	UNKNOWN STEP	  "MAIN_NEXT_PUBLIC_SOCKET_URL": "socket.***.live",
build-and-push (telegram-bot)	UNKNOWN STEP	  "MAIN_NFT_INTERVAL_TIME": "60000",
build-and-push (telegram-bot)	UNKNOWN STEP	  "MAIN_NFT_MANAGER_PORT": "8004",
build-and-push (telegram-bot)	UNKNOWN STEP	  "MAIN_NODE_ENV": "production",
build-and-push (telegram-bot)	UNKNOWN STEP	  "MAIN_NODE_TLS_REJECT_UNAUTHORIZED": "1",
build-and-push (telegram-bot)	UNKNOWN STEP	  "MAIN_ONTON_DOMAIN": "***.live",
build-and-push (telegram-bot)	UNKNOWN STEP	  "MAIN_PARTICIPANT_TMA_PORT": "8001",
build-and-push (telegram-bot)	UNKNOWN STEP	  "MAIN_PGADMIN_DOMAIN": "pgadmin.***.live",
build-and-push (telegram-bot)	UNKNOWN STEP	  "MAIN_PORT_CLIENT_WEB": "8007",
build-and-push (telegram-bot)	UNKNOWN STEP	  "MAIN_PORT_METABASE": "8009",
build-and-push (telegram-bot)	UNKNOWN STEP	  "MAIN_PORT_PGADMIN": "8006",
build-and-push (telegram-bot)	UNKNOWN STEP	  "MAIN_PORT_WEB_SITE": "8005",
build-and-push (telegram-bot)	UNKNOWN STEP	  "MAIN_POSTGRES_METABASE_DB": "production-mini-app",
build-and-push (telegram-bot)	UNKNOWN STEP	  "MAIN_POSTGRES_MINI_APP_DB": "production-mini-app",
build-and-push (telegram-bot)	UNKNOWN STEP	  "MAIN_POSTGRES_NFT_MANAGER_DB": "production-nft-manager",
build-and-push (telegram-bot)	UNKNOWN STEP	  "MAIN_POSTGRES_PORT": "8008",
build-and-push (telegram-bot)	UNKNOWN STEP	  "MAIN_PTMA_API_BASE_URL": "https://app.***.live/api/v1",
build-and-push (telegram-bot)	UNKNOWN STEP	  "MAIN_RABBITMQ_DOMAIN": "rabbitmq.***.live",
build-and-push (telegram-bot)	UNKNOWN STEP	  "MAIN_RABBITMQ_MANAGEMENT_PORT": "8015",
build-and-push (telegram-bot)	UNKNOWN STEP	  "MAIN_RABBITMQ_NODE_PORT": "8016",
build-and-push (telegram-bot)	UNKNOWN STEP	  "MAIN_REDIS_DATABASES": "1",
build-and-push (telegram-bot)	UNKNOWN STEP	  "MAIN_REDIS_PORT": "8011",
build-and-push (telegram-bot)	UNKNOWN STEP	  "MAIN_REGISTRY_URL": "registry.toncloud.observer",
build-and-push (telegram-bot)	UNKNOWN STEP	  "MAIN_SOCKET_PORT": "80***",
build-and-push (telegram-bot)	UNKNOWN STEP	  "MAIN_STAGE_NAME": "main-***",
build-and-push (telegram-bot)	UNKNOWN STEP	  "MAIN_SWAGGER_UI_DOMAIN": "swagger-ui.***.live",
build-and-push (telegram-bot)	UNKNOWN STEP	  "MAIN_SWAGGER_UI_PORT": "8024",
build-and-push (telegram-bot)	UNKNOWN STEP	  "MAIN_SYS_CADDY_REPLICAS": "1",
build-and-push (telegram-bot)	UNKNOWN STEP	  "MAIN_SYS_MINI_APP_REPLICAS": "12",
build-and-push (telegram-bot)	UNKNOWN STEP	  "MAIN_SYS_PARTICIPANT_TMA_REPLICAS": "6",
build-and-push (telegram-bot)	UNKNOWN STEP	  "MAIN_SYS_WEB_SITE_REPLICAS": "3",
build-and-push (telegram-bot)	UNKNOWN STEP	  "MAIN_TELEGRAM_BOT_PORT": "8002",
build-and-push (telegram-bot)	UNKNOWN STEP	  "MAIN_TG_EVENTS_TOPIC": "2",
build-and-push (telegram-bot)	UNKNOWN STEP	  "MAIN_TG_LOGS_GROUP_ID": "-1002300666538",
build-and-push (telegram-bot)	UNKNOWN STEP	  "MAIN_TG_LOG_BOT_TOKEN": "7604730825:AAE1WJHs5lFI2zX_tba6M-1HYfffA8ugFmA",
build-and-push (telegram-bot)	UNKNOWN STEP	  "MAIN_TG_NOTIFICATION_CHANELL": "-100***32083***",
build-and-push (telegram-bot)	UNKNOWN STEP	  "MAIN_TG_SYSTEM_TOPIC": "16",
build-and-push (telegram-bot)	UNKNOWN STEP	  "MAIN_TG_TICKETS_TOPIC": "4",
build-and-push (telegram-bot)	UNKNOWN STEP	  "MAIN_TON_CENTER_ENDPOINT": "https://toncenter.com/api/v2/jsonRPC",
build-and-push (telegram-bot)	UNKNOWN STEP	  "MAIN_TON_SOCIETY_BASE_URL": "https://id.ton.org/v1",
build-and-push (telegram-bot)	UNKNOWN STEP	  "MAIN_TWITTER_CLIENT_ID": "SU1RUS0xaHNsRk5kd014UlZieDQ6MTpjaQ",
build-and-push (telegram-bot)	UNKNOWN STEP	  "MAIN_USE_CLOUDFLARE": "true",
build-and-push (telegram-bot)	UNKNOWN STEP	  "MAIN_USE_MAIN_IP_TO_EXPOSE": "true",
build-and-push (telegram-bot)	UNKNOWN STEP	  "NEXT_PUBLIC_BOT_USERNAME": "notnonstagebot",
build-and-push (telegram-bot)	UNKNOWN STEP	  "SANDBOX_ACME_AGREE": "true",
build-and-push (telegram-bot)	UNKNOWN STEP	  "SANDBOX_BRANCH_NAME": "sandbox",
build-and-push (telegram-bot)	UNKNOWN STEP	  "SANDBOX_CACHE_ENABLED": "true",
build-and-push (telegram-bot)	UNKNOWN STEP	  "SANDBOX_CLAMAV_PORT": "***10",
build-and-push (telegram-bot)	UNKNOWN STEP	  "SANDBOX_CLIENT_API_FIXED_ORGANIZER": "@Ontonadmin",
build-and-push (telegram-bot)	UNKNOWN STEP	  "SANDBOX_CLIENT_API_FIXED_USER": "@Ontonadmin",
build-and-push (telegram-bot)	UNKNOWN STEP	  "SANDBOX_CLIENT_WEB_DOMAIN": "sandbox-client-web.toncloud.observer",
build-and-push (telegram-bot)	UNKNOWN STEP	  "SANDBOX_COMPOSE_PROJECT_NAME": "sanbox-***",
build-and-push (telegram-bot)	UNKNOWN STEP	  "SANDBOX_IP_CADDY": "caddy",
build-and-push (telegram-bot)	UNKNOWN STEP	  "SANDBOX_IP_CLAMAV": "host.docker.internal",
build-and-push (telegram-bot)	UNKNOWN STEP	  "SANDBOX_IP_KIBANA": "kibana",
build-and-push (telegram-bot)	UNKNOWN STEP	  "SANDBOX_IP_METABASE": "metabase",
build-and-push (telegram-bot)	UNKNOWN STEP	  "SANDBOX_IP_PGADMIN": "pgadmin",
build-and-push (telegram-bot)	UNKNOWN STEP	  "SANDBOX_IP_POA_WORKER": "mini-app-poa-worker",
build-and-push (telegram-bot)	UNKNOWN STEP	  "SANDBOX_IP_POSTGRES": "postgres",
build-and-push (telegram-bot)	UNKNOWN STEP	  "SANDBOX_IP_SOCKET": "mini-app-notification-socket",
build-and-push (telegram-bot)	UNKNOWN STEP	  "SANDBOX_IP_TELEGRAM_BOT": "telegram-bot",
build-and-push (telegram-bot)	UNKNOWN STEP	  "SANDBOX_IP_WEBSITE": "website",
build-and-push (telegram-bot)	UNKNOWN STEP	  "SANDBOX_JWT_SECRET_SOCKET": "D3v@OnTonw3tds112ewq%KD___%1006-7-8-9-0OkMjKlll%909R9OOsf",
build-and-push (telegram-bot)	UNKNOWN STEP	  "SANDBOX_KIBANA_HASHED_PASSWORD": "$2a$14$6P83mnKs9BxP2qZDaMU.2OzBHY3SG0nnaVXJ8nKluEWEWD5RMmN/W",
build-and-push (telegram-bot)	UNKNOWN STEP	  "SANDBOX_KIBANA_PORT": "6023",
build-and-push (telegram-bot)	UNKNOWN STEP	  "SANDBOX_KIBANA_USERNAME": "monitor",
build-and-push (telegram-bot)	UNKNOWN STEP	  "SANDBOX_LOCAL_DOMAIN": "sandbox-app.toncloud.observer",
build-and-push (telegram-bot)	UNKNOWN STEP	  "SANDBOX_MB_REDIRECT_ALL_REQUESTS_TO_HTTPS": "true",
build-and-push (telegram-bot)	UNKNOWN STEP	  "SANDBOX_METABASE_DOMAIN": "sandbox-metabase.toncloud.observer",
build-and-push (telegram-bot)	UNKNOWN STEP	  "SANDBOX_MINIO_COLLECTION_BUCKET": "***collection",
build-and-push (telegram-bot)	UNKNOWN STEP	  "SANDBOX_MINIO_DASHBOARD_PORT": "6014",
build-and-push (telegram-bot)	UNKNOWN STEP	  "SANDBOX_MINIO_DOC_BUCKET": "***doc",
build-and-push (telegram-bot)	UNKNOWN STEP	  "SANDBOX_MINIO_DOC_DEFAULT_BUCKET": "***",
build-and-push (telegram-bot)	UNKNOWN STEP	  "SANDBOX_MINIO_ENDPOINT": "minio",
build-and-push (telegram-bot)	UNKNOWN STEP	  "SANDBOX_MINIO_IMAGE_BUCKET": "***image",
build-and-push (telegram-bot)	UNKNOWN STEP	  "SANDBOX_MINIO_ITEM_BUCKET": "***item",
build-and-push (telegram-bot)	UNKNOWN STEP	  "SANDBOX_MINIO_PORT": "6012",
build-and-push (telegram-bot)	UNKNOWN STEP	  "SANDBOX_MINIO_PUBLIC_URL": "https://sandbox-storage.toncloud.observer",
build-and-push (telegram-bot)	UNKNOWN STEP	  "SANDBOX_MINIO_REGION_NAME": "default",
build-and-push (telegram-bot)	UNKNOWN STEP	  "SANDBOX_MINIO_SBT_COLLECTIONS_BUCKET": "sbt-collections",
build-and-push (telegram-bot)	UNKNOWN STEP	  "SANDBOX_MINIO_STORAGE_ADMIN_DOMAIN": "sandbox-storage-admin.toncloud.observer",
build-and-push (telegram-bot)	UNKNOWN STEP	  "SANDBOX_MINIO_STORAGE_DOMAIN": "sandbox-storage.toncloud.observer",
build-and-push (telegram-bot)	UNKNOWN STEP	  "SANDBOX_MINIO_VIDEO_BUCKET": "***video",
build-and-push (telegram-bot)	UNKNOWN STEP	  "SANDBOX_MINI_APP_DOMAIN": "sandbox-app.toncloud.observer",
build-and-push (telegram-bot)	UNKNOWN STEP	  "SANDBOX_MINI_APP_PORT": "6000",
build-and-push (telegram-bot)	UNKNOWN STEP	  "SANDBOX_MINI_APP_SOCKET_DOMAIN": "sandbox-socket.toncloud.observer",
build-and-push (telegram-bot)	UNKNOWN STEP	  "SANDBOX_MONITORING_DOMAIN": "sandbox-monitoring.toncloud.observer",
build-and-push (telegram-bot)	UNKNOWN STEP	  "SANDBOX_NETWORK_NAME": "***-sandbox",
build-and-push (telegram-bot)	UNKNOWN STEP	  "SANDBOX_NETWORK_PUBLIC_IP": "***",
build-and-push (telegram-bot)	UNKNOWN STEP	  "SANDBOX_NEXT_PUBLIC_API_BASE_URL": "https://sandbox-app.toncloud.observer/api/v1",
build-and-push (telegram-bot)	UNKNOWN STEP	  "SANDBOX_NEXT_PUBLIC_APP_BASE_URL": "https://sandbox-app.toncloud.observer",
build-and-push (telegram-bot)	UNKNOWN STEP	  "SANDBOX_NEXT_PUBLIC_BACKEND_URL_CLIENT": "https://sandbox-app.toncloud.observer/api/client/v1/",
build-and-push (telegram-bot)	UNKNOWN STEP	  "SANDBOX_NEXT_PUBLIC_BOT_USERNAME": "sandbox_ont0n_bot",
build-and-push (telegram-bot)	UNKNOWN STEP	  "SANDBOX_NEXT_PUBLIC_GTM": "GTM-sandbox",
build-and-push (telegram-bot)	UNKNOWN STEP	  "SANDBOX_NEXT_PUBLIC_SOCKET_URL": "sandbox-socket.toncloud.observer",
build-and-push (telegram-bot)	UNKNOWN STEP	  "SANDBOX_NFT_INTERVAL_TIME": "60000",
build-and-push (telegram-bot)	UNKNOWN STEP	  "SANDBOX_NFT_MANAGER_PORT": "6004",
build-and-push (telegram-bot)	UNKNOWN STEP	  "SANDBOX_NODE_ENV": "production",
build-and-push (telegram-bot)	UNKNOWN STEP	  "SANDBOX_NODE_TLS_REJECT_UNAUTHORIZED": "0",
build-and-push (telegram-bot)	UNKNOWN STEP	  "SANDBOX_ONTON_DOMAIN": "sandbox.toncloud.observer",
build-and-push (telegram-bot)	UNKNOWN STEP	  "SANDBOX_PARTICIPANT_TMA_PORT": "6001",
build-and-push (telegram-bot)	UNKNOWN STEP	  "SANDBOX_PGADMIN_DOMAIN": "sandbox-pgadmin.toncloud.observer",
build-and-push (telegram-bot)	UNKNOWN STEP	  "SANDBOX_PORT_CLIENT_WEB": "6007",
build-and-push (telegram-bot)	UNKNOWN STEP	  "SANDBOX_PORT_METABASE": "6009",
build-and-push (telegram-bot)	UNKNOWN STEP	  "SANDBOX_PORT_PGADMIN": "6006",
build-and-push (telegram-bot)	UNKNOWN STEP	  "SANDBOX_PORT_WEB_SITE": "6005",
build-and-push (telegram-bot)	UNKNOWN STEP	  "SANDBOX_POSTGRES_METABASE_DB": "sandbox-mini-app",
build-and-push (telegram-bot)	UNKNOWN STEP	  "SANDBOX_POSTGRES_MINI_APP_DB": "sandbox-mini-app",
build-and-push (telegram-bot)	UNKNOWN STEP	  "SANDBOX_POSTGRES_NFT_MANAGER_DB": "sandbox-nft-manager",
build-and-push (telegram-bot)	UNKNOWN STEP	  "SANDBOX_POSTGRES_PORT": "6008",
build-and-push (telegram-bot)	UNKNOWN STEP	  "SANDBOX_PTMA_API_BASE_URL": "https://sandbox-app.toncloud.observer/api/v1",
build-and-push (telegram-bot)	UNKNOWN STEP	  "SANDBOX_RABBITMQ_DOMAIN": "sandbox-rabbitmq.toncloud.observer",
build-and-push (telegram-bot)	UNKNOWN STEP	  "SANDBOX_RABBITMQ_MANAGEMENT_PORT": "6015",
build-and-push (telegram-bot)	UNKNOWN STEP	  "SANDBOX_RABBITMQ_NODE_PORT": "6016",
build-and-push (telegram-bot)	UNKNOWN STEP	  "SANDBOX_REDIS_DATABASES": "1",
build-and-push (telegram-bot)	UNKNOWN STEP	  "SANDBOX_REDIS_PORT": "6011",
build-and-push (telegram-bot)	UNKNOWN STEP	  "SANDBOX_REGISTRY_URL": "registry.toncloud.observer",
build-and-push (telegram-bot)	UNKNOWN STEP	  "SANDBOX_SOCKET_PORT": "60***",
build-and-push (telegram-bot)	UNKNOWN STEP	  "SANDBOX_STAGE_NAME": "sandbox-***",
build-and-push (telegram-bot)	UNKNOWN STEP	  "SANDBOX_SYS_CADDY_REPLICAS": "1",
build-and-push (telegram-bot)	UNKNOWN STEP	  "SANDBOX_SYS_MINI_APP_REPLICAS": "2",
build-and-push (telegram-bot)	UNKNOWN STEP	  "SANDBOX_SYS_PARTICIPANT_TMA_REPLICAS": "2",
build-and-push (telegram-bot)	UNKNOWN STEP	  "SANDBOX_SYS_WEB_SITE_REPLICAS": "1",
build-and-push (telegram-bot)	UNKNOWN STEP	  "SANDBOX_TELEGRAM_BOT_PORT": "6002",
build-and-push (telegram-bot)	UNKNOWN STEP	  "SANDBOX_TG_NOTIFICATION_CHANELL": "-1002164161685",
build-and-push (telegram-bot)	UNKNOWN STEP	  "SANDBOX_TON_CENTER_ENDPOINT": "https://toncenter.com/api/v2/jsonRPC",
build-and-push (telegram-bot)	UNKNOWN STEP	  "SANDBOX_TON_SOCIETY_BASE_URL": "https://society.ton.org/v1",
build-and-push (telegram-bot)	UNKNOWN STEP	  "SANDBOX_USE_CLOUDFLARE": "true",
build-and-push (telegram-bot)	UNKNOWN STEP	  "SANDBOX_USE_MAIN_IP_TO_EXPOSE": "true",
build-and-push (telegram-bot)	UNKNOWN STEP	  "STAGING_ACME_AGREE": "true",
build-and-push (telegram-bot)	UNKNOWN STEP	  "STAGING_BRANCH_NAME": "staging",
build-and-push (telegram-bot)	UNKNOWN STEP	  "STAGING_CACHE_ENABLED": "true",
build-and-push (telegram-bot)	UNKNOWN STEP	  "STAGING_CLAMAV_PORT": "***10",
build-and-push (telegram-bot)	UNKNOWN STEP	  "STAGING_CLIENT_API_FIXED_ORGANIZER": "@Ontonadmin",
build-and-push (telegram-bot)	UNKNOWN STEP	  "STAGING_CLIENT_API_FIXED_USER": "@Ontonadmin",
build-and-push (telegram-bot)	UNKNOWN STEP	  "STAGING_CLIENT_WEB_DOMAIN": "staging-client-web.toncloud.observer",
build-and-push (telegram-bot)	UNKNOWN STEP	  "STAGING_COMPOSE_PROJECT_NAME": "staging-***",
build-and-push (telegram-bot)	UNKNOWN STEP	  "STAGING_ENV": "staging",
build-and-push (telegram-bot)	UNKNOWN STEP	  "STAGING_EVENT_WALLET_ENC_KEY": "Ci5M6/B4Wke4qX6tXViVeW0xM0iH0yh/qvD3Y1xu2v8",
build-and-push (telegram-bot)	UNKNOWN STEP	  "STAGING_GITHUB_CLIENT_ID": "Ov23liQFN1rMeZicYHnL",
build-and-push (telegram-bot)	UNKNOWN STEP	  "STAGING_GITHUB_REPO": "***bot",
build-and-push (telegram-bot)	UNKNOWN STEP	  "STAGING_GOLANG_SERVER_PORT": "4013",
build-and-push (telegram-bot)	UNKNOWN STEP	  "STAGING_GOOGLE_CLIENT_ID": "174044865725-8urfv981fca74aj3bq2kqik7fbe2rggg.apps.googleusercontent.com",
build-and-push (telegram-bot)	UNKNOWN STEP	  "STAGING_IP_CADDY": "caddy",
build-and-push (telegram-bot)	UNKNOWN STEP	  "STAGING_IP_CLAMAV": "host.docker.internal",
build-and-push (telegram-bot)	UNKNOWN STEP	  "STAGING_IP_CLIENT_WEB": "client-web",
build-and-push (telegram-bot)	UNKNOWN STEP	  "STAGING_IP_GIVEAWAY_CHECKER": "giveaway-checker",
build-and-push (telegram-bot)	UNKNOWN STEP	  "STAGING_IP_GOLANG_SERVER": "golang-server",
build-and-push (telegram-bot)	UNKNOWN STEP	  "STAGING_IP_GOLANG_WORKER": "golang-worker",
build-and-push (telegram-bot)	UNKNOWN STEP	  "STAGING_IP_KIBANA": "kibana",
build-and-push (telegram-bot)	UNKNOWN STEP	  "STAGING_IP_METABASE": "metabase",
build-and-push (telegram-bot)	UNKNOWN STEP	  "STAGING_IP_MINIO": "minio",
build-and-push (telegram-bot)	UNKNOWN STEP	  "STAGING_IP_MINI_APP": "mini-app",
build-and-push (telegram-bot)	UNKNOWN STEP	  "STAGING_IP_MINI_APP_CRON": "mini-app-sbt-worker",
build-and-push (telegram-bot)	UNKNOWN STEP	  "STAGING_IP_NFT_MANAGER": "nft-manager",
build-and-push (telegram-bot)	UNKNOWN STEP	  "STAGING_IP_PARTICIPANT_TMA": "participant-tma",
build-and-push (telegram-bot)	UNKNOWN STEP	  "STAGING_IP_PGADMIN": "pgadmin",
build-and-push (telegram-bot)	UNKNOWN STEP	  "STAGING_IP_POA_WORKER": "mini-app-poa-worker",
build-and-push (telegram-bot)	UNKNOWN STEP	  "STAGING_IP_POSTGRES": "postgres",
build-and-push (telegram-bot)	UNKNOWN STEP	  "STAGING_IP_RABBITMQ": "rabbitmq",
build-and-push (telegram-bot)	UNKNOWN STEP	  "STAGING_IP_RANGE_BASE": "host.docker.internal",
build-and-push (telegram-bot)	UNKNOWN STEP	  "STAGING_IP_RANGE_START": "172.11",
build-and-push (telegram-bot)	UNKNOWN STEP	  "STAGING_IP_RANGE_SUBNET": "24",
build-and-push (telegram-bot)	UNKNOWN STEP	  "STAGING_IP_REDIS": "redis",
build-and-push (telegram-bot)	UNKNOWN STEP	  "STAGING_IP_SOCKET": "IP_SOCKET=mini-app-notification-socket",
build-and-push (telegram-bot)	UNKNOWN STEP	  "STAGING_IP_SWAGGER_UI": "swagger-ui",
build-and-push (telegram-bot)	UNKNOWN STEP	  "STAGING_IP_TELEGRAM_BOT": "telegram-bot",
build-and-push (telegram-bot)	UNKNOWN STEP	  "STAGING_IP_WEBSITE": "website",
build-and-push (telegram-bot)	UNKNOWN STEP	  "STAGING_JWT_SECRET_SOCKET": "JFDmdjeu__@HF_KKSEEWR_ERWER_FGDFG_ET%DG%34534aasd%_Rhueflihfsdlnf",
build-and-push (telegram-bot)	UNKNOWN STEP	  "STAGING_KIBANA_HASHED_PASSWORD": "$2a$14$6P83mnKs9BxP2qZDaMU.2OzBHY3SG0nnaVXJ8nKluEWEWD5RMmN/W",
build-and-push (telegram-bot)	UNKNOWN STEP	  "STAGING_KIBANA_PORT": "4023",
build-and-push (telegram-bot)	UNKNOWN STEP	  "STAGING_KIBANA_USERNAME": "monitor",
build-and-push (telegram-bot)	UNKNOWN STEP	  "STAGING_LINKEDIN_CLIENT_ID": "77osbnm9chxr4c",
build-and-push (telegram-bot)	UNKNOWN STEP	  "STAGING_LOCAL_DOMAIN": "staging-app.toncloud.observer",
build-and-push (telegram-bot)	UNKNOWN STEP	  "STAGING_MB_REDIRECT_ALL_REQUESTS_TO_HTTPS": "true",
build-and-push (telegram-bot)	UNKNOWN STEP	  "STAGING_METABASE_DOMAIN": "staging-metabase.toncloud.observer",
build-and-push (telegram-bot)	UNKNOWN STEP	  "STAGING_MINIO_COLLECTION_BUCKET": "***collection",
build-and-push (telegram-bot)	UNKNOWN STEP	  "STAGING_MINIO_DASHBOARD_PORT": "4014",
build-and-push (telegram-bot)	UNKNOWN STEP	  "STAGING_MINIO_DOC_BUCKET": "***doc",
build-and-push (telegram-bot)	UNKNOWN STEP	  "STAGING_MINIO_DOC_DEFAULT_BUCKET": "***",
build-and-push (telegram-bot)	UNKNOWN STEP	  "STAGING_MINIO_ENDPOINT": "minio",
build-and-push (telegram-bot)	UNKNOWN STEP	  "STAGING_MINIO_IMAGE_BUCKET": "***image",
build-and-push (telegram-bot)	UNKNOWN STEP	  "STAGING_MINIO_ITEM_BUCKET": "***item",
build-and-push (telegram-bot)	UNKNOWN STEP	  "STAGING_MINIO_PORT": "4012",
build-and-push (telegram-bot)	UNKNOWN STEP	  "STAGING_MINIO_PUBLIC_URL": "https://staging-storage.toncloud.observer",
build-and-push (telegram-bot)	UNKNOWN STEP	  "STAGING_MINIO_REGION_NAME": "default",
build-and-push (telegram-bot)	UNKNOWN STEP	  "STAGING_MINIO_SBT_COLLECTIONS_BUCKET": "sbt-collections",
build-and-push (telegram-bot)	UNKNOWN STEP	  "STAGING_MINIO_STORAGE_ADMIN_DOMAIN": "staging-storage-admin.toncloud.observer",
build-and-push (telegram-bot)	UNKNOWN STEP	  "STAGING_MINIO_STORAGE_DOMAIN": "staging-storage.toncloud.observer",
build-and-push (telegram-bot)	UNKNOWN STEP	  "STAGING_MINIO_VIDEO_BUCKET": "***video",
build-and-push (telegram-bot)	UNKNOWN STEP	  "STAGING_MINI_APP_DOMAIN": "staging-app.toncloud.observer",
build-and-push (telegram-bot)	UNKNOWN STEP	  "STAGING_MINI_APP_PORT": "4000",
build-and-push (telegram-bot)	UNKNOWN STEP	  "STAGING_MINI_APP_SOCKET_DOMAIN": "staging-socket.toncloud.observer",
build-and-push (telegram-bot)	UNKNOWN STEP	  "STAGING_MONITORING_DOMAIN": "staging-monitoring.toncloud.observer",
build-and-push (telegram-bot)	UNKNOWN STEP	  "STAGING_MS_CLIENT_ID": "916e0c9f-17bc-45c2-9cbc-025c48a0d449",
build-and-push (telegram-bot)	UNKNOWN STEP	  "STAGING_NETWORK_NAME": "***-staging",
build-and-push (telegram-bot)	UNKNOWN STEP	  "STAGING_NETWORK_PUBLIC_IP": "***",
build-and-push (telegram-bot)	UNKNOWN STEP	  "STAGING_NEXT_PUBLIC_API_BASE_URL": "https://staging-app.toncloud.observer/api/v1",
build-and-push (telegram-bot)	UNKNOWN STEP	  "STAGING_NEXT_PUBLIC_APP_BASE_URL": "https://staging-app.toncloud.observer",
build-and-push (telegram-bot)	UNKNOWN STEP	  "STAGING_NEXT_PUBLIC_BACKEND_URL_CLIENT": "https://staging-app.toncloud.observer/api/client/v1/",
build-and-push (telegram-bot)	UNKNOWN STEP	  "STAGING_NEXT_PUBLIC_BOT_USERNAME": "notnonstagebot",
build-and-push (telegram-bot)	UNKNOWN STEP	  "STAGING_NEXT_PUBLIC_ENV": "staging",
build-and-push (telegram-bot)	UNKNOWN STEP	  "STAGING_NEXT_PUBLIC_GTM": "GTM-staging",
build-and-push (telegram-bot)	UNKNOWN STEP	  "STAGING_NEXT_PUBLIC_SOCKET_URL": "staging-socket.toncloud.observer",
build-and-push (telegram-bot)	UNKNOWN STEP	  "STAGING_NEXT_PUBLIC_TRPC_BASE_URL": "https://staging-app.toncloud.observer",
build-and-push (telegram-bot)	UNKNOWN STEP	  "STAGING_NFT_INTERVAL_TIME": "60000",
build-and-push (telegram-bot)	UNKNOWN STEP	  "STAGING_NFT_MANAGER_PORT": "4004",
build-and-push (telegram-bot)	UNKNOWN STEP	  "STAGING_NODE_ENV": "production",
build-and-push (telegram-bot)	UNKNOWN STEP	  "STAGING_NODE_TLS_REJECT_UNAUTHORIZED": "0",
build-and-push (telegram-bot)	UNKNOWN STEP	  "STAGING_ONTON_DOMAIN": "staging.toncloud.observer",
build-and-push (telegram-bot)	UNKNOWN STEP	  "STAGING_PARTICIPANT_TMA_PORT": "4001",
build-and-push (telegram-bot)	UNKNOWN STEP	  "STAGING_PGADMIN_DOMAIN": "staging-pgadmin.toncloud.observer",
build-and-push (telegram-bot)	UNKNOWN STEP	  "STAGING_PORT_CLIENT_WEB": "4007",
build-and-push (telegram-bot)	UNKNOWN STEP	  "STAGING_PORT_METABASE": "4009",
build-and-push (telegram-bot)	UNKNOWN STEP	  "STAGING_PORT_PGADMIN": "4006",
build-and-push (telegram-bot)	UNKNOWN STEP	  "STAGING_PORT_WEB_SITE": "4005",
build-and-push (telegram-bot)	UNKNOWN STEP	  "STAGING_POSTGRES_METABASE_DB": "staging-mini-app",
build-and-push (telegram-bot)	UNKNOWN STEP	  "STAGING_POSTGRES_MINI_APP_DB": "staging-mini-app",
build-and-push (telegram-bot)	UNKNOWN STEP	  "STAGING_POSTGRES_NFT_MANAGER_DB": "staging-nft-manager",
build-and-push (telegram-bot)	UNKNOWN STEP	  "STAGING_POSTGRES_PORT": "4008",
build-and-push (telegram-bot)	UNKNOWN STEP	  "STAGING_PTMA_API_BASE_URL": "https://staging-app.toncloud.observer/api/v1",
build-and-push (telegram-bot)	UNKNOWN STEP	  "STAGING_RABBITMQ_DOMAIN": "staging-rabbitmq.toncloud.observer",
build-and-push (telegram-bot)	UNKNOWN STEP	  "STAGING_RABBITMQ_MANAGEMENT_PORT": "4015",
build-and-push (telegram-bot)	UNKNOWN STEP	  "STAGING_RABBITMQ_NODE_PORT": "4016",
build-and-push (telegram-bot)	UNKNOWN STEP	  "STAGING_REDIS_DATABASES": "1",
build-and-push (telegram-bot)	UNKNOWN STEP	  "STAGING_REDIS_PORT": "4011",
build-and-push (telegram-bot)	UNKNOWN STEP	  "STAGING_REGISTRY_URL": "registry.toncloud.observer",
build-and-push (telegram-bot)	UNKNOWN STEP	  "STAGING_SOCKET_PORT": "40***",
build-and-push (telegram-bot)	UNKNOWN STEP	  "STAGING_STAGE_NAME": "staging-***",
build-and-push (telegram-bot)	UNKNOWN STEP	  "STAGING_SWAGGER_UI_DOMAIN": "staging-swagger-ui.toncloud.observer",
build-and-push (telegram-bot)	UNKNOWN STEP	  "STAGING_SWAGGER_UI_PORT": "4024",
build-and-push (telegram-bot)	UNKNOWN STEP	  "STAGING_SYS_CADDY_REPLICAS": "1",
build-and-push (telegram-bot)	UNKNOWN STEP	  "STAGING_SYS_MINI_APP_REPLICAS": "2",
build-and-push (telegram-bot)	UNKNOWN STEP	  "STAGING_SYS_PARTICIPANT_TMA_REPLICAS": "2",
build-and-push (telegram-bot)	UNKNOWN STEP	  "STAGING_SYS_WEB_SITE_REPLICAS": "1",
build-and-push (telegram-bot)	UNKNOWN STEP	  "STAGING_TELEGRAM_BOT_PORT": "4002",
build-and-push (telegram-bot)	UNKNOWN STEP	  "STAGING_TG_EVENTS_TOPIC": "2",
build-and-push (telegram-bot)	UNKNOWN STEP	  "STAGING_TG_LOGS_GROUP_ID": "-100***64975789",
build-and-push (telegram-bot)	UNKNOWN STEP	  "STAGING_TG_LOG_BOT_TOKEN": "7604730825:AAE1WJHs5lFI2zX_tba6M-1HYfffA8ugFmA",
build-and-push (telegram-bot)	UNKNOWN STEP	  "STAGING_TG_NOTIFICATION_CHANELL": "-1002164161685",
build-and-push (telegram-bot)	UNKNOWN STEP	  "STAGING_TG_SYSTEM_TOPIC": "16",
build-and-push (telegram-bot)	UNKNOWN STEP	  "STAGING_TG_TICKETS_TOPIC": "4",
build-and-push (telegram-bot)	UNKNOWN STEP	  "STAGING_TON_CENTER_ENDPOINT": "https://toncenter.com/api/v2/jsonRPC",
build-and-push (telegram-bot)	UNKNOWN STEP	  "STAGING_TON_SOCIETY_BASE_URL": "https://id.ton.org/v1",
build-and-push (telegram-bot)	UNKNOWN STEP	  "STAGING_TWITTER_CLIENT_ID": "SU1RUS0xaHNsRk5kd014UlZieDQ6MTpjaQ",
build-and-push (telegram-bot)	UNKNOWN STEP	  "STAGING_USE_CLOUDFLARE": "true",
build-and-push (telegram-bot)	UNKNOWN STEP	  "STAGING_USE_MAIN_IP_TO_EXPOSE": "true",
build-and-push (telegram-bot)	UNKNOWN STEP	  "TELEGRAM_BOT_TOKEN_FOR_DEPLOYMENT": "7604730825:AAHhtwa4bGhELsBn2VqUxIIFXVJkRJfKuDs",
build-and-push (telegram-bot)	UNKNOWN STEP	  "TELEGRAM_CHAT_ID_FOR_DEPLOYMENT": "***"
build-and-push (telegram-bot)	UNKNOWN STEP	}
build-and-push (telegram-bot)	UNKNOWN STEP	2026-02-09T09:12:28.5037750Z ##[endgroup]
build-and-push (telegram-bot)	UNKNOWN STEP	2026-02-09T09:12:28.8171128Z Logging into ghcr.io...
build-and-push (telegram-bot)	UNKNOWN STEP	2026-02-09T09:12:29.3609646Z Login Succeeded!
build-and-push (telegram-bot)	UNKNOWN STEP	2026-02-09T09:12:29.3731237Z ##[group]Run #["client-web"]="client-web-panel"
build-and-push (telegram-bot)	UNKNOWN STEP	2026-02-09T09:12:29.3732458Z [36;1m#["client-web"]="client-web-panel"[0m
build-and-push (telegram-bot)	UNKNOWN STEP	2026-02-09T09:12:29.3733042Z [36;1mdeclare -A services=([0m
build-and-push (telegram-bot)	UNKNOWN STEP	2026-02-09T09:12:29.3733633Z [36;1m  ["participant-tma"]="newton/apps/participant-tma"[0m
build-and-push (telegram-bot)	UNKNOWN STEP	2026-02-09T09:12:29.3734681Z [36;1m  ["mini-app-sbt-worker"]="mini-app"[0m
build-and-push (telegram-bot)	UNKNOWN STEP	2026-02-09T09:12:29.3735287Z [36;1m  ["mini-app-nft-api-worker"]="mini-app"[0m
build-and-push (telegram-bot)	UNKNOWN STEP	2026-02-09T09:12:29.3735905Z [36;1m  ["mini-app-ordinary-worker"]="mini-app"[0m
build-and-push (telegram-bot)	UNKNOWN STEP	2026-02-09T09:12:29.3736529Z [36;1m  ["mini-app-reward-worker"]="mini-app"[0m
build-and-push (telegram-bot)	UNKNOWN STEP	2026-02-09T09:12:29.3737101Z [36;1m  ["mini-app"]="mini-app"[0m
build-and-push (telegram-bot)	UNKNOWN STEP	2026-02-09T09:12:29.3737647Z [36;1m  ["telegram-bot"]="telegram-bot"[0m
build-and-push (telegram-bot)	UNKNOWN STEP	2026-02-09T09:12:29.3738184Z [36;1m  ["website"]="website"[0m
build-and-push (telegram-bot)	UNKNOWN STEP	2026-02-09T09:12:29.3738692Z [36;1m  ["caddy"]="devops/caddy"[0m
build-and-push (telegram-bot)	UNKNOWN STEP	2026-02-09T09:12:29.3739176Z [36;1m)[0m
build-and-push (telegram-bot)	UNKNOWN STEP	2026-02-09T09:12:29.3739619Z [36;1mbranch_name="dev"[0m
build-and-push (telegram-bot)	UNKNOWN STEP	2026-02-09T09:12:29.3740147Z [36;1mservice="telegram-bot"[0m
build-and-push (telegram-bot)	UNKNOWN STEP	2026-02-09T09:12:29.3740690Z [36;1mbuild_path="${services[$service]}"[0m
build-and-push (telegram-bot)	UNKNOWN STEP	2026-02-09T09:12:29.3741380Z [36;1mrepository=$(echo "ExecutESG/***" | tr '[:upper:]' '[:lower:]')[0m
build-and-push (telegram-bot)	UNKNOWN STEP	2026-02-09T09:12:29.3742096Z [36;1mservice=$(echo "$service" | tr '[:upper:]' '[:lower:]')[0m
build-and-push (telegram-bot)	UNKNOWN STEP	2026-02-09T09:12:29.3742675Z [36;1m[0m
build-and-push (telegram-bot)	UNKNOWN STEP	2026-02-09T09:12:29.3743100Z [36;1m# Use GHCR[0m
build-and-push (telegram-bot)	UNKNOWN STEP	2026-02-09T09:12:29.3743652Z [36;1mimage_name="ghcr.io/${repository}/${service}"[0m
build-and-push (telegram-bot)	UNKNOWN STEP	2026-02-09T09:12:29.3744675Z [36;1mtag_commit="${image_name}:${branch_name}-21818982884"[0m
build-and-push (telegram-bot)	UNKNOWN STEP	2026-02-09T09:12:29.3745345Z [36;1mtag_latest="${image_name}:${branch_name}-latest"[0m
build-and-push (telegram-bot)	UNKNOWN STEP	2026-02-09T09:12:29.3745958Z [36;1mecho "Building image: $tag_commit"[0m
build-and-push (telegram-bot)	UNKNOWN STEP	2026-02-09T09:12:29.3746526Z [36;1m  echo "Building image: $tag_latest"[0m
build-and-push (telegram-bot)	UNKNOWN STEP	2026-02-09T09:12:29.3747087Z [36;1mecho "Branch name: $branch_name"[0m
build-and-push (telegram-bot)	UNKNOWN STEP	2026-02-09T09:12:29.3747634Z [36;1mecho "Repository: $repository"[0m
build-and-push (telegram-bot)	UNKNOWN STEP	2026-02-09T09:12:29.3748171Z [36;1mecho "image name: $image_name"[0m
build-and-push (telegram-bot)	UNKNOWN STEP	2026-02-09T09:12:29.3748719Z [36;1mecho "Processing service: $service"[0m
build-and-push (telegram-bot)	UNKNOWN STEP	2026-02-09T09:12:29.3749267Z [36;1mecho "Build path: $build_path"[0m
build-and-push (telegram-bot)	UNKNOWN STEP	2026-02-09T09:12:29.3750129Z [36;1m[0m
build-and-push (telegram-bot)	UNKNOWN STEP	2026-02-09T09:12:29.3750965Z [36;1mif  [ "$service" == "participant-tma" ]; then[0m
build-and-push (telegram-bot)	UNKNOWN STEP	2026-02-09T09:12:29.3768179Z [36;1m  dockerfile_path="newton/apps/participant-tma/Dockerfile"[0m
build-and-push (telegram-bot)	UNKNOWN STEP	2026-02-09T09:12:29.3768873Z [36;1m  build_context="./newton"[0m
build-and-push (telegram-bot)	UNKNOWN STEP	2026-02-09T09:12:29.3769440Z [36;1m elif [ "$service" == "caddy" ]; then[0m
build-and-push (telegram-bot)	UNKNOWN STEP	2026-02-09T09:12:29.3770048Z [36;1m  dockerfile_path="devops/caddy/Dockerfile"[0m
build-and-push (telegram-bot)	UNKNOWN STEP	2026-02-09T09:12:29.3770639Z [36;1m  build_context="./devops/caddy/"[0m
build-and-push (telegram-bot)	UNKNOWN STEP	2026-02-09T09:12:29.3771171Z [36;1melse[0m
build-and-push (telegram-bot)	UNKNOWN STEP	2026-02-09T09:12:29.3771674Z [36;1m  dockerfile_path="$build_path/Dockerfile"[0m
build-and-push (telegram-bot)	UNKNOWN STEP	2026-02-09T09:12:29.3772268Z [36;1m  build_context="$build_path"[0m
build-and-push (telegram-bot)	UNKNOWN STEP	2026-02-09T09:12:29.3772774Z [36;1mfi[0m
build-and-push (telegram-bot)	UNKNOWN STEP	2026-02-09T09:12:29.3773182Z [36;1m[0m
build-and-push (telegram-bot)	UNKNOWN STEP	2026-02-09T09:12:29.3773656Z [36;1mif [ -f "$dockerfile_path" ]; then[0m
build-and-push (telegram-bot)	UNKNOWN STEP	2026-02-09T09:12:29.3774445Z [36;1m  echo "Using Dockerfile at $dockerfile_path"[0m
build-and-push (telegram-bot)	UNKNOWN STEP	2026-02-09T09:12:29.3775033Z [36;1m  # Create commit details file[0m
build-and-push (telegram-bot)	UNKNOWN STEP	2026-02-09T09:12:29.3775565Z [36;1m  COMMIT_DETAILS_FILE=$(mktemp)[0m
build-and-push (telegram-bot)	UNKNOWN STEP	2026-02-09T09:12:29.3776284Z [36;1m  echo "Commit SHA: beb2fcb93db685caf586df53791b4e56088f0a4c" > "$COMMIT_DETAILS_FILE"[0m
build-and-push (telegram-bot)	UNKNOWN STEP	2026-02-09T09:12:29.3777099Z [36;1m  echo "Commit Author: bemehrbani" >> "$COMMIT_DETAILS_FILE"[0m
build-and-push (telegram-bot)	UNKNOWN STEP	2026-02-09T09:12:29.3777938Z [36;1m  echo "Commit Message: fix(deploy): remove missing override file from scp" >> "$COMMIT_DETAILS_FILE"[0m
build-and-push (telegram-bot)	UNKNOWN STEP	2026-02-09T09:12:29.3778806Z [36;1m  echo "Commit Date: 2026-02-09T11:11:58+02:00" >> "$COMMIT_DETAILS_FILE"[0m
build-and-push (telegram-bot)	UNKNOWN STEP	2026-02-09T09:12:29.3779416Z [36;1m[0m
build-and-push (telegram-bot)	UNKNOWN STEP	2026-02-09T09:12:29.3779962Z [36;1m  # Move the commit details file to the appropriate build context[0m
build-and-push (telegram-bot)	UNKNOWN STEP	2026-02-09T09:12:29.3780681Z [36;1m  mv "$COMMIT_DETAILS_FILE" "$build_context/commit_details.txt"[0m
build-and-push (telegram-bot)	UNKNOWN STEP	2026-02-09T09:12:29.3781563Z [36;1m  chmod 644 "$build_context/commit_details.txt"[0m
build-and-push (telegram-bot)	UNKNOWN STEP	2026-02-09T09:12:29.3782169Z [36;1m  # Create temporary build args file[0m
build-and-push (telegram-bot)	UNKNOWN STEP	2026-02-09T09:12:29.3782833Z [36;1m  BUILD_ARGS_FILE=$(mktemp)[0m
build-and-push (telegram-bot)	UNKNOWN STEP	2026-02-09T09:12:29.3783313Z [36;1m[0m
build-and-push (telegram-bot)	UNKNOWN STEP	2026-02-09T09:12:29.3784007Z [36;1m  # Extract environment variables for the current branch[0m
build-and-push (telegram-bot)	UNKNOWN STEP	2026-02-09T09:12:29.3784882Z [36;1m  branch_prefix="${branch_name^^}_"[0m
build-and-push (telegram-bot)	UNKNOWN STEP	2026-02-09T09:12:29.3785603Z [36;1m  echo "Extracting environment variables for the branch prefix: $branch_prefix"[0m
build-and-push (telegram-bot)	UNKNOWN STEP	2026-02-09T09:12:29.3786276Z [36;1m[0m
build-and-push (telegram-bot)	UNKNOWN STEP	2026-02-09T09:12:29.3786822Z [36;1m  # Function to safely process environment variables[0m
build-and-push (telegram-bot)	UNKNOWN STEP	2026-02-09T09:12:29.3787423Z [36;1m  process_env_vars() {[0m
build-and-push (telegram-bot)	UNKNOWN STEP	2026-02-09T09:12:29.3787928Z [36;1m    local json_str="$1"[0m
build-and-push (telegram-bot)	UNKNOWN STEP	2026-02-09T09:12:29.3788435Z [36;1m    local prefix="$2"[0m
build-and-push (telegram-bot)	UNKNOWN STEP	2026-02-09T09:12:29.3788925Z [36;1m    local outfile="$3"[0m
build-and-push (telegram-bot)	UNKNOWN STEP	2026-02-09T09:12:29.3789384Z [36;1m[0m
build-and-push (telegram-bot)	UNKNOWN STEP	2026-02-09T09:12:29.3789900Z [36;1m    # Ensure JSON is properly formatted[0m
build-and-push (telegram-bot)	UNKNOWN STEP	2026-02-09T09:12:29.3790534Z [36;1m    echo "$json_str" | jq -r --arg prefix "$prefix" \[0m
build-and-push (telegram-bot)	UNKNOWN STEP	2026-02-09T09:12:29.3791213Z [36;1m      'with_entries(select(.key | startswith($prefix))) |[0m
build-and-push (telegram-bot)	UNKNOWN STEP	2026-02-09T09:12:29.3791806Z [36;1m      to_entries[] |[0m
build-and-push (telegram-bot)	UNKNOWN STEP	2026-02-09T09:12:29.3792385Z [36;1m      "\(.key | sub($prefix; ""))=\(.value)"' >> "$outfile" || true[0m
build-and-push (telegram-bot)	UNKNOWN STEP	2026-02-09T09:12:29.3792964Z [36;1m  }[0m
build-and-push (telegram-bot)	UNKNOWN STEP	2026-02-09T09:12:29.3793377Z [36;1m[0m
build-and-push (telegram-bot)	UNKNOWN STEP	2026-02-09T09:12:29.3794088Z [36;1m  # Process secrets with error handling[0m
build-and-push (telegram-bot)	UNKNOWN STEP	2026-02-09T09:12:29.3794673Z [36;1m  if [ -n "$ALLMYSECRETS" ]; then[0m
build-and-push (telegram-bot)	UNKNOWN STEP	2026-02-09T09:12:29.3795214Z [36;1m    echo "Processing secrets..."[0m
build-and-push (telegram-bot)	UNKNOWN STEP	2026-02-09T09:12:29.3795871Z [36;1m    process_env_vars "$ALLMYSECRETS" "$branch_prefix" "$BUILD_ARGS_FILE"[0m
build-and-push (telegram-bot)	UNKNOWN STEP	2026-02-09T09:12:29.3796496Z [36;1m[0m
build-and-push (telegram-bot)	UNKNOWN STEP	2026-02-09T09:12:29.3796900Z [36;1m  fi[0m
build-and-push (telegram-bot)	UNKNOWN STEP	2026-02-09T09:12:29.3797319Z [36;1m[0m
build-and-push (telegram-bot)	UNKNOWN STEP	2026-02-09T09:12:29.3797763Z [36;1m  # Process vars with error handling[0m
build-and-push (telegram-bot)	UNKNOWN STEP	2026-02-09T09:12:29.3798328Z [36;1m  if [ -n "$ALLMYVARS" ]; then[0m
build-and-push (telegram-bot)	UNKNOWN STEP	2026-02-09T09:12:29.3798858Z [36;1m    echo "Processing vars..."[0m
build-and-push (telegram-bot)	UNKNOWN STEP	2026-02-09T09:12:29.3799478Z [36;1m    process_env_vars "$ALLMYVARS" "$branch_prefix" "$BUILD_ARGS_FILE"[0m
build-and-push (telegram-bot)	UNKNOWN STEP	2026-02-09T09:12:29.3800078Z [36;1m  fi[0m
build-and-push (telegram-bot)	UNKNOWN STEP	2026-02-09T09:12:29.3800475Z [36;1m[0m
build-and-push (telegram-bot)	UNKNOWN STEP	2026-02-09T09:12:29.3800896Z [36;1m  # Add package manager[0m
build-and-push (telegram-bot)	UNKNOWN STEP	2026-02-09T09:12:29.3801453Z [36;1m  echo "PACKAGE_MANAGER=pnpm" >> "$BUILD_ARGS_FILE"[0m
build-and-push (telegram-bot)	UNKNOWN STEP	2026-02-09T09:12:29.3801990Z [36;1m[0m
build-and-push (telegram-bot)	UNKNOWN STEP	2026-02-09T09:12:29.3802462Z [36;1m  # Debug output (without showing sensitive values)[0m
build-and-push (telegram-bot)	UNKNOWN STEP	2026-02-09T09:12:29.3803178Z [36;1m  echo "Generated build args file with $(wc -l < "$BUILD_ARGS_FILE") variables"[0m
build-and-push (telegram-bot)	UNKNOWN STEP	2026-02-09T09:12:29.3804105Z [36;1m  echo "Dockerfile path: $dockerfile_path"[0m
build-and-push (telegram-bot)	UNKNOWN STEP	2026-02-09T09:12:29.3804733Z [36;1m  echo "Build context: $build_context"[0m
build-and-push (telegram-bot)	UNKNOWN STEP	2026-02-09T09:12:29.3805359Z [36;1m  # Create Docker build command with proper escaping[0m
build-and-push (telegram-bot)	UNKNOWN STEP	2026-02-09T09:12:29.3806009Z [36;1m  DOCKER_CMD="docker buildx build --push "[0m
build-and-push (telegram-bot)	UNKNOWN STEP	2026-02-09T09:12:29.3806532Z [36;1m[0m
build-and-push (telegram-bot)	UNKNOWN STEP	2026-02-09T09:12:29.3807001Z [36;1m  # Check if branch name is dev or sandbox[0m
build-and-push (telegram-bot)	UNKNOWN STEP	2026-02-09T09:12:29.3807516Z [36;1m  #[0m
build-and-push (telegram-bot)	UNKNOWN STEP	2026-02-09T09:12:29.3808081Z [36;1m  #            if  [ "$branch_name" == "dev" ] || [ "$branch_name" == "sandbox" ]; then[0m
build-and-push (telegram-bot)	UNKNOWN STEP	2026-02-09T09:12:29.3808860Z [36;1m  #              echo "Branch is $branch_name. Building with target development."[0m
build-and-push (telegram-bot)	UNKNOWN STEP	2026-02-09T09:12:29.3809554Z [36;1m  #              DOCKER_CMD+=" --target development "[0m
build-and-push (telegram-bot)	UNKNOWN STEP	2026-02-09T09:12:29.3810100Z [36;1m  #            else[0m
build-and-push (telegram-bot)	UNKNOWN STEP	2026-02-09T09:12:29.3810734Z [36;1m  #              echo "Branch is $branch_name. Building with default (production) target."[0m
build-and-push (telegram-bot)	UNKNOWN STEP	2026-02-09T09:12:29.3811463Z [36;1m  #              DOCKER_CMD+=" --target production "[0m
build-and-push (telegram-bot)	UNKNOWN STEP	2026-02-09T09:12:29.3812013Z [36;1m  #            fi[0m
build-and-push (telegram-bot)	UNKNOWN STEP	2026-02-09T09:12:29.3812509Z [36;1m  DOCKER_CMD+=" --target production "[0m
build-and-push (telegram-bot)	UNKNOWN STEP	2026-02-09T09:12:29.3813216Z [36;1m  # Add build args from file[0m
build-and-push (telegram-bot)	UNKNOWN STEP	2026-02-09T09:12:29.3813767Z [36;1m  while IFS='=' read -r key value; do[0m
build-and-push (telegram-bot)	UNKNOWN STEP	2026-02-09T09:12:29.3814620Z [36;1m    if [ -n "$key" ]; then[0m
build-and-push (telegram-bot)	UNKNOWN STEP	2026-02-09T09:12:29.3815175Z [36;1m      DOCKER_CMD+="--build-arg $key=\"$value\" "[0m
build-and-push (telegram-bot)	UNKNOWN STEP	2026-02-09T09:12:29.3815722Z [36;1m    fi[0m
build-and-push (telegram-bot)	UNKNOWN STEP	2026-02-09T09:12:29.3816166Z [36;1m  done < "$BUILD_ARGS_FILE"[0m
build-and-push (telegram-bot)	UNKNOWN STEP	2026-02-09T09:12:29.3816633Z [36;1m[0m
build-and-push (telegram-bot)	UNKNOWN STEP	2026-02-09T09:12:29.3817056Z [36;1m  # Add remaining arguments[0m
build-and-push (telegram-bot)	UNKNOWN STEP	2026-02-09T09:12:29.3817585Z [36;1m  DOCKER_CMD+=" -f \"$dockerfile_path\""[0m
build-and-push (telegram-bot)	UNKNOWN STEP	2026-02-09T09:12:29.3818150Z [36;1m  DOCKER_CMD+=" -t \"$tag_commit\""[0m
build-and-push (telegram-bot)	UNKNOWN STEP	2026-02-09T09:12:29.3818681Z [36;1m  DOCKER_CMD+=" -t \"$tag_latest\""[0m
build-and-push (telegram-bot)	UNKNOWN STEP	2026-02-09T09:12:29.3819207Z [36;1m  DOCKER_CMD+=" \"$build_context\""[0m
build-and-push (telegram-bot)	UNKNOWN STEP	2026-02-09T09:12:29.3819694Z [36;1m[0m
build-and-push (telegram-bot)	UNKNOWN STEP	2026-02-09T09:12:29.3820090Z [36;1m[0m
build-and-push (telegram-bot)	UNKNOWN STEP	2026-02-09T09:12:29.3820501Z [36;1m  # Execute build[0m
build-and-push (telegram-bot)	UNKNOWN STEP	2026-02-09T09:12:29.3820997Z [36;1m  echo "Starting docker build..."[0m
build-and-push (telegram-bot)	UNKNOWN STEP	2026-02-09T09:12:29.3821526Z [36;1m  if ! eval "$DOCKER_CMD"; then[0m
build-and-push (telegram-bot)	UNKNOWN STEP	2026-02-09T09:12:29.3822180Z [36;1m    echo "Retrying without cache due to potential dependency issues..."[0m
build-and-push (telegram-bot)	UNKNOWN STEP	2026-02-09T09:12:29.3822847Z [36;1m    eval "$DOCKER_CMD --no-cache"[0m
build-and-push (telegram-bot)	UNKNOWN STEP	2026-02-09T09:12:29.3823332Z [36;1m  fi[0m
build-and-push (telegram-bot)	UNKNOWN STEP	2026-02-09T09:12:29.3823737Z [36;1m[0m
build-and-push (telegram-bot)	UNKNOWN STEP	2026-02-09T09:12:29.3824360Z [36;1m  # Cleanup[0m
build-and-push (telegram-bot)	UNKNOWN STEP	2026-02-09T09:12:29.3824823Z [36;1m  rm -f "$BUILD_ARGS_FILE"[0m
build-and-push (telegram-bot)	UNKNOWN STEP	2026-02-09T09:12:29.3825297Z [36;1melse[0m
build-and-push (telegram-bot)	UNKNOWN STEP	2026-02-09T09:12:29.3825895Z [36;1m  echo "Error: Dockerfile $dockerfile_path does not exist. Skipping $service."[0m
build-and-push (telegram-bot)	UNKNOWN STEP	2026-02-09T09:12:29.3826536Z [36;1mfi[0m
build-and-push (telegram-bot)	UNKNOWN STEP	2026-02-09T09:12:29.3857753Z shell: /usr/bin/bash -e {0}
build-and-push (telegram-bot)	UNKNOWN STEP	2026-02-09T09:12:29.3858220Z env:
build-and-push (telegram-bot)	UNKNOWN STEP	2026-02-09T09:12:29.3891043Z   ALLMYSECRETS: {
build-and-push (telegram-bot)	UNKNOWN STEP	  "DEV_MNEMONIC": "***",
build-and-push (telegram-bot)	UNKNOWN STEP	  "MAIN_PGADMIN_DEFAULT_PASSWORD": "***",
build-and-push (telegram-bot)	UNKNOWN STEP	  "DOCKER_HUB_TOKEN": "***",
build-and-push (telegram-bot)	UNKNOWN STEP	  "STAGING_ONTON_API_KEY": "***",
build-and-push (telegram-bot)	UNKNOWN STEP	  "STAGING_CLOUDFLARE_API_TOKEN": "***",
build-and-push (telegram-bot)	UNKNOWN STEP	  "DEV_TON_CENTER_TOKEN": "***",
build-and-push (telegram-bot)	UNKNOWN STEP	  "STAGING_ONTON_API_SECRET": "***",
build-and-push (telegram-bot)	UNKNOWN STEP	  "STAGING_GITHUB_CLIENT_SECRET": "***",
build-and-push (telegram-bot)	UNKNOWN STEP	  "SSH_MAIN_IP": "***",
build-and-push (telegram-bot)	UNKNOWN STEP	  "MAIN_TWITTER_CLIENT_SECRET": "***",
build-and-push (telegram-bot)	UNKNOWN STEP	  "STAGING_MINIO_ROOT_PASSWORD": "***",
build-and-push (telegram-bot)	UNKNOWN STEP	  "MAIN_GITHUB_CLIENT_SECRET": "***",
build-and-push (telegram-bot)	UNKNOWN STEP	  "STAGING_RABBITMQ_DEFAULT_PASS": "***",
build-and-push (telegram-bot)	UNKNOWN STEP	  "SSH_DEV_IP": "***",
build-and-push (telegram-bot)	UNKNOWN STEP	  "DEV_POSTGRES_PASSWORD": "***",
build-and-push (telegram-bot)	UNKNOWN STEP	  "SSH_PASSPHRASE": "***",
build-and-push (telegram-bot)	UNKNOWN STEP	  "STAGING_CLIENT_API_FIXED_KEY": "***",
build-and-push (telegram-bot)	UNKNOWN STEP	  "MAIN_TON_CENTER_TOKEN": "***",
build-and-push (telegram-bot)	UNKNOWN STEP	  "DOCKER_HUB_USERNAME": "***",
build-and-push (telegram-bot)	UNKNOWN STEP	  "GIT_API_KEY": "***",
build-and-push (telegram-bot)	UNKNOWN STEP	  "MAIN_CLOUDFLARE_EMAIL": "***",
build-and-push (telegram-bot)	UNKNOWN STEP	  "MAIN_DATABASE_URL": "***",
build-and-push (telegram-bot)	UNKNOWN STEP	  "MAIN_CLOUDFLARE_EMAIL_MAIN": "***",
build-and-push (telegram-bot)	UNKNOWN STEP	  "STAGING_PGADMIN_DEFAULT_EMAIL": "***",
build-and-push (telegram-bot)	UNKNOWN STEP	  "STAGING_SECRET_EVENT_WALLET_ENC_KEY": "***",
build-and-push (telegram-bot)	UNKNOWN STEP	  "STAGING_PGADMIN_DEFAULT_PASSWORD": "***",
build-and-push (telegram-bot)	UNKNOWN STEP	  "CR_PAT": "***",
build-and-push (telegram-bot)	UNKNOWN STEP	  "MAIN_CLOUDFLARE_API_TOKEN_MAIN": "***",
build-and-push (telegram-bot)	UNKNOWN STEP	  "MAIN_POSTGRES_USER": "***",
build-and-push (telegram-bot)	UNKNOWN STEP	  "DEV_BOT_TOKEN": "***",
build-and-push (telegram-bot)	UNKNOWN STEP	  "STAGING_REDIS_PASSWORD": "***",
build-and-push (telegram-bot)	UNKNOWN STEP	  "TELEGRAM_CHAT_ID_FOR_DEPLOYMENT": "***",
build-and-push (telegram-bot)	UNKNOWN STEP	  "STAGING_TONAPI_API_KEY": "***",
build-and-push (telegram-bot)	UNKNOWN STEP	  "STAGING_CLOUDFLARE_API_TOKEN_MAIN": "***",
build-and-push (telegram-bot)	UNKNOWN STEP	  "MAIN_BOT_TOKEN": "***",
build-and-push (telegram-bot)	UNKNOWN STEP	  "MAIN_SENTRY_AUTH_TOKEN": "***",
build-and-push (telegram-bot)	UNKNOWN STEP	  "github_token": "***",
build-and-push (telegram-bot)	UNKNOWN STEP	  "STAGING_DATABASE_URL_NFT_MANAGER": "***",
build-and-push (telegram-bot)	UNKNOWN STEP	  "DEV_CLOUDFLARE_API_TOKEN": "***",
build-and-push (telegram-bot)	UNKNOWN STEP	  "STAGING_TON_SOCIETY_API_KEY": "***",
build-and-push (telegram-bot)	UNKNOWN STEP	  "STAGING_POSTGRES_PASSWORD": "***",
build-and-push (telegram-bot)	UNKNOWN STEP	  "MAIN_RABBITMQ_DEFAULT_USER": "***",
build-and-push (telegram-bot)	UNKNOWN STEP	  "MAIN_CLOUDFLARE_API_TOKEN": "***",
build-and-push (telegram-bot)	UNKNOWN STEP	  "MAIN_CLOUDFLARE_DNS_ZONE_ID": "***",
build-and-push (telegram-bot)	UNKNOWN STEP	  "MAIN_REDIS_PASSWORD": "***",
build-and-push (telegram-bot)	UNKNOWN STEP	  "STAGING_MINIO_ROOT_USER": "***",
build-and-push (telegram-bot)	UNKNOWN STEP	  "MAIN_TON_SOCIETY_API_KEY": "***",
build-and-push (telegram-bot)	UNKNOWN STEP	  "STAGING_CLOUDFLARE_DNS_ZONE_ID": "***",
build-and-push (telegram-bot)	UNKNOWN STEP	  "DEV_CLIENT_API_JWT_SECRET": "***",
build-and-push (telegram-bot)	UNKNOWN STEP	  "STAGING_BOT_TOKEN": "***",
build-and-push (telegram-bot)	UNKNOWN STEP	  "MAIN_MB_ENCRYPTION_SECRET_KEY": "***",
build-and-push (telegram-bot)	UNKNOWN STEP	  "USE_CLOUDFLARE": "***",
build-and-push (telegram-bot)	UNKNOWN STEP	  "MAIN_TONAPI_API_KEY": "***",
build-and-push (telegram-bot)	UNKNOWN STEP	  "SSH_PRIVATE_KEY": "***",
build-and-push (telegram-bot)	UNKNOWN STEP	  "MAIN_LINKEDIN_CLIENT_SECRET": "***",
build-and-push (telegram-bot)	UNKNOWN STEP	  "STAGING_MS_CLIENT_SECRET": "***",
build-and-push (telegram-bot)	UNKNOWN STEP	  "SSH_DEV_KEY": "***",
build-and-push (telegram-bot)	UNKNOWN STEP	  "STAGING_TWITTER_CLIENT_SECRET": "***",
build-and-push (telegram-bot)	UNKNOWN STEP	  "STAGING_CLIENT_API_JWT_SECRET": "***",
build-and-push (telegram-bot)	UNKNOWN STEP	  "MAIN_DATABASE_URL_NFT_MANAGER": "***",
build-and-push (telegram-bot)	UNKNOWN STEP	  "DEV_ONTON_API_SECRET": "***",
build-and-push (telegram-bot)	UNKNOWN STEP	  "MAIN_GOOGLE_CLIENT_SECRET": "***",
build-and-push (telegram-bot)	UNKNOWN STEP	  "MAIN_MS_CLIENT_SECRET": "***",
build-and-push (telegram-bot)	UNKNOWN STEP	  "STAGING_DATABASE_URL": "***",
build-and-push (telegram-bot)	UNKNOWN STEP	  "STAGING_TON_CENTER_TOKEN": "***",
build-and-push (telegram-bot)	UNKNOWN STEP	  "DEV_TON_SOCIETY_API_KEY": "***",
build-and-push (telegram-bot)	UNKNOWN STEP	  "MAIN_EVENT_WALLET_ENC_KEY": "***",
build-and-push (telegram-bot)	UNKNOWN STEP	  "STAGING_POSTGRES_USER": "***",
build-and-push (telegram-bot)	UNKNOWN STEP	  "MAIN_PGADMIN_DEFAULT_EMAIL": "***",
build-and-push (telegram-bot)	UNKNOWN STEP	  "SSH_MAIN_PORT": "***",
build-and-push (telegram-bot)	UNKNOWN STEP	  "MAIN_MNEMONIC": "***",
build-and-push (telegram-bot)	UNKNOWN STEP	  "MAIN_POSTGRES_PASSWORD": "***",
build-and-push (telegram-bot)	UNKNOWN STEP	  "DEV_TONAPI_API_KEY": "***",
build-and-push (telegram-bot)	UNKNOWN STEP	  "STAGING_GOOGLE_CLIENT_SECRET": "***",
build-and-push (telegram-bot)	UNKNOWN STEP	  "DEV_MB_ENCRYPTION_SECRET_KEY": "***",
build-and-push (telegram-bot)	UNKNOWN STEP	  "STAGING_SENTRY_AUTH_TOKEN": "***",
build-and-push (telegram-bot)	UNKNOWN STEP	  "DEV_DATABASE_URL": "***",
build-and-push (telegram-bot)	UNKNOWN STEP	  "DEV_MINIO_ROOT_PASSWORD": "***",
build-and-push (telegram-bot)	UNKNOWN STEP	  "MAIN_RABBITMQ_DEFAULT_PASS": "***",
build-and-push (telegram-bot)	UNKNOWN STEP	  "TELEGRAM_BOT_TOKEN_FOR_DEPLOYMENT": "***",
build-and-push (telegram-bot)	UNKNOWN STEP	  "MAIN_ONTON_API_SECRET": "***",
build-and-push (telegram-bot)	UNKNOWN STEP	  "MAIN_CLIENT_API_FIXED_KEY": "***",
build-and-push (telegram-bot)	UNKNOWN STEP	  "SSH_DEV_PORT": "***",
build-and-push (telegram-bot)	UNKNOWN STEP	  "DEV_ONTON_API_KEY": "***",
build-and-push (telegram-bot)	UNKNOWN STEP	  "DEV_MINIO_ROOT_USER": "***",
build-and-push (telegram-bot)	UNKNOWN STEP	  "STAGING_MNEMONIC": "***",
build-and-push (telegram-bot)	UNKNOWN STEP	  "MAIN_MINIO_ROOT_USER": "***",
build-and-push (telegram-bot)	UNKNOWN STEP	  "DEV_PGADMIN_DEFAULT_PASSWORD": "***",
build-and-push (telegram-bot)	UNKNOWN STEP	  "DEV_CLIENT_API_FIXED_KEY": "***",
build-and-push (telegram-bot)	UNKNOWN STEP	  "STAGING_CLOUDFLARE_EMAIL": "***",
build-and-push (telegram-bot)	UNKNOWN STEP	  "STAGING_MB_ENCRYPTION_SECRET_KEY": "***",
build-and-push (telegram-bot)	UNKNOWN STEP	  "MAIN_MINIO_ROOT_PASSWORD": "***",
build-and-push (telegram-bot)	UNKNOWN STEP	  "MAIN_ONTON_API_KEY": "***",
build-and-push (telegram-bot)	UNKNOWN STEP	  "STAGING_RABBITMQ_DEFAULT_USER": "***",
build-and-push (telegram-bot)	UNKNOWN STEP	  "MAIN_CLIENT_API_JWT_SECRET": "***",
build-and-push (telegram-bot)	UNKNOWN STEP	  "STAGING_LINKEDIN_CLIENT_SECRET": "***",
build-and-push (telegram-bot)	UNKNOWN STEP	  "DEV_RABBITMQ_DEFAULT_PASS": "***"
build-and-push (telegram-bot)	UNKNOWN STEP	}
build-and-push (telegram-bot)	UNKNOWN STEP	2026-02-09T09:12:29.3971996Z   ALLMYVARS: {
build-and-push (telegram-bot)	UNKNOWN STEP	  "DEV_ACME_AGREE": "true",
build-and-push (telegram-bot)	UNKNOWN STEP	  "DEV_BRANCH_NAME": "dev",
build-and-push (telegram-bot)	UNKNOWN STEP	  "DEV_CACHE_ENABLED": "true",
build-and-push (telegram-bot)	UNKNOWN STEP	  "DEV_CLAMAV_PORT": "***10",
build-and-push (telegram-bot)	UNKNOWN STEP	  "DEV_CLIENT_API_FIXED_ORGANIZER": "@Ontonadmin",
build-and-push (telegram-bot)	UNKNOWN STEP	  "DEV_CLIENT_API_FIXED_USER": "@Ontonadmin",
build-and-push (telegram-bot)	UNKNOWN STEP	  "DEV_CLIENT_WEB_DOMAIN": "dev-client-web.dev.***.live",
build-and-push (telegram-bot)	UNKNOWN STEP	  "DEV_COMPOSE_PROJECT_NAME": "develop-***",
build-and-push (telegram-bot)	UNKNOWN STEP	  "DEV_ENV": "development",
build-and-push (telegram-bot)	UNKNOWN STEP	  "DEV_EVENT_WALLET_ENC_KEY": "Ci5M6/B4Wke4qX6tXViVeW0xM0iH0yh/qvD3Y1xu2v8",
build-and-push (telegram-bot)	UNKNOWN STEP	  "DEV_GOLANG_SERVER_PORT": "3013",
build-and-push (telegram-bot)	UNKNOWN STEP	  "DEV_IP_CADDY": "caddy",
build-and-push (telegram-bot)	UNKNOWN STEP	  "DEV_IP_CLAMAV": "host.docker.internal",
build-and-push (telegram-bot)	UNKNOWN STEP	  "DEV_IP_CLIENT_WEB": "client-web",
build-and-push (telegram-bot)	UNKNOWN STEP	  "DEV_IP_GIVEAWAY_CHECKER": "giveaway-checker",
build-and-push (telegram-bot)	UNKNOWN STEP	  "DEV_IP_GOLANG_SERVER": "golang-server",
build-and-push (telegram-bot)	UNKNOWN STEP	  "DEV_IP_GOLANG_WORKER": "golang-worker",
build-and-push (telegram-bot)	UNKNOWN STEP	  "DEV_IP_KIBANA": "kibana",
build-and-push (telegram-bot)	UNKNOWN STEP	  "DEV_IP_METABASE": "metabase",
build-and-push (telegram-bot)	UNKNOWN STEP	  "DEV_IP_MINIO": "minio",
build-and-push (telegram-bot)	UNKNOWN STEP	  "DEV_IP_MINI_APP": "mini-app",
build-and-push (telegram-bot)	UNKNOWN STEP	  "DEV_IP_MINI_APP_CRON": "mini-app-sbt-worker",
build-and-push (telegram-bot)	UNKNOWN STEP	  "DEV_IP_NFT_MANAGER": "nft-manager",
build-and-push (telegram-bot)	UNKNOWN STEP	  "DEV_IP_PARTICIPANT_TMA": "participant-tma",
build-and-push (telegram-bot)	UNKNOWN STEP	  "DEV_IP_PGADMIN": "pgadmin",
build-and-push (telegram-bot)	UNKNOWN STEP	  "DEV_IP_POA_WORKER": "mini-app-poa-worker",
build-and-push (telegram-bot)	UNKNOWN STEP	  "DEV_IP_POSTGRES": "postgres",
build-and-push (telegram-bot)	UNKNOWN STEP	  "DEV_IP_RABBITMQ": "rabbitmq",
build-and-push (telegram-bot)	UNKNOWN STEP	  "DEV_IP_RANGE_BASE": "host.docker.internal",
build-and-push (telegram-bot)	UNKNOWN STEP	  "DEV_IP_RANGE_START": "172.10",
build-and-push (telegram-bot)	UNKNOWN STEP	  "DEV_IP_RANGE_SUBNET": "24",
build-and-push (telegram-bot)	UNKNOWN STEP	  "DEV_IP_REDIS": "redis",
build-and-push (telegram-bot)	UNKNOWN STEP	  "DEV_IP_SOCKET": "mini-app-notification-socket",
build-and-push (telegram-bot)	UNKNOWN STEP	  "DEV_IP_SWAGGER_UI": "swagger-ui",
build-and-push (telegram-bot)	UNKNOWN STEP	  "DEV_IP_TELEGRAM_BOT": "telegram-bot",
build-and-push (telegram-bot)	UNKNOWN STEP	  "DEV_IP_WEBSITE": "website",
build-and-push (telegram-bot)	UNKNOWN STEP	  "DEV_JWT_SECRET_SOCKET": "D3v@OnTonw3tds112ewq%KD___%1006-7-8-9-0OkMjKlll%909R9OOsf",
build-and-push (telegram-bot)	UNKNOWN STEP	  "DEV_KIBANA_HASHED_PASSWORD": "$2a$14$6P83mnKs9BxP2qZDaMU.2OzBHY3SG0nnaVXJ8nKluEWEWD5RMmN/W",
build-and-push (telegram-bot)	UNKNOWN STEP	  "DEV_KIBANA_PORT": "3023",
build-and-push (telegram-bot)	UNKNOWN STEP	  "DEV_KIBANA_USERNAME": "monitor",
build-and-push (telegram-bot)	UNKNOWN STEP	  "DEV_LOCAL_DOMAIN": "dev-app.dev.***.live",
build-and-push (telegram-bot)	UNKNOWN STEP	  "DEV_MB_REDIRECT_ALL_REQUESTS_TO_HTTPS": "true",
build-and-push (telegram-bot)	UNKNOWN STEP	  "DEV_METABASE_DOMAIN": "dev-metabase.dev.***.live",
build-and-push (telegram-bot)	UNKNOWN STEP	  "DEV_MINIO_COLLECTION_BUCKET": "***collection",
build-and-push (telegram-bot)	UNKNOWN STEP	  "DEV_MINIO_DASHBOARD_PORT": "3014",
build-and-push (telegram-bot)	UNKNOWN STEP	  "DEV_MINIO_DOC_BUCKET": "***doc",
build-and-push (telegram-bot)	UNKNOWN STEP	  "DEV_MINIO_DOC_DEFAULT_BUCKET": "***",
build-and-push (telegram-bot)	UNKNOWN STEP	  "DEV_MINIO_ENDPOINT": "minio",
build-and-push (telegram-bot)	UNKNOWN STEP	  "DEV_MINIO_IMAGE_BUCKET": "***image",
build-and-push (telegram-bot)	UNKNOWN STEP	  "DEV_MINIO_ITEM_BUCKET": "***item",
build-and-push (telegram-bot)	UNKNOWN STEP	  "DEV_MINIO_PORT": "3012",
build-and-push (telegram-bot)	UNKNOWN STEP	  "DEV_MINIO_PUBLIC_URL": "https://dev-storage.dev.***.live",
build-and-push (telegram-bot)	UNKNOWN STEP	  "DEV_MINIO_REGION_NAME": "default",
build-and-push (telegram-bot)	UNKNOWN STEP	  "DEV_MINIO_SBT_COLLECTIONS_BUCKET": "sbt-collections",
build-and-push (telegram-bot)	UNKNOWN STEP	  "DEV_MINIO_STORAGE_ADMIN_DOMAIN": "dev-storage-admin.dev.***.live",
build-and-push (telegram-bot)	UNKNOWN STEP	  "DEV_MINIO_STORAGE_DOMAIN": "dev-storage.dev.***.live",
build-and-push (telegram-bot)	UNKNOWN STEP	  "DEV_MINIO_VIDEO_BUCKET": "***video",
build-and-push (telegram-bot)	UNKNOWN STEP	  "DEV_MINI_APP_DOMAIN": "dev-app.dev.***.live",
build-and-push (telegram-bot)	UNKNOWN STEP	  "DEV_MINI_APP_PORT": "3000",
build-and-push (telegram-bot)	UNKNOWN STEP	  "DEV_MINI_APP_SOCKET_DOMAIN": "dev-socket.dev.***.live",
build-and-push (telegram-bot)	UNKNOWN STEP	  "DEV_MONITORING_DOMAIN": "dev-monitoring.dev.***.live",
build-and-push (telegram-bot)	UNKNOWN STEP	  "DEV_NETWORK_NAME": "***-dev",
build-and-push (telegram-bot)	UNKNOWN STEP	  "DEV_NETWORK_PUBLIC_IP": "***",
build-and-push (telegram-bot)	UNKNOWN STEP	  "DEV_NEXT_PUBLIC_API_BASE_URL": "https://dev-app.dev.***.live/api/v1",
build-and-push (telegram-bot)	UNKNOWN STEP	  "DEV_NEXT_PUBLIC_APP_BASE_URL": "https://dev-app.dev.***.live",
build-and-push (telegram-bot)	UNKNOWN STEP	  "DEV_NEXT_PUBLIC_BACKEND_URL_CLIENT": "https://dev-app.dev.***.live/api/client/v1/",
build-and-push (telegram-bot)	UNKNOWN STEP	  "DEV_NEXT_PUBLIC_BOT_USERNAME": "dev_ont0n_bot",
build-and-push (telegram-bot)	UNKNOWN STEP	  "DEV_NEXT_PUBLIC_ENV": "development",
build-and-push (telegram-bot)	UNKNOWN STEP	  "DEV_NEXT_PUBLIC_GTM": "GTM-dev",
build-and-push (telegram-bot)	UNKNOWN STEP	  "DEV_NEXT_PUBLIC_SOCKET_URL": "dev-socket.dev.***.live",
build-and-push (telegram-bot)	UNKNOWN STEP	  "DEV_NFT_INTERVAL_TIME": "60000",
build-and-push (telegram-bot)	UNKNOWN STEP	  "DEV_NFT_MANAGER_PORT": "3004",
build-and-push (telegram-bot)	UNKNOWN STEP	  "DEV_NODE_ENV": "production",
build-and-push (telegram-bot)	UNKNOWN STEP	  "DEV_NODE_TLS_REJECT_UNAUTHORIZED": "0",
build-and-push (telegram-bot)	UNKNOWN STEP	  "DEV_ONTON_DOMAIN": "dev.***.live",
build-and-push (telegram-bot)	UNKNOWN STEP	  "DEV_PARTICIPANT_TMA_PORT": "3001",
build-and-push (telegram-bot)	UNKNOWN STEP	  "DEV_PGADMIN_DOMAIN": "dev-pgadmin.dev.***.live",
build-and-push (telegram-bot)	UNKNOWN STEP	  "DEV_PORT_CLIENT_WEB": "3007",
build-and-push (telegram-bot)	UNKNOWN STEP	  "DEV_PORT_METABASE": "3009",
build-and-push (telegram-bot)	UNKNOWN STEP	  "DEV_PORT_PGADMIN": "3006",
build-and-push (telegram-bot)	UNKNOWN STEP	  "DEV_PORT_WEB_SITE": "3005",
build-and-push (telegram-bot)	UNKNOWN STEP	  "DEV_POSTGRES_METABASE_DB": "dev-mini-app",
build-and-push (telegram-bot)	UNKNOWN STEP	  "DEV_POSTGRES_MINI_APP_DB": "dev-mini-app",
build-and-push (telegram-bot)	UNKNOWN STEP	  "DEV_POSTGRES_NFT_MANAGER_DB": "dev-nft-manager",
build-and-push (telegram-bot)	UNKNOWN STEP	  "DEV_POSTGRES_PORT": "3008",
build-and-push (telegram-bot)	UNKNOWN STEP	  "DEV_PTMA_API_BASE_URL": "https://dev-app.dev.***.live/api/v1",
build-and-push (telegram-bot)	UNKNOWN STEP	  "DEV_RABBITMQ_DOMAIN": "dev-rabbitmq.dev.***.live",
build-and-push (telegram-bot)	UNKNOWN STEP	  "DEV_RABBITMQ_MANAGEMENT_PORT": "3015",
build-and-push (telegram-bot)	UNKNOWN STEP	  "DEV_RABBITMQ_NODE_PORT": "3016",
build-and-push (telegram-bot)	UNKNOWN STEP	  "DEV_REDIS_DATABASES": "1",
build-and-push (telegram-bot)	UNKNOWN STEP	  "DEV_REDIS_PORT": "3011",
build-and-push (telegram-bot)	UNKNOWN STEP	  "DEV_REGISTRY_URL": "ghcr.io",
build-and-push (telegram-bot)	UNKNOWN STEP	  "DEV_SOCKET_PORT": "30***",
build-and-push (telegram-bot)	UNKNOWN STEP	  "DEV_STAGE_NAME": "dev-***",
build-and-push (telegram-bot)	UNKNOWN STEP	  "DEV_SWAGGER_UI_DOMAIN": "dev-swagger-ui.dev.***.live",
build-and-push (telegram-bot)	UNKNOWN STEP	  "DEV_SWAGGER_UI_PORT": "3024",
build-and-push (telegram-bot)	UNKNOWN STEP	  "DEV_SYS_CADDY_REPLICAS": "1",
build-and-push (telegram-bot)	UNKNOWN STEP	  "DEV_SYS_MINI_APP_REPLICAS": "1",
build-and-push (telegram-bot)	UNKNOWN STEP	  "DEV_SYS_PARTICIPANT_TMA_REPLICAS": "1",
build-and-push (telegram-bot)	UNKNOWN STEP	  "DEV_SYS_WEB_SITE_REPLICAS": "1",
build-and-push (telegram-bot)	UNKNOWN STEP	  "DEV_TELEGRAM_BOT_PORT": "3002",
build-and-push (telegram-bot)	UNKNOWN STEP	  "DEV_TG_EVENTS_TOPIC": "2",
build-and-push (telegram-bot)	UNKNOWN STEP	  "DEV_TG_LOGS_GROUP_ID": "-1002308507308",
build-and-push (telegram-bot)	UNKNOWN STEP	  "DEV_TG_LOG_BOT_TOKEN": "7604730825:AAE1WJHs5lFI2zX_tba6M-1HYfffA8ugFmA",
build-and-push (telegram-bot)	UNKNOWN STEP	  "DEV_TG_NOTIFICATION_CHANELL": "-1002164161685",
build-and-push (telegram-bot)	UNKNOWN STEP	  "DEV_TG_SYSTEM_TOPIC": "16",
build-and-push (telegram-bot)	UNKNOWN STEP	  "DEV_TG_TICKETS_TOPIC": "4",
build-and-push (telegram-bot)	UNKNOWN STEP	  "DEV_TON_CENTER_ENDPOINT": "https://toncenter.com/api/v2/jsonRPC",
build-and-push (telegram-bot)	UNKNOWN STEP	  "DEV_TON_SOCIETY_BASE_URL": "https://id.ton.org/v1",
build-and-push (telegram-bot)	UNKNOWN STEP	  "DEV_USE_CLOUDFLARE": "true",
build-and-push (telegram-bot)	UNKNOWN STEP	  "DEV_USE_MAIN_IP_TO_EXPOSE": "true",
build-and-push (telegram-bot)	UNKNOWN STEP	  "MAIN_ACME_AGREE": "true",
build-and-push (telegram-bot)	UNKNOWN STEP	  "MAIN_BRANCH_NAME": "main",
build-and-push (telegram-bot)	UNKNOWN STEP	  "MAIN_CACHE_ENABLED": "true",
build-and-push (telegram-bot)	UNKNOWN STEP	  "MAIN_CLAMAV_PORT": "***10",
build-and-push (telegram-bot)	UNKNOWN STEP	  "MAIN_CLIENT_API_FIXED_ORGANIZER": "@Ontonadmin",
build-and-push (telegram-bot)	UNKNOWN STEP	  "MAIN_CLIENT_API_FIXED_USER": "@Ontonadmin",
build-and-push (telegram-bot)	UNKNOWN STEP	  "MAIN_CLIENT_WEB_DOMAIN": "client-web.***.live",
build-and-push (telegram-bot)	UNKNOWN STEP	  "MAIN_COMPOSE_PROJECT_NAME": "production-***",
build-and-push (telegram-bot)	UNKNOWN STEP	  "MAIN_ENV": "production",
build-and-push (telegram-bot)	UNKNOWN STEP	  "MAIN_GITHUB_CLIENT_ID": "Ov23liQFN1rMeZicYHnL",
build-and-push (telegram-bot)	UNKNOWN STEP	  "MAIN_GITHUB_REPO": "***bot",
build-and-push (telegram-bot)	UNKNOWN STEP	  "MAIN_GOLANG_SERVER_PORT": "8013",
build-and-push (telegram-bot)	UNKNOWN STEP	  "MAIN_GOOGLE_CLIENT_ID": "174044865725-8urfv981fca74aj3bq2kqik7fbe2rggg.apps.googleusercontent.com",
build-and-push (telegram-bot)	UNKNOWN STEP	  "MAIN_IP_CADDY": "caddy",
build-and-push (telegram-bot)	UNKNOWN STEP	  "MAIN_IP_CLAMAV": "host.docker.internal",
build-and-push (telegram-bot)	UNKNOWN STEP	  "MAIN_IP_CLIENT_WEB": "client-web",
build-and-push (telegram-bot)	UNKNOWN STEP	  "MAIN_IP_GIVEAWAY_CHECKER": "giveaway-checker",
build-and-push (telegram-bot)	UNKNOWN STEP	  "MAIN_IP_GOLANG_SERVER": "golang-server",
build-and-push (telegram-bot)	UNKNOWN STEP	  "MAIN_IP_GOLANG_WORKER": "golang-worker",
build-and-push (telegram-bot)	UNKNOWN STEP	  "MAIN_IP_KIBANA": "kibana",
build-and-push (telegram-bot)	UNKNOWN STEP	  "MAIN_IP_METABASE": "metabase",
build-and-push (telegram-bot)	UNKNOWN STEP	  "MAIN_IP_MINIO": "minio",
build-and-push (telegram-bot)	UNKNOWN STEP	  "MAIN_IP_MINI_APP": "mini-app",
build-and-push (telegram-bot)	UNKNOWN STEP	  "MAIN_IP_MINI_APP_CRON": "mini-app-sbt-worker",
build-and-push (telegram-bot)	UNKNOWN STEP	  "MAIN_IP_NFT_MANAGER": "nft-manager",
build-and-push (telegram-bot)	UNKNOWN STEP	  "MAIN_IP_PARTICIPANT_TMA": "participant-tma",
build-and-push (telegram-bot)	UNKNOWN STEP	  "MAIN_IP_PGADMIN": "pgadmin",
build-and-push (telegram-bot)	UNKNOWN STEP	  "MAIN_IP_POA_WORKER": "mini-app-poa-worker",
build-and-push (telegram-bot)	UNKNOWN STEP	  "MAIN_IP_POSTGRES": "postgres",
build-and-push (telegram-bot)	UNKNOWN STEP	  "MAIN_IP_RABBITMQ": "rabbitmq",
build-and-push (telegram-bot)	UNKNOWN STEP	  "MAIN_IP_RANGE_BASE": "host.docker.internal",
build-and-push (telegram-bot)	UNKNOWN STEP	  "MAIN_IP_REDIS": "redis",
build-and-push (telegram-bot)	UNKNOWN STEP	  "MAIN_IP_SOCKET": "mini-app-notification-socket",
build-and-push (telegram-bot)	UNKNOWN STEP	  "MAIN_IP_SWAGGER_UI": "swagger-ui",
build-and-push (telegram-bot)	UNKNOWN STEP	  "MAIN_IP_TELEGRAM_BOT": "telegram-bot",
build-and-push (telegram-bot)	UNKNOWN STEP	  "MAIN_IP_WEBSITE": "website",
build-and-push (telegram-bot)	UNKNOWN STEP	  "MAIN_JWT_SECRET_SOCKET": "JFDmdjeu__@HF_KKSEEWR_ERW*ER_FGDFG_ET%DG%34534aasd_Rhuefli!hfsdlnf",
build-and-push (telegram-bot)	UNKNOWN STEP	  "MAIN_KIBANA_HASHED_PASSWORD": "$2a$14$6P83mnKs9BxP2qZDaMU.2OzBHY3SG0nnaVXJ8nKluEWEWD5RMmN/W",
build-and-push (telegram-bot)	UNKNOWN STEP	  "MAIN_KIBANA_PORT": "8023",
build-and-push (telegram-bot)	UNKNOWN STEP	  "MAIN_KIBANA_USERNAME": "monitor",
build-and-push (telegram-bot)	UNKNOWN STEP	  "MAIN_LINKEDIN_CLIENT_ID": "77osbnm9chxr4c",
build-and-push (telegram-bot)	UNKNOWN STEP	  "MAIN_LOCAL_DOMAIN": "***.live",
build-and-push (telegram-bot)	UNKNOWN STEP	  "MAIN_MB_REDIRECT_ALL_REQUESTS_TO_HTTPS": "true",
build-and-push (telegram-bot)	UNKNOWN STEP	  "MAIN_METABASE_DOMAIN": "metabase.***.live",
build-and-push (telegram-bot)	UNKNOWN STEP	  "MAIN_MINIO_COLLECTION_BUCKET": "***collection",
build-and-push (telegram-bot)	UNKNOWN STEP	  "MAIN_MINIO_DASHBOARD_PORT": "8014",
build-and-push (telegram-bot)	UNKNOWN STEP	  "MAIN_MINIO_DOC_BUCKET": "***doc",
build-and-push (telegram-bot)	UNKNOWN STEP	  "MAIN_MINIO_DOC_DEFAULT_BUCKET": "***",
build-and-push (telegram-bot)	UNKNOWN STEP	  "MAIN_MINIO_ENDPOINT": "minio",
build-and-push (telegram-bot)	UNKNOWN STEP	  "MAIN_MINIO_IMAGE_BUCKET": "***image",
build-and-push (telegram-bot)	UNKNOWN STEP	  "MAIN_MINIO_ITEM_BUCKET": "***item",
build-and-push (telegram-bot)	UNKNOWN STEP	  "MAIN_MINIO_PORT": "8012",
build-and-push (telegram-bot)	UNKNOWN STEP	  "MAIN_MINIO_PUBLIC_URL": "https://storage.***.live",
build-and-push (telegram-bot)	UNKNOWN STEP	  "MAIN_MINIO_REGION_NAME": "default",
build-and-push (telegram-bot)	UNKNOWN STEP	  "MAIN_MINIO_SBT_COLLECTIONS_BUCKET": "sbt-collections",
build-and-push (telegram-bot)	UNKNOWN STEP	  "MAIN_MINIO_STORAGE_ADMIN_DOMAIN": "storage-admin.***.live",
build-and-push (telegram-bot)	UNKNOWN STEP	  "MAIN_MINIO_STORAGE_DOMAIN": "storage.***.live",
build-and-push (telegram-bot)	UNKNOWN STEP	  "MAIN_MINIO_VIDEO_BUCKET": "***video",
build-and-push (telegram-bot)	UNKNOWN STEP	  "MAIN_MINI_APP_DOMAIN": "app.***.live",
build-and-push (telegram-bot)	UNKNOWN STEP	  "MAIN_MINI_APP_PORT": "8000",
build-and-push (telegram-bot)	UNKNOWN STEP	  "MAIN_MINI_APP_SOCKET_DOMAIN": "socket.***.live",
build-and-push (telegram-bot)	UNKNOWN STEP	  "MAIN_MONITORING_DOMAIN": "monitoring.***.live",
build-and-push (telegram-bot)	UNKNOWN STEP	  "MAIN_MS_CLIENT_ID": "916e0c9f-17bc-45c2-9cbc-025c48a0d449",
build-and-push (telegram-bot)	UNKNOWN STEP	  "MAIN_NETWORK_NAME": "***-production",
build-and-push (telegram-bot)	UNKNOWN STEP	  "MAIN_NETWORK_PUBLIC_IP": "***",
build-and-push (telegram-bot)	UNKNOWN STEP	  "MAIN_NEXT_PUBLIC_API_BASE_URL": "https://app.***.live/api/v1",
build-and-push (telegram-bot)	UNKNOWN STEP	  "MAIN_NEXT_PUBLIC_APP_BASE_URL": "https://app.***.live",
build-and-push (telegram-bot)	UNKNOWN STEP	  "MAIN_NEXT_PUBLIC_BACKEND_URL_CLIENT": "https://app.***.live/api/client/v1/",
build-and-push (telegram-bot)	UNKNOWN STEP	  "MAIN_NEXT_PUBLIC_BOT_USERNAME": "the***bot",
build-and-push (telegram-bot)	UNKNOWN STEP	  "MAIN_NEXT_PUBLIC_ENV": "production",
build-and-push (telegram-bot)	UNKNOWN STEP	  "MAIN_NEXT_PUBLIC_GTM": "GTM-TSCPWNCM",
build-and-push (telegram-bot)	UNKNOWN STEP	  "MAIN_NEXT_PUBLIC_SOCKET_URL": "socket.***.live",
build-and-push (telegram-bot)	UNKNOWN STEP	  "MAIN_NFT_INTERVAL_TIME": "60000",
build-and-push (telegram-bot)	UNKNOWN STEP	  "MAIN_NFT_MANAGER_PORT": "8004",
build-and-push (telegram-bot)	UNKNOWN STEP	  "MAIN_NODE_ENV": "production",
build-and-push (telegram-bot)	UNKNOWN STEP	  "MAIN_NODE_TLS_REJECT_UNAUTHORIZED": "1",
build-and-push (telegram-bot)	UNKNOWN STEP	  "MAIN_ONTON_DOMAIN": "***.live",
build-and-push (telegram-bot)	UNKNOWN STEP	  "MAIN_PARTICIPANT_TMA_PORT": "8001",
build-and-push (telegram-bot)	UNKNOWN STEP	  "MAIN_PGADMIN_DOMAIN": "pgadmin.***.live",
build-and-push (telegram-bot)	UNKNOWN STEP	  "MAIN_PORT_CLIENT_WEB": "8007",
build-and-push (telegram-bot)	UNKNOWN STEP	  "MAIN_PORT_METABASE": "8009",
build-and-push (telegram-bot)	UNKNOWN STEP	  "MAIN_PORT_PGADMIN": "8006",
build-and-push (telegram-bot)	UNKNOWN STEP	  "MAIN_PORT_WEB_SITE": "8005",
build-and-push (telegram-bot)	UNKNOWN STEP	  "MAIN_POSTGRES_METABASE_DB": "production-mini-app",
build-and-push (telegram-bot)	UNKNOWN STEP	  "MAIN_POSTGRES_MINI_APP_DB": "production-mini-app",
build-and-push (telegram-bot)	UNKNOWN STEP	  "MAIN_POSTGRES_NFT_MANAGER_DB": "production-nft-manager",
build-and-push (telegram-bot)	UNKNOWN STEP	  "MAIN_POSTGRES_PORT": "8008",
build-and-push (telegram-bot)	UNKNOWN STEP	  "MAIN_PTMA_API_BASE_URL": "https://app.***.live/api/v1",
build-and-push (telegram-bot)	UNKNOWN STEP	  "MAIN_RABBITMQ_DOMAIN": "rabbitmq.***.live",
build-and-push (telegram-bot)	UNKNOWN STEP	  "MAIN_RABBITMQ_MANAGEMENT_PORT": "8015",
build-and-push (telegram-bot)	UNKNOWN STEP	  "MAIN_RABBITMQ_NODE_PORT": "8016",
build-and-push (telegram-bot)	UNKNOWN STEP	  "MAIN_REDIS_DATABASES": "1",
build-and-push (telegram-bot)	UNKNOWN STEP	  "MAIN_REDIS_PORT": "8011",
build-and-push (telegram-bot)	UNKNOWN STEP	  "MAIN_REGISTRY_URL": "registry.toncloud.observer",
build-and-push (telegram-bot)	UNKNOWN STEP	  "MAIN_SOCKET_PORT": "80***",
build-and-push (telegram-bot)	UNKNOWN STEP	  "MAIN_STAGE_NAME": "main-***",
build-and-push (telegram-bot)	UNKNOWN STEP	  "MAIN_SWAGGER_UI_DOMAIN": "swagger-ui.***.live",
build-and-push (telegram-bot)	UNKNOWN STEP	  "MAIN_SWAGGER_UI_PORT": "8024",
build-and-push (telegram-bot)	UNKNOWN STEP	  "MAIN_SYS_CADDY_REPLICAS": "1",
build-and-push (telegram-bot)	UNKNOWN STEP	  "MAIN_SYS_MINI_APP_REPLICAS": "12",
build-and-push (telegram-bot)	UNKNOWN STEP	  "MAIN_SYS_PARTICIPANT_TMA_REPLICAS": "6",
build-and-push (telegram-bot)	UNKNOWN STEP	  "MAIN_SYS_WEB_SITE_REPLICAS": "3",
build-and-push (telegram-bot)	UNKNOWN STEP	  "MAIN_TELEGRAM_BOT_PORT": "8002",
build-and-push (telegram-bot)	UNKNOWN STEP	  "MAIN_TG_EVENTS_TOPIC": "2",
build-and-push (telegram-bot)	UNKNOWN STEP	  "MAIN_TG_LOGS_GROUP_ID": "-1002300666538",
build-and-push (telegram-bot)	UNKNOWN STEP	  "MAIN_TG_LOG_BOT_TOKEN": "7604730825:AAE1WJHs5lFI2zX_tba6M-1HYfffA8ugFmA",
build-and-push (telegram-bot)	UNKNOWN STEP	  "MAIN_TG_NOTIFICATION_CHANELL": "-100***32083***",
build-and-push (telegram-bot)	UNKNOWN STEP	  "MAIN_TG_SYSTEM_TOPIC": "16",
build-and-push (telegram-bot)	UNKNOWN STEP	  "MAIN_TG_TICKETS_TOPIC": "4",
build-and-push (telegram-bot)	UNKNOWN STEP	  "MAIN_TON_CENTER_ENDPOINT": "https://toncenter.com/api/v2/jsonRPC",
build-and-push (telegram-bot)	UNKNOWN STEP	  "MAIN_TON_SOCIETY_BASE_URL": "https://id.ton.org/v1",
build-and-push (telegram-bot)	UNKNOWN STEP	  "MAIN_TWITTER_CLIENT_ID": "SU1RUS0xaHNsRk5kd014UlZieDQ6MTpjaQ",
build-and-push (telegram-bot)	UNKNOWN STEP	  "MAIN_USE_CLOUDFLARE": "true",
build-and-push (telegram-bot)	UNKNOWN STEP	  "MAIN_USE_MAIN_IP_TO_EXPOSE": "true",
build-and-push (telegram-bot)	UNKNOWN STEP	  "NEXT_PUBLIC_BOT_USERNAME": "notnonstagebot",
build-and-push (telegram-bot)	UNKNOWN STEP	  "SANDBOX_ACME_AGREE": "true",
build-and-push (telegram-bot)	UNKNOWN STEP	  "SANDBOX_BRANCH_NAME": "sandbox",
build-and-push (telegram-bot)	UNKNOWN STEP	  "SANDBOX_CACHE_ENABLED": "true",
build-and-push (telegram-bot)	UNKNOWN STEP	  "SANDBOX_CLAMAV_PORT": "***10",
build-and-push (telegram-bot)	UNKNOWN STEP	  "SANDBOX_CLIENT_API_FIXED_ORGANIZER": "@Ontonadmin",
build-and-push (telegram-bot)	UNKNOWN STEP	  "SANDBOX_CLIENT_API_FIXED_USER": "@Ontonadmin",
build-and-push (telegram-bot)	UNKNOWN STEP	  "SANDBOX_CLIENT_WEB_DOMAIN": "sandbox-client-web.toncloud.observer",
build-and-push (telegram-bot)	UNKNOWN STEP	  "SANDBOX_COMPOSE_PROJECT_NAME": "sanbox-***",
build-and-push (telegram-bot)	UNKNOWN STEP	  "SANDBOX_IP_CADDY": "caddy",
build-and-push (telegram-bot)	UNKNOWN STEP	  "SANDBOX_IP_CLAMAV": "host.docker.internal",
build-and-push (telegram-bot)	UNKNOWN STEP	  "SANDBOX_IP_KIBANA": "kibana",
build-and-push (telegram-bot)	UNKNOWN STEP	  "SANDBOX_IP_METABASE": "metabase",
build-and-push (telegram-bot)	UNKNOWN STEP	  "SANDBOX_IP_PGADMIN": "pgadmin",
build-and-push (telegram-bot)	UNKNOWN STEP	  "SANDBOX_IP_POA_WORKER": "mini-app-poa-worker",
build-and-push (telegram-bot)	UNKNOWN STEP	  "SANDBOX_IP_POSTGRES": "postgres",
build-and-push (telegram-bot)	UNKNOWN STEP	  "SANDBOX_IP_SOCKET": "mini-app-notification-socket",
build-and-push (telegram-bot)	UNKNOWN STEP	  "SANDBOX_IP_TELEGRAM_BOT": "telegram-bot",
build-and-push (telegram-bot)	UNKNOWN STEP	  "SANDBOX_IP_WEBSITE": "website",
build-and-push (telegram-bot)	UNKNOWN STEP	  "SANDBOX_JWT_SECRET_SOCKET": "D3v@OnTonw3tds112ewq%KD___%1006-7-8-9-0OkMjKlll%909R9OOsf",
build-and-push (telegram-bot)	UNKNOWN STEP	  "SANDBOX_KIBANA_HASHED_PASSWORD": "$2a$14$6P83mnKs9BxP2qZDaMU.2OzBHY3SG0nnaVXJ8nKluEWEWD5RMmN/W",
build-and-push (telegram-bot)	UNKNOWN STEP	  "SANDBOX_KIBANA_PORT": "6023",
build-and-push (telegram-bot)	UNKNOWN STEP	  "SANDBOX_KIBANA_USERNAME": "monitor",
build-and-push (telegram-bot)	UNKNOWN STEP	  "SANDBOX_LOCAL_DOMAIN": "sandbox-app.toncloud.observer",
build-and-push (telegram-bot)	UNKNOWN STEP	  "SANDBOX_MB_REDIRECT_ALL_REQUESTS_TO_HTTPS": "true",
build-and-push (telegram-bot)	UNKNOWN STEP	  "SANDBOX_METABASE_DOMAIN": "sandbox-metabase.toncloud.observer",
build-and-push (telegram-bot)	UNKNOWN STEP	  "SANDBOX_MINIO_COLLECTION_BUCKET": "***collection",
build-and-push (telegram-bot)	UNKNOWN STEP	  "SANDBOX_MINIO_DASHBOARD_PORT": "6014",
build-and-push (telegram-bot)	UNKNOWN STEP	  "SANDBOX_MINIO_DOC_BUCKET": "***doc",
build-and-push (telegram-bot)	UNKNOWN STEP	  "SANDBOX_MINIO_DOC_DEFAULT_BUCKET": "***",
build-and-push (telegram-bot)	UNKNOWN STEP	  "SANDBOX_MINIO_ENDPOINT": "minio",
build-and-push (telegram-bot)	UNKNOWN STEP	  "SANDBOX_MINIO_IMAGE_BUCKET": "***image",
build-and-push (telegram-bot)	UNKNOWN STEP	  "SANDBOX_MINIO_ITEM_BUCKET": "***item",
build-and-push (telegram-bot)	UNKNOWN STEP	  "SANDBOX_MINIO_PORT": "6012",
build-and-push (telegram-bot)	UNKNOWN STEP	  "SANDBOX_MINIO_PUBLIC_URL": "https://sandbox-storage.toncloud.observer",
build-and-push (telegram-bot)	UNKNOWN STEP	  "SANDBOX_MINIO_REGION_NAME": "default",
build-and-push (telegram-bot)	UNKNOWN STEP	  "SANDBOX_MINIO_SBT_COLLECTIONS_BUCKET": "sbt-collections",
build-and-push (telegram-bot)	UNKNOWN STEP	  "SANDBOX_MINIO_STORAGE_ADMIN_DOMAIN": "sandbox-storage-admin.toncloud.observer",
build-and-push (telegram-bot)	UNKNOWN STEP	  "SANDBOX_MINIO_STORAGE_DOMAIN": "sandbox-storage.toncloud.observer",
build-and-push (telegram-bot)	UNKNOWN STEP	  "SANDBOX_MINIO_VIDEO_BUCKET": "***video",
build-and-push (telegram-bot)	UNKNOWN STEP	  "SANDBOX_MINI_APP_DOMAIN": "sandbox-app.toncloud.observer",
build-and-push (telegram-bot)	UNKNOWN STEP	  "SANDBOX_MINI_APP_PORT": "6000",
build-and-push (telegram-bot)	UNKNOWN STEP	  "SANDBOX_MINI_APP_SOCKET_DOMAIN": "sandbox-socket.toncloud.observer",
build-and-push (telegram-bot)	UNKNOWN STEP	  "SANDBOX_MONITORING_DOMAIN": "sandbox-monitoring.toncloud.observer",
build-and-push (telegram-bot)	UNKNOWN STEP	  "SANDBOX_NETWORK_NAME": "***-sandbox",
build-and-push (telegram-bot)	UNKNOWN STEP	  "SANDBOX_NETWORK_PUBLIC_IP": "***",
build-and-push (telegram-bot)	UNKNOWN STEP	  "SANDBOX_NEXT_PUBLIC_API_BASE_URL": "https://sandbox-app.toncloud.observer/api/v1",
build-and-push (telegram-bot)	UNKNOWN STEP	  "SANDBOX_NEXT_PUBLIC_APP_BASE_URL": "https://sandbox-app.toncloud.observer",
build-and-push (telegram-bot)	UNKNOWN STEP	  "SANDBOX_NEXT_PUBLIC_BACKEND_URL_CLIENT": "https://sandbox-app.toncloud.observer/api/client/v1/",
build-and-push (telegram-bot)	UNKNOWN STEP	  "SANDBOX_NEXT_PUBLIC_BOT_USERNAME": "sandbox_ont0n_bot",
build-and-push (telegram-bot)	UNKNOWN STEP	  "SANDBOX_NEXT_PUBLIC_GTM": "GTM-sandbox",
build-and-push (telegram-bot)	UNKNOWN STEP	  "SANDBOX_NEXT_PUBLIC_SOCKET_URL": "sandbox-socket.toncloud.observer",
build-and-push (telegram-bot)	UNKNOWN STEP	  "SANDBOX_NFT_INTERVAL_TIME": "60000",
build-and-push (telegram-bot)	UNKNOWN STEP	  "SANDBOX_NFT_MANAGER_PORT": "6004",
build-and-push (telegram-bot)	UNKNOWN STEP	  "SANDBOX_NODE_ENV": "production",
build-and-push (telegram-bot)	UNKNOWN STEP	  "SANDBOX_NODE_TLS_REJECT_UNAUTHORIZED": "0",
build-and-push (telegram-bot)	UNKNOWN STEP	  "SANDBOX_ONTON_DOMAIN": "sandbox.toncloud.observer",
build-and-push (telegram-bot)	UNKNOWN STEP	  "SANDBOX_PARTICIPANT_TMA_PORT": "6001",
build-and-push (telegram-bot)	UNKNOWN STEP	  "SANDBOX_PGADMIN_DOMAIN": "sandbox-pgadmin.toncloud.observer",
build-and-push (telegram-bot)	UNKNOWN STEP	  "SANDBOX_PORT_CLIENT_WEB": "6007",
build-and-push (telegram-bot)	UNKNOWN STEP	  "SANDBOX_PORT_METABASE": "6009",
build-and-push (telegram-bot)	UNKNOWN STEP	  "SANDBOX_PORT_PGADMIN": "6006",
build-and-push (telegram-bot)	UNKNOWN STEP	  "SANDBOX_PORT_WEB_SITE": "6005",
build-and-push (telegram-bot)	UNKNOWN STEP	  "SANDBOX_POSTGRES_METABASE_DB": "sandbox-mini-app",
build-and-push (telegram-bot)	UNKNOWN STEP	  "SANDBOX_POSTGRES_MINI_APP_DB": "sandbox-mini-app",
build-and-push (telegram-bot)	UNKNOWN STEP	  "SANDBOX_POSTGRES_NFT_MANAGER_DB": "sandbox-nft-manager",
build-and-push (telegram-bot)	UNKNOWN STEP	  "SANDBOX_POSTGRES_PORT": "6008",
build-and-push (telegram-bot)	UNKNOWN STEP	  "SANDBOX_PTMA_API_BASE_URL": "https://sandbox-app.toncloud.observer/api/v1",
build-and-push (telegram-bot)	UNKNOWN STEP	  "SANDBOX_RABBITMQ_DOMAIN": "sandbox-rabbitmq.toncloud.observer",
build-and-push (telegram-bot)	UNKNOWN STEP	  "SANDBOX_RABBITMQ_MANAGEMENT_PORT": "6015",
build-and-push (telegram-bot)	UNKNOWN STEP	  "SANDBOX_RABBITMQ_NODE_PORT": "6016",
build-and-push (telegram-bot)	UNKNOWN STEP	  "SANDBOX_REDIS_DATABASES": "1",
build-and-push (telegram-bot)	UNKNOWN STEP	  "SANDBOX_REDIS_PORT": "6011",
build-and-push (telegram-bot)	UNKNOWN STEP	  "SANDBOX_REGISTRY_URL": "registry.toncloud.observer",
build-and-push (telegram-bot)	UNKNOWN STEP	  "SANDBOX_SOCKET_PORT": "60***",
build-and-push (telegram-bot)	UNKNOWN STEP	  "SANDBOX_STAGE_NAME": "sandbox-***",
build-and-push (telegram-bot)	UNKNOWN STEP	  "SANDBOX_SYS_CADDY_REPLICAS": "1",
build-and-push (telegram-bot)	UNKNOWN STEP	  "SANDBOX_SYS_MINI_APP_REPLICAS": "2",
build-and-push (telegram-bot)	UNKNOWN STEP	  "SANDBOX_SYS_PARTICIPANT_TMA_REPLICAS": "2",
build-and-push (telegram-bot)	UNKNOWN STEP	  "SANDBOX_SYS_WEB_SITE_REPLICAS": "1",
build-and-push (telegram-bot)	UNKNOWN STEP	  "SANDBOX_TELEGRAM_BOT_PORT": "6002",
build-and-push (telegram-bot)	UNKNOWN STEP	  "SANDBOX_TG_NOTIFICATION_CHANELL": "-1002164161685",
build-and-push (telegram-bot)	UNKNOWN STEP	  "SANDBOX_TON_CENTER_ENDPOINT": "https://toncenter.com/api/v2/jsonRPC",
build-and-push (telegram-bot)	UNKNOWN STEP	  "SANDBOX_TON_SOCIETY_BASE_URL": "https://society.ton.org/v1",
build-and-push (telegram-bot)	UNKNOWN STEP	  "SANDBOX_USE_CLOUDFLARE": "true",
build-and-push (telegram-bot)	UNKNOWN STEP	  "SANDBOX_USE_MAIN_IP_TO_EXPOSE": "true",
build-and-push (telegram-bot)	UNKNOWN STEP	  "STAGING_ACME_AGREE": "true",
build-and-push (telegram-bot)	UNKNOWN STEP	  "STAGING_BRANCH_NAME": "staging",
build-and-push (telegram-bot)	UNKNOWN STEP	  "STAGING_CACHE_ENABLED": "true",
build-and-push (telegram-bot)	UNKNOWN STEP	  "STAGING_CLAMAV_PORT": "***10",
build-and-push (telegram-bot)	UNKNOWN STEP	  "STAGING_CLIENT_API_FIXED_ORGANIZER": "@Ontonadmin",
build-and-push (telegram-bot)	UNKNOWN STEP	  "STAGING_CLIENT_API_FIXED_USER": "@Ontonadmin",
build-and-push (telegram-bot)	UNKNOWN STEP	  "STAGING_CLIENT_WEB_DOMAIN": "staging-client-web.toncloud.observer",
build-and-push (telegram-bot)	UNKNOWN STEP	  "STAGING_COMPOSE_PROJECT_NAME": "staging-***",
build-and-push (telegram-bot)	UNKNOWN STEP	  "STAGING_ENV": "staging",
build-and-push (telegram-bot)	UNKNOWN STEP	  "STAGING_EVENT_WALLET_ENC_KEY": "Ci5M6/B4Wke4qX6tXViVeW0xM0iH0yh/qvD3Y1xu2v8",
build-and-push (telegram-bot)	UNKNOWN STEP	  "STAGING_GITHUB_CLIENT_ID": "Ov23liQFN1rMeZicYHnL",
build-and-push (telegram-bot)	UNKNOWN STEP	  "STAGING_GITHUB_REPO": "***bot",
build-and-push (telegram-bot)	UNKNOWN STEP	  "STAGING_GOLANG_SERVER_PORT": "4013",
build-and-push (telegram-bot)	UNKNOWN STEP	  "STAGING_GOOGLE_CLIENT_ID": "174044865725-8urfv981fca74aj3bq2kqik7fbe2rggg.apps.googleusercontent.com",
build-and-push (telegram-bot)	UNKNOWN STEP	  "STAGING_IP_CADDY": "caddy",
build-and-push (telegram-bot)	UNKNOWN STEP	  "STAGING_IP_CLAMAV": "host.docker.internal",
build-and-push (telegram-bot)	UNKNOWN STEP	  "STAGING_IP_CLIENT_WEB": "client-web",
build-and-push (telegram-bot)	UNKNOWN STEP	  "STAGING_IP_GIVEAWAY_CHECKER": "giveaway-checker",
build-and-push (telegram-bot)	UNKNOWN STEP	  "STAGING_IP_GOLANG_SERVER": "golang-server",
build-and-push (telegram-bot)	UNKNOWN STEP	  "STAGING_IP_GOLANG_WORKER": "golang-worker",
build-and-push (telegram-bot)	UNKNOWN STEP	  "STAGING_IP_KIBANA": "kibana",
build-and-push (telegram-bot)	UNKNOWN STEP	  "STAGING_IP_METABASE": "metabase",
build-and-push (telegram-bot)	UNKNOWN STEP	  "STAGING_IP_MINIO": "minio",
build-and-push (telegram-bot)	UNKNOWN STEP	  "STAGING_IP_MINI_APP": "mini-app",
build-and-push (telegram-bot)	UNKNOWN STEP	  "STAGING_IP_MINI_APP_CRON": "mini-app-sbt-worker",
build-and-push (telegram-bot)	UNKNOWN STEP	  "STAGING_IP_NFT_MANAGER": "nft-manager",
build-and-push (telegram-bot)	UNKNOWN STEP	  "STAGING_IP_PARTICIPANT_TMA": "participant-tma",
build-and-push (telegram-bot)	UNKNOWN STEP	  "STAGING_IP_PGADMIN": "pgadmin",
build-and-push (telegram-bot)	UNKNOWN STEP	  "STAGING_IP_POA_WORKER": "mini-app-poa-worker",
build-and-push (telegram-bot)	UNKNOWN STEP	  "STAGING_IP_POSTGRES": "postgres",
build-and-push (telegram-bot)	UNKNOWN STEP	  "STAGING_IP_RABBITMQ": "rabbitmq",
build-and-push (telegram-bot)	UNKNOWN STEP	  "STAGING_IP_RANGE_BASE": "host.docker.internal",
build-and-push (telegram-bot)	UNKNOWN STEP	  "STAGING_IP_RANGE_START": "172.11",
build-and-push (telegram-bot)	UNKNOWN STEP	  "STAGING_IP_RANGE_SUBNET": "24",
build-and-push (telegram-bot)	UNKNOWN STEP	  "STAGING_IP_REDIS": "redis",
build-and-push (telegram-bot)	UNKNOWN STEP	  "STAGING_IP_SOCKET": "IP_SOCKET=mini-app-notification-socket",
build-and-push (telegram-bot)	UNKNOWN STEP	  "STAGING_IP_SWAGGER_UI": "swagger-ui",
build-and-push (telegram-bot)	UNKNOWN STEP	  "STAGING_IP_TELEGRAM_BOT": "telegram-bot",
build-and-push (telegram-bot)	UNKNOWN STEP	  "STAGING_IP_WEBSITE": "website",
build-and-push (telegram-bot)	UNKNOWN STEP	  "STAGING_JWT_SECRET_SOCKET": "JFDmdjeu__@HF_KKSEEWR_ERWER_FGDFG_ET%DG%34534aasd%_Rhueflihfsdlnf",
build-and-push (telegram-bot)	UNKNOWN STEP	  "STAGING_KIBANA_HASHED_PASSWORD": "$2a$14$6P83mnKs9BxP2qZDaMU.2OzBHY3SG0nnaVXJ8nKluEWEWD5RMmN/W",
build-and-push (telegram-bot)	UNKNOWN STEP	  "STAGING_KIBANA_PORT": "4023",
build-and-push (telegram-bot)	UNKNOWN STEP	  "STAGING_KIBANA_USERNAME": "monitor",
build-and-push (telegram-bot)	UNKNOWN STEP	  "STAGING_LINKEDIN_CLIENT_ID": "77osbnm9chxr4c",
build-and-push (telegram-bot)	UNKNOWN STEP	  "STAGING_LOCAL_DOMAIN": "staging-app.toncloud.observer",
build-and-push (telegram-bot)	UNKNOWN STEP	  "STAGING_MB_REDIRECT_ALL_REQUESTS_TO_HTTPS": "true",
build-and-push (telegram-bot)	UNKNOWN STEP	  "STAGING_METABASE_DOMAIN": "staging-metabase.toncloud.observer",
build-and-push (telegram-bot)	UNKNOWN STEP	  "STAGING_MINIO_COLLECTION_BUCKET": "***collection",
build-and-push (telegram-bot)	UNKNOWN STEP	  "STAGING_MINIO_DASHBOARD_PORT": "4014",
build-and-push (telegram-bot)	UNKNOWN STEP	  "STAGING_MINIO_DOC_BUCKET": "***doc",
build-and-push (telegram-bot)	UNKNOWN STEP	  "STAGING_MINIO_DOC_DEFAULT_BUCKET": "***",
build-and-push (telegram-bot)	UNKNOWN STEP	  "STAGING_MINIO_ENDPOINT": "minio",
build-and-push (telegram-bot)	UNKNOWN STEP	  "STAGING_MINIO_IMAGE_BUCKET": "***image",
build-and-push (telegram-bot)	UNKNOWN STEP	  "STAGING_MINIO_ITEM_BUCKET": "***item",
build-and-push (telegram-bot)	UNKNOWN STEP	  "STAGING_MINIO_PORT": "4012",
build-and-push (telegram-bot)	UNKNOWN STEP	  "STAGING_MINIO_PUBLIC_URL": "https://staging-storage.toncloud.observer",
build-and-push (telegram-bot)	UNKNOWN STEP	  "STAGING_MINIO_REGION_NAME": "default",
build-and-push (telegram-bot)	UNKNOWN STEP	  "STAGING_MINIO_SBT_COLLECTIONS_BUCKET": "sbt-collections",
build-and-push (telegram-bot)	UNKNOWN STEP	  "STAGING_MINIO_STORAGE_ADMIN_DOMAIN": "staging-storage-admin.toncloud.observer",
build-and-push (telegram-bot)	UNKNOWN STEP	  "STAGING_MINIO_STORAGE_DOMAIN": "staging-storage.toncloud.observer",
build-and-push (telegram-bot)	UNKNOWN STEP	  "STAGING_MINIO_VIDEO_BUCKET": "***video",
build-and-push (telegram-bot)	UNKNOWN STEP	  "STAGING_MINI_APP_DOMAIN": "staging-app.toncloud.observer",
build-and-push (telegram-bot)	UNKNOWN STEP	  "STAGING_MINI_APP_PORT": "4000",
build-and-push (telegram-bot)	UNKNOWN STEP	  "STAGING_MINI_APP_SOCKET_DOMAIN": "staging-socket.toncloud.observer",
build-and-push (telegram-bot)	UNKNOWN STEP	  "STAGING_MONITORING_DOMAIN": "staging-monitoring.toncloud.observer",
build-and-push (telegram-bot)	UNKNOWN STEP	  "STAGING_MS_CLIENT_ID": "916e0c9f-17bc-45c2-9cbc-025c48a0d449",
build-and-push (telegram-bot)	UNKNOWN STEP	  "STAGING_NETWORK_NAME": "***-staging",
build-and-push (telegram-bot)	UNKNOWN STEP	  "STAGING_NETWORK_PUBLIC_IP": "***",
build-and-push (telegram-bot)	UNKNOWN STEP	  "STAGING_NEXT_PUBLIC_API_BASE_URL": "https://staging-app.toncloud.observer/api/v1",
build-and-push (telegram-bot)	UNKNOWN STEP	  "STAGING_NEXT_PUBLIC_APP_BASE_URL": "https://staging-app.toncloud.observer",
build-and-push (telegram-bot)	UNKNOWN STEP	  "STAGING_NEXT_PUBLIC_BACKEND_URL_CLIENT": "https://staging-app.toncloud.observer/api/client/v1/",
build-and-push (telegram-bot)	UNKNOWN STEP	  "STAGING_NEXT_PUBLIC_BOT_USERNAME": "notnonstagebot",
build-and-push (telegram-bot)	UNKNOWN STEP	  "STAGING_NEXT_PUBLIC_ENV": "staging",
build-and-push (telegram-bot)	UNKNOWN STEP	  "STAGING_NEXT_PUBLIC_GTM": "GTM-staging",
build-and-push (telegram-bot)	UNKNOWN STEP	  "STAGING_NEXT_PUBLIC_SOCKET_URL": "staging-socket.toncloud.observer",
build-and-push (telegram-bot)	UNKNOWN STEP	  "STAGING_NEXT_PUBLIC_TRPC_BASE_URL": "https://staging-app.toncloud.observer",
build-and-push (telegram-bot)	UNKNOWN STEP	  "STAGING_NFT_INTERVAL_TIME": "60000",
build-and-push (telegram-bot)	UNKNOWN STEP	  "STAGING_NFT_MANAGER_PORT": "4004",
build-and-push (telegram-bot)	UNKNOWN STEP	  "STAGING_NODE_ENV": "production",
build-and-push (telegram-bot)	UNKNOWN STEP	  "STAGING_NODE_TLS_REJECT_UNAUTHORIZED": "0",
build-and-push (telegram-bot)	UNKNOWN STEP	  "STAGING_ONTON_DOMAIN": "staging.toncloud.observer",
build-and-push (telegram-bot)	UNKNOWN STEP	  "STAGING_PARTICIPANT_TMA_PORT": "4001",
build-and-push (telegram-bot)	UNKNOWN STEP	  "STAGING_PGADMIN_DOMAIN": "staging-pgadmin.toncloud.observer",
build-and-push (telegram-bot)	UNKNOWN STEP	  "STAGING_PORT_CLIENT_WEB": "4007",
build-and-push (telegram-bot)	UNKNOWN STEP	  "STAGING_PORT_METABASE": "4009",
build-and-push (telegram-bot)	UNKNOWN STEP	  "STAGING_PORT_PGADMIN": "4006",
build-and-push (telegram-bot)	UNKNOWN STEP	  "STAGING_PORT_WEB_SITE": "4005",
build-and-push (telegram-bot)	UNKNOWN STEP	  "STAGING_POSTGRES_METABASE_DB": "staging-mini-app",
build-and-push (telegram-bot)	UNKNOWN STEP	  "STAGING_POSTGRES_MINI_APP_DB": "staging-mini-app",
build-and-push (telegram-bot)	UNKNOWN STEP	  "STAGING_POSTGRES_NFT_MANAGER_DB": "staging-nft-manager",
build-and-push (telegram-bot)	UNKNOWN STEP	  "STAGING_POSTGRES_PORT": "4008",
build-and-push (telegram-bot)	UNKNOWN STEP	  "STAGING_PTMA_API_BASE_URL": "https://staging-app.toncloud.observer/api/v1",
build-and-push (telegram-bot)	UNKNOWN STEP	  "STAGING_RABBITMQ_DOMAIN": "staging-rabbitmq.toncloud.observer",
build-and-push (telegram-bot)	UNKNOWN STEP	  "STAGING_RABBITMQ_MANAGEMENT_PORT": "4015",
build-and-push (telegram-bot)	UNKNOWN STEP	  "STAGING_RABBITMQ_NODE_PORT": "4016",
build-and-push (telegram-bot)	UNKNOWN STEP	  "STAGING_REDIS_DATABASES": "1",
build-and-push (telegram-bot)	UNKNOWN STEP	  "STAGING_REDIS_PORT": "4011",
build-and-push (telegram-bot)	UNKNOWN STEP	  "STAGING_REGISTRY_URL": "registry.toncloud.observer",
build-and-push (telegram-bot)	UNKNOWN STEP	  "STAGING_SOCKET_PORT": "40***",
build-and-push (telegram-bot)	UNKNOWN STEP	  "STAGING_STAGE_NAME": "staging-***",
build-and-push (telegram-bot)	UNKNOWN STEP	  "STAGING_SWAGGER_UI_DOMAIN": "staging-swagger-ui.toncloud.observer",
build-and-push (telegram-bot)	UNKNOWN STEP	  "STAGING_SWAGGER_UI_PORT": "4024",
build-and-push (telegram-bot)	UNKNOWN STEP	  "STAGING_SYS_CADDY_REPLICAS": "1",
build-and-push (telegram-bot)	UNKNOWN STEP	  "STAGING_SYS_MINI_APP_REPLICAS": "2",
build-and-push (telegram-bot)	UNKNOWN STEP	  "STAGING_SYS_PARTICIPANT_TMA_REPLICAS": "2",
build-and-push (telegram-bot)	UNKNOWN STEP	  "STAGING_SYS_WEB_SITE_REPLICAS": "1",
build-and-push (telegram-bot)	UNKNOWN STEP	  "STAGING_TELEGRAM_BOT_PORT": "4002",
build-and-push (telegram-bot)	UNKNOWN STEP	  "STAGING_TG_EVENTS_TOPIC": "2",
build-and-push (telegram-bot)	UNKNOWN STEP	  "STAGING_TG_LOGS_GROUP_ID": "-100***64975789",
build-and-push (telegram-bot)	UNKNOWN STEP	  "STAGING_TG_LOG_BOT_TOKEN": "7604730825:AAE1WJHs5lFI2zX_tba6M-1HYfffA8ugFmA",
build-and-push (telegram-bot)	UNKNOWN STEP	  "STAGING_TG_NOTIFICATION_CHANELL": "-1002164161685",
build-and-push (telegram-bot)	UNKNOWN STEP	  "STAGING_TG_SYSTEM_TOPIC": "16",
build-and-push (telegram-bot)	UNKNOWN STEP	  "STAGING_TG_TICKETS_TOPIC": "4",
build-and-push (telegram-bot)	UNKNOWN STEP	  "STAGING_TON_CENTER_ENDPOINT": "https://toncenter.com/api/v2/jsonRPC",
build-and-push (telegram-bot)	UNKNOWN STEP	  "STAGING_TON_SOCIETY_BASE_URL": "https://id.ton.org/v1",
build-and-push (telegram-bot)	UNKNOWN STEP	  "STAGING_TWITTER_CLIENT_ID": "SU1RUS0xaHNsRk5kd014UlZieDQ6MTpjaQ",
build-and-push (telegram-bot)	UNKNOWN STEP	  "STAGING_USE_CLOUDFLARE": "true",
build-and-push (telegram-bot)	UNKNOWN STEP	  "STAGING_USE_MAIN_IP_TO_EXPOSE": "true",
build-and-push (telegram-bot)	UNKNOWN STEP	  "TELEGRAM_BOT_TOKEN_FOR_DEPLOYMENT": "7604730825:AAHhtwa4bGhELsBn2VqUxIIFXVJkRJfKuDs",
build-and-push (telegram-bot)	UNKNOWN STEP	  "TELEGRAM_CHAT_ID_FOR_DEPLOYMENT": "***"
build-and-push (telegram-bot)	UNKNOWN STEP	}
build-and-push (telegram-bot)	UNKNOWN STEP	2026-02-09T09:12:29.4039699Z ##[endgroup]
build-and-push (telegram-bot)	UNKNOWN STEP	2026-02-09T09:12:29.4126134Z Building image: ghcr.io/executesg/***/telegram-bot:dev-21818982884
build-and-push (telegram-bot)	UNKNOWN STEP	2026-02-09T09:12:29.4127401Z Building image: ghcr.io/executesg/***/telegram-bot:dev-latest
build-and-push (telegram-bot)	UNKNOWN STEP	2026-02-09T09:12:29.4128383Z Branch name: dev
build-and-push (telegram-bot)	UNKNOWN STEP	2026-02-09T09:12:29.4129142Z Repository: executesg/***
build-and-push (telegram-bot)	UNKNOWN STEP	2026-02-09T09:12:29.4130032Z image name: ghcr.io/executesg/***/telegram-bot
build-and-push (telegram-bot)	UNKNOWN STEP	2026-02-09T09:12:29.4130879Z Processing service: telegram-bot
build-and-push (telegram-bot)	UNKNOWN STEP	2026-02-09T09:12:29.4131423Z Build path: telegram-bot
build-and-push (telegram-bot)	UNKNOWN STEP	2026-02-09T09:12:29.4131945Z Using Dockerfile at telegram-bot/Dockerfile
build-and-push (telegram-bot)	UNKNOWN STEP	2026-02-09T09:12:29.4178817Z Extracting environment variables for the branch prefix: DEV_
build-and-push (telegram-bot)	UNKNOWN STEP	2026-02-09T09:12:29.4180903Z Processing secrets...
build-and-push (telegram-bot)	UNKNOWN STEP	2026-02-09T09:12:29.4231226Z Processing vars...
build-and-push (telegram-bot)	UNKNOWN STEP	2026-02-09T09:12:29.4402354Z Generated build args file with 129 variables
build-and-push (telegram-bot)	UNKNOWN STEP	2026-02-09T09:12:29.4403045Z Dockerfile path: telegram-bot/Dockerfile
build-and-push (telegram-bot)	UNKNOWN STEP	2026-02-09T09:12:29.4403600Z Build context: telegram-bot
build-and-push (telegram-bot)	UNKNOWN STEP	2026-02-09T09:12:29.4418324Z Starting docker build...
build-and-push (telegram-bot)	UNKNOWN STEP	2026-02-09T09:12:29.7404741Z #0 building with "builder-674fb48a-9b92-4e97-9d68-1b87657df172" instance using docker-container driver
build-and-push (telegram-bot)	UNKNOWN STEP	2026-02-09T09:12:29.7405488Z 
build-and-push (telegram-bot)	UNKNOWN STEP	2026-02-09T09:12:29.7405825Z #1 [internal] load build definition from Dockerfile
build-and-push (telegram-bot)	UNKNOWN STEP	2026-02-09T09:12:29.7406534Z #1 transferring dockerfile: 1.86kB done
build-and-push (telegram-bot)	UNKNOWN STEP	2026-02-09T09:12:29.7407184Z #1 DONE 0.0s
build-and-push (telegram-bot)	UNKNOWN STEP	2026-02-09T09:12:29.7407471Z 
build-and-push (telegram-bot)	UNKNOWN STEP	2026-02-09T09:12:29.7407901Z #2 [internal] load metadata for docker.io/library/node:***-alpine3.19
build-and-push (telegram-bot)	UNKNOWN STEP	2026-02-09T09:12:29.9085124Z #2 ...
build-and-push (telegram-bot)	UNKNOWN STEP	2026-02-09T09:12:29.9085404Z 
build-and-push (telegram-bot)	UNKNOWN STEP	2026-02-09T09:12:29.9085736Z #3 [auth] library/node:pull token for registry-1.docker.io
build-and-push (telegram-bot)	UNKNOWN STEP	2026-02-09T09:12:29.9086358Z #3 DONE 0.0s
build-and-push (telegram-bot)	UNKNOWN STEP	2026-02-09T09:12:30.0589288Z 
build-and-push (telegram-bot)	UNKNOWN STEP	2026-02-09T09:12:30.0590196Z #2 [internal] load metadata for docker.io/library/node:***-alpine3.19
build-and-push (telegram-bot)	UNKNOWN STEP	2026-02-09T09:12:30.4878857Z #2 DONE 0.9s
build-and-push (telegram-bot)	UNKNOWN STEP	2026-02-09T09:12:30.6346047Z 
build-and-push (telegram-bot)	UNKNOWN STEP	2026-02-09T09:12:30.6347471Z #4 [internal] load .dockerignore
build-and-push (telegram-bot)	UNKNOWN STEP	2026-02-09T09:12:30.6348924Z #4 transferring context: 90B done
build-and-push (telegram-bot)	UNKNOWN STEP	2026-02-09T09:12:30.6349886Z #4 DONE 0.0s
build-and-push (telegram-bot)	UNKNOWN STEP	2026-02-09T09:12:30.6350336Z 
build-and-push (telegram-bot)	UNKNOWN STEP	2026-02-09T09:12:30.6350777Z #5 [internal] load build context
build-and-push (telegram-bot)	UNKNOWN STEP	2026-02-09T09:12:30.6351492Z #5 transferring context: 538.93kB 0.0s done
build-and-push (telegram-bot)	UNKNOWN STEP	2026-02-09T09:12:30.6352524Z #5 DONE 0.0s
build-and-push (telegram-bot)	UNKNOWN STEP	2026-02-09T09:12:30.6352969Z 
build-and-push (telegram-bot)	UNKNOWN STEP	2026-02-09T09:12:30.6353743Z #6 [base 1/3] FROM docker.io/library/node:***-alpine3.19@sha256:40dc4b415c17b85bea9be05314b4a753f45a4e1716bb31c01182e6c53d51a654
build-and-push (telegram-bot)	UNKNOWN STEP	2026-02-09T09:12:30.6355924Z #6 resolve docker.io/library/node:***-alpine3.19@sha256:40dc4b415c17b85bea9be05314b4a753f45a4e1716bb31c01182e6c53d51a654 done
build-and-push (telegram-bot)	UNKNOWN STEP	2026-02-09T09:12:30.6357521Z #6 sha256:f81c161f5fb8bdd588bd96e396a885e842bbb7a044983d3851055dc83132da13 445B / 445B 0.1s done
build-and-push (telegram-bot)	UNKNOWN STEP	2026-02-09T09:12:30.7766184Z #6 sha256:cef716d39f61c1099bc1cc0b32efae3753e57b300cbbd6ec1ed1b9a15b92464c 1.39MB / 1.39MB 0.2s done
build-and-push (telegram-bot)	UNKNOWN STEP	2026-02-09T09:12:30.7767874Z #6 sha256:d12adb5e728bd8dbc3c33371ec183da2c768df3a87e337d530bcf23ccff15450 0B / 50.09MB 0.2s
build-and-push (telegram-bot)	UNKNOWN STEP	2026-02-09T09:12:30.7769338Z #6 sha256:a7cd7d9a21440da0d765f2989d75f069adf9b3463a765421a0590bca720920d4 0B / 3.42MB 0.2s
build-and-push (telegram-bot)	UNKNOWN STEP	2026-02-09T09:12:30.8918816Z #6 sha256:a7cd7d9a21440da0d765f2989d75f069adf9b3463a765421a0590bca720920d4 3.42MB / 3.42MB 0.3s done
build-and-push (telegram-bot)	UNKNOWN STEP	2026-02-09T09:12:30.9928457Z #6 sha256:d12adb5e728bd8dbc3c33371ec183da2c768df3a87e337d530bcf23ccff15450 28.31MB / 50.09MB 0.5s
build-and-push (telegram-bot)	UNKNOWN STEP	2026-02-09T09:12:30.9930654Z #6 extracting sha256:a7cd7d9a21440da0d765f2989d75f069adf9b3463a765421a0590bca720920d4 0.1s done
build-and-push (telegram-bot)	UNKNOWN STEP	2026-02-09T09:12:31.1073586Z #6 sha256:d12adb5e728bd8dbc3c33371ec183da2c768df3a87e337d530bcf23ccff15450 50.09MB / 50.09MB 0.6s done
build-and-push (telegram-bot)	UNKNOWN STEP	2026-02-09T09:12:31.2593074Z #6 extracting sha256:d12adb5e728bd8dbc3c33371ec183da2c768df3a87e337d530bcf23ccff15450
build-and-push (telegram-bot)	UNKNOWN STEP	2026-02-09T09:12:32.2124291Z #6 extracting sha256:d12adb5e728bd8dbc3c33371ec183da2c768df3a87e337d530bcf23ccff15450 1.1s done
build-and-push (telegram-bot)	UNKNOWN STEP	2026-02-09T09:12:32.2125596Z #6 DONE 1.7s
build-and-push (telegram-bot)	UNKNOWN STEP	2026-02-09T09:12:32.4437329Z 
build-and-push (telegram-bot)	UNKNOWN STEP	2026-02-09T09:12:32.4438328Z #6 [base 1/3] FROM docker.io/library/node:***-alpine3.19@sha256:40dc4b415c17b85bea9be05314b4a753f45a4e1716bb31c01182e6c53d51a654
build-and-push (telegram-bot)	UNKNOWN STEP	2026-02-09T09:12:32.4439547Z #6 extracting sha256:cef716d39f61c1099bc1cc0b32efae3753e57b300cbbd6ec1ed1b9a15b92464c 0.0s done
build-and-push (telegram-bot)	UNKNOWN STEP	2026-02-09T09:12:32.4440970Z #6 extracting sha256:f81c161f5fb8bdd588bd96e396a885e842bbb7a044983d3851055dc83132da13 done
build-and-push (telegram-bot)	UNKNOWN STEP	2026-02-09T09:12:32.4441713Z #6 DONE 1.7s
build-and-push (telegram-bot)	UNKNOWN STEP	2026-02-09T09:12:32.4441984Z 
build-and-push (telegram-bot)	UNKNOWN STEP	2026-02-09T09:12:32.4442546Z #7 [base 2/3] RUN apk update && apk add --no-cache     bash     curl     ca-certificates     ffmpeg     freetype     ttf-dejavu     nano
build-and-push (telegram-bot)	UNKNOWN STEP	2026-02-09T09:12:32.4443620Z #7 0.052 fetch https://dl-cdn.alpinelinux.org/alpine/v3.19/main/x86_64/APKINDEX.tar.gz
build-and-push (telegram-bot)	UNKNOWN STEP	2026-02-09T09:12:32.4900481Z #7 0.249 fetch https://dl-cdn.alpinelinux.org/alpine/v3.19/community/x86_64/APKINDEX.tar.gz
build-and-push (telegram-bot)	UNKNOWN STEP	2026-02-09T09:12:32.7449527Z #7 0.503 v3.19.9-91-gbfa0eecebc1 [https://dl-cdn.alpinelinux.org/alpine/v3.19/main]
build-and-push (telegram-bot)	UNKNOWN STEP	2026-02-09T09:12:32.7451386Z #7 0.503 v3.19.9-89-g0d55b643dcb [https://dl-cdn.alpinelinux.org/alpine/v3.19/community]
build-and-push (telegram-bot)	UNKNOWN STEP	2026-02-09T09:12:32.7452388Z #7 0.503 OK: 23043 distinct packages available
build-and-push (telegram-bot)	UNKNOWN STEP	2026-02-09T09:12:32.9487042Z #7 0.557 fetch https://dl-cdn.alpinelinux.org/alpine/v3.19/main/x86_64/APKINDEX.tar.gz
build-and-push (telegram-bot)	UNKNOWN STEP	2026-02-09T09:12:32.9750524Z #7 0.734 fetch https://dl-cdn.alpinelinux.org/alpine/v3.19/community/x86_64/APKINDEX.tar.gz
build-and-push (telegram-bot)	UNKNOWN STEP	2026-02-09T09:12:33.1933617Z #7 0.952 (1/118) Installing ncurses-terminfo-base (6.4_p20231125-r0)
build-and-push (telegram-bot)	UNKNOWN STEP	2026-02-09T09:12:33.3266152Z #7 0.974 (2/118) Installing libncursesw (6.4_p20231125-r0)
build-and-push (telegram-bot)	UNKNOWN STEP	2026-02-09T09:12:33.3267239Z #7 0.995 (3/118) Installing readline (8.2.1-r2)
build-and-push (telegram-bot)	UNKNOWN STEP	2026-02-09T09:12:33.3268285Z #7 1.016 (4/118) Installing bash (5.2.21-r0)
build-and-push (telegram-bot)	UNKNOWN STEP	2026-02-09T09:12:33.3268890Z #7 1.046 Executing bash-5.2.21-r0.post-install
build-and-push (telegram-bot)	UNKNOWN STEP	2026-02-09T09:12:33.3269498Z #7 1.049 (5/118) Installing ca-certificates (20250911-r0)
build-and-push (telegram-bot)	UNKNOWN STEP	2026-02-09T09:12:33.3270100Z #7 1.085 (6/118) Installing brotli-libs (1.1.0-r1)
build-and-push (telegram-bot)	UNKNOWN STEP	2026-02-09T09:12:33.4366905Z #7 1.111 (7/118) Installing c-ares (1.27.0-r0)
build-and-push (telegram-bot)	UNKNOWN STEP	2026-02-09T09:12:33.4368048Z #7 1.130 (8/118) Installing libunistring (1.1-r2)
build-and-push (telegram-bot)	UNKNOWN STEP	2026-02-09T09:12:33.4369064Z #7 1.157 (9/118) Installing libidn2 (2.3.4-r4)
build-and-push (telegram-bot)	UNKNOWN STEP	2026-02-09T09:12:33.4369872Z #7 1.176 (10/118) Installing nghttp2-libs (1.58.0-r0)
build-and-push (telegram-bot)	UNKNOWN STEP	2026-02-09T09:12:33.4370470Z #7 1.195 (11/118) Installing libpsl (0.21.5-r0)
build-and-push (telegram-bot)	UNKNOWN STEP	2026-02-09T09:12:33.5585696Z #7 1.215 (12/118) Installing libcurl (8.14.1-r2)
build-and-push (telegram-bot)	UNKNOWN STEP	2026-02-09T09:12:33.5586828Z #7 1.238 (13/118) Installing curl (8.14.1-r2)
build-and-push (telegram-bot)	UNKNOWN STEP	2026-02-09T09:12:33.5587942Z #7 1.258 (14/118) Installing libSvtAv1Enc (1.7.0-r0)
build-and-push (telegram-bot)	UNKNOWN STEP	2026-02-09T09:12:33.5588818Z #7 1.317 (15/118) Installing aom-libs (3.7.1-r0)
build-and-push (telegram-bot)	UNKNOWN STEP	2026-02-09T09:12:33.6728062Z #7 1.375 (16/118) Installing libxau (1.0.11-r3)
build-and-push (telegram-bot)	UNKNOWN STEP	2026-02-09T09:12:33.6729408Z #7 1.393 (17/118) Installing libmd (1.1.0-r0)
build-and-push (telegram-bot)	UNKNOWN STEP	2026-02-09T09:12:33.6730519Z #7 1.412 (18/118) Installing libbsd (0.11.7-r3)
build-and-push (telegram-bot)	UNKNOWN STEP	2026-02-09T09:12:33.6731414Z #7 1.432 (19/118) Installing libxdmcp (1.1.4-r3)
build-and-push (telegram-bot)	UNKNOWN STEP	2026-02-09T09:12:33.7886886Z #7 1.450 (20/118) Installing libxcb (1.16-r0)
build-and-push (telegram-bot)	UNKNOWN STEP	2026-02-09T09:12:33.7889049Z #7 1.476 (21/118) Installing libx11 (1.8.7-r0)
build-and-push (telegram-bot)	UNKNOWN STEP	2026-02-09T09:12:33.7890061Z #7 1.523 (***/118) Installing hwdata-pci (0.377.2-r0)
build-and-push (telegram-bot)	UNKNOWN STEP	2026-02-09T09:12:33.7890946Z #7 1.547 (23/118) Installing libpciaccess (0.17-r2)
build-and-push (telegram-bot)	UNKNOWN STEP	2026-02-09T09:12:33.9042569Z #7 1.566 (24/118) Installing libdrm (2.4.118-r0)
build-and-push (telegram-bot)	UNKNOWN STEP	2026-02-09T09:12:33.9044390Z #7 1.589 (25/118) Installing libxext (1.3.5-r3)
build-and-push (telegram-bot)	UNKNOWN STEP	2026-02-09T09:12:33.9045256Z #7 1.607 (26/118) Installing libxfixes (6.0.1-r3)
build-and-push (telegram-bot)	UNKNOWN STEP	2026-02-09T09:12:33.9046243Z #7 1.626 (27/118) Installing libffi (3.4.4-r3)
build-and-push (telegram-bot)	UNKNOWN STEP	2026-02-09T09:12:33.9046980Z #7 1.645 (28/118) Installing wayland-libs-client (1.***.0-r4)
build-and-push (telegram-bot)	UNKNOWN STEP	2026-02-09T09:12:33.9047684Z #7 1.663 (29/118) Installing libva (2.20.0-r0)
build-and-push (telegram-bot)	UNKNOWN STEP	2026-02-09T09:12:34.0203297Z #7 1.685 (30/118) Installing libvdpau (1.5-r2)
build-and-push (telegram-bot)	UNKNOWN STEP	2026-02-09T09:12:34.0205088Z #7 1.704 (31/118) Installing onevpl-libs (2023.3.1-r2)
build-and-push (telegram-bot)	UNKNOWN STEP	2026-02-09T09:12:34.0206000Z #7 1.724 (32/118) Installing ffmpeg-libavutil (6.1.1-r0)
build-and-push (telegram-bot)	UNKNOWN STEP	2026-02-09T09:12:34.0206764Z #7 1.748 (33/118) Installing libdav1d (1.3.0-r1)
build-and-push (telegram-bot)	UNKNOWN STEP	2026-02-09T09:12:34.0207479Z #7 1.779 (34/118) Installing libhwy (1.0.7-r0)
build-and-push (telegram-bot)	UNKNOWN STEP	2026-02-09T09:12:34.1275938Z #7 1.799 (35/118) Installing lcms2 (2.15-r4)
build-and-push (telegram-bot)	UNKNOWN STEP	2026-02-09T09:12:34.1277103Z #7 1.819 (36/118) Installing libjxl (0.8.2-r0)
build-and-push (telegram-bot)	UNKNOWN STEP	2026-02-09T09:12:34.1278494Z #7 1.866 (37/118) Installing lame-libs (3.100-r5)
build-and-push (telegram-bot)	UNKNOWN STEP	2026-02-09T09:12:34.1279698Z #7 1.886 (38/118) Installing opus (1.4-r0)
build-and-push (telegram-bot)	UNKNOWN STEP	2026-02-09T09:12:34.2405553Z #7 1.908 (39/118) Installing rav1e-libs (0.6.6-r2)
build-and-push (telegram-bot)	UNKNOWN STEP	2026-02-09T09:12:34.2407004Z #7 1.939 (40/118) Installing libgomp (13.2.1_git20231014-r0)
build-and-push (telegram-bot)	UNKNOWN STEP	2026-02-09T09:12:34.2408155Z #7 1.960 (41/118) Installing soxr (0.1.3-r7)
build-and-push (telegram-bot)	UNKNOWN STEP	2026-02-09T09:12:34.2409111Z #7 1.979 (42/118) Installing ffmpeg-libswresample (6.1.1-r0)
build-and-push (telegram-bot)	UNKNOWN STEP	2026-02-09T09:12:34.2410117Z #7 1.999 (43/118) Installing libogg (1.3.5-r5)
build-and-push (telegram-bot)	UNKNOWN STEP	2026-02-09T09:12:34.3411843Z #7 2.018 (44/118) Installing libtheora (1.1.1-r18)
build-and-push (telegram-bot)	UNKNOWN STEP	2026-02-09T09:12:34.3413217Z #7 2.042 (45/118) Installing libvorbis (1.3.7-r2)
build-and-push (telegram-bot)	UNKNOWN STEP	2026-02-09T09:12:34.3414475Z #7 2.064 (46/118) Installing libvpx (1.13.1-r0)
build-and-push (telegram-bot)	UNKNOWN STEP	2026-02-09T09:12:34.3415250Z #7 2.100 (47/118) Installing libsharpyuv (1.3.2-r0)
build-and-push (telegram-bot)	UNKNOWN STEP	2026-02-09T09:12:34.4511300Z #7 2.119 (48/118) Installing libwebp (1.3.2-r0)
build-and-push (telegram-bot)	UNKNOWN STEP	2026-02-09T09:12:34.4512448Z #7 2.141 (49/118) Installing libwebpmux (1.3.2-r0)
build-and-push (telegram-bot)	UNKNOWN STEP	2026-02-09T09:12:34.4513667Z #7 2.160 (50/118) Installing x264-libs (0.164_git20231001-r0)
build-and-push (telegram-bot)	UNKNOWN STEP	2026-02-09T09:12:34.4514658Z #7 2.192 (51/118) Installing numactl (2.0.16-r4)
build-and-push (telegram-bot)	UNKNOWN STEP	2026-02-09T09:12:34.4515364Z #7 2.210 (52/118) Installing x265-libs (3.5-r4)
build-and-push (telegram-bot)	UNKNOWN STEP	2026-02-09T09:12:34.5537260Z #7 2.291 (53/118) Installing xvidcore (1.3.7-r2)
build-and-push (telegram-bot)	UNKNOWN STEP	2026-02-09T09:12:34.5538853Z #7 2.312 (54/118) Installing ffmpeg-libavcodec (6.1.1-r0)
build-and-push (telegram-bot)	UNKNOWN STEP	2026-02-09T09:12:34.6662725Z #7 2.425 (55/118) Installing sdl2 (2.28.5-r0)
build-and-push (telegram-bot)	UNKNOWN STEP	2026-02-09T09:12:34.7847870Z #7 2.453 (56/118) Installing alsa-lib (1.2.10-r0)
build-and-push (telegram-bot)	UNKNOWN STEP	2026-02-09T09:12:34.7848930Z #7 2.486 (57/118) Installing libexpat (2.7.3-r0)
build-and-push (telegram-bot)	UNKNOWN STEP	2026-02-09T09:12:34.7849942Z #7 2.505 (58/118) Installing libbz2 (1.0.8-r6)
build-and-push (telegram-bot)	UNKNOWN STEP	2026-02-09T09:12:34.7850911Z #7 2.524 (59/118) Installing libpng (1.6.44-r0)
build-and-push (telegram-bot)	UNKNOWN STEP	2026-02-09T09:12:34.7851920Z #7 2.544 (60/118) Installing freetype (2.13.2-r0)
build-and-push (telegram-bot)	UNKNOWN STEP	2026-02-09T09:12:34.8986317Z #7 2.567 (61/118) Installing fontconfig (2.14.2-r4)
build-and-push (telegram-bot)	UNKNOWN STEP	2026-02-09T09:12:34.8987348Z #7 2.594 (62/118) Installing fribidi (1.0.13-r0)
build-and-push (telegram-bot)	UNKNOWN STEP	2026-02-09T09:12:34.8988397Z #7 2.613 (63/118) Installing libintl (0.***.3-r0)
build-and-push (telegram-bot)	UNKNOWN STEP	2026-02-09T09:12:34.8989369Z #7 2.631 (64/118) Installing libblkid (2.39.3-r0)
build-and-push (telegram-bot)	UNKNOWN STEP	2026-02-09T09:12:34.8990002Z #7 2.657 (65/118) Installing libmount (2.39.3-r0)
build-and-push (telegram-bot)	UNKNOWN STEP	2026-02-09T09:12:35.0025058Z #7 2.677 (66/118) Installing pcre2 (10.42-r2)
build-and-push (telegram-bot)	UNKNOWN STEP	2026-02-09T09:12:35.0026037Z #7 2.700 (67/118) Installing glib (2.78.6-r0)
build-and-push (telegram-bot)	UNKNOWN STEP	2026-02-09T09:12:35.0026979Z #7 2.742 (68/118) Installing graphite2 (1.3.14-r6)
build-and-push (telegram-bot)	UNKNOWN STEP	2026-02-09T09:12:35.0027940Z #7 2.761 (69/118) Installing harfbuzz (8.3.0-r0)
build-and-push (telegram-bot)	UNKNOWN STEP	2026-02-09T09:12:35.1109969Z #7 2.788 (70/118) Installing libunibreak (5.1-r3)
build-and-push (telegram-bot)	UNKNOWN STEP	2026-02-09T09:12:35.1111141Z #7 2.807 (71/118) Installing libass (0.17.1-r1)
build-and-push (telegram-bot)	UNKNOWN STEP	2026-02-09T09:12:35.1112231Z #7 2.827 (72/118) Installing libbluray (1.3.4-r1)
build-and-push (telegram-bot)	UNKNOWN STEP	2026-02-09T09:12:35.1113218Z #7 2.848 (73/118) Installing mpg123-libs (1.32.8-r0)
build-and-push (telegram-bot)	UNKNOWN STEP	2026-02-09T09:12:35.1114359Z #7 2.870 (74/118) Installing libopenmpt (0.7.3-r1)
build-and-push (telegram-bot)	UNKNOWN STEP	2026-02-09T09:12:35.2245139Z #7 2.897 (75/118) Installing cjson (1.7.19-r0)
build-and-push (telegram-bot)	UNKNOWN STEP	2026-02-09T09:12:35.2246657Z #7 2.916 (76/118) Installing mbedtls (2.28.10-r0)
build-and-push (telegram-bot)	UNKNOWN STEP	2026-02-09T09:12:35.2247567Z #7 2.940 (77/118) Installing librist (0.2.10-r0)
build-and-push (telegram-bot)	UNKNOWN STEP	2026-02-09T09:12:35.2248621Z #7 2.959 (78/118) Installing libsrt (1.5.3-r0)
build-and-push (telegram-bot)	UNKNOWN STEP	2026-02-09T09:12:35.2249477Z #7 2.983 (79/118) Installing libssh (0.10.6-r0)
build-and-push (telegram-bot)	UNKNOWN STEP	2026-02-09T09:12:35.3349875Z #7 3.006 (80/118) Installing xz-libs (5.4.5-r1)
build-and-push (telegram-bot)	UNKNOWN STEP	2026-02-09T09:12:35.3351302Z #7 3.025 (81/118) Installing libxml2 (2.11.8-r3)
build-and-push (telegram-bot)	UNKNOWN STEP	2026-02-09T09:12:35.3352165Z #7 3.051 (82/118) Installing libsodium (1.0.19-r0)
build-and-push (telegram-bot)	UNKNOWN STEP	2026-02-09T09:12:35.3352922Z #7 3.072 (83/118) Installing libzmq (4.3.5-r2)
build-and-push (telegram-bot)	UNKNOWN STEP	2026-02-09T09:12:35.3353562Z #7 3.094 (84/118) Installing ffmpeg-libavformat (6.1.1-r0)
build-and-push (telegram-bot)	UNKNOWN STEP	2026-02-09T09:12:35.4480943Z #7 3.133 (85/118) Installing serd-libs (0.32.0-r0)
build-and-push (telegram-bot)	UNKNOWN STEP	2026-02-09T09:12:35.4482031Z #7 3.151 (86/118) Installing zix-libs (0.4.2-r0)
build-and-push (telegram-bot)	UNKNOWN STEP	2026-02-09T09:12:35.4483045Z #7 3.170 (87/118) Installing sord-libs (0.16.16-r0)
build-and-push (telegram-bot)	UNKNOWN STEP	2026-02-09T09:12:35.4484258Z #7 3.188 (88/118) Installing sratom (0.6.16-r0)
build-and-push (telegram-bot)	UNKNOWN STEP	2026-02-09T09:12:35.4485085Z #7 3.207 (89/118) Installing lilv-libs (0.24.***-r0)
build-and-push (telegram-bot)	UNKNOWN STEP	2026-02-09T09:12:35.5773460Z #7 3.***6 (90/118) Installing glslang-libs (1.3.261.1-r0)
build-and-push (telegram-bot)	UNKNOWN STEP	2026-02-09T09:12:35.5774734Z #7 3.269 (91/118) Installing libdovi (3.2.0-r1)
build-and-push (telegram-bot)	UNKNOWN STEP	2026-02-09T09:12:35.5775870Z #7 3.291 (92/118) Installing spirv-tools (1.3.261.1-r0)
build-and-push (telegram-bot)	UNKNOWN STEP	2026-02-09T09:12:35.5776679Z #7 3.336 (93/118) Installing shaderc (2023.7-r0)
build-and-push (telegram-bot)	UNKNOWN STEP	2026-02-09T09:12:35.6878370Z #7 3.358 (94/118) Installing vulkan-loader (1.3.261.1-r0)
build-and-push (telegram-bot)	UNKNOWN STEP	2026-02-09T09:12:35.6879580Z #7 3.380 (95/118) Installing libplacebo (6.338.1-r0)
build-and-push (telegram-bot)	UNKNOWN STEP	2026-02-09T09:12:35.6880708Z #7 3.405 (96/118) Installing ffmpeg-libpostproc (6.1.1-r0)
build-and-push (telegram-bot)	UNKNOWN STEP	2026-02-09T09:12:35.6881630Z #7 3.425 (97/118) Installing ffmpeg-libswscale (6.1.1-r0)
build-and-push (telegram-bot)	UNKNOWN STEP	2026-02-09T09:12:35.6882415Z #7 3.447 (98/118) Installing vidstab (1.1.1-r0)
build-and-push (telegram-bot)	UNKNOWN STEP	2026-02-09T09:12:35.7960244Z #7 3.465 (99/118) Installing zimg (3.0.5-r2)
build-and-push (telegram-bot)	UNKNOWN STEP	2026-02-09T09:12:35.7961343Z #7 3.488 (100/118) Installing ffmpeg-libavfilter (6.1.1-r0)
build-and-push (telegram-bot)	UNKNOWN STEP	2026-02-09T09:12:35.7962498Z #7 3.536 (101/118) Installing libasyncns (0.8-r2)
build-and-push (telegram-bot)	UNKNOWN STEP	2026-02-09T09:12:35.7963303Z #7 3.555 (102/118) Installing dbus-libs (1.14.10-r0)
build-and-push (telegram-bot)	UNKNOWN STEP	2026-02-09T09:12:35.9019798Z #7 3.575 (103/118) Installing libltdl (2.4.7-r3)
build-and-push (telegram-bot)	UNKNOWN STEP	2026-02-09T09:12:35.9020951Z #7 3.595 (104/118) Installing orc (0.4.39-r0)
build-and-push (telegram-bot)	UNKNOWN STEP	2026-02-09T09:12:35.9022000Z #7 3.617 (105/118) Installing libflac (1.4.3-r1)
build-and-push (telegram-bot)	UNKNOWN STEP	2026-02-09T09:12:35.9022696Z #7 3.638 (106/118) Installing libsndfile (1.2.2-r1)
build-and-push (telegram-bot)	UNKNOWN STEP	2026-02-09T09:12:35.9023302Z #7 3.661 (107/118) Installing speexdsp (1.2.1-r2)
build-and-push (telegram-bot)	UNKNOWN STEP	2026-02-09T09:12:36.0121259Z #7 3.680 (108/118) Installing tdb-libs (1.4.9-r0)
build-and-push (telegram-bot)	UNKNOWN STEP	2026-02-09T09:12:36.0122338Z #7 3.699 (109/118) Installing libpulse (16.1-r11)
build-and-push (telegram-bot)	UNKNOWN STEP	2026-02-09T09:12:36.0123391Z #7 3.726 (110/118) Installing libjpeg-turbo (3.0.1-r0)
build-and-push (telegram-bot)	UNKNOWN STEP	2026-02-09T09:12:36.0124495Z #7 3.748 (111/118) Installing v4l-utils-libs (1.24.1-r1)
build-and-push (telegram-bot)	UNKNOWN STEP	2026-02-09T09:12:36.0125228Z #7 3.771 (112/118) Installing ffmpeg-libavdevice (6.1.1-r0)
build-and-push (telegram-bot)	UNKNOWN STEP	2026-02-09T09:12:36.1228257Z #7 3.791 (113/118) Installing ffmpeg (6.1.1-r0)
build-and-push (telegram-bot)	UNKNOWN STEP	2026-02-09T09:12:36.1229540Z #7 3.813 (114/118) Installing nano (7.2-r1)
build-and-push (telegram-bot)	UNKNOWN STEP	2026-02-09T09:12:36.1230820Z #7 3.835 (115/118) Installing encodings (1.0.7-r1)
build-and-push (telegram-bot)	UNKNOWN STEP	2026-02-09T09:12:36.1231621Z #7 3.863 (116/118) Installing libfontenc (1.1.7-r4)
build-and-push (telegram-bot)	UNKNOWN STEP	2026-02-09T09:12:36.1232328Z #7 3.882 (117/118) Installing mkfontscale (1.2.2-r4)
build-and-push (telegram-bot)	UNKNOWN STEP	2026-02-09T09:12:36.2348149Z #7 3.900 (118/118) Installing font-dejavu (2.37-r5)
build-and-push (telegram-bot)	UNKNOWN STEP	2026-02-09T09:12:36.2349754Z #7 3.993 Executing busybox-1.36.1-r19.trigger
build-and-push (telegram-bot)	UNKNOWN STEP	2026-02-09T09:12:36.3373379Z #7 3.999 Executing ca-certificates-20250911-r0.trigger
build-and-push (telegram-bot)	UNKNOWN STEP	2026-02-09T09:12:36.3376156Z #7 4.040 Executing fontconfig-2.14.2-r4.trigger
build-and-push (telegram-bot)	UNKNOWN STEP	2026-02-09T09:12:36.3377162Z #7 4.066 Executing glib-2.78.6-r0.trigger
build-and-push (telegram-bot)	UNKNOWN STEP	2026-02-09T09:12:36.3378081Z #7 4.069 Executing mkfontscale-1.2.2-r4.trigger
build-and-push (telegram-bot)	UNKNOWN STEP	2026-02-09T09:12:36.3379063Z #7 4.096 OK: 144 MiB in 135 packages
build-and-push (telegram-bot)	UNKNOWN STEP	2026-02-09T09:12:36.9187384Z #7 DONE 4.7s
build-and-push (telegram-bot)	UNKNOWN STEP	2026-02-09T09:12:37.0935891Z 
build-and-push (telegram-bot)	UNKNOWN STEP	2026-02-09T09:12:37.0936576Z #8 [base 3/3] WORKDIR /app
build-and-push (telegram-bot)	UNKNOWN STEP	2026-02-09T09:12:37.0937170Z #8 DONE 0.0s
build-and-push (telegram-bot)	UNKNOWN STEP	2026-02-09T09:12:37.0937450Z 
build-and-push (telegram-bot)	UNKNOWN STEP	2026-02-09T09:12:37.0938143Z #9 [dependencies 1/2] COPY package.json  ./
build-and-push (telegram-bot)	UNKNOWN STEP	2026-02-09T09:12:37.0938770Z #9 DONE 0.0s
build-and-push (telegram-bot)	UNKNOWN STEP	2026-02-09T09:12:37.0939080Z 
build-and-push (telegram-bot)	UNKNOWN STEP	2026-02-09T09:12:37.0939571Z #10 [dependencies 2/2] RUN yarn install --frozen-lockfile
build-and-push (telegram-bot)	UNKNOWN STEP	2026-02-09T09:12:37.2123465Z #10 0.269 yarn install v1.***.***
build-and-push (telegram-bot)	UNKNOWN STEP	2026-02-09T09:12:37.4182773Z #10 0.315 info No lockfile found.
build-and-push (telegram-bot)	UNKNOWN STEP	2026-02-09T09:12:37.4183608Z #10 0.325 [1/4] Resolving packages...
build-and-push (telegram-bot)	UNKNOWN STEP	2026-02-09T09:12:40.0119953Z #10 3.069 warning fluent-ffmpeg@2.1.3: Package no longer supported. Contact Support at https://www.npmjs.com/support for more info.
build-and-push (telegram-bot)	UNKNOWN STEP	2026-02-09T09:12:42.8065969Z #10 5.863 warning @types/form-data@2.5.2: This is a stub types definition. form-data provides its own type definitions, so you do not need this installed.
build-and-push (telegram-bot)	UNKNOWN STEP	2026-02-09T09:12:42.9967847Z #10 6.054 warning @types/winston@2.4.4: This is a stub types definition. winston provides its own type definitions, so you do not need this installed.
build-and-push (telegram-bot)	UNKNOWN STEP	2026-02-09T09:12:43.7377566Z #10 6.795 [2/4] Fetching packages...
build-and-push (telegram-bot)	UNKNOWN STEP	2026-02-09T09:12:48.6278851Z #10 11.68 [3/4] Linking dependencies...
build-and-push (telegram-bot)	UNKNOWN STEP	2026-02-09T09:12:48.7875333Z #10 11.69 warning Workspaces can only be enabled in private projects.
build-and-push (telegram-bot)	UNKNOWN STEP	2026-02-09T09:12:50.1585472Z #10 13.*** [4/4] Building fresh packages...
build-and-push (telegram-bot)	UNKNOWN STEP	2026-02-09T09:12:50.4019240Z #10 13.31 Done in 13.05s.
build-and-push (telegram-bot)	UNKNOWN STEP	2026-02-09T09:12:50.6303481Z #10 DONE 13.7s
build-and-push (telegram-bot)	UNKNOWN STEP	2026-02-09T09:12:50.7814156Z 
build-and-push (telegram-bot)	UNKNOWN STEP	2026-02-09T09:12:50.7877646Z #11 [with-files 1/1] COPY . .
build-and-push (telegram-bot)	UNKNOWN STEP	2026-02-09T09:12:50.7878528Z #11 DONE 0.2s
build-and-push (telegram-bot)	UNKNOWN STEP	2026-02-09T09:12:50.9395926Z 
build-and-push (telegram-bot)	UNKNOWN STEP	2026-02-09T09:12:50.9396322Z #12 exporting to image
build-and-push (telegram-bot)	UNKNOWN STEP	2026-02-09T09:12:50.9397141Z #12 exporting layers
build-and-push (telegram-bot)	UNKNOWN STEP	2026-02-09T09:13:06.3742811Z #12 exporting layers 15.6s done
build-and-push (telegram-bot)	UNKNOWN STEP	2026-02-09T09:13:06.5583031Z #12 exporting manifest sha256:2327e5be34126639860f3d037c216f43166e9abaaa08006b48e058ab155b18ba done
build-and-push (telegram-bot)	UNKNOWN STEP	2026-02-09T09:13:06.5585116Z #12 exporting config sha256:3a4808598c8319838ea462e5bcb3f60c5cc49a04549caade50777e8404d1c93d done
build-and-push (telegram-bot)	UNKNOWN STEP	2026-02-09T09:13:06.5586968Z #12 exporting attestation manifest sha256:bac2c89061731e11984d3dd803ea9fe5d35f33607f5e2b6435c09ce46a716747 done
build-and-push (telegram-bot)	UNKNOWN STEP	2026-02-09T09:13:06.5588812Z #12 exporting manifest list sha256:6be8a6c3f46e1372581dfd2ba4a4a170cdd2e14164ef5c3f8d714f9b67081e31 0.0s done
build-and-push (telegram-bot)	UNKNOWN STEP	2026-02-09T09:13:06.5589762Z #12 pushing layers
build-and-push (telegram-bot)	UNKNOWN STEP	2026-02-09T09:13:06.5590198Z #12 ...
build-and-push (telegram-bot)	UNKNOWN STEP	2026-02-09T09:13:06.5590434Z 
build-and-push (telegram-bot)	UNKNOWN STEP	2026-02-09T09:13:06.5590812Z #13 [auth] executesg/***/telegram-bot:pull,push token for ghcr.io
build-and-push (telegram-bot)	UNKNOWN STEP	2026-02-09T09:13:06.7089005Z #13 DONE 0.0s
build-and-push (telegram-bot)	UNKNOWN STEP	2026-02-09T09:13:06.7089448Z 
build-and-push (telegram-bot)	UNKNOWN STEP	2026-02-09T09:13:06.7089790Z #12 exporting to image
build-and-push (telegram-bot)	UNKNOWN STEP	2026-02-09T09:13:11.9602756Z #12 pushing layers 5.5s done
build-and-push (telegram-bot)	UNKNOWN STEP	2026-02-09T09:13:11.9604764Z #12 pushing manifest for ghcr.io/executesg/***/telegram-bot:dev-21818982884@sha256:6be8a6c3f46e1372581dfd2ba4a4a170cdd2e14164ef5c3f8d714f9b67081e31
build-and-push (telegram-bot)	UNKNOWN STEP	2026-02-09T09:13:13.4158877Z #12 pushing manifest for ghcr.io/executesg/***/telegram-bot:dev-21818982884@sha256:6be8a6c3f46e1372581dfd2ba4a4a170cdd2e14164ef5c3f8d714f9b67081e31 1.5s done
build-and-push (telegram-bot)	UNKNOWN STEP	2026-02-09T09:13:13.8366400Z #12 pushing layers 0.4s done
build-and-push (telegram-bot)	UNKNOWN STEP	2026-02-09T09:13:13.8368615Z #12 pushing manifest for ghcr.io/executesg/***/telegram-bot:dev-latest@sha256:6be8a6c3f46e1372581dfd2ba4a4a170cdd2e14164ef5c3f8d714f9b67081e31
build-and-push (telegram-bot)	UNKNOWN STEP	2026-02-09T09:13:14.7155985Z #12 pushing manifest for ghcr.io/executesg/***/telegram-bot:dev-latest@sha256:6be8a6c3f46e1372581dfd2ba4a4a170cdd2e14164ef5c3f8d714f9b67081e31 0.9s done
build-and-push (telegram-bot)	UNKNOWN STEP	2026-02-09T09:13:14.7158529Z #12 DONE 23.9s
build-and-push (telegram-bot)	UNKNOWN STEP	2026-02-09T09:13:14.7420958Z ##[group]Run if [ -z "$TELEGRAM_BOT_TOKEN" ] || [ -z "$TELEGRAM_CHAT_ID" ]; then
build-and-push (telegram-bot)	UNKNOWN STEP	2026-02-09T09:13:14.7421825Z [36;1mif [ -z "$TELEGRAM_BOT_TOKEN" ] || [ -z "$TELEGRAM_CHAT_ID" ]; then[0m
build-and-push (telegram-bot)	UNKNOWN STEP	2026-02-09T09:13:14.7422610Z [36;1m  echo "Error: Telegram vars are not set or are empty."[0m
build-and-push (telegram-bot)	UNKNOWN STEP	2026-02-09T09:13:14.7423248Z [36;1m  exit 1[0m
build-and-push (telegram-bot)	UNKNOWN STEP	2026-02-09T09:13:14.7423783Z [36;1mfi[0m
build-and-push (telegram-bot)	UNKNOWN STEP	2026-02-09T09:13:14.7424933Z [36;1m[0m
build-and-push (telegram-bot)	UNKNOWN STEP	2026-02-09T09:13:14.7425590Z [36;1mcurl -s -X POST "https://api.telegram.org/bot$TELEGRAM_BOT_TOKEN/sendMessage" \[0m
build-and-push (telegram-bot)	UNKNOWN STEP	2026-02-09T09:13:14.7426329Z [36;1m  -d chat_id="$TELEGRAM_CHAT_ID" \[0m
build-and-push (telegram-bot)	UNKNOWN STEP	2026-02-09T09:13:14.7426865Z [36;1m  -d text="[0m
build-and-push (telegram-bot)	UNKNOWN STEP	2026-02-09T09:13:14.7427424Z [36;1m  😂😃Build ok for ExecutESG/***[0m
build-and-push (telegram-bot)	UNKNOWN STEP	2026-02-09T09:13:14.7427996Z [36;1m  📝 branch: refs/heads/dev[0m
build-and-push (telegram-bot)	UNKNOWN STEP	2026-02-09T09:13:14.7428731Z [36;1m  🧑 ‍💻Actor: bemehrbani[0m
build-and-push (telegram-bot)	UNKNOWN STEP	2026-02-09T09:13:14.7429396Z [36;1m  🖊   message: fix(deploy): remove missing override file from scp[0m
build-and-push (telegram-bot)	UNKNOWN STEP	2026-02-09T09:13:14.7430372Z [36;1m  🔍 See Changes: https://github.com/ExecutESG/***/commit/beb2fcb93db685caf586df53791b4e56088f0a4c"[0m
build-and-push (telegram-bot)	UNKNOWN STEP	2026-02-09T09:13:14.7462139Z shell: /usr/bin/bash -e {0}
build-and-push (telegram-bot)	UNKNOWN STEP	2026-02-09T09:13:14.7462624Z env:
build-and-push (telegram-bot)	UNKNOWN STEP	2026-02-09T09:13:14.7492064Z   ALLMYSECRETS: {
build-and-push (telegram-bot)	UNKNOWN STEP	  "DEV_MNEMONIC": "***",
build-and-push (telegram-bot)	UNKNOWN STEP	  "MAIN_PGADMIN_DEFAULT_PASSWORD": "***",
build-and-push (telegram-bot)	UNKNOWN STEP	  "DOCKER_HUB_TOKEN": "***",
build-and-push (telegram-bot)	UNKNOWN STEP	  "STAGING_ONTON_API_KEY": "***",
build-and-push (telegram-bot)	UNKNOWN STEP	  "STAGING_CLOUDFLARE_API_TOKEN": "***",
build-and-push (telegram-bot)	UNKNOWN STEP	  "DEV_TON_CENTER_TOKEN": "***",
build-and-push (telegram-bot)	UNKNOWN STEP	  "STAGING_ONTON_API_SECRET": "***",
build-and-push (telegram-bot)	UNKNOWN STEP	  "STAGING_GITHUB_CLIENT_SECRET": "***",
build-and-push (telegram-bot)	UNKNOWN STEP	  "SSH_MAIN_IP": "***",
build-and-push (telegram-bot)	UNKNOWN STEP	  "MAIN_TWITTER_CLIENT_SECRET": "***",
build-and-push (telegram-bot)	UNKNOWN STEP	  "STAGING_MINIO_ROOT_PASSWORD": "***",
build-and-push (telegram-bot)	UNKNOWN STEP	  "MAIN_GITHUB_CLIENT_SECRET": "***",
build-and-push (telegram-bot)	UNKNOWN STEP	  "STAGING_RABBITMQ_DEFAULT_PASS": "***",
build-and-push (telegram-bot)	UNKNOWN STEP	  "SSH_DEV_IP": "***",
build-and-push (telegram-bot)	UNKNOWN STEP	  "DEV_POSTGRES_PASSWORD": "***",
build-and-push (telegram-bot)	UNKNOWN STEP	  "SSH_PASSPHRASE": "***",
build-and-push (telegram-bot)	UNKNOWN STEP	  "STAGING_CLIENT_API_FIXED_KEY": "***",
build-and-push (telegram-bot)	UNKNOWN STEP	  "MAIN_TON_CENTER_TOKEN": "***",
build-and-push (telegram-bot)	UNKNOWN STEP	  "DOCKER_HUB_USERNAME": "***",
build-and-push (telegram-bot)	UNKNOWN STEP	  "GIT_API_KEY": "***",
build-and-push (telegram-bot)	UNKNOWN STEP	  "MAIN_CLOUDFLARE_EMAIL": "***",
build-and-push (telegram-bot)	UNKNOWN STEP	  "MAIN_DATABASE_URL": "***",
build-and-push (telegram-bot)	UNKNOWN STEP	  "MAIN_CLOUDFLARE_EMAIL_MAIN": "***",
build-and-push (telegram-bot)	UNKNOWN STEP	  "STAGING_PGADMIN_DEFAULT_EMAIL": "***",
build-and-push (telegram-bot)	UNKNOWN STEP	  "STAGING_SECRET_EVENT_WALLET_ENC_KEY": "***",
build-and-push (telegram-bot)	UNKNOWN STEP	  "STAGING_PGADMIN_DEFAULT_PASSWORD": "***",
build-and-push (telegram-bot)	UNKNOWN STEP	  "CR_PAT": "***",
build-and-push (telegram-bot)	UNKNOWN STEP	  "MAIN_CLOUDFLARE_API_TOKEN_MAIN": "***",
build-and-push (telegram-bot)	UNKNOWN STEP	  "MAIN_POSTGRES_USER": "***",
build-and-push (telegram-bot)	UNKNOWN STEP	  "DEV_BOT_TOKEN": "***",
build-and-push (telegram-bot)	UNKNOWN STEP	  "STAGING_REDIS_PASSWORD": "***",
build-and-push (telegram-bot)	UNKNOWN STEP	  "TELEGRAM_CHAT_ID_FOR_DEPLOYMENT": "***",
build-and-push (telegram-bot)	UNKNOWN STEP	  "STAGING_TONAPI_API_KEY": "***",
build-and-push (telegram-bot)	UNKNOWN STEP	  "STAGING_CLOUDFLARE_API_TOKEN_MAIN": "***",
build-and-push (telegram-bot)	UNKNOWN STEP	  "MAIN_BOT_TOKEN": "***",
build-and-push (telegram-bot)	UNKNOWN STEP	  "MAIN_SENTRY_AUTH_TOKEN": "***",
build-and-push (telegram-bot)	UNKNOWN STEP	  "github_token": "***",
build-and-push (telegram-bot)	UNKNOWN STEP	  "STAGING_DATABASE_URL_NFT_MANAGER": "***",
build-and-push (telegram-bot)	UNKNOWN STEP	  "DEV_CLOUDFLARE_API_TOKEN": "***",
build-and-push (telegram-bot)	UNKNOWN STEP	  "STAGING_TON_SOCIETY_API_KEY": "***",
build-and-push (telegram-bot)	UNKNOWN STEP	  "STAGING_POSTGRES_PASSWORD": "***",
build-and-push (telegram-bot)	UNKNOWN STEP	  "MAIN_RABBITMQ_DEFAULT_USER": "***",
build-and-push (telegram-bot)	UNKNOWN STEP	  "MAIN_CLOUDFLARE_API_TOKEN": "***",
build-and-push (telegram-bot)	UNKNOWN STEP	  "MAIN_CLOUDFLARE_DNS_ZONE_ID": "***",
build-and-push (telegram-bot)	UNKNOWN STEP	  "MAIN_REDIS_PASSWORD": "***",
build-and-push (telegram-bot)	UNKNOWN STEP	  "STAGING_MINIO_ROOT_USER": "***",
build-and-push (telegram-bot)	UNKNOWN STEP	  "MAIN_TON_SOCIETY_API_KEY": "***",
build-and-push (telegram-bot)	UNKNOWN STEP	  "STAGING_CLOUDFLARE_DNS_ZONE_ID": "***",
build-and-push (telegram-bot)	UNKNOWN STEP	  "DEV_CLIENT_API_JWT_SECRET": "***",
build-and-push (telegram-bot)	UNKNOWN STEP	  "STAGING_BOT_TOKEN": "***",
build-and-push (telegram-bot)	UNKNOWN STEP	  "MAIN_MB_ENCRYPTION_SECRET_KEY": "***",
build-and-push (telegram-bot)	UNKNOWN STEP	  "USE_CLOUDFLARE": "***",
build-and-push (telegram-bot)	UNKNOWN STEP	  "MAIN_TONAPI_API_KEY": "***",
build-and-push (telegram-bot)	UNKNOWN STEP	  "SSH_PRIVATE_KEY": "***",
build-and-push (telegram-bot)	UNKNOWN STEP	  "MAIN_LINKEDIN_CLIENT_SECRET": "***",
build-and-push (telegram-bot)	UNKNOWN STEP	  "STAGING_MS_CLIENT_SECRET": "***",
build-and-push (telegram-bot)	UNKNOWN STEP	  "SSH_DEV_KEY": "***",
build-and-push (telegram-bot)	UNKNOWN STEP	  "STAGING_TWITTER_CLIENT_SECRET": "***",
build-and-push (telegram-bot)	UNKNOWN STEP	  "STAGING_CLIENT_API_JWT_SECRET": "***",
build-and-push (telegram-bot)	UNKNOWN STEP	  "MAIN_DATABASE_URL_NFT_MANAGER": "***",
build-and-push (telegram-bot)	UNKNOWN STEP	  "DEV_ONTON_API_SECRET": "***",
build-and-push (telegram-bot)	UNKNOWN STEP	  "MAIN_GOOGLE_CLIENT_SECRET": "***",
build-and-push (telegram-bot)	UNKNOWN STEP	  "MAIN_MS_CLIENT_SECRET": "***",
build-and-push (telegram-bot)	UNKNOWN STEP	  "STAGING_DATABASE_URL": "***",
build-and-push (telegram-bot)	UNKNOWN STEP	  "STAGING_TON_CENTER_TOKEN": "***",
build-and-push (telegram-bot)	UNKNOWN STEP	  "DEV_TON_SOCIETY_API_KEY": "***",
build-and-push (telegram-bot)	UNKNOWN STEP	  "MAIN_EVENT_WALLET_ENC_KEY": "***",
build-and-push (telegram-bot)	UNKNOWN STEP	  "STAGING_POSTGRES_USER": "***",
build-and-push (telegram-bot)	UNKNOWN STEP	  "MAIN_PGADMIN_DEFAULT_EMAIL": "***",
build-and-push (telegram-bot)	UNKNOWN STEP	  "SSH_MAIN_PORT": "***",
build-and-push (telegram-bot)	UNKNOWN STEP	  "MAIN_MNEMONIC": "***",
build-and-push (telegram-bot)	UNKNOWN STEP	  "MAIN_POSTGRES_PASSWORD": "***",
build-and-push (telegram-bot)	UNKNOWN STEP	  "DEV_TONAPI_API_KEY": "***",
build-and-push (telegram-bot)	UNKNOWN STEP	  "STAGING_GOOGLE_CLIENT_SECRET": "***",
build-and-push (telegram-bot)	UNKNOWN STEP	  "DEV_MB_ENCRYPTION_SECRET_KEY": "***",
build-and-push (telegram-bot)	UNKNOWN STEP	  "STAGING_SENTRY_AUTH_TOKEN": "***",
build-and-push (telegram-bot)	UNKNOWN STEP	  "DEV_DATABASE_URL": "***",
build-and-push (telegram-bot)	UNKNOWN STEP	  "DEV_MINIO_ROOT_PASSWORD": "***",
build-and-push (telegram-bot)	UNKNOWN STEP	  "MAIN_RABBITMQ_DEFAULT_PASS": "***",
build-and-push (telegram-bot)	UNKNOWN STEP	  "TELEGRAM_BOT_TOKEN_FOR_DEPLOYMENT": "***",
build-and-push (telegram-bot)	UNKNOWN STEP	  "MAIN_ONTON_API_SECRET": "***",
build-and-push (telegram-bot)	UNKNOWN STEP	  "MAIN_CLIENT_API_FIXED_KEY": "***",
build-and-push (telegram-bot)	UNKNOWN STEP	  "SSH_DEV_PORT": "***",
build-and-push (telegram-bot)	UNKNOWN STEP	  "DEV_ONTON_API_KEY": "***",
build-and-push (telegram-bot)	UNKNOWN STEP	  "DEV_MINIO_ROOT_USER": "***",
build-and-push (telegram-bot)	UNKNOWN STEP	  "STAGING_MNEMONIC": "***",
build-and-push (telegram-bot)	UNKNOWN STEP	  "MAIN_MINIO_ROOT_USER": "***",
build-and-push (telegram-bot)	UNKNOWN STEP	  "DEV_PGADMIN_DEFAULT_PASSWORD": "***",
build-and-push (telegram-bot)	UNKNOWN STEP	  "DEV_CLIENT_API_FIXED_KEY": "***",
build-and-push (telegram-bot)	UNKNOWN STEP	  "STAGING_CLOUDFLARE_EMAIL": "***",
build-and-push (telegram-bot)	UNKNOWN STEP	  "STAGING_MB_ENCRYPTION_SECRET_KEY": "***",
build-and-push (telegram-bot)	UNKNOWN STEP	  "MAIN_MINIO_ROOT_PASSWORD": "***",
build-and-push (telegram-bot)	UNKNOWN STEP	  "MAIN_ONTON_API_KEY": "***",
build-and-push (telegram-bot)	UNKNOWN STEP	  "STAGING_RABBITMQ_DEFAULT_USER": "***",
build-and-push (telegram-bot)	UNKNOWN STEP	  "MAIN_CLIENT_API_JWT_SECRET": "***",
build-and-push (telegram-bot)	UNKNOWN STEP	  "STAGING_LINKEDIN_CLIENT_SECRET": "***",
build-and-push (telegram-bot)	UNKNOWN STEP	  "DEV_RABBITMQ_DEFAULT_PASS": "***"
build-and-push (telegram-bot)	UNKNOWN STEP	}
build-and-push (telegram-bot)	UNKNOWN STEP	2026-02-09T09:13:14.7571655Z   ALLMYVARS: {
build-and-push (telegram-bot)	UNKNOWN STEP	  "DEV_ACME_AGREE": "true",
build-and-push (telegram-bot)	UNKNOWN STEP	  "DEV_BRANCH_NAME": "dev",
build-and-push (telegram-bot)	UNKNOWN STEP	  "DEV_CACHE_ENABLED": "true",
build-and-push (telegram-bot)	UNKNOWN STEP	  "DEV_CLAMAV_PORT": "***10",
build-and-push (telegram-bot)	UNKNOWN STEP	  "DEV_CLIENT_API_FIXED_ORGANIZER": "@Ontonadmin",
build-and-push (telegram-bot)	UNKNOWN STEP	  "DEV_CLIENT_API_FIXED_USER": "@Ontonadmin",
build-and-push (telegram-bot)	UNKNOWN STEP	  "DEV_CLIENT_WEB_DOMAIN": "dev-client-web.dev.***.live",
build-and-push (telegram-bot)	UNKNOWN STEP	  "DEV_COMPOSE_PROJECT_NAME": "develop-***",
build-and-push (telegram-bot)	UNKNOWN STEP	  "DEV_ENV": "development",
build-and-push (telegram-bot)	UNKNOWN STEP	  "DEV_EVENT_WALLET_ENC_KEY": "Ci5M6/B4Wke4qX6tXViVeW0xM0iH0yh/qvD3Y1xu2v8",
build-and-push (telegram-bot)	UNKNOWN STEP	  "DEV_GOLANG_SERVER_PORT": "3013",
build-and-push (telegram-bot)	UNKNOWN STEP	  "DEV_IP_CADDY": "caddy",
build-and-push (telegram-bot)	UNKNOWN STEP	  "DEV_IP_CLAMAV": "host.docker.internal",
build-and-push (telegram-bot)	UNKNOWN STEP	  "DEV_IP_CLIENT_WEB": "client-web",
build-and-push (telegram-bot)	UNKNOWN STEP	  "DEV_IP_GIVEAWAY_CHECKER": "giveaway-checker",
build-and-push (telegram-bot)	UNKNOWN STEP	  "DEV_IP_GOLANG_SERVER": "golang-server",
build-and-push (telegram-bot)	UNKNOWN STEP	  "DEV_IP_GOLANG_WORKER": "golang-worker",
build-and-push (telegram-bot)	UNKNOWN STEP	  "DEV_IP_KIBANA": "kibana",
build-and-push (telegram-bot)	UNKNOWN STEP	  "DEV_IP_METABASE": "metabase",
build-and-push (telegram-bot)	UNKNOWN STEP	  "DEV_IP_MINIO": "minio",
build-and-push (telegram-bot)	UNKNOWN STEP	  "DEV_IP_MINI_APP": "mini-app",
build-and-push (telegram-bot)	UNKNOWN STEP	  "DEV_IP_MINI_APP_CRON": "mini-app-sbt-worker",
build-and-push (telegram-bot)	UNKNOWN STEP	  "DEV_IP_NFT_MANAGER": "nft-manager",
build-and-push (telegram-bot)	UNKNOWN STEP	  "DEV_IP_PARTICIPANT_TMA": "participant-tma",
build-and-push (telegram-bot)	UNKNOWN STEP	  "DEV_IP_PGADMIN": "pgadmin",
build-and-push (telegram-bot)	UNKNOWN STEP	  "DEV_IP_POA_WORKER": "mini-app-poa-worker",
build-and-push (telegram-bot)	UNKNOWN STEP	  "DEV_IP_POSTGRES": "postgres",
build-and-push (telegram-bot)	UNKNOWN STEP	  "DEV_IP_RABBITMQ": "rabbitmq",
build-and-push (telegram-bot)	UNKNOWN STEP	  "DEV_IP_RANGE_BASE": "host.docker.internal",
build-and-push (telegram-bot)	UNKNOWN STEP	  "DEV_IP_RANGE_START": "172.10",
build-and-push (telegram-bot)	UNKNOWN STEP	  "DEV_IP_RANGE_SUBNET": "24",
build-and-push (telegram-bot)	UNKNOWN STEP	  "DEV_IP_REDIS": "redis",
build-and-push (telegram-bot)	UNKNOWN STEP	  "DEV_IP_SOCKET": "mini-app-notification-socket",
build-and-push (telegram-bot)	UNKNOWN STEP	  "DEV_IP_SWAGGER_UI": "swagger-ui",
build-and-push (telegram-bot)	UNKNOWN STEP	  "DEV_IP_TELEGRAM_BOT": "telegram-bot",
build-and-push (telegram-bot)	UNKNOWN STEP	  "DEV_IP_WEBSITE": "website",
build-and-push (telegram-bot)	UNKNOWN STEP	  "DEV_JWT_SECRET_SOCKET": "D3v@OnTonw3tds112ewq%KD___%1006-7-8-9-0OkMjKlll%909R9OOsf",
build-and-push (telegram-bot)	UNKNOWN STEP	  "DEV_KIBANA_HASHED_PASSWORD": "$2a$14$6P83mnKs9BxP2qZDaMU.2OzBHY3SG0nnaVXJ8nKluEWEWD5RMmN/W",
build-and-push (telegram-bot)	UNKNOWN STEP	  "DEV_KIBANA_PORT": "3023",
build-and-push (telegram-bot)	UNKNOWN STEP	  "DEV_KIBANA_USERNAME": "monitor",
build-and-push (telegram-bot)	UNKNOWN STEP	  "DEV_LOCAL_DOMAIN": "dev-app.dev.***.live",
build-and-push (telegram-bot)	UNKNOWN STEP	  "DEV_MB_REDIRECT_ALL_REQUESTS_TO_HTTPS": "true",
build-and-push (telegram-bot)	UNKNOWN STEP	  "DEV_METABASE_DOMAIN": "dev-metabase.dev.***.live",
build-and-push (telegram-bot)	UNKNOWN STEP	  "DEV_MINIO_COLLECTION_BUCKET": "***collection",
build-and-push (telegram-bot)	UNKNOWN STEP	  "DEV_MINIO_DASHBOARD_PORT": "3014",
build-and-push (telegram-bot)	UNKNOWN STEP	  "DEV_MINIO_DOC_BUCKET": "***doc",
build-and-push (telegram-bot)	UNKNOWN STEP	  "DEV_MINIO_DOC_DEFAULT_BUCKET": "***",
build-and-push (telegram-bot)	UNKNOWN STEP	  "DEV_MINIO_ENDPOINT": "minio",
build-and-push (telegram-bot)	UNKNOWN STEP	  "DEV_MINIO_IMAGE_BUCKET": "***image",
build-and-push (telegram-bot)	UNKNOWN STEP	  "DEV_MINIO_ITEM_BUCKET": "***item",
build-and-push (telegram-bot)	UNKNOWN STEP	  "DEV_MINIO_PORT": "3012",
build-and-push (telegram-bot)	UNKNOWN STEP	  "DEV_MINIO_PUBLIC_URL": "https://dev-storage.dev.***.live",
build-and-push (telegram-bot)	UNKNOWN STEP	  "DEV_MINIO_REGION_NAME": "default",
build-and-push (telegram-bot)	UNKNOWN STEP	  "DEV_MINIO_SBT_COLLECTIONS_BUCKET": "sbt-collections",
build-and-push (telegram-bot)	UNKNOWN STEP	  "DEV_MINIO_STORAGE_ADMIN_DOMAIN": "dev-storage-admin.dev.***.live",
build-and-push (telegram-bot)	UNKNOWN STEP	  "DEV_MINIO_STORAGE_DOMAIN": "dev-storage.dev.***.live",
build-and-push (telegram-bot)	UNKNOWN STEP	  "DEV_MINIO_VIDEO_BUCKET": "***video",
build-and-push (telegram-bot)	UNKNOWN STEP	  "DEV_MINI_APP_DOMAIN": "dev-app.dev.***.live",
build-and-push (telegram-bot)	UNKNOWN STEP	  "DEV_MINI_APP_PORT": "3000",
build-and-push (telegram-bot)	UNKNOWN STEP	  "DEV_MINI_APP_SOCKET_DOMAIN": "dev-socket.dev.***.live",
build-and-push (telegram-bot)	UNKNOWN STEP	  "DEV_MONITORING_DOMAIN": "dev-monitoring.dev.***.live",
build-and-push (telegram-bot)	UNKNOWN STEP	  "DEV_NETWORK_NAME": "***-dev",
build-and-push (telegram-bot)	UNKNOWN STEP	  "DEV_NETWORK_PUBLIC_IP": "***",
build-and-push (telegram-bot)	UNKNOWN STEP	  "DEV_NEXT_PUBLIC_API_BASE_URL": "https://dev-app.dev.***.live/api/v1",
build-and-push (telegram-bot)	UNKNOWN STEP	  "DEV_NEXT_PUBLIC_APP_BASE_URL": "https://dev-app.dev.***.live",
build-and-push (telegram-bot)	UNKNOWN STEP	  "DEV_NEXT_PUBLIC_BACKEND_URL_CLIENT": "https://dev-app.dev.***.live/api/client/v1/",
build-and-push (telegram-bot)	UNKNOWN STEP	  "DEV_NEXT_PUBLIC_BOT_USERNAME": "dev_ont0n_bot",
build-and-push (telegram-bot)	UNKNOWN STEP	  "DEV_NEXT_PUBLIC_ENV": "development",
build-and-push (telegram-bot)	UNKNOWN STEP	  "DEV_NEXT_PUBLIC_GTM": "GTM-dev",
build-and-push (telegram-bot)	UNKNOWN STEP	  "DEV_NEXT_PUBLIC_SOCKET_URL": "dev-socket.dev.***.live",
build-and-push (telegram-bot)	UNKNOWN STEP	  "DEV_NFT_INTERVAL_TIME": "60000",
build-and-push (telegram-bot)	UNKNOWN STEP	  "DEV_NFT_MANAGER_PORT": "3004",
build-and-push (telegram-bot)	UNKNOWN STEP	  "DEV_NODE_ENV": "production",
build-and-push (telegram-bot)	UNKNOWN STEP	  "DEV_NODE_TLS_REJECT_UNAUTHORIZED": "0",
build-and-push (telegram-bot)	UNKNOWN STEP	  "DEV_ONTON_DOMAIN": "dev.***.live",
build-and-push (telegram-bot)	UNKNOWN STEP	  "DEV_PARTICIPANT_TMA_PORT": "3001",
build-and-push (telegram-bot)	UNKNOWN STEP	  "DEV_PGADMIN_DOMAIN": "dev-pgadmin.dev.***.live",
build-and-push (telegram-bot)	UNKNOWN STEP	  "DEV_PORT_CLIENT_WEB": "3007",
build-and-push (telegram-bot)	UNKNOWN STEP	  "DEV_PORT_METABASE": "3009",
build-and-push (telegram-bot)	UNKNOWN STEP	  "DEV_PORT_PGADMIN": "3006",
build-and-push (telegram-bot)	UNKNOWN STEP	  "DEV_PORT_WEB_SITE": "3005",
build-and-push (telegram-bot)	UNKNOWN STEP	  "DEV_POSTGRES_METABASE_DB": "dev-mini-app",
build-and-push (telegram-bot)	UNKNOWN STEP	  "DEV_POSTGRES_MINI_APP_DB": "dev-mini-app",
build-and-push (telegram-bot)	UNKNOWN STEP	  "DEV_POSTGRES_NFT_MANAGER_DB": "dev-nft-manager",
build-and-push (telegram-bot)	UNKNOWN STEP	  "DEV_POSTGRES_PORT": "3008",
build-and-push (telegram-bot)	UNKNOWN STEP	  "DEV_PTMA_API_BASE_URL": "https://dev-app.dev.***.live/api/v1",
build-and-push (telegram-bot)	UNKNOWN STEP	  "DEV_RABBITMQ_DOMAIN": "dev-rabbitmq.dev.***.live",
build-and-push (telegram-bot)	UNKNOWN STEP	  "DEV_RABBITMQ_MANAGEMENT_PORT": "3015",
build-and-push (telegram-bot)	UNKNOWN STEP	  "DEV_RABBITMQ_NODE_PORT": "3016",
build-and-push (telegram-bot)	UNKNOWN STEP	  "DEV_REDIS_DATABASES": "1",
build-and-push (telegram-bot)	UNKNOWN STEP	  "DEV_REDIS_PORT": "3011",
build-and-push (telegram-bot)	UNKNOWN STEP	  "DEV_REGISTRY_URL": "ghcr.io",
build-and-push (telegram-bot)	UNKNOWN STEP	  "DEV_SOCKET_PORT": "30***",
build-and-push (telegram-bot)	UNKNOWN STEP	  "DEV_STAGE_NAME": "dev-***",
build-and-push (telegram-bot)	UNKNOWN STEP	  "DEV_SWAGGER_UI_DOMAIN": "dev-swagger-ui.dev.***.live",
build-and-push (telegram-bot)	UNKNOWN STEP	  "DEV_SWAGGER_UI_PORT": "3024",
build-and-push (telegram-bot)	UNKNOWN STEP	  "DEV_SYS_CADDY_REPLICAS": "1",
build-and-push (telegram-bot)	UNKNOWN STEP	  "DEV_SYS_MINI_APP_REPLICAS": "1",
build-and-push (telegram-bot)	UNKNOWN STEP	  "DEV_SYS_PARTICIPANT_TMA_REPLICAS": "1",
build-and-push (telegram-bot)	UNKNOWN STEP	  "DEV_SYS_WEB_SITE_REPLICAS": "1",
build-and-push (telegram-bot)	UNKNOWN STEP	  "DEV_TELEGRAM_BOT_PORT": "3002",
build-and-push (telegram-bot)	UNKNOWN STEP	  "DEV_TG_EVENTS_TOPIC": "2",
build-and-push (telegram-bot)	UNKNOWN STEP	  "DEV_TG_LOGS_GROUP_ID": "-1002308507308",
build-and-push (telegram-bot)	UNKNOWN STEP	  "DEV_TG_LOG_BOT_TOKEN": "7604730825:AAE1WJHs5lFI2zX_tba6M-1HYfffA8ugFmA",
build-and-push (telegram-bot)	UNKNOWN STEP	  "DEV_TG_NOTIFICATION_CHANELL": "-1002164161685",
build-and-push (telegram-bot)	UNKNOWN STEP	  "DEV_TG_SYSTEM_TOPIC": "16",
build-and-push (telegram-bot)	UNKNOWN STEP	  "DEV_TG_TICKETS_TOPIC": "4",
build-and-push (telegram-bot)	UNKNOWN STEP	  "DEV_TON_CENTER_ENDPOINT": "https://toncenter.com/api/v2/jsonRPC",
build-and-push (telegram-bot)	UNKNOWN STEP	  "DEV_TON_SOCIETY_BASE_URL": "https://id.ton.org/v1",
build-and-push (telegram-bot)	UNKNOWN STEP	  "DEV_USE_CLOUDFLARE": "true",
build-and-push (telegram-bot)	UNKNOWN STEP	  "DEV_USE_MAIN_IP_TO_EXPOSE": "true",
build-and-push (telegram-bot)	UNKNOWN STEP	  "MAIN_ACME_AGREE": "true",
build-and-push (telegram-bot)	UNKNOWN STEP	  "MAIN_BRANCH_NAME": "main",
build-and-push (telegram-bot)	UNKNOWN STEP	  "MAIN_CACHE_ENABLED": "true",
build-and-push (telegram-bot)	UNKNOWN STEP	  "MAIN_CLAMAV_PORT": "***10",
build-and-push (telegram-bot)	UNKNOWN STEP	  "MAIN_CLIENT_API_FIXED_ORGANIZER": "@Ontonadmin",
build-and-push (telegram-bot)	UNKNOWN STEP	  "MAIN_CLIENT_API_FIXED_USER": "@Ontonadmin",
build-and-push (telegram-bot)	UNKNOWN STEP	  "MAIN_CLIENT_WEB_DOMAIN": "client-web.***.live",
build-and-push (telegram-bot)	UNKNOWN STEP	  "MAIN_COMPOSE_PROJECT_NAME": "production-***",
build-and-push (telegram-bot)	UNKNOWN STEP	  "MAIN_ENV": "production",
build-and-push (telegram-bot)	UNKNOWN STEP	  "MAIN_GITHUB_CLIENT_ID": "Ov23liQFN1rMeZicYHnL",
build-and-push (telegram-bot)	UNKNOWN STEP	  "MAIN_GITHUB_REPO": "***bot",
build-and-push (telegram-bot)	UNKNOWN STEP	  "MAIN_GOLANG_SERVER_PORT": "8013",
build-and-push (telegram-bot)	UNKNOWN STEP	  "MAIN_GOOGLE_CLIENT_ID": "174044865725-8urfv981fca74aj3bq2kqik7fbe2rggg.apps.googleusercontent.com",
build-and-push (telegram-bot)	UNKNOWN STEP	  "MAIN_IP_CADDY": "caddy",
build-and-push (telegram-bot)	UNKNOWN STEP	  "MAIN_IP_CLAMAV": "host.docker.internal",
build-and-push (telegram-bot)	UNKNOWN STEP	  "MAIN_IP_CLIENT_WEB": "client-web",
build-and-push (telegram-bot)	UNKNOWN STEP	  "MAIN_IP_GIVEAWAY_CHECKER": "giveaway-checker",
build-and-push (telegram-bot)	UNKNOWN STEP	  "MAIN_IP_GOLANG_SERVER": "golang-server",
build-and-push (telegram-bot)	UNKNOWN STEP	  "MAIN_IP_GOLANG_WORKER": "golang-worker",
build-and-push (telegram-bot)	UNKNOWN STEP	  "MAIN_IP_KIBANA": "kibana",
build-and-push (telegram-bot)	UNKNOWN STEP	  "MAIN_IP_METABASE": "metabase",
build-and-push (telegram-bot)	UNKNOWN STEP	  "MAIN_IP_MINIO": "minio",
build-and-push (telegram-bot)	UNKNOWN STEP	  "MAIN_IP_MINI_APP": "mini-app",
build-and-push (telegram-bot)	UNKNOWN STEP	  "MAIN_IP_MINI_APP_CRON": "mini-app-sbt-worker",
build-and-push (telegram-bot)	UNKNOWN STEP	  "MAIN_IP_NFT_MANAGER": "nft-manager",
build-and-push (telegram-bot)	UNKNOWN STEP	  "MAIN_IP_PARTICIPANT_TMA": "participant-tma",
build-and-push (telegram-bot)	UNKNOWN STEP	  "MAIN_IP_PGADMIN": "pgadmin",
build-and-push (telegram-bot)	UNKNOWN STEP	  "MAIN_IP_POA_WORKER": "mini-app-poa-worker",
build-and-push (telegram-bot)	UNKNOWN STEP	  "MAIN_IP_POSTGRES": "postgres",
build-and-push (telegram-bot)	UNKNOWN STEP	  "MAIN_IP_RABBITMQ": "rabbitmq",
build-and-push (telegram-bot)	UNKNOWN STEP	  "MAIN_IP_RANGE_BASE": "host.docker.internal",
build-and-push (telegram-bot)	UNKNOWN STEP	  "MAIN_IP_REDIS": "redis",
build-and-push (telegram-bot)	UNKNOWN STEP	  "MAIN_IP_SOCKET": "mini-app-notification-socket",
build-and-push (telegram-bot)	UNKNOWN STEP	  "MAIN_IP_SWAGGER_UI": "swagger-ui",
build-and-push (telegram-bot)	UNKNOWN STEP	  "MAIN_IP_TELEGRAM_BOT": "telegram-bot",
build-and-push (telegram-bot)	UNKNOWN STEP	  "MAIN_IP_WEBSITE": "website",
build-and-push (telegram-bot)	UNKNOWN STEP	  "MAIN_JWT_SECRET_SOCKET": "JFDmdjeu__@HF_KKSEEWR_ERW*ER_FGDFG_ET%DG%34534aasd_Rhuefli!hfsdlnf",
build-and-push (telegram-bot)	UNKNOWN STEP	  "MAIN_KIBANA_HASHED_PASSWORD": "$2a$14$6P83mnKs9BxP2qZDaMU.2OzBHY3SG0nnaVXJ8nKluEWEWD5RMmN/W",
build-and-push (telegram-bot)	UNKNOWN STEP	  "MAIN_KIBANA_PORT": "8023",
build-and-push (telegram-bot)	UNKNOWN STEP	  "MAIN_KIBANA_USERNAME": "monitor",
build-and-push (telegram-bot)	UNKNOWN STEP	  "MAIN_LINKEDIN_CLIENT_ID": "77osbnm9chxr4c",
build-and-push (telegram-bot)	UNKNOWN STEP	  "MAIN_LOCAL_DOMAIN": "***.live",
build-and-push (telegram-bot)	UNKNOWN STEP	  "MAIN_MB_REDIRECT_ALL_REQUESTS_TO_HTTPS": "true",
build-and-push (telegram-bot)	UNKNOWN STEP	  "MAIN_METABASE_DOMAIN": "metabase.***.live",
build-and-push (telegram-bot)	UNKNOWN STEP	  "MAIN_MINIO_COLLECTION_BUCKET": "***collection",
build-and-push (telegram-bot)	UNKNOWN STEP	  "MAIN_MINIO_DASHBOARD_PORT": "8014",
build-and-push (telegram-bot)	UNKNOWN STEP	  "MAIN_MINIO_DOC_BUCKET": "***doc",
build-and-push (telegram-bot)	UNKNOWN STEP	  "MAIN_MINIO_DOC_DEFAULT_BUCKET": "***",
build-and-push (telegram-bot)	UNKNOWN STEP	  "MAIN_MINIO_ENDPOINT": "minio",
build-and-push (telegram-bot)	UNKNOWN STEP	  "MAIN_MINIO_IMAGE_BUCKET": "***image",
build-and-push (telegram-bot)	UNKNOWN STEP	  "MAIN_MINIO_ITEM_BUCKET": "***item",
build-and-push (telegram-bot)	UNKNOWN STEP	  "MAIN_MINIO_PORT": "8012",
build-and-push (telegram-bot)	UNKNOWN STEP	  "MAIN_MINIO_PUBLIC_URL": "https://storage.***.live",
build-and-push (telegram-bot)	UNKNOWN STEP	  "MAIN_MINIO_REGION_NAME": "default",
build-and-push (telegram-bot)	UNKNOWN STEP	  "MAIN_MINIO_SBT_COLLECTIONS_BUCKET": "sbt-collections",
build-and-push (telegram-bot)	UNKNOWN STEP	  "MAIN_MINIO_STORAGE_ADMIN_DOMAIN": "storage-admin.***.live",
build-and-push (telegram-bot)	UNKNOWN STEP	  "MAIN_MINIO_STORAGE_DOMAIN": "storage.***.live",
build-and-push (telegram-bot)	UNKNOWN STEP	  "MAIN_MINIO_VIDEO_BUCKET": "***video",
build-and-push (telegram-bot)	UNKNOWN STEP	  "MAIN_MINI_APP_DOMAIN": "app.***.live",
build-and-push (telegram-bot)	UNKNOWN STEP	  "MAIN_MINI_APP_PORT": "8000",
build-and-push (telegram-bot)	UNKNOWN STEP	  "MAIN_MINI_APP_SOCKET_DOMAIN": "socket.***.live",
build-and-push (telegram-bot)	UNKNOWN STEP	  "MAIN_MONITORING_DOMAIN": "monitoring.***.live",
build-and-push (telegram-bot)	UNKNOWN STEP	  "MAIN_MS_CLIENT_ID": "916e0c9f-17bc-45c2-9cbc-025c48a0d449",
build-and-push (telegram-bot)	UNKNOWN STEP	  "MAIN_NETWORK_NAME": "***-production",
build-and-push (telegram-bot)	UNKNOWN STEP	  "MAIN_NETWORK_PUBLIC_IP": "***",
build-and-push (telegram-bot)	UNKNOWN STEP	  "MAIN_NEXT_PUBLIC_API_BASE_URL": "https://app.***.live/api/v1",
build-and-push (telegram-bot)	UNKNOWN STEP	  "MAIN_NEXT_PUBLIC_APP_BASE_URL": "https://app.***.live",
build-and-push (telegram-bot)	UNKNOWN STEP	  "MAIN_NEXT_PUBLIC_BACKEND_URL_CLIENT": "https://app.***.live/api/client/v1/",
build-and-push (telegram-bot)	UNKNOWN STEP	  "MAIN_NEXT_PUBLIC_BOT_USERNAME": "the***bot",
build-and-push (telegram-bot)	UNKNOWN STEP	  "MAIN_NEXT_PUBLIC_ENV": "production",
build-and-push (telegram-bot)	UNKNOWN STEP	  "MAIN_NEXT_PUBLIC_GTM": "GTM-TSCPWNCM",
build-and-push (telegram-bot)	UNKNOWN STEP	  "MAIN_NEXT_PUBLIC_SOCKET_URL": "socket.***.live",
build-and-push (telegram-bot)	UNKNOWN STEP	  "MAIN_NFT_INTERVAL_TIME": "60000",
build-and-push (telegram-bot)	UNKNOWN STEP	  "MAIN_NFT_MANAGER_PORT": "8004",
build-and-push (telegram-bot)	UNKNOWN STEP	  "MAIN_NODE_ENV": "production",
build-and-push (telegram-bot)	UNKNOWN STEP	  "MAIN_NODE_TLS_REJECT_UNAUTHORIZED": "1",
build-and-push (telegram-bot)	UNKNOWN STEP	  "MAIN_ONTON_DOMAIN": "***.live",
build-and-push (telegram-bot)	UNKNOWN STEP	  "MAIN_PARTICIPANT_TMA_PORT": "8001",
build-and-push (telegram-bot)	UNKNOWN STEP	  "MAIN_PGADMIN_DOMAIN": "pgadmin.***.live",
build-and-push (telegram-bot)	UNKNOWN STEP	  "MAIN_PORT_CLIENT_WEB": "8007",
build-and-push (telegram-bot)	UNKNOWN STEP	  "MAIN_PORT_METABASE": "8009",
build-and-push (telegram-bot)	UNKNOWN STEP	  "MAIN_PORT_PGADMIN": "8006",
build-and-push (telegram-bot)	UNKNOWN STEP	  "MAIN_PORT_WEB_SITE": "8005",
build-and-push (telegram-bot)	UNKNOWN STEP	  "MAIN_POSTGRES_METABASE_DB": "production-mini-app",
build-and-push (telegram-bot)	UNKNOWN STEP	  "MAIN_POSTGRES_MINI_APP_DB": "production-mini-app",
build-and-push (telegram-bot)	UNKNOWN STEP	  "MAIN_POSTGRES_NFT_MANAGER_DB": "production-nft-manager",
build-and-push (telegram-bot)	UNKNOWN STEP	  "MAIN_POSTGRES_PORT": "8008",
build-and-push (telegram-bot)	UNKNOWN STEP	  "MAIN_PTMA_API_BASE_URL": "https://app.***.live/api/v1",
build-and-push (telegram-bot)	UNKNOWN STEP	  "MAIN_RABBITMQ_DOMAIN": "rabbitmq.***.live",
build-and-push (telegram-bot)	UNKNOWN STEP	  "MAIN_RABBITMQ_MANAGEMENT_PORT": "8015",
build-and-push (telegram-bot)	UNKNOWN STEP	  "MAIN_RABBITMQ_NODE_PORT": "8016",
build-and-push (telegram-bot)	UNKNOWN STEP	  "MAIN_REDIS_DATABASES": "1",
build-and-push (telegram-bot)	UNKNOWN STEP	  "MAIN_REDIS_PORT": "8011",
build-and-push (telegram-bot)	UNKNOWN STEP	  "MAIN_REGISTRY_URL": "registry.toncloud.observer",
build-and-push (telegram-bot)	UNKNOWN STEP	  "MAIN_SOCKET_PORT": "80***",
build-and-push (telegram-bot)	UNKNOWN STEP	  "MAIN_STAGE_NAME": "main-***",
build-and-push (telegram-bot)	UNKNOWN STEP	  "MAIN_SWAGGER_UI_DOMAIN": "swagger-ui.***.live",
build-and-push (telegram-bot)	UNKNOWN STEP	  "MAIN_SWAGGER_UI_PORT": "8024",
build-and-push (telegram-bot)	UNKNOWN STEP	  "MAIN_SYS_CADDY_REPLICAS": "1",
build-and-push (telegram-bot)	UNKNOWN STEP	  "MAIN_SYS_MINI_APP_REPLICAS": "12",
build-and-push (telegram-bot)	UNKNOWN STEP	  "MAIN_SYS_PARTICIPANT_TMA_REPLICAS": "6",
build-and-push (telegram-bot)	UNKNOWN STEP	  "MAIN_SYS_WEB_SITE_REPLICAS": "3",
build-and-push (telegram-bot)	UNKNOWN STEP	  "MAIN_TELEGRAM_BOT_PORT": "8002",
build-and-push (telegram-bot)	UNKNOWN STEP	  "MAIN_TG_EVENTS_TOPIC": "2",
build-and-push (telegram-bot)	UNKNOWN STEP	  "MAIN_TG_LOGS_GROUP_ID": "-1002300666538",
build-and-push (telegram-bot)	UNKNOWN STEP	  "MAIN_TG_LOG_BOT_TOKEN": "7604730825:AAE1WJHs5lFI2zX_tba6M-1HYfffA8ugFmA",
build-and-push (telegram-bot)	UNKNOWN STEP	  "MAIN_TG_NOTIFICATION_CHANELL": "-100***32083***",
build-and-push (telegram-bot)	UNKNOWN STEP	  "MAIN_TG_SYSTEM_TOPIC": "16",
build-and-push (telegram-bot)	UNKNOWN STEP	  "MAIN_TG_TICKETS_TOPIC": "4",
build-and-push (telegram-bot)	UNKNOWN STEP	  "MAIN_TON_CENTER_ENDPOINT": "https://toncenter.com/api/v2/jsonRPC",
build-and-push (telegram-bot)	UNKNOWN STEP	  "MAIN_TON_SOCIETY_BASE_URL": "https://id.ton.org/v1",
build-and-push (telegram-bot)	UNKNOWN STEP	  "MAIN_TWITTER_CLIENT_ID": "SU1RUS0xaHNsRk5kd014UlZieDQ6MTpjaQ",
build-and-push (telegram-bot)	UNKNOWN STEP	  "MAIN_USE_CLOUDFLARE": "true",
build-and-push (telegram-bot)	UNKNOWN STEP	  "MAIN_USE_MAIN_IP_TO_EXPOSE": "true",
build-and-push (telegram-bot)	UNKNOWN STEP	  "NEXT_PUBLIC_BOT_USERNAME": "notnonstagebot",
build-and-push (telegram-bot)	UNKNOWN STEP	  "SANDBOX_ACME_AGREE": "true",
build-and-push (telegram-bot)	UNKNOWN STEP	  "SANDBOX_BRANCH_NAME": "sandbox",
build-and-push (telegram-bot)	UNKNOWN STEP	  "SANDBOX_CACHE_ENABLED": "true",
build-and-push (telegram-bot)	UNKNOWN STEP	  "SANDBOX_CLAMAV_PORT": "***10",
build-and-push (telegram-bot)	UNKNOWN STEP	  "SANDBOX_CLIENT_API_FIXED_ORGANIZER": "@Ontonadmin",
build-and-push (telegram-bot)	UNKNOWN STEP	  "SANDBOX_CLIENT_API_FIXED_USER": "@Ontonadmin",
build-and-push (telegram-bot)	UNKNOWN STEP	  "SANDBOX_CLIENT_WEB_DOMAIN": "sandbox-client-web.toncloud.observer",
build-and-push (telegram-bot)	UNKNOWN STEP	  "SANDBOX_COMPOSE_PROJECT_NAME": "sanbox-***",
build-and-push (telegram-bot)	UNKNOWN STEP	  "SANDBOX_IP_CADDY": "caddy",
build-and-push (telegram-bot)	UNKNOWN STEP	  "SANDBOX_IP_CLAMAV": "host.docker.internal",
build-and-push (telegram-bot)	UNKNOWN STEP	  "SANDBOX_IP_KIBANA": "kibana",
build-and-push (telegram-bot)	UNKNOWN STEP	  "SANDBOX_IP_METABASE": "metabase",
build-and-push (telegram-bot)	UNKNOWN STEP	  "SANDBOX_IP_PGADMIN": "pgadmin",
build-and-push (telegram-bot)	UNKNOWN STEP	  "SANDBOX_IP_POA_WORKER": "mini-app-poa-worker",
build-and-push (telegram-bot)	UNKNOWN STEP	  "SANDBOX_IP_POSTGRES": "postgres",
build-and-push (telegram-bot)	UNKNOWN STEP	  "SANDBOX_IP_SOCKET": "mini-app-notification-socket",
build-and-push (telegram-bot)	UNKNOWN STEP	  "SANDBOX_IP_TELEGRAM_BOT": "telegram-bot",
build-and-push (telegram-bot)	UNKNOWN STEP	  "SANDBOX_IP_WEBSITE": "website",
build-and-push (telegram-bot)	UNKNOWN STEP	  "SANDBOX_JWT_SECRET_SOCKET": "D3v@OnTonw3tds112ewq%KD___%1006-7-8-9-0OkMjKlll%909R9OOsf",
build-and-push (telegram-bot)	UNKNOWN STEP	  "SANDBOX_KIBANA_HASHED_PASSWORD": "$2a$14$6P83mnKs9BxP2qZDaMU.2OzBHY3SG0nnaVXJ8nKluEWEWD5RMmN/W",
build-and-push (telegram-bot)	UNKNOWN STEP	  "SANDBOX_KIBANA_PORT": "6023",
build-and-push (telegram-bot)	UNKNOWN STEP	  "SANDBOX_KIBANA_USERNAME": "monitor",
build-and-push (telegram-bot)	UNKNOWN STEP	  "SANDBOX_LOCAL_DOMAIN": "sandbox-app.toncloud.observer",
build-and-push (telegram-bot)	UNKNOWN STEP	  "SANDBOX_MB_REDIRECT_ALL_REQUESTS_TO_HTTPS": "true",
build-and-push (telegram-bot)	UNKNOWN STEP	  "SANDBOX_METABASE_DOMAIN": "sandbox-metabase.toncloud.observer",
build-and-push (telegram-bot)	UNKNOWN STEP	  "SANDBOX_MINIO_COLLECTION_BUCKET": "***collection",
build-and-push (telegram-bot)	UNKNOWN STEP	  "SANDBOX_MINIO_DASHBOARD_PORT": "6014",
build-and-push (telegram-bot)	UNKNOWN STEP	  "SANDBOX_MINIO_DOC_BUCKET": "***doc",
build-and-push (telegram-bot)	UNKNOWN STEP	  "SANDBOX_MINIO_DOC_DEFAULT_BUCKET": "***",
build-and-push (telegram-bot)	UNKNOWN STEP	  "SANDBOX_MINIO_ENDPOINT": "minio",
build-and-push (telegram-bot)	UNKNOWN STEP	  "SANDBOX_MINIO_IMAGE_BUCKET": "***image",
build-and-push (telegram-bot)	UNKNOWN STEP	  "SANDBOX_MINIO_ITEM_BUCKET": "***item",
build-and-push (telegram-bot)	UNKNOWN STEP	  "SANDBOX_MINIO_PORT": "6012",
build-and-push (telegram-bot)	UNKNOWN STEP	  "SANDBOX_MINIO_PUBLIC_URL": "https://sandbox-storage.toncloud.observer",
build-and-push (telegram-bot)	UNKNOWN STEP	  "SANDBOX_MINIO_REGION_NAME": "default",
build-and-push (telegram-bot)	UNKNOWN STEP	  "SANDBOX_MINIO_SBT_COLLECTIONS_BUCKET": "sbt-collections",
build-and-push (telegram-bot)	UNKNOWN STEP	  "SANDBOX_MINIO_STORAGE_ADMIN_DOMAIN": "sandbox-storage-admin.toncloud.observer",
build-and-push (telegram-bot)	UNKNOWN STEP	  "SANDBOX_MINIO_STORAGE_DOMAIN": "sandbox-storage.toncloud.observer",
build-and-push (telegram-bot)	UNKNOWN STEP	  "SANDBOX_MINIO_VIDEO_BUCKET": "***video",
build-and-push (telegram-bot)	UNKNOWN STEP	  "SANDBOX_MINI_APP_DOMAIN": "sandbox-app.toncloud.observer",
build-and-push (telegram-bot)	UNKNOWN STEP	  "SANDBOX_MINI_APP_PORT": "6000",
build-and-push (telegram-bot)	UNKNOWN STEP	  "SANDBOX_MINI_APP_SOCKET_DOMAIN": "sandbox-socket.toncloud.observer",
build-and-push (telegram-bot)	UNKNOWN STEP	  "SANDBOX_MONITORING_DOMAIN": "sandbox-monitoring.toncloud.observer",
build-and-push (telegram-bot)	UNKNOWN STEP	  "SANDBOX_NETWORK_NAME": "***-sandbox",
build-and-push (telegram-bot)	UNKNOWN STEP	  "SANDBOX_NETWORK_PUBLIC_IP": "***",
build-and-push (telegram-bot)	UNKNOWN STEP	  "SANDBOX_NEXT_PUBLIC_API_BASE_URL": "https://sandbox-app.toncloud.observer/api/v1",
build-and-push (telegram-bot)	UNKNOWN STEP	  "SANDBOX_NEXT_PUBLIC_APP_BASE_URL": "https://sandbox-app.toncloud.observer",
build-and-push (telegram-bot)	UNKNOWN STEP	  "SANDBOX_NEXT_PUBLIC_BACKEND_URL_CLIENT": "https://sandbox-app.toncloud.observer/api/client/v1/",
build-and-push (telegram-bot)	UNKNOWN STEP	  "SANDBOX_NEXT_PUBLIC_BOT_USERNAME": "sandbox_ont0n_bot",
build-and-push (telegram-bot)	UNKNOWN STEP	  "SANDBOX_NEXT_PUBLIC_GTM": "GTM-sandbox",
build-and-push (telegram-bot)	UNKNOWN STEP	  "SANDBOX_NEXT_PUBLIC_SOCKET_URL": "sandbox-socket.toncloud.observer",
build-and-push (telegram-bot)	UNKNOWN STEP	  "SANDBOX_NFT_INTERVAL_TIME": "60000",
build-and-push (telegram-bot)	UNKNOWN STEP	  "SANDBOX_NFT_MANAGER_PORT": "6004",
build-and-push (telegram-bot)	UNKNOWN STEP	  "SANDBOX_NODE_ENV": "production",
build-and-push (telegram-bot)	UNKNOWN STEP	  "SANDBOX_NODE_TLS_REJECT_UNAUTHORIZED": "0",
build-and-push (telegram-bot)	UNKNOWN STEP	  "SANDBOX_ONTON_DOMAIN": "sandbox.toncloud.observer",
build-and-push (telegram-bot)	UNKNOWN STEP	  "SANDBOX_PARTICIPANT_TMA_PORT": "6001",
build-and-push (telegram-bot)	UNKNOWN STEP	  "SANDBOX_PGADMIN_DOMAIN": "sandbox-pgadmin.toncloud.observer",
build-and-push (telegram-bot)	UNKNOWN STEP	  "SANDBOX_PORT_CLIENT_WEB": "6007",
build-and-push (telegram-bot)	UNKNOWN STEP	  "SANDBOX_PORT_METABASE": "6009",
build-and-push (telegram-bot)	UNKNOWN STEP	  "SANDBOX_PORT_PGADMIN": "6006",
build-and-push (telegram-bot)	UNKNOWN STEP	  "SANDBOX_PORT_WEB_SITE": "6005",
build-and-push (telegram-bot)	UNKNOWN STEP	  "SANDBOX_POSTGRES_METABASE_DB": "sandbox-mini-app",
build-and-push (telegram-bot)	UNKNOWN STEP	  "SANDBOX_POSTGRES_MINI_APP_DB": "sandbox-mini-app",
build-and-push (telegram-bot)	UNKNOWN STEP	  "SANDBOX_POSTGRES_NFT_MANAGER_DB": "sandbox-nft-manager",
build-and-push (telegram-bot)	UNKNOWN STEP	  "SANDBOX_POSTGRES_PORT": "6008",
build-and-push (telegram-bot)	UNKNOWN STEP	  "SANDBOX_PTMA_API_BASE_URL": "https://sandbox-app.toncloud.observer/api/v1",
build-and-push (telegram-bot)	UNKNOWN STEP	  "SANDBOX_RABBITMQ_DOMAIN": "sandbox-rabbitmq.toncloud.observer",
build-and-push (telegram-bot)	UNKNOWN STEP	  "SANDBOX_RABBITMQ_MANAGEMENT_PORT": "6015",
build-and-push (telegram-bot)	UNKNOWN STEP	  "SANDBOX_RABBITMQ_NODE_PORT": "6016",
build-and-push (telegram-bot)	UNKNOWN STEP	  "SANDBOX_REDIS_DATABASES": "1",
build-and-push (telegram-bot)	UNKNOWN STEP	  "SANDBOX_REDIS_PORT": "6011",
build-and-push (telegram-bot)	UNKNOWN STEP	  "SANDBOX_REGISTRY_URL": "registry.toncloud.observer",
build-and-push (telegram-bot)	UNKNOWN STEP	  "SANDBOX_SOCKET_PORT": "60***",
build-and-push (telegram-bot)	UNKNOWN STEP	  "SANDBOX_STAGE_NAME": "sandbox-***",
build-and-push (telegram-bot)	UNKNOWN STEP	  "SANDBOX_SYS_CADDY_REPLICAS": "1",
build-and-push (telegram-bot)	UNKNOWN STEP	  "SANDBOX_SYS_MINI_APP_REPLICAS": "2",
build-and-push (telegram-bot)	UNKNOWN STEP	  "SANDBOX_SYS_PARTICIPANT_TMA_REPLICAS": "2",
build-and-push (telegram-bot)	UNKNOWN STEP	  "SANDBOX_SYS_WEB_SITE_REPLICAS": "1",
build-and-push (telegram-bot)	UNKNOWN STEP	  "SANDBOX_TELEGRAM_BOT_PORT": "6002",
build-and-push (telegram-bot)	UNKNOWN STEP	  "SANDBOX_TG_NOTIFICATION_CHANELL": "-1002164161685",
build-and-push (telegram-bot)	UNKNOWN STEP	  "SANDBOX_TON_CENTER_ENDPOINT": "https://toncenter.com/api/v2/jsonRPC",
build-and-push (telegram-bot)	UNKNOWN STEP	  "SANDBOX_TON_SOCIETY_BASE_URL": "https://society.ton.org/v1",
build-and-push (telegram-bot)	UNKNOWN STEP	  "SANDBOX_USE_CLOUDFLARE": "true",
build-and-push (telegram-bot)	UNKNOWN STEP	  "SANDBOX_USE_MAIN_IP_TO_EXPOSE": "true",
build-and-push (telegram-bot)	UNKNOWN STEP	  "STAGING_ACME_AGREE": "true",
build-and-push (telegram-bot)	UNKNOWN STEP	  "STAGING_BRANCH_NAME": "staging",
build-and-push (telegram-bot)	UNKNOWN STEP	  "STAGING_CACHE_ENABLED": "true",
build-and-push (telegram-bot)	UNKNOWN STEP	  "STAGING_CLAMAV_PORT": "***10",
build-and-push (telegram-bot)	UNKNOWN STEP	  "STAGING_CLIENT_API_FIXED_ORGANIZER": "@Ontonadmin",
build-and-push (telegram-bot)	UNKNOWN STEP	  "STAGING_CLIENT_API_FIXED_USER": "@Ontonadmin",
build-and-push (telegram-bot)	UNKNOWN STEP	  "STAGING_CLIENT_WEB_DOMAIN": "staging-client-web.toncloud.observer",
build-and-push (telegram-bot)	UNKNOWN STEP	  "STAGING_COMPOSE_PROJECT_NAME": "staging-***",
build-and-push (telegram-bot)	UNKNOWN STEP	  "STAGING_ENV": "staging",
build-and-push (telegram-bot)	UNKNOWN STEP	  "STAGING_EVENT_WALLET_ENC_KEY": "Ci5M6/B4Wke4qX6tXViVeW0xM0iH0yh/qvD3Y1xu2v8",
build-and-push (telegram-bot)	UNKNOWN STEP	  "STAGING_GITHUB_CLIENT_ID": "Ov23liQFN1rMeZicYHnL",
build-and-push (telegram-bot)	UNKNOWN STEP	  "STAGING_GITHUB_REPO": "***bot",
build-and-push (telegram-bot)	UNKNOWN STEP	  "STAGING_GOLANG_SERVER_PORT": "4013",
build-and-push (telegram-bot)	UNKNOWN STEP	  "STAGING_GOOGLE_CLIENT_ID": "174044865725-8urfv981fca74aj3bq2kqik7fbe2rggg.apps.googleusercontent.com",
build-and-push (telegram-bot)	UNKNOWN STEP	  "STAGING_IP_CADDY": "caddy",
build-and-push (telegram-bot)	UNKNOWN STEP	  "STAGING_IP_CLAMAV": "host.docker.internal",
build-and-push (telegram-bot)	UNKNOWN STEP	  "STAGING_IP_CLIENT_WEB": "client-web",
build-and-push (telegram-bot)	UNKNOWN STEP	  "STAGING_IP_GIVEAWAY_CHECKER": "giveaway-checker",
build-and-push (telegram-bot)	UNKNOWN STEP	  "STAGING_IP_GOLANG_SERVER": "golang-server",
build-and-push (telegram-bot)	UNKNOWN STEP	  "STAGING_IP_GOLANG_WORKER": "golang-worker",
build-and-push (telegram-bot)	UNKNOWN STEP	  "STAGING_IP_KIBANA": "kibana",
build-and-push (telegram-bot)	UNKNOWN STEP	  "STAGING_IP_METABASE": "metabase",
build-and-push (telegram-bot)	UNKNOWN STEP	  "STAGING_IP_MINIO": "minio",
build-and-push (telegram-bot)	UNKNOWN STEP	  "STAGING_IP_MINI_APP": "mini-app",
build-and-push (telegram-bot)	UNKNOWN STEP	  "STAGING_IP_MINI_APP_CRON": "mini-app-sbt-worker",
build-and-push (telegram-bot)	UNKNOWN STEP	  "STAGING_IP_NFT_MANAGER": "nft-manager",
build-and-push (telegram-bot)	UNKNOWN STEP	  "STAGING_IP_PARTICIPANT_TMA": "participant-tma",
build-and-push (telegram-bot)	UNKNOWN STEP	  "STAGING_IP_PGADMIN": "pgadmin",
build-and-push (telegram-bot)	UNKNOWN STEP	  "STAGING_IP_POA_WORKER": "mini-app-poa-worker",
build-and-push (telegram-bot)	UNKNOWN STEP	  "STAGING_IP_POSTGRES": "postgres",
build-and-push (telegram-bot)	UNKNOWN STEP	  "STAGING_IP_RABBITMQ": "rabbitmq",
build-and-push (telegram-bot)	UNKNOWN STEP	  "STAGING_IP_RANGE_BASE": "host.docker.internal",
build-and-push (telegram-bot)	UNKNOWN STEP	  "STAGING_IP_RANGE_START": "172.11",
build-and-push (telegram-bot)	UNKNOWN STEP	  "STAGING_IP_RANGE_SUBNET": "24",
build-and-push (telegram-bot)	UNKNOWN STEP	  "STAGING_IP_REDIS": "redis",
build-and-push (telegram-bot)	UNKNOWN STEP	  "STAGING_IP_SOCKET": "IP_SOCKET=mini-app-notification-socket",
build-and-push (telegram-bot)	UNKNOWN STEP	  "STAGING_IP_SWAGGER_UI": "swagger-ui",
build-and-push (telegram-bot)	UNKNOWN STEP	  "STAGING_IP_TELEGRAM_BOT": "telegram-bot",
build-and-push (telegram-bot)	UNKNOWN STEP	  "STAGING_IP_WEBSITE": "website",
build-and-push (telegram-bot)	UNKNOWN STEP	  "STAGING_JWT_SECRET_SOCKET": "JFDmdjeu__@HF_KKSEEWR_ERWER_FGDFG_ET%DG%34534aasd%_Rhueflihfsdlnf",
build-and-push (telegram-bot)	UNKNOWN STEP	  "STAGING_KIBANA_HASHED_PASSWORD": "$2a$14$6P83mnKs9BxP2qZDaMU.2OzBHY3SG0nnaVXJ8nKluEWEWD5RMmN/W",
build-and-push (telegram-bot)	UNKNOWN STEP	  "STAGING_KIBANA_PORT": "4023",
build-and-push (telegram-bot)	UNKNOWN STEP	  "STAGING_KIBANA_USERNAME": "monitor",
build-and-push (telegram-bot)	UNKNOWN STEP	  "STAGING_LINKEDIN_CLIENT_ID": "77osbnm9chxr4c",
build-and-push (telegram-bot)	UNKNOWN STEP	  "STAGING_LOCAL_DOMAIN": "staging-app.toncloud.observer",
build-and-push (telegram-bot)	UNKNOWN STEP	  "STAGING_MB_REDIRECT_ALL_REQUESTS_TO_HTTPS": "true",
build-and-push (telegram-bot)	UNKNOWN STEP	  "STAGING_METABASE_DOMAIN": "staging-metabase.toncloud.observer",
build-and-push (telegram-bot)	UNKNOWN STEP	  "STAGING_MINIO_COLLECTION_BUCKET": "***collection",
build-and-push (telegram-bot)	UNKNOWN STEP	  "STAGING_MINIO_DASHBOARD_PORT": "4014",
build-and-push (telegram-bot)	UNKNOWN STEP	  "STAGING_MINIO_DOC_BUCKET": "***doc",
build-and-push (telegram-bot)	UNKNOWN STEP	  "STAGING_MINIO_DOC_DEFAULT_BUCKET": "***",
build-and-push (telegram-bot)	UNKNOWN STEP	  "STAGING_MINIO_ENDPOINT": "minio",
build-and-push (telegram-bot)	UNKNOWN STEP	  "STAGING_MINIO_IMAGE_BUCKET": "***image",
build-and-push (telegram-bot)	UNKNOWN STEP	  "STAGING_MINIO_ITEM_BUCKET": "***item",
build-and-push (telegram-bot)	UNKNOWN STEP	  "STAGING_MINIO_PORT": "4012",
build-and-push (telegram-bot)	UNKNOWN STEP	  "STAGING_MINIO_PUBLIC_URL": "https://staging-storage.toncloud.observer",
build-and-push (telegram-bot)	UNKNOWN STEP	  "STAGING_MINIO_REGION_NAME": "default",
build-and-push (telegram-bot)	UNKNOWN STEP	  "STAGING_MINIO_SBT_COLLECTIONS_BUCKET": "sbt-collections",
build-and-push (telegram-bot)	UNKNOWN STEP	  "STAGING_MINIO_STORAGE_ADMIN_DOMAIN": "staging-storage-admin.toncloud.observer",
build-and-push (telegram-bot)	UNKNOWN STEP	  "STAGING_MINIO_STORAGE_DOMAIN": "staging-storage.toncloud.observer",
build-and-push (telegram-bot)	UNKNOWN STEP	  "STAGING_MINIO_VIDEO_BUCKET": "***video",
build-and-push (telegram-bot)	UNKNOWN STEP	  "STAGING_MINI_APP_DOMAIN": "staging-app.toncloud.observer",
build-and-push (telegram-bot)	UNKNOWN STEP	  "STAGING_MINI_APP_PORT": "4000",
build-and-push (telegram-bot)	UNKNOWN STEP	  "STAGING_MINI_APP_SOCKET_DOMAIN": "staging-socket.toncloud.observer",
build-and-push (telegram-bot)	UNKNOWN STEP	  "STAGING_MONITORING_DOMAIN": "staging-monitoring.toncloud.observer",
build-and-push (telegram-bot)	UNKNOWN STEP	  "STAGING_MS_CLIENT_ID": "916e0c9f-17bc-45c2-9cbc-025c48a0d449",
build-and-push (telegram-bot)	UNKNOWN STEP	  "STAGING_NETWORK_NAME": "***-staging",
build-and-push (telegram-bot)	UNKNOWN STEP	  "STAGING_NETWORK_PUBLIC_IP": "***",
build-and-push (telegram-bot)	UNKNOWN STEP	  "STAGING_NEXT_PUBLIC_API_BASE_URL": "https://staging-app.toncloud.observer/api/v1",
build-and-push (telegram-bot)	UNKNOWN STEP	  "STAGING_NEXT_PUBLIC_APP_BASE_URL": "https://staging-app.toncloud.observer",
build-and-push (telegram-bot)	UNKNOWN STEP	  "STAGING_NEXT_PUBLIC_BACKEND_URL_CLIENT": "https://staging-app.toncloud.observer/api/client/v1/",
build-and-push (telegram-bot)	UNKNOWN STEP	  "STAGING_NEXT_PUBLIC_BOT_USERNAME": "notnonstagebot",
build-and-push (telegram-bot)	UNKNOWN STEP	  "STAGING_NEXT_PUBLIC_ENV": "staging",
build-and-push (telegram-bot)	UNKNOWN STEP	  "STAGING_NEXT_PUBLIC_GTM": "GTM-staging",
build-and-push (telegram-bot)	UNKNOWN STEP	  "STAGING_NEXT_PUBLIC_SOCKET_URL": "staging-socket.toncloud.observer",
build-and-push (telegram-bot)	UNKNOWN STEP	  "STAGING_NEXT_PUBLIC_TRPC_BASE_URL": "https://staging-app.toncloud.observer",
build-and-push (telegram-bot)	UNKNOWN STEP	  "STAGING_NFT_INTERVAL_TIME": "60000",
build-and-push (telegram-bot)	UNKNOWN STEP	  "STAGING_NFT_MANAGER_PORT": "4004",
build-and-push (telegram-bot)	UNKNOWN STEP	  "STAGING_NODE_ENV": "production",
build-and-push (telegram-bot)	UNKNOWN STEP	  "STAGING_NODE_TLS_REJECT_UNAUTHORIZED": "0",
build-and-push (telegram-bot)	UNKNOWN STEP	  "STAGING_ONTON_DOMAIN": "staging.toncloud.observer",
build-and-push (telegram-bot)	UNKNOWN STEP	  "STAGING_PARTICIPANT_TMA_PORT": "4001",
build-and-push (telegram-bot)	UNKNOWN STEP	  "STAGING_PGADMIN_DOMAIN": "staging-pgadmin.toncloud.observer",
build-and-push (telegram-bot)	UNKNOWN STEP	  "STAGING_PORT_CLIENT_WEB": "4007",
build-and-push (telegram-bot)	UNKNOWN STEP	  "STAGING_PORT_METABASE": "4009",
build-and-push (telegram-bot)	UNKNOWN STEP	  "STAGING_PORT_PGADMIN": "4006",
build-and-push (telegram-bot)	UNKNOWN STEP	  "STAGING_PORT_WEB_SITE": "4005",
build-and-push (telegram-bot)	UNKNOWN STEP	  "STAGING_POSTGRES_METABASE_DB": "staging-mini-app",
build-and-push (telegram-bot)	UNKNOWN STEP	  "STAGING_POSTGRES_MINI_APP_DB": "staging-mini-app",
build-and-push (telegram-bot)	UNKNOWN STEP	  "STAGING_POSTGRES_NFT_MANAGER_DB": "staging-nft-manager",
build-and-push (telegram-bot)	UNKNOWN STEP	  "STAGING_POSTGRES_PORT": "4008",
build-and-push (telegram-bot)	UNKNOWN STEP	  "STAGING_PTMA_API_BASE_URL": "https://staging-app.toncloud.observer/api/v1",
build-and-push (telegram-bot)	UNKNOWN STEP	  "STAGING_RABBITMQ_DOMAIN": "staging-rabbitmq.toncloud.observer",
build-and-push (telegram-bot)	UNKNOWN STEP	  "STAGING_RABBITMQ_MANAGEMENT_PORT": "4015",
build-and-push (telegram-bot)	UNKNOWN STEP	  "STAGING_RABBITMQ_NODE_PORT": "4016",
build-and-push (telegram-bot)	UNKNOWN STEP	  "STAGING_REDIS_DATABASES": "1",
build-and-push (telegram-bot)	UNKNOWN STEP	  "STAGING_REDIS_PORT": "4011",
build-and-push (telegram-bot)	UNKNOWN STEP	  "STAGING_REGISTRY_URL": "registry.toncloud.observer",
build-and-push (telegram-bot)	UNKNOWN STEP	  "STAGING_SOCKET_PORT": "40***",
build-and-push (telegram-bot)	UNKNOWN STEP	  "STAGING_STAGE_NAME": "staging-***",
build-and-push (telegram-bot)	UNKNOWN STEP	  "STAGING_SWAGGER_UI_DOMAIN": "staging-swagger-ui.toncloud.observer",
build-and-push (telegram-bot)	UNKNOWN STEP	  "STAGING_SWAGGER_UI_PORT": "4024",
build-and-push (telegram-bot)	UNKNOWN STEP	  "STAGING_SYS_CADDY_REPLICAS": "1",
build-and-push (telegram-bot)	UNKNOWN STEP	  "STAGING_SYS_MINI_APP_REPLICAS": "2",
build-and-push (telegram-bot)	UNKNOWN STEP	  "STAGING_SYS_PARTICIPANT_TMA_REPLICAS": "2",
build-and-push (telegram-bot)	UNKNOWN STEP	  "STAGING_SYS_WEB_SITE_REPLICAS": "1",
build-and-push (telegram-bot)	UNKNOWN STEP	  "STAGING_TELEGRAM_BOT_PORT": "4002",
build-and-push (telegram-bot)	UNKNOWN STEP	  "STAGING_TG_EVENTS_TOPIC": "2",
build-and-push (telegram-bot)	UNKNOWN STEP	  "STAGING_TG_LOGS_GROUP_ID": "-100***64975789",
build-and-push (telegram-bot)	UNKNOWN STEP	  "STAGING_TG_LOG_BOT_TOKEN": "7604730825:AAE1WJHs5lFI2zX_tba6M-1HYfffA8ugFmA",
build-and-push (telegram-bot)	UNKNOWN STEP	  "STAGING_TG_NOTIFICATION_CHANELL": "-1002164161685",
build-and-push (telegram-bot)	UNKNOWN STEP	  "STAGING_TG_SYSTEM_TOPIC": "16",
build-and-push (telegram-bot)	UNKNOWN STEP	  "STAGING_TG_TICKETS_TOPIC": "4",
build-and-push (telegram-bot)	UNKNOWN STEP	  "STAGING_TON_CENTER_ENDPOINT": "https://toncenter.com/api/v2/jsonRPC",
build-and-push (telegram-bot)	UNKNOWN STEP	  "STAGING_TON_SOCIETY_BASE_URL": "https://id.ton.org/v1",
build-and-push (telegram-bot)	UNKNOWN STEP	  "STAGING_TWITTER_CLIENT_ID": "SU1RUS0xaHNsRk5kd014UlZieDQ6MTpjaQ",
build-and-push (telegram-bot)	UNKNOWN STEP	  "STAGING_USE_CLOUDFLARE": "true",
build-and-push (telegram-bot)	UNKNOWN STEP	  "STAGING_USE_MAIN_IP_TO_EXPOSE": "true",
build-and-push (telegram-bot)	UNKNOWN STEP	  "TELEGRAM_BOT_TOKEN_FOR_DEPLOYMENT": "7604730825:AAHhtwa4bGhELsBn2VqUxIIFXVJkRJfKuDs",
build-and-push (telegram-bot)	UNKNOWN STEP	  "TELEGRAM_CHAT_ID_FOR_DEPLOYMENT": "***"
build-and-push (telegram-bot)	UNKNOWN STEP	}
build-and-push (telegram-bot)	UNKNOWN STEP	2026-02-09T09:13:14.7638805Z   TELEGRAM_BOT_TOKEN: 7604730825:AAHhtwa4bGhELsBn2VqUxIIFXVJkRJfKuDs
build-and-push (telegram-bot)	UNKNOWN STEP	2026-02-09T09:13:14.7639478Z   TELEGRAM_CHAT_ID: ***
build-and-push (telegram-bot)	UNKNOWN STEP	2026-02-09T09:13:14.7639950Z ##[endgroup]
build-and-push (telegram-bot)	UNKNOWN STEP	2026-02-09T09:13:15.3441904Z {"ok":true,"result":{"message_id":***4,"sender_chat":{"id":***,"title":"ONTON LOGs","type":"channel"},"chat":{"id":***,"title":"ONTON LOGs","type":"channel"},"date":1770628395,"text":"\ud83d\ude02\ud83d\ude03Build ok for ExecutESG/***\n  \ud83d\udcdd branch: refs/heads/dev\n  \ud83e\uddd1 \u200d\ud83d\udcbbActor: bemehrbani\n  \ud83d\udd8a   message: fix(deploy): remove missing override file from scp\n  \ud83d\udd0d See Changes: https://github.com/ExecutESG/***/commit/beb2fcb93db685caf586df53791b4e56088f0a4c","entities":[{"offset":172,"length":82,"type":"url"}],"link_preview_options":{"url":"https://github.com/ExecutESG/***/commit/beb2fcb93db685caf586df53791b4e56088f0a4c"}}}
build-and-push (telegram-bot)	UNKNOWN STEP	2026-02-09T09:13:15.3514247Z Post job cleanup.
build-and-push (telegram-bot)	UNKNOWN STEP	2026-02-09T09:13:15.6471668Z ##[group]Logout from ghcr.io
build-and-push (telegram-bot)	UNKNOWN STEP	2026-02-09T09:13:15.6522777Z [command]/usr/bin/docker logout ghcr.io
build-and-push (telegram-bot)	UNKNOWN STEP	2026-02-09T09:13:15.6655056Z Removing login credentials for ghcr.io
build-and-push (telegram-bot)	UNKNOWN STEP	2026-02-09T09:13:15.6687778Z ##[endgroup]
build-and-push (telegram-bot)	UNKNOWN STEP	2026-02-09T09:13:15.6689159Z ##[group]Post cache
build-and-push (telegram-bot)	UNKNOWN STEP	2026-02-09T09:13:15.6689995Z State not set
build-and-push (telegram-bot)	UNKNOWN STEP	2026-02-09T09:13:15.6691215Z ##[endgroup]
build-and-push (telegram-bot)	UNKNOWN STEP	2026-02-09T09:13:15.6831109Z Post job cleanup.
build-and-push (telegram-bot)	UNKNOWN STEP	2026-02-09T09:13:15.9144028Z ##[group]Removing builder
build-and-push (telegram-bot)	UNKNOWN STEP	2026-02-09T09:13:16.0416179Z [command]/usr/bin/docker buildx rm builder-674fb48a-9b92-4e97-9d68-1b87657df172
build-and-push (telegram-bot)	UNKNOWN STEP	2026-02-09T09:13:17.0477779Z builder-674fb48a-9b92-4e97-9d68-1b87657df172 removed
build-and-push (telegram-bot)	UNKNOWN STEP	2026-02-09T09:13:17.0520441Z ##[endgroup]
build-and-push (telegram-bot)	UNKNOWN STEP	2026-02-09T09:13:17.0522853Z ##[group]Cleaning up certificates
build-and-push (telegram-bot)	UNKNOWN STEP	2026-02-09T09:13:17.0529461Z ##[endgroup]
build-and-push (telegram-bot)	UNKNOWN STEP	2026-02-09T09:13:17.0530362Z ##[group]Post cache
build-and-push (telegram-bot)	UNKNOWN STEP	2026-02-09T09:13:17.0532168Z State not set
build-and-push (telegram-bot)	UNKNOWN STEP	2026-02-09T09:13:17.0533060Z ##[endgroup]
build-and-push (telegram-bot)	UNKNOWN STEP	2026-02-09T09:13:17.0724206Z Post job cleanup.
build-and-push (telegram-bot)	UNKNOWN STEP	2026-02-09T09:13:17.1658249Z [command]/usr/bin/git version
build-and-push (telegram-bot)	UNKNOWN STEP	2026-02-09T09:13:17.1693537Z git version 2.52.0
build-and-push (telegram-bot)	UNKNOWN STEP	2026-02-09T09:13:17.1736061Z Temporarily overriding HOME='/home/runner/work/_temp/896573c0-bb72-4c77-8266-56b4baf60b69' before making global git config changes
build-and-push (telegram-bot)	UNKNOWN STEP	2026-02-09T09:13:17.1737359Z Adding repository directory to the temporary git global config as a safe directory
build-and-push (telegram-bot)	UNKNOWN STEP	2026-02-09T09:13:17.1748673Z [command]/usr/bin/git config --global --add safe.directory /home/runner/work/***/***
build-and-push (telegram-bot)	UNKNOWN STEP	2026-02-09T09:13:17.1783738Z [command]/usr/bin/git config --local --name-only --get-regexp core\.sshCommand
build-and-push (telegram-bot)	UNKNOWN STEP	2026-02-09T09:13:17.1815603Z [command]/usr/bin/git submodule foreach --recursive sh -c "git config --local --name-only --get-regexp 'core\.sshCommand' && git config --local --unset-all 'core.sshCommand' || :"
build-and-push (telegram-bot)	UNKNOWN STEP	2026-02-09T09:13:17.2059648Z [command]/usr/bin/git config --local --name-only --get-regexp http\.https\:\/\/github\.com\/\.extraheader
build-and-push (telegram-bot)	UNKNOWN STEP	2026-02-09T09:13:17.2083335Z http.https://github.com/.extraheader
build-and-push (telegram-bot)	UNKNOWN STEP	2026-02-09T09:13:17.2100658Z [command]/usr/bin/git config --local --unset-all http.https://github.com/.extraheader
build-and-push (telegram-bot)	UNKNOWN STEP	2026-02-09T09:13:17.2136359Z [command]/usr/bin/git submodule foreach --recursive sh -c "git config --local --name-only --get-regexp 'http\.https\:\/\/github\.com\/\.extraheader' && git config --local --unset-all 'http.https://github.com/.extraheader' || :"
build-and-push (telegram-bot)	UNKNOWN STEP	2026-02-09T09:13:17.2380437Z [command]/usr/bin/git config --local --name-only --get-regexp ^includeIf\.gitdir:
build-and-push (telegram-bot)	UNKNOWN STEP	2026-02-09T09:13:17.2417909Z [command]/usr/bin/git submodule foreach --recursive git config --local --show-origin --name-only --get-regexp remote.origin.url
build-and-push (telegram-bot)	UNKNOWN STEP	2026-02-09T09:13:17.2747509Z Cleaning up orphan processes
deploy	UNKNOWN STEP	﻿2026-02-09T09:13:24.2358025Z Current runner version: '2.331.0'
deploy	UNKNOWN STEP	2026-02-09T09:13:24.2389241Z ##[group]Runner Image Provisioner
deploy	UNKNOWN STEP	2026-02-09T09:13:24.2391178Z Hosted Compute Agent
deploy	UNKNOWN STEP	2026-02-09T09:13:24.2392650Z Version: 20260123.484
deploy	UNKNOWN STEP	2026-02-09T09:13:24.2394221Z Commit: 6bd6555ca37d84114959e1c76d2c01448ff61c5d
deploy	UNKNOWN STEP	2026-02-09T09:13:24.2396255Z Build Date: 2026-01-23T19:41:17Z
deploy	UNKNOWN STEP	2026-02-09T09:13:24.2397974Z Worker ID: {397157c8-86e2-4ff8-be35-7c2c1fddf808}
deploy	UNKNOWN STEP	2026-02-09T09:13:24.2399612Z Azure Region: northcentralus
deploy	UNKNOWN STEP	2026-02-09T09:13:24.2401098Z ##[endgroup]
deploy	UNKNOWN STEP	2026-02-09T09:13:24.2403474Z ##[group]Operating System
deploy	UNKNOWN STEP	2026-02-09T09:13:24.2405361Z Ubuntu
deploy	UNKNOWN STEP	2026-02-09T09:13:24.2406721Z 24.04.3
deploy	UNKNOWN STEP	2026-02-09T09:13:24.2408056Z LTS
deploy	UNKNOWN STEP	2026-02-09T09:13:24.2409827Z ##[endgroup]
deploy	UNKNOWN STEP	2026-02-09T09:13:24.2411281Z ##[group]Runner Image
deploy	UNKNOWN STEP	2026-02-09T09:13:24.2412789Z Image: ubuntu-24.04
deploy	UNKNOWN STEP	2026-02-09T09:13:24.2414218Z Version: 20260201.15.1
deploy	UNKNOWN STEP	2026-02-09T09:13:24.2416806Z Included Software: https://github.com/actions/runner-images/blob/ubuntu24/20260201.15/images/ubuntu/Ubuntu2404-Readme.md
deploy	UNKNOWN STEP	2026-02-09T09:13:24.2420363Z Image Release: https://github.com/actions/runner-images/releases/tag/ubuntu24%2F20260201.15
deploy	UNKNOWN STEP	2026-02-09T09:13:24.2423514Z ##[endgroup]
deploy	UNKNOWN STEP	2026-02-09T09:13:24.2428905Z ##[group]GITHUB_TOKEN Permissions
deploy	UNKNOWN STEP	2026-02-09T09:13:24.2433380Z Actions: write
deploy	UNKNOWN STEP	2026-02-09T09:13:24.2435776Z Contents: write
deploy	UNKNOWN STEP	2026-02-09T09:13:24.2438143Z Metadata: read
deploy	UNKNOWN STEP	2026-02-09T09:13:24.2440167Z Packages: read
deploy	UNKNOWN STEP	2026-02-09T09:13:24.2441594Z ##[endgroup]
deploy	UNKNOWN STEP	2026-02-09T09:13:24.2444925Z Secret source: Actions
deploy	UNKNOWN STEP	2026-02-09T09:13:24.2446724Z Prepare workflow directory
deploy	UNKNOWN STEP	2026-02-09T09:13:24.3373529Z Prepare all required actions
deploy	UNKNOWN STEP	2026-02-09T09:13:24.3430551Z Getting action download info
deploy	UNKNOWN STEP	2026-02-09T09:13:24.6668176Z Download action repository 'webfactory/ssh-agent@v0.9.0' (SHA:dc588b651fe13675774614f8e6a936a468676387)
deploy	UNKNOWN STEP	2026-02-09T09:13:25.0876400Z Download action repository 'actions/checkout@v4' (SHA:34e114876b0b11c390a56381ad16ebd13914f8d5)
deploy	UNKNOWN STEP	2026-02-09T09:13:25.2161866Z Complete job name: deploy
deploy	UNKNOWN STEP	2026-02-09T09:13:25.3073336Z ##[group]Run webfactory/ssh-agent@v0.9.0
deploy	UNKNOWN STEP	2026-02-09T09:13:25.3075833Z with:
deploy	UNKNOWN STEP	2026-02-09T09:13:25.3080433Z   ssh-private-key: ***
deploy	UNKNOWN STEP	2026-02-09T09:13:25.3081658Z   log-public-key: true
deploy	UNKNOWN STEP	2026-02-09T09:13:25.3083320Z env:
deploy	UNKNOWN STEP	2026-02-09T09:13:25.3139207Z   ALLMYSECRETS: {
deploy	UNKNOWN STEP	  "DEV_MNEMONIC": "***",
deploy	UNKNOWN STEP	  "MAIN_PGADMIN_DEFAULT_PASSWORD": "***",
deploy	UNKNOWN STEP	  "DOCKER_HUB_TOKEN": "***",
deploy	UNKNOWN STEP	  "STAGING_ONTON_API_KEY": "***",
deploy	UNKNOWN STEP	  "STAGING_CLOUDFLARE_API_TOKEN": "***",
deploy	UNKNOWN STEP	  "DEV_TON_CENTER_TOKEN": "***",
deploy	UNKNOWN STEP	  "STAGING_ONTON_API_SECRET": "***",
deploy	UNKNOWN STEP	  "STAGING_GITHUB_CLIENT_SECRET": "***",
deploy	UNKNOWN STEP	  "SSH_MAIN_IP": "***",
deploy	UNKNOWN STEP	  "MAIN_TWITTER_CLIENT_SECRET": "***",
deploy	UNKNOWN STEP	  "STAGING_MINIO_ROOT_PASSWORD": "***",
deploy	UNKNOWN STEP	  "MAIN_GITHUB_CLIENT_SECRET": "***",
deploy	UNKNOWN STEP	  "STAGING_RABBITMQ_DEFAULT_PASS": "***",
deploy	UNKNOWN STEP	  "SSH_DEV_IP": "***",
deploy	UNKNOWN STEP	  "DEV_POSTGRES_PASSWORD": "***",
deploy	UNKNOWN STEP	  "SSH_PASSPHRASE": "***",
deploy	UNKNOWN STEP	  "STAGING_CLIENT_API_FIXED_KEY": "***",
deploy	UNKNOWN STEP	  "MAIN_TON_CENTER_TOKEN": "***",
deploy	UNKNOWN STEP	  "DOCKER_HUB_USERNAME": "***",
deploy	UNKNOWN STEP	  "GIT_API_KEY": "***",
deploy	UNKNOWN STEP	  "MAIN_CLOUDFLARE_EMAIL": "***",
deploy	UNKNOWN STEP	  "MAIN_DATABASE_URL": "***",
deploy	UNKNOWN STEP	  "MAIN_CLOUDFLARE_EMAIL_MAIN": "***",
deploy	UNKNOWN STEP	  "STAGING_PGADMIN_DEFAULT_EMAIL": "***",
deploy	UNKNOWN STEP	  "STAGING_SECRET_EVENT_WALLET_ENC_KEY": "***",
deploy	UNKNOWN STEP	  "STAGING_PGADMIN_DEFAULT_PASSWORD": "***",
deploy	UNKNOWN STEP	  "CR_PAT": "***",
deploy	UNKNOWN STEP	  "MAIN_CLOUDFLARE_API_TOKEN_MAIN": "***",
deploy	UNKNOWN STEP	  "MAIN_POSTGRES_USER": "***",
deploy	UNKNOWN STEP	  "DEV_BOT_TOKEN": "***",
deploy	UNKNOWN STEP	  "STAGING_REDIS_PASSWORD": "***",
deploy	UNKNOWN STEP	  "TELEGRAM_CHAT_ID_FOR_DEPLOYMENT": "***",
deploy	UNKNOWN STEP	  "STAGING_TONAPI_API_KEY": "***",
deploy	UNKNOWN STEP	  "STAGING_CLOUDFLARE_API_TOKEN_MAIN": "***",
deploy	UNKNOWN STEP	  "MAIN_BOT_TOKEN": "***",
deploy	UNKNOWN STEP	  "MAIN_SENTRY_AUTH_TOKEN": "***",
deploy	UNKNOWN STEP	  "github_token": "***",
deploy	UNKNOWN STEP	  "STAGING_DATABASE_URL_NFT_MANAGER": "***",
deploy	UNKNOWN STEP	  "DEV_CLOUDFLARE_API_TOKEN": "***",
deploy	UNKNOWN STEP	  "STAGING_TON_SOCIETY_API_KEY": "***",
deploy	UNKNOWN STEP	  "STAGING_POSTGRES_PASSWORD": "***",
deploy	UNKNOWN STEP	  "MAIN_RABBITMQ_DEFAULT_USER": "***",
deploy	UNKNOWN STEP	  "MAIN_CLOUDFLARE_API_TOKEN": "***",
deploy	UNKNOWN STEP	  "MAIN_CLOUDFLARE_DNS_ZONE_ID": "***",
deploy	UNKNOWN STEP	  "MAIN_REDIS_PASSWORD": "***",
deploy	UNKNOWN STEP	  "STAGING_MINIO_ROOT_USER": "***",
deploy	UNKNOWN STEP	  "MAIN_TON_SOCIETY_API_KEY": "***",
deploy	UNKNOWN STEP	  "STAGING_CLOUDFLARE_DNS_ZONE_ID": "***",
deploy	UNKNOWN STEP	  "DEV_CLIENT_API_JWT_SECRET": "***",
deploy	UNKNOWN STEP	  "STAGING_BOT_TOKEN": "***",
deploy	UNKNOWN STEP	  "MAIN_MB_ENCRYPTION_SECRET_KEY": "***",
deploy	UNKNOWN STEP	  "USE_CLOUDFLARE": "***",
deploy	UNKNOWN STEP	  "MAIN_TONAPI_API_KEY": "***",
deploy	UNKNOWN STEP	  "SSH_PRIVATE_KEY": "***",
deploy	UNKNOWN STEP	  "MAIN_LINKEDIN_CLIENT_SECRET": "***",
deploy	UNKNOWN STEP	  "STAGING_MS_CLIENT_SECRET": "***",
deploy	UNKNOWN STEP	  "SSH_DEV_KEY": "***",
deploy	UNKNOWN STEP	  "STAGING_TWITTER_CLIENT_SECRET": "***",
deploy	UNKNOWN STEP	  "STAGING_CLIENT_API_JWT_SECRET": "***",
deploy	UNKNOWN STEP	  "MAIN_DATABASE_URL_NFT_MANAGER": "***",
deploy	UNKNOWN STEP	  "DEV_ONTON_API_SECRET": "***",
deploy	UNKNOWN STEP	  "MAIN_GOOGLE_CLIENT_SECRET": "***",
deploy	UNKNOWN STEP	  "MAIN_MS_CLIENT_SECRET": "***",
deploy	UNKNOWN STEP	  "STAGING_DATABASE_URL": "***",
deploy	UNKNOWN STEP	  "STAGING_TON_CENTER_TOKEN": "***",
deploy	UNKNOWN STEP	  "DEV_TON_SOCIETY_API_KEY": "***",
deploy	UNKNOWN STEP	  "MAIN_EVENT_WALLET_ENC_KEY": "***",
deploy	UNKNOWN STEP	  "STAGING_POSTGRES_USER": "***",
deploy	UNKNOWN STEP	  "MAIN_PGADMIN_DEFAULT_EMAIL": "***",
deploy	UNKNOWN STEP	  "SSH_MAIN_PORT": "***",
deploy	UNKNOWN STEP	  "MAIN_MNEMONIC": "***",
deploy	UNKNOWN STEP	  "MAIN_POSTGRES_PASSWORD": "***",
deploy	UNKNOWN STEP	  "DEV_TONAPI_API_KEY": "***",
deploy	UNKNOWN STEP	  "STAGING_GOOGLE_CLIENT_SECRET": "***",
deploy	UNKNOWN STEP	  "DEV_MB_ENCRYPTION_SECRET_KEY": "***",
deploy	UNKNOWN STEP	  "STAGING_SENTRY_AUTH_TOKEN": "***",
deploy	UNKNOWN STEP	  "DEV_DATABASE_URL": "***",
deploy	UNKNOWN STEP	  "DEV_MINIO_ROOT_PASSWORD": "***",
deploy	UNKNOWN STEP	  "MAIN_RABBITMQ_DEFAULT_PASS": "***",
deploy	UNKNOWN STEP	  "TELEGRAM_BOT_TOKEN_FOR_DEPLOYMENT": "***",
deploy	UNKNOWN STEP	  "MAIN_ONTON_API_SECRET": "***",
deploy	UNKNOWN STEP	  "MAIN_CLIENT_API_FIXED_KEY": "***",
deploy	UNKNOWN STEP	  "SSH_DEV_PORT": "***",
deploy	UNKNOWN STEP	  "DEV_ONTON_API_KEY": "***",
deploy	UNKNOWN STEP	  "DEV_MINIO_ROOT_USER": "***",
deploy	UNKNOWN STEP	  "STAGING_MNEMONIC": "***",
deploy	UNKNOWN STEP	  "MAIN_MINIO_ROOT_USER": "***",
deploy	UNKNOWN STEP	  "DEV_PGADMIN_DEFAULT_PASSWORD": "***",
deploy	UNKNOWN STEP	  "DEV_CLIENT_API_FIXED_KEY": "***",
deploy	UNKNOWN STEP	  "STAGING_CLOUDFLARE_EMAIL": "***",
deploy	UNKNOWN STEP	  "STAGING_MB_ENCRYPTION_SECRET_KEY": "***",
deploy	UNKNOWN STEP	  "MAIN_MINIO_ROOT_PASSWORD": "***",
deploy	UNKNOWN STEP	  "MAIN_ONTON_API_KEY": "***",
deploy	UNKNOWN STEP	  "STAGING_RABBITMQ_DEFAULT_USER": "***",
deploy	UNKNOWN STEP	  "MAIN_CLIENT_API_JWT_SECRET": "***",
deploy	UNKNOWN STEP	  "STAGING_LINKEDIN_CLIENT_SECRET": "***",
deploy	UNKNOWN STEP	  "DEV_RABBITMQ_DEFAULT_PASS": "***"
deploy	UNKNOWN STEP	}
deploy	UNKNOWN STEP	2026-02-09T09:13:25.3307760Z   ALLMYVARS: {
deploy	UNKNOWN STEP	  "DEV_ACME_AGREE": "true",
deploy	UNKNOWN STEP	  "DEV_BRANCH_NAME": "dev",
deploy	UNKNOWN STEP	  "DEV_CACHE_ENABLED": "true",
deploy	UNKNOWN STEP	  "DEV_CLAMAV_PORT": "***10",
deploy	UNKNOWN STEP	  "DEV_CLIENT_API_FIXED_ORGANIZER": "@Ontonadmin",
deploy	UNKNOWN STEP	  "DEV_CLIENT_API_FIXED_USER": "@Ontonadmin",
deploy	UNKNOWN STEP	  "DEV_CLIENT_WEB_DOMAIN": "dev-client-web.dev.***.live",
deploy	UNKNOWN STEP	  "DEV_COMPOSE_PROJECT_NAME": "develop-***",
deploy	UNKNOWN STEP	  "DEV_ENV": "development",
deploy	UNKNOWN STEP	  "DEV_EVENT_WALLET_ENC_KEY": "Ci5M6/B4Wke4qX6tXViVeW0xM0iH0yh/qvD3Y1xu2v8",
deploy	UNKNOWN STEP	  "DEV_GOLANG_SERVER_PORT": "3013",
deploy	UNKNOWN STEP	  "DEV_IP_CADDY": "caddy",
deploy	UNKNOWN STEP	  "DEV_IP_CLAMAV": "host.docker.internal",
deploy	UNKNOWN STEP	  "DEV_IP_CLIENT_WEB": "client-web",
deploy	UNKNOWN STEP	  "DEV_IP_GIVEAWAY_CHECKER": "giveaway-checker",
deploy	UNKNOWN STEP	  "DEV_IP_GOLANG_SERVER": "golang-server",
deploy	UNKNOWN STEP	  "DEV_IP_GOLANG_WORKER": "golang-worker",
deploy	UNKNOWN STEP	  "DEV_IP_KIBANA": "kibana",
deploy	UNKNOWN STEP	  "DEV_IP_METABASE": "metabase",
deploy	UNKNOWN STEP	  "DEV_IP_MINIO": "minio",
deploy	UNKNOWN STEP	  "DEV_IP_MINI_APP": "mini-app",
deploy	UNKNOWN STEP	  "DEV_IP_MINI_APP_CRON": "mini-app-sbt-worker",
deploy	UNKNOWN STEP	  "DEV_IP_NFT_MANAGER": "nft-manager",
deploy	UNKNOWN STEP	  "DEV_IP_PARTICIPANT_TMA": "participant-tma",
deploy	UNKNOWN STEP	  "DEV_IP_PGADMIN": "pgadmin",
deploy	UNKNOWN STEP	  "DEV_IP_POA_WORKER": "mini-app-poa-worker",
deploy	UNKNOWN STEP	  "DEV_IP_POSTGRES": "postgres",
deploy	UNKNOWN STEP	  "DEV_IP_RABBITMQ": "rabbitmq",
deploy	UNKNOWN STEP	  "DEV_IP_RANGE_BASE": "host.docker.internal",
deploy	UNKNOWN STEP	  "DEV_IP_RANGE_START": "172.10",
deploy	UNKNOWN STEP	  "DEV_IP_RANGE_SUBNET": "24",
deploy	UNKNOWN STEP	  "DEV_IP_REDIS": "redis",
deploy	UNKNOWN STEP	  "DEV_IP_SOCKET": "mini-app-notification-socket",
deploy	UNKNOWN STEP	  "DEV_IP_SWAGGER_UI": "swagger-ui",
deploy	UNKNOWN STEP	  "DEV_IP_TELEGRAM_BOT": "telegram-bot",
deploy	UNKNOWN STEP	  "DEV_IP_WEBSITE": "website",
deploy	UNKNOWN STEP	  "DEV_JWT_SECRET_SOCKET": "D3v@OnTonw3tds112ewq%KD___%1006-7-8-9-0OkMjKlll%909R9OOsf",
deploy	UNKNOWN STEP	  "DEV_KIBANA_HASHED_PASSWORD": "$2a$14$6P83mnKs9BxP2qZDaMU.2OzBHY3SG0nnaVXJ8nKluEWEWD5RMmN/W",
deploy	UNKNOWN STEP	  "DEV_KIBANA_PORT": "3023",
deploy	UNKNOWN STEP	  "DEV_KIBANA_USERNAME": "monitor",
deploy	UNKNOWN STEP	  "DEV_LOCAL_DOMAIN": "dev-app.dev.***.live",
deploy	UNKNOWN STEP	  "DEV_MB_REDIRECT_ALL_REQUESTS_TO_HTTPS": "true",
deploy	UNKNOWN STEP	  "DEV_METABASE_DOMAIN": "dev-metabase.dev.***.live",
deploy	UNKNOWN STEP	  "DEV_MINIO_COLLECTION_BUCKET": "***collection",
deploy	UNKNOWN STEP	  "DEV_MINIO_DASHBOARD_PORT": "3014",
deploy	UNKNOWN STEP	  "DEV_MINIO_DOC_BUCKET": "***doc",
deploy	UNKNOWN STEP	  "DEV_MINIO_DOC_DEFAULT_BUCKET": "***",
deploy	UNKNOWN STEP	  "DEV_MINIO_ENDPOINT": "minio",
deploy	UNKNOWN STEP	  "DEV_MINIO_IMAGE_BUCKET": "***image",
deploy	UNKNOWN STEP	  "DEV_MINIO_ITEM_BUCKET": "***item",
deploy	UNKNOWN STEP	  "DEV_MINIO_PORT": "3012",
deploy	UNKNOWN STEP	  "DEV_MINIO_PUBLIC_URL": "https://dev-storage.dev.***.live",
deploy	UNKNOWN STEP	  "DEV_MINIO_REGION_NAME": "default",
deploy	UNKNOWN STEP	  "DEV_MINIO_SBT_COLLECTIONS_BUCKET": "sbt-collections",
deploy	UNKNOWN STEP	  "DEV_MINIO_STORAGE_ADMIN_DOMAIN": "dev-storage-admin.dev.***.live",
deploy	UNKNOWN STEP	  "DEV_MINIO_STORAGE_DOMAIN": "dev-storage.dev.***.live",
deploy	UNKNOWN STEP	  "DEV_MINIO_VIDEO_BUCKET": "***video",
deploy	UNKNOWN STEP	  "DEV_MINI_APP_DOMAIN": "dev-app.dev.***.live",
deploy	UNKNOWN STEP	  "DEV_MINI_APP_PORT": "3000",
deploy	UNKNOWN STEP	  "DEV_MINI_APP_SOCKET_DOMAIN": "dev-socket.dev.***.live",
deploy	UNKNOWN STEP	  "DEV_MONITORING_DOMAIN": "dev-monitoring.dev.***.live",
deploy	UNKNOWN STEP	  "DEV_NETWORK_NAME": "***-dev",
deploy	UNKNOWN STEP	  "DEV_NETWORK_PUBLIC_IP": "***",
deploy	UNKNOWN STEP	  "DEV_NEXT_PUBLIC_API_BASE_URL": "https://dev-app.dev.***.live/api/v1",
deploy	UNKNOWN STEP	  "DEV_NEXT_PUBLIC_APP_BASE_URL": "https://dev-app.dev.***.live",
deploy	UNKNOWN STEP	  "DEV_NEXT_PUBLIC_BACKEND_URL_CLIENT": "https://dev-app.dev.***.live/api/client/v1/",
deploy	UNKNOWN STEP	  "DEV_NEXT_PUBLIC_BOT_USERNAME": "dev_ont0n_bot",
deploy	UNKNOWN STEP	  "DEV_NEXT_PUBLIC_ENV": "development",
deploy	UNKNOWN STEP	  "DEV_NEXT_PUBLIC_GTM": "GTM-dev",
deploy	UNKNOWN STEP	  "DEV_NEXT_PUBLIC_SOCKET_URL": "dev-socket.dev.***.live",
deploy	UNKNOWN STEP	  "DEV_NFT_INTERVAL_TIME": "60000",
deploy	UNKNOWN STEP	  "DEV_NFT_MANAGER_PORT": "3004",
deploy	UNKNOWN STEP	  "DEV_NODE_ENV": "production",
deploy	UNKNOWN STEP	  "DEV_NODE_TLS_REJECT_UNAUTHORIZED": "0",
deploy	UNKNOWN STEP	  "DEV_ONTON_DOMAIN": "dev.***.live",
deploy	UNKNOWN STEP	  "DEV_PARTICIPANT_TMA_PORT": "3001",
deploy	UNKNOWN STEP	  "DEV_PGADMIN_DOMAIN": "dev-pgadmin.dev.***.live",
deploy	UNKNOWN STEP	  "DEV_PORT_CLIENT_WEB": "3007",
deploy	UNKNOWN STEP	  "DEV_PORT_METABASE": "3009",
deploy	UNKNOWN STEP	  "DEV_PORT_PGADMIN": "3006",
deploy	UNKNOWN STEP	  "DEV_PORT_WEB_SITE": "3005",
deploy	UNKNOWN STEP	  "DEV_POSTGRES_METABASE_DB": "dev-mini-app",
deploy	UNKNOWN STEP	  "DEV_POSTGRES_MINI_APP_DB": "dev-mini-app",
deploy	UNKNOWN STEP	  "DEV_POSTGRES_NFT_MANAGER_DB": "dev-nft-manager",
deploy	UNKNOWN STEP	  "DEV_POSTGRES_PORT": "3008",
deploy	UNKNOWN STEP	  "DEV_PTMA_API_BASE_URL": "https://dev-app.dev.***.live/api/v1",
deploy	UNKNOWN STEP	  "DEV_RABBITMQ_DOMAIN": "dev-rabbitmq.dev.***.live",
deploy	UNKNOWN STEP	  "DEV_RABBITMQ_MANAGEMENT_PORT": "3015",
deploy	UNKNOWN STEP	  "DEV_RABBITMQ_NODE_PORT": "3016",
deploy	UNKNOWN STEP	  "DEV_REDIS_DATABASES": "1",
deploy	UNKNOWN STEP	  "DEV_REDIS_PORT": "3011",
deploy	UNKNOWN STEP	  "DEV_REGISTRY_URL": "ghcr.io",
deploy	UNKNOWN STEP	  "DEV_SOCKET_PORT": "30***",
deploy	UNKNOWN STEP	  "DEV_STAGE_NAME": "dev-***",
deploy	UNKNOWN STEP	  "DEV_SWAGGER_UI_DOMAIN": "dev-swagger-ui.dev.***.live",
deploy	UNKNOWN STEP	  "DEV_SWAGGER_UI_PORT": "3024",
deploy	UNKNOWN STEP	  "DEV_SYS_CADDY_REPLICAS": "1",
deploy	UNKNOWN STEP	  "DEV_SYS_MINI_APP_REPLICAS": "1",
deploy	UNKNOWN STEP	  "DEV_SYS_PARTICIPANT_TMA_REPLICAS": "1",
deploy	UNKNOWN STEP	  "DEV_SYS_WEB_SITE_REPLICAS": "1",
deploy	UNKNOWN STEP	  "DEV_TELEGRAM_BOT_PORT": "3002",
deploy	UNKNOWN STEP	  "DEV_TG_EVENTS_TOPIC": "2",
deploy	UNKNOWN STEP	  "DEV_TG_LOGS_GROUP_ID": "-1002308507308",
deploy	UNKNOWN STEP	  "DEV_TG_LOG_BOT_TOKEN": "7604730825:AAE1WJHs5lFI2zX_tba6M-1HYfffA8ugFmA",
deploy	UNKNOWN STEP	  "DEV_TG_NOTIFICATION_CHANELL": "-1002164161685",
deploy	UNKNOWN STEP	  "DEV_TG_SYSTEM_TOPIC": "16",
deploy	UNKNOWN STEP	  "DEV_TG_TICKETS_TOPIC": "4",
deploy	UNKNOWN STEP	  "DEV_TON_CENTER_ENDPOINT": "https://toncenter.com/api/v2/jsonRPC",
deploy	UNKNOWN STEP	  "DEV_TON_SOCIETY_BASE_URL": "https://id.ton.org/v1",
deploy	UNKNOWN STEP	  "DEV_USE_CLOUDFLARE": "true",
deploy	UNKNOWN STEP	  "DEV_USE_MAIN_IP_TO_EXPOSE": "true",
deploy	UNKNOWN STEP	  "MAIN_ACME_AGREE": "true",
deploy	UNKNOWN STEP	  "MAIN_BRANCH_NAME": "main",
deploy	UNKNOWN STEP	  "MAIN_CACHE_ENABLED": "true",
deploy	UNKNOWN STEP	  "MAIN_CLAMAV_PORT": "***10",
deploy	UNKNOWN STEP	  "MAIN_CLIENT_API_FIXED_ORGANIZER": "@Ontonadmin",
deploy	UNKNOWN STEP	  "MAIN_CLIENT_API_FIXED_USER": "@Ontonadmin",
deploy	UNKNOWN STEP	  "MAIN_CLIENT_WEB_DOMAIN": "client-web.***.live",
deploy	UNKNOWN STEP	  "MAIN_COMPOSE_PROJECT_NAME": "production-***",
deploy	UNKNOWN STEP	  "MAIN_ENV": "production",
deploy	UNKNOWN STEP	  "MAIN_GITHUB_CLIENT_ID": "Ov23liQFN1rMeZicYHnL",
deploy	UNKNOWN STEP	  "MAIN_GITHUB_REPO": "***bot",
deploy	UNKNOWN STEP	  "MAIN_GOLANG_SERVER_PORT": "8013",
deploy	UNKNOWN STEP	  "MAIN_GOOGLE_CLIENT_ID": "174044865725-8urfv981fca74aj3bq2kqik7fbe2rggg.apps.googleusercontent.com",
deploy	UNKNOWN STEP	  "MAIN_IP_CADDY": "caddy",
deploy	UNKNOWN STEP	  "MAIN_IP_CLAMAV": "host.docker.internal",
deploy	UNKNOWN STEP	  "MAIN_IP_CLIENT_WEB": "client-web",
deploy	UNKNOWN STEP	  "MAIN_IP_GIVEAWAY_CHECKER": "giveaway-checker",
deploy	UNKNOWN STEP	  "MAIN_IP_GOLANG_SERVER": "golang-server",
deploy	UNKNOWN STEP	  "MAIN_IP_GOLANG_WORKER": "golang-worker",
deploy	UNKNOWN STEP	  "MAIN_IP_KIBANA": "kibana",
deploy	UNKNOWN STEP	  "MAIN_IP_METABASE": "metabase",
deploy	UNKNOWN STEP	  "MAIN_IP_MINIO": "minio",
deploy	UNKNOWN STEP	  "MAIN_IP_MINI_APP": "mini-app",
deploy	UNKNOWN STEP	  "MAIN_IP_MINI_APP_CRON": "mini-app-sbt-worker",
deploy	UNKNOWN STEP	  "MAIN_IP_NFT_MANAGER": "nft-manager",
deploy	UNKNOWN STEP	  "MAIN_IP_PARTICIPANT_TMA": "participant-tma",
deploy	UNKNOWN STEP	  "MAIN_IP_PGADMIN": "pgadmin",
deploy	UNKNOWN STEP	  "MAIN_IP_POA_WORKER": "mini-app-poa-worker",
deploy	UNKNOWN STEP	  "MAIN_IP_POSTGRES": "postgres",
deploy	UNKNOWN STEP	  "MAIN_IP_RABBITMQ": "rabbitmq",
deploy	UNKNOWN STEP	  "MAIN_IP_RANGE_BASE": "host.docker.internal",
deploy	UNKNOWN STEP	  "MAIN_IP_REDIS": "redis",
deploy	UNKNOWN STEP	  "MAIN_IP_SOCKET": "mini-app-notification-socket",
deploy	UNKNOWN STEP	  "MAIN_IP_SWAGGER_UI": "swagger-ui",
deploy	UNKNOWN STEP	  "MAIN_IP_TELEGRAM_BOT": "telegram-bot",
deploy	UNKNOWN STEP	  "MAIN_IP_WEBSITE": "website",
deploy	UNKNOWN STEP	  "MAIN_JWT_SECRET_SOCKET": "JFDmdjeu__@HF_KKSEEWR_ERW*ER_FGDFG_ET%DG%34534aasd_Rhuefli!hfsdlnf",
deploy	UNKNOWN STEP	  "MAIN_KIBANA_HASHED_PASSWORD": "$2a$14$6P83mnKs9BxP2qZDaMU.2OzBHY3SG0nnaVXJ8nKluEWEWD5RMmN/W",
deploy	UNKNOWN STEP	  "MAIN_KIBANA_PORT": "8023",
deploy	UNKNOWN STEP	  "MAIN_KIBANA_USERNAME": "monitor",
deploy	UNKNOWN STEP	  "MAIN_LINKEDIN_CLIENT_ID": "77osbnm9chxr4c",
deploy	UNKNOWN STEP	  "MAIN_LOCAL_DOMAIN": "***.live",
deploy	UNKNOWN STEP	  "MAIN_MB_REDIRECT_ALL_REQUESTS_TO_HTTPS": "true",
deploy	UNKNOWN STEP	  "MAIN_METABASE_DOMAIN": "metabase.***.live",
deploy	UNKNOWN STEP	  "MAIN_MINIO_COLLECTION_BUCKET": "***collection",
deploy	UNKNOWN STEP	  "MAIN_MINIO_DASHBOARD_PORT": "8014",
deploy	UNKNOWN STEP	  "MAIN_MINIO_DOC_BUCKET": "***doc",
deploy	UNKNOWN STEP	  "MAIN_MINIO_DOC_DEFAULT_BUCKET": "***",
deploy	UNKNOWN STEP	  "MAIN_MINIO_ENDPOINT": "minio",
deploy	UNKNOWN STEP	  "MAIN_MINIO_IMAGE_BUCKET": "***image",
deploy	UNKNOWN STEP	  "MAIN_MINIO_ITEM_BUCKET": "***item",
deploy	UNKNOWN STEP	  "MAIN_MINIO_PORT": "8012",
deploy	UNKNOWN STEP	  "MAIN_MINIO_PUBLIC_URL": "https://storage.***.live",
deploy	UNKNOWN STEP	  "MAIN_MINIO_REGION_NAME": "default",
deploy	UNKNOWN STEP	  "MAIN_MINIO_SBT_COLLECTIONS_BUCKET": "sbt-collections",
deploy	UNKNOWN STEP	  "MAIN_MINIO_STORAGE_ADMIN_DOMAIN": "storage-admin.***.live",
deploy	UNKNOWN STEP	  "MAIN_MINIO_STORAGE_DOMAIN": "storage.***.live",
deploy	UNKNOWN STEP	  "MAIN_MINIO_VIDEO_BUCKET": "***video",
deploy	UNKNOWN STEP	  "MAIN_MINI_APP_DOMAIN": "app.***.live",
deploy	UNKNOWN STEP	  "MAIN_MINI_APP_PORT": "8000",
deploy	UNKNOWN STEP	  "MAIN_MINI_APP_SOCKET_DOMAIN": "socket.***.live",
deploy	UNKNOWN STEP	  "MAIN_MONITORING_DOMAIN": "monitoring.***.live",
deploy	UNKNOWN STEP	  "MAIN_MS_CLIENT_ID": "916e0c9f-17bc-45c2-9cbc-025c48a0d449",
deploy	UNKNOWN STEP	  "MAIN_NETWORK_NAME": "***-production",
deploy	UNKNOWN STEP	  "MAIN_NETWORK_PUBLIC_IP": "***",
deploy	UNKNOWN STEP	  "MAIN_NEXT_PUBLIC_API_BASE_URL": "https://app.***.live/api/v1",
deploy	UNKNOWN STEP	  "MAIN_NEXT_PUBLIC_APP_BASE_URL": "https://app.***.live",
deploy	UNKNOWN STEP	  "MAIN_NEXT_PUBLIC_BACKEND_URL_CLIENT": "https://app.***.live/api/client/v1/",
deploy	UNKNOWN STEP	  "MAIN_NEXT_PUBLIC_BOT_USERNAME": "the***bot",
deploy	UNKNOWN STEP	  "MAIN_NEXT_PUBLIC_ENV": "production",
deploy	UNKNOWN STEP	  "MAIN_NEXT_PUBLIC_GTM": "GTM-TSCPWNCM",
deploy	UNKNOWN STEP	  "MAIN_NEXT_PUBLIC_SOCKET_URL": "socket.***.live",
deploy	UNKNOWN STEP	  "MAIN_NFT_INTERVAL_TIME": "60000",
deploy	UNKNOWN STEP	  "MAIN_NFT_MANAGER_PORT": "8004",
deploy	UNKNOWN STEP	  "MAIN_NODE_ENV": "production",
deploy	UNKNOWN STEP	  "MAIN_NODE_TLS_REJECT_UNAUTHORIZED": "1",
deploy	UNKNOWN STEP	  "MAIN_ONTON_DOMAIN": "***.live",
deploy	UNKNOWN STEP	  "MAIN_PARTICIPANT_TMA_PORT": "8001",
deploy	UNKNOWN STEP	  "MAIN_PGADMIN_DOMAIN": "pgadmin.***.live",
deploy	UNKNOWN STEP	  "MAIN_PORT_CLIENT_WEB": "8007",
deploy	UNKNOWN STEP	  "MAIN_PORT_METABASE": "8009",
deploy	UNKNOWN STEP	  "MAIN_PORT_PGADMIN": "8006",
deploy	UNKNOWN STEP	  "MAIN_PORT_WEB_SITE": "8005",
deploy	UNKNOWN STEP	  "MAIN_POSTGRES_METABASE_DB": "production-mini-app",
deploy	UNKNOWN STEP	  "MAIN_POSTGRES_MINI_APP_DB": "production-mini-app",
deploy	UNKNOWN STEP	  "MAIN_POSTGRES_NFT_MANAGER_DB": "production-nft-manager",
deploy	UNKNOWN STEP	  "MAIN_POSTGRES_PORT": "8008",
deploy	UNKNOWN STEP	  "MAIN_PTMA_API_BASE_URL": "https://app.***.live/api/v1",
deploy	UNKNOWN STEP	  "MAIN_RABBITMQ_DOMAIN": "rabbitmq.***.live",
deploy	UNKNOWN STEP	  "MAIN_RABBITMQ_MANAGEMENT_PORT": "8015",
deploy	UNKNOWN STEP	  "MAIN_RABBITMQ_NODE_PORT": "8016",
deploy	UNKNOWN STEP	  "MAIN_REDIS_DATABASES": "1",
deploy	UNKNOWN STEP	  "MAIN_REDIS_PORT": "8011",
deploy	UNKNOWN STEP	  "MAIN_REGISTRY_URL": "registry.toncloud.observer",
deploy	UNKNOWN STEP	  "MAIN_SOCKET_PORT": "80***",
deploy	UNKNOWN STEP	  "MAIN_STAGE_NAME": "main-***",
deploy	UNKNOWN STEP	  "MAIN_SWAGGER_UI_DOMAIN": "swagger-ui.***.live",
deploy	UNKNOWN STEP	  "MAIN_SWAGGER_UI_PORT": "8024",
deploy	UNKNOWN STEP	  "MAIN_SYS_CADDY_REPLICAS": "1",
deploy	UNKNOWN STEP	  "MAIN_SYS_MINI_APP_REPLICAS": "12",
deploy	UNKNOWN STEP	  "MAIN_SYS_PARTICIPANT_TMA_REPLICAS": "6",
deploy	UNKNOWN STEP	  "MAIN_SYS_WEB_SITE_REPLICAS": "3",
deploy	UNKNOWN STEP	  "MAIN_TELEGRAM_BOT_PORT": "8002",
deploy	UNKNOWN STEP	  "MAIN_TG_EVENTS_TOPIC": "2",
deploy	UNKNOWN STEP	  "MAIN_TG_LOGS_GROUP_ID": "-1002300666538",
deploy	UNKNOWN STEP	  "MAIN_TG_LOG_BOT_TOKEN": "7604730825:AAE1WJHs5lFI2zX_tba6M-1HYfffA8ugFmA",
deploy	UNKNOWN STEP	  "MAIN_TG_NOTIFICATION_CHANELL": "-100***32083***",
deploy	UNKNOWN STEP	  "MAIN_TG_SYSTEM_TOPIC": "16",
deploy	UNKNOWN STEP	  "MAIN_TG_TICKETS_TOPIC": "4",
deploy	UNKNOWN STEP	  "MAIN_TON_CENTER_ENDPOINT": "https://toncenter.com/api/v2/jsonRPC",
deploy	UNKNOWN STEP	  "MAIN_TON_SOCIETY_BASE_URL": "https://id.ton.org/v1",
deploy	UNKNOWN STEP	  "MAIN_TWITTER_CLIENT_ID": "SU1RUS0xaHNsRk5kd014UlZieDQ6MTpjaQ",
deploy	UNKNOWN STEP	  "MAIN_USE_CLOUDFLARE": "true",
deploy	UNKNOWN STEP	  "MAIN_USE_MAIN_IP_TO_EXPOSE": "true",
deploy	UNKNOWN STEP	  "NEXT_PUBLIC_BOT_USERNAME": "notnonstagebot",
deploy	UNKNOWN STEP	  "SANDBOX_ACME_AGREE": "true",
deploy	UNKNOWN STEP	  "SANDBOX_BRANCH_NAME": "sandbox",
deploy	UNKNOWN STEP	  "SANDBOX_CACHE_ENABLED": "true",
deploy	UNKNOWN STEP	  "SANDBOX_CLAMAV_PORT": "***10",
deploy	UNKNOWN STEP	  "SANDBOX_CLIENT_API_FIXED_ORGANIZER": "@Ontonadmin",
deploy	UNKNOWN STEP	  "SANDBOX_CLIENT_API_FIXED_USER": "@Ontonadmin",
deploy	UNKNOWN STEP	  "SANDBOX_CLIENT_WEB_DOMAIN": "sandbox-client-web.toncloud.observer",
deploy	UNKNOWN STEP	  "SANDBOX_COMPOSE_PROJECT_NAME": "sanbox-***",
deploy	UNKNOWN STEP	  "SANDBOX_IP_CADDY": "caddy",
deploy	UNKNOWN STEP	  "SANDBOX_IP_CLAMAV": "host.docker.internal",
deploy	UNKNOWN STEP	  "SANDBOX_IP_KIBANA": "kibana",
deploy	UNKNOWN STEP	  "SANDBOX_IP_METABASE": "metabase",
deploy	UNKNOWN STEP	  "SANDBOX_IP_PGADMIN": "pgadmin",
deploy	UNKNOWN STEP	  "SANDBOX_IP_POA_WORKER": "mini-app-poa-worker",
deploy	UNKNOWN STEP	  "SANDBOX_IP_POSTGRES": "postgres",
deploy	UNKNOWN STEP	  "SANDBOX_IP_SOCKET": "mini-app-notification-socket",
deploy	UNKNOWN STEP	  "SANDBOX_IP_TELEGRAM_BOT": "telegram-bot",
deploy	UNKNOWN STEP	  "SANDBOX_IP_WEBSITE": "website",
deploy	UNKNOWN STEP	  "SANDBOX_JWT_SECRET_SOCKET": "D3v@OnTonw3tds112ewq%KD___%1006-7-8-9-0OkMjKlll%909R9OOsf",
deploy	UNKNOWN STEP	  "SANDBOX_KIBANA_HASHED_PASSWORD": "$2a$14$6P83mnKs9BxP2qZDaMU.2OzBHY3SG0nnaVXJ8nKluEWEWD5RMmN/W",
deploy	UNKNOWN STEP	  "SANDBOX_KIBANA_PORT": "6023",
deploy	UNKNOWN STEP	  "SANDBOX_KIBANA_USERNAME": "monitor",
deploy	UNKNOWN STEP	  "SANDBOX_LOCAL_DOMAIN": "sandbox-app.toncloud.observer",
deploy	UNKNOWN STEP	  "SANDBOX_MB_REDIRECT_ALL_REQUESTS_TO_HTTPS": "true",
deploy	UNKNOWN STEP	  "SANDBOX_METABASE_DOMAIN": "sandbox-metabase.toncloud.observer",
deploy	UNKNOWN STEP	  "SANDBOX_MINIO_COLLECTION_BUCKET": "***collection",
deploy	UNKNOWN STEP	  "SANDBOX_MINIO_DASHBOARD_PORT": "6014",
deploy	UNKNOWN STEP	  "SANDBOX_MINIO_DOC_BUCKET": "***doc",
deploy	UNKNOWN STEP	  "SANDBOX_MINIO_DOC_DEFAULT_BUCKET": "***",
deploy	UNKNOWN STEP	  "SANDBOX_MINIO_ENDPOINT": "minio",
deploy	UNKNOWN STEP	  "SANDBOX_MINIO_IMAGE_BUCKET": "***image",
deploy	UNKNOWN STEP	  "SANDBOX_MINIO_ITEM_BUCKET": "***item",
deploy	UNKNOWN STEP	  "SANDBOX_MINIO_PORT": "6012",
deploy	UNKNOWN STEP	  "SANDBOX_MINIO_PUBLIC_URL": "https://sandbox-storage.toncloud.observer",
deploy	UNKNOWN STEP	  "SANDBOX_MINIO_REGION_NAME": "default",
deploy	UNKNOWN STEP	  "SANDBOX_MINIO_SBT_COLLECTIONS_BUCKET": "sbt-collections",
deploy	UNKNOWN STEP	  "SANDBOX_MINIO_STORAGE_ADMIN_DOMAIN": "sandbox-storage-admin.toncloud.observer",
deploy	UNKNOWN STEP	  "SANDBOX_MINIO_STORAGE_DOMAIN": "sandbox-storage.toncloud.observer",
deploy	UNKNOWN STEP	  "SANDBOX_MINIO_VIDEO_BUCKET": "***video",
deploy	UNKNOWN STEP	  "SANDBOX_MINI_APP_DOMAIN": "sandbox-app.toncloud.observer",
deploy	UNKNOWN STEP	  "SANDBOX_MINI_APP_PORT": "6000",
deploy	UNKNOWN STEP	  "SANDBOX_MINI_APP_SOCKET_DOMAIN": "sandbox-socket.toncloud.observer",
deploy	UNKNOWN STEP	  "SANDBOX_MONITORING_DOMAIN": "sandbox-monitoring.toncloud.observer",
deploy	UNKNOWN STEP	  "SANDBOX_NETWORK_NAME": "***-sandbox",
deploy	UNKNOWN STEP	  "SANDBOX_NETWORK_PUBLIC_IP": "***",
deploy	UNKNOWN STEP	  "SANDBOX_NEXT_PUBLIC_API_BASE_URL": "https://sandbox-app.toncloud.observer/api/v1",
deploy	UNKNOWN STEP	  "SANDBOX_NEXT_PUBLIC_APP_BASE_URL": "https://sandbox-app.toncloud.observer",
deploy	UNKNOWN STEP	  "SANDBOX_NEXT_PUBLIC_BACKEND_URL_CLIENT": "https://sandbox-app.toncloud.observer/api/client/v1/",
deploy	UNKNOWN STEP	  "SANDBOX_NEXT_PUBLIC_BOT_USERNAME": "sandbox_ont0n_bot",
deploy	UNKNOWN STEP	  "SANDBOX_NEXT_PUBLIC_GTM": "GTM-sandbox",
deploy	UNKNOWN STEP	  "SANDBOX_NEXT_PUBLIC_SOCKET_URL": "sandbox-socket.toncloud.observer",
deploy	UNKNOWN STEP	  "SANDBOX_NFT_INTERVAL_TIME": "60000",
deploy	UNKNOWN STEP	  "SANDBOX_NFT_MANAGER_PORT": "6004",
deploy	UNKNOWN STEP	  "SANDBOX_NODE_ENV": "production",
deploy	UNKNOWN STEP	  "SANDBOX_NODE_TLS_REJECT_UNAUTHORIZED": "0",
deploy	UNKNOWN STEP	  "SANDBOX_ONTON_DOMAIN": "sandbox.toncloud.observer",
deploy	UNKNOWN STEP	  "SANDBOX_PARTICIPANT_TMA_PORT": "6001",
deploy	UNKNOWN STEP	  "SANDBOX_PGADMIN_DOMAIN": "sandbox-pgadmin.toncloud.observer",
deploy	UNKNOWN STEP	  "SANDBOX_PORT_CLIENT_WEB": "6007",
deploy	UNKNOWN STEP	  "SANDBOX_PORT_METABASE": "6009",
deploy	UNKNOWN STEP	  "SANDBOX_PORT_PGADMIN": "6006",
deploy	UNKNOWN STEP	  "SANDBOX_PORT_WEB_SITE": "6005",
deploy	UNKNOWN STEP	  "SANDBOX_POSTGRES_METABASE_DB": "sandbox-mini-app",
deploy	UNKNOWN STEP	  "SANDBOX_POSTGRES_MINI_APP_DB": "sandbox-mini-app",
deploy	UNKNOWN STEP	  "SANDBOX_POSTGRES_NFT_MANAGER_DB": "sandbox-nft-manager",
deploy	UNKNOWN STEP	  "SANDBOX_POSTGRES_PORT": "6008",
deploy	UNKNOWN STEP	  "SANDBOX_PTMA_API_BASE_URL": "https://sandbox-app.toncloud.observer/api/v1",
deploy	UNKNOWN STEP	  "SANDBOX_RABBITMQ_DOMAIN": "sandbox-rabbitmq.toncloud.observer",
deploy	UNKNOWN STEP	  "SANDBOX_RABBITMQ_MANAGEMENT_PORT": "6015",
deploy	UNKNOWN STEP	  "SANDBOX_RABBITMQ_NODE_PORT": "6016",
deploy	UNKNOWN STEP	  "SANDBOX_REDIS_DATABASES": "1",
deploy	UNKNOWN STEP	  "SANDBOX_REDIS_PORT": "6011",
deploy	UNKNOWN STEP	  "SANDBOX_REGISTRY_URL": "registry.toncloud.observer",
deploy	UNKNOWN STEP	  "SANDBOX_SOCKET_PORT": "60***",
deploy	UNKNOWN STEP	  "SANDBOX_STAGE_NAME": "sandbox-***",
deploy	UNKNOWN STEP	  "SANDBOX_SYS_CADDY_REPLICAS": "1",
deploy	UNKNOWN STEP	  "SANDBOX_SYS_MINI_APP_REPLICAS": "2",
deploy	UNKNOWN STEP	  "SANDBOX_SYS_PARTICIPANT_TMA_REPLICAS": "2",
deploy	UNKNOWN STEP	  "SANDBOX_SYS_WEB_SITE_REPLICAS": "1",
deploy	UNKNOWN STEP	  "SANDBOX_TELEGRAM_BOT_PORT": "6002",
deploy	UNKNOWN STEP	  "SANDBOX_TG_NOTIFICATION_CHANELL": "-1002164161685",
deploy	UNKNOWN STEP	  "SANDBOX_TON_CENTER_ENDPOINT": "https://toncenter.com/api/v2/jsonRPC",
deploy	UNKNOWN STEP	  "SANDBOX_TON_SOCIETY_BASE_URL": "https://society.ton.org/v1",
deploy	UNKNOWN STEP	  "SANDBOX_USE_CLOUDFLARE": "true",
deploy	UNKNOWN STEP	  "SANDBOX_USE_MAIN_IP_TO_EXPOSE": "true",
deploy	UNKNOWN STEP	  "STAGING_ACME_AGREE": "true",
deploy	UNKNOWN STEP	  "STAGING_BRANCH_NAME": "staging",
deploy	UNKNOWN STEP	  "STAGING_CACHE_ENABLED": "true",
deploy	UNKNOWN STEP	  "STAGING_CLAMAV_PORT": "***10",
deploy	UNKNOWN STEP	  "STAGING_CLIENT_API_FIXED_ORGANIZER": "@Ontonadmin",
deploy	UNKNOWN STEP	  "STAGING_CLIENT_API_FIXED_USER": "@Ontonadmin",
deploy	UNKNOWN STEP	  "STAGING_CLIENT_WEB_DOMAIN": "staging-client-web.toncloud.observer",
deploy	UNKNOWN STEP	  "STAGING_COMPOSE_PROJECT_NAME": "staging-***",
deploy	UNKNOWN STEP	  "STAGING_ENV": "staging",
deploy	UNKNOWN STEP	  "STAGING_EVENT_WALLET_ENC_KEY": "Ci5M6/B4Wke4qX6tXViVeW0xM0iH0yh/qvD3Y1xu2v8",
deploy	UNKNOWN STEP	  "STAGING_GITHUB_CLIENT_ID": "Ov23liQFN1rMeZicYHnL",
deploy	UNKNOWN STEP	  "STAGING_GITHUB_REPO": "***bot",
deploy	UNKNOWN STEP	  "STAGING_GOLANG_SERVER_PORT": "4013",
deploy	UNKNOWN STEP	  "STAGING_GOOGLE_CLIENT_ID": "174044865725-8urfv981fca74aj3bq2kqik7fbe2rggg.apps.googleusercontent.com",
deploy	UNKNOWN STEP	  "STAGING_IP_CADDY": "caddy",
deploy	UNKNOWN STEP	  "STAGING_IP_CLAMAV": "host.docker.internal",
deploy	UNKNOWN STEP	  "STAGING_IP_CLIENT_WEB": "client-web",
deploy	UNKNOWN STEP	  "STAGING_IP_GIVEAWAY_CHECKER": "giveaway-checker",
deploy	UNKNOWN STEP	  "STAGING_IP_GOLANG_SERVER": "golang-server",
deploy	UNKNOWN STEP	  "STAGING_IP_GOLANG_WORKER": "golang-worker",
deploy	UNKNOWN STEP	  "STAGING_IP_KIBANA": "kibana",
deploy	UNKNOWN STEP	  "STAGING_IP_METABASE": "metabase",
deploy	UNKNOWN STEP	  "STAGING_IP_MINIO": "minio",
deploy	UNKNOWN STEP	  "STAGING_IP_MINI_APP": "mini-app",
deploy	UNKNOWN STEP	  "STAGING_IP_MINI_APP_CRON": "mini-app-sbt-worker",
deploy	UNKNOWN STEP	  "STAGING_IP_NFT_MANAGER": "nft-manager",
deploy	UNKNOWN STEP	  "STAGING_IP_PARTICIPANT_TMA": "participant-tma",
deploy	UNKNOWN STEP	  "STAGING_IP_PGADMIN": "pgadmin",
deploy	UNKNOWN STEP	  "STAGING_IP_POA_WORKER": "mini-app-poa-worker",
deploy	UNKNOWN STEP	  "STAGING_IP_POSTGRES": "postgres",
deploy	UNKNOWN STEP	  "STAGING_IP_RABBITMQ": "rabbitmq",
deploy	UNKNOWN STEP	  "STAGING_IP_RANGE_BASE": "host.docker.internal",
deploy	UNKNOWN STEP	  "STAGING_IP_RANGE_START": "172.11",
deploy	UNKNOWN STEP	  "STAGING_IP_RANGE_SUBNET": "24",
deploy	UNKNOWN STEP	  "STAGING_IP_REDIS": "redis",
deploy	UNKNOWN STEP	  "STAGING_IP_SOCKET": "IP_SOCKET=mini-app-notification-socket",
deploy	UNKNOWN STEP	  "STAGING_IP_SWAGGER_UI": "swagger-ui",
deploy	UNKNOWN STEP	  "STAGING_IP_TELEGRAM_BOT": "telegram-bot",
deploy	UNKNOWN STEP	  "STAGING_IP_WEBSITE": "website",
deploy	UNKNOWN STEP	  "STAGING_JWT_SECRET_SOCKET": "JFDmdjeu__@HF_KKSEEWR_ERWER_FGDFG_ET%DG%34534aasd%_Rhueflihfsdlnf",
deploy	UNKNOWN STEP	  "STAGING_KIBANA_HASHED_PASSWORD": "$2a$14$6P83mnKs9BxP2qZDaMU.2OzBHY3SG0nnaVXJ8nKluEWEWD5RMmN/W",
deploy	UNKNOWN STEP	  "STAGING_KIBANA_PORT": "4023",
deploy	UNKNOWN STEP	  "STAGING_KIBANA_USERNAME": "monitor",
deploy	UNKNOWN STEP	  "STAGING_LINKEDIN_CLIENT_ID": "77osbnm9chxr4c",
deploy	UNKNOWN STEP	  "STAGING_LOCAL_DOMAIN": "staging-app.toncloud.observer",
deploy	UNKNOWN STEP	  "STAGING_MB_REDIRECT_ALL_REQUESTS_TO_HTTPS": "true",
deploy	UNKNOWN STEP	  "STAGING_METABASE_DOMAIN": "staging-metabase.toncloud.observer",
deploy	UNKNOWN STEP	  "STAGING_MINIO_COLLECTION_BUCKET": "***collection",
deploy	UNKNOWN STEP	  "STAGING_MINIO_DASHBOARD_PORT": "4014",
deploy	UNKNOWN STEP	  "STAGING_MINIO_DOC_BUCKET": "***doc",
deploy	UNKNOWN STEP	  "STAGING_MINIO_DOC_DEFAULT_BUCKET": "***",
deploy	UNKNOWN STEP	  "STAGING_MINIO_ENDPOINT": "minio",
deploy	UNKNOWN STEP	  "STAGING_MINIO_IMAGE_BUCKET": "***image",
deploy	UNKNOWN STEP	  "STAGING_MINIO_ITEM_BUCKET": "***item",
deploy	UNKNOWN STEP	  "STAGING_MINIO_PORT": "4012",
deploy	UNKNOWN STEP	  "STAGING_MINIO_PUBLIC_URL": "https://staging-storage.toncloud.observer",
deploy	UNKNOWN STEP	  "STAGING_MINIO_REGION_NAME": "default",
deploy	UNKNOWN STEP	  "STAGING_MINIO_SBT_COLLECTIONS_BUCKET": "sbt-collections",
deploy	UNKNOWN STEP	  "STAGING_MINIO_STORAGE_ADMIN_DOMAIN": "staging-storage-admin.toncloud.observer",
deploy	UNKNOWN STEP	  "STAGING_MINIO_STORAGE_DOMAIN": "staging-storage.toncloud.observer",
deploy	UNKNOWN STEP	  "STAGING_MINIO_VIDEO_BUCKET": "***video",
deploy	UNKNOWN STEP	  "STAGING_MINI_APP_DOMAIN": "staging-app.toncloud.observer",
deploy	UNKNOWN STEP	  "STAGING_MINI_APP_PORT": "4000",
deploy	UNKNOWN STEP	  "STAGING_MINI_APP_SOCKET_DOMAIN": "staging-socket.toncloud.observer",
deploy	UNKNOWN STEP	  "STAGING_MONITORING_DOMAIN": "staging-monitoring.toncloud.observer",
deploy	UNKNOWN STEP	  "STAGING_MS_CLIENT_ID": "916e0c9f-17bc-45c2-9cbc-025c48a0d449",
deploy	UNKNOWN STEP	  "STAGING_NETWORK_NAME": "***-staging",
deploy	UNKNOWN STEP	  "STAGING_NETWORK_PUBLIC_IP": "***",
deploy	UNKNOWN STEP	  "STAGING_NEXT_PUBLIC_API_BASE_URL": "https://staging-app.toncloud.observer/api/v1",
deploy	UNKNOWN STEP	  "STAGING_NEXT_PUBLIC_APP_BASE_URL": "https://staging-app.toncloud.observer",
deploy	UNKNOWN STEP	  "STAGING_NEXT_PUBLIC_BACKEND_URL_CLIENT": "https://staging-app.toncloud.observer/api/client/v1/",
deploy	UNKNOWN STEP	  "STAGING_NEXT_PUBLIC_BOT_USERNAME": "notnonstagebot",
deploy	UNKNOWN STEP	  "STAGING_NEXT_PUBLIC_ENV": "staging",
deploy	UNKNOWN STEP	  "STAGING_NEXT_PUBLIC_GTM": "GTM-staging",
deploy	UNKNOWN STEP	  "STAGING_NEXT_PUBLIC_SOCKET_URL": "staging-socket.toncloud.observer",
deploy	UNKNOWN STEP	  "STAGING_NEXT_PUBLIC_TRPC_BASE_URL": "https://staging-app.toncloud.observer",
deploy	UNKNOWN STEP	  "STAGING_NFT_INTERVAL_TIME": "60000",
deploy	UNKNOWN STEP	  "STAGING_NFT_MANAGER_PORT": "4004",
deploy	UNKNOWN STEP	  "STAGING_NODE_ENV": "production",
deploy	UNKNOWN STEP	  "STAGING_NODE_TLS_REJECT_UNAUTHORIZED": "0",
deploy	UNKNOWN STEP	  "STAGING_ONTON_DOMAIN": "staging.toncloud.observer",
deploy	UNKNOWN STEP	  "STAGING_PARTICIPANT_TMA_PORT": "4001",
deploy	UNKNOWN STEP	  "STAGING_PGADMIN_DOMAIN": "staging-pgadmin.toncloud.observer",
deploy	UNKNOWN STEP	  "STAGING_PORT_CLIENT_WEB": "4007",
deploy	UNKNOWN STEP	  "STAGING_PORT_METABASE": "4009",
deploy	UNKNOWN STEP	  "STAGING_PORT_PGADMIN": "4006",
deploy	UNKNOWN STEP	  "STAGING_PORT_WEB_SITE": "4005",
deploy	UNKNOWN STEP	  "STAGING_POSTGRES_METABASE_DB": "staging-mini-app",
deploy	UNKNOWN STEP	  "STAGING_POSTGRES_MINI_APP_DB": "staging-mini-app",
deploy	UNKNOWN STEP	  "STAGING_POSTGRES_NFT_MANAGER_DB": "staging-nft-manager",
deploy	UNKNOWN STEP	  "STAGING_POSTGRES_PORT": "4008",
deploy	UNKNOWN STEP	  "STAGING_PTMA_API_BASE_URL": "https://staging-app.toncloud.observer/api/v1",
deploy	UNKNOWN STEP	  "STAGING_RABBITMQ_DOMAIN": "staging-rabbitmq.toncloud.observer",
deploy	UNKNOWN STEP	  "STAGING_RABBITMQ_MANAGEMENT_PORT": "4015",
deploy	UNKNOWN STEP	  "STAGING_RABBITMQ_NODE_PORT": "4016",
deploy	UNKNOWN STEP	  "STAGING_REDIS_DATABASES": "1",
deploy	UNKNOWN STEP	  "STAGING_REDIS_PORT": "4011",
deploy	UNKNOWN STEP	  "STAGING_REGISTRY_URL": "registry.toncloud.observer",
deploy	UNKNOWN STEP	  "STAGING_SOCKET_PORT": "40***",
deploy	UNKNOWN STEP	  "STAGING_STAGE_NAME": "staging-***",
deploy	UNKNOWN STEP	  "STAGING_SWAGGER_UI_DOMAIN": "staging-swagger-ui.toncloud.observer",
deploy	UNKNOWN STEP	  "STAGING_SWAGGER_UI_PORT": "4024",
deploy	UNKNOWN STEP	  "STAGING_SYS_CADDY_REPLICAS": "1",
deploy	UNKNOWN STEP	  "STAGING_SYS_MINI_APP_REPLICAS": "2",
deploy	UNKNOWN STEP	  "STAGING_SYS_PARTICIPANT_TMA_REPLICAS": "2",
deploy	UNKNOWN STEP	  "STAGING_SYS_WEB_SITE_REPLICAS": "1",
deploy	UNKNOWN STEP	  "STAGING_TELEGRAM_BOT_PORT": "4002",
deploy	UNKNOWN STEP	  "STAGING_TG_EVENTS_TOPIC": "2",
deploy	UNKNOWN STEP	  "STAGING_TG_LOGS_GROUP_ID": "-100***64975789",
deploy	UNKNOWN STEP	  "STAGING_TG_LOG_BOT_TOKEN": "7604730825:AAE1WJHs5lFI2zX_tba6M-1HYfffA8ugFmA",
deploy	UNKNOWN STEP	  "STAGING_TG_NOTIFICATION_CHANELL": "-1002164161685",
deploy	UNKNOWN STEP	  "STAGING_TG_SYSTEM_TOPIC": "16",
deploy	UNKNOWN STEP	  "STAGING_TG_TICKETS_TOPIC": "4",
deploy	UNKNOWN STEP	  "STAGING_TON_CENTER_ENDPOINT": "https://toncenter.com/api/v2/jsonRPC",
deploy	UNKNOWN STEP	  "STAGING_TON_SOCIETY_BASE_URL": "https://id.ton.org/v1",
deploy	UNKNOWN STEP	  "STAGING_TWITTER_CLIENT_ID": "SU1RUS0xaHNsRk5kd014UlZieDQ6MTpjaQ",
deploy	UNKNOWN STEP	  "STAGING_USE_CLOUDFLARE": "true",
deploy	UNKNOWN STEP	  "STAGING_USE_MAIN_IP_TO_EXPOSE": "true",
deploy	UNKNOWN STEP	  "TELEGRAM_BOT_TOKEN_FOR_DEPLOYMENT": "7604730825:AAHhtwa4bGhELsBn2VqUxIIFXVJkRJfKuDs",
deploy	UNKNOWN STEP	  "TELEGRAM_CHAT_ID_FOR_DEPLOYMENT": "***"
deploy	UNKNOWN STEP	}
deploy	UNKNOWN STEP	2026-02-09T09:13:25.3432617Z ##[endgroup]
deploy	UNKNOWN STEP	2026-02-09T09:13:25.3909739Z Starting ssh-agent
deploy	UNKNOWN STEP	2026-02-09T09:13:25.4166092Z SSH_AUTH_SOCK=/tmp/ssh-INNUIgKIh2X5/agent.2073
deploy	UNKNOWN STEP	2026-02-09T09:13:25.4169359Z SSH_AGENT_PID=2074
deploy	UNKNOWN STEP	2026-02-09T09:13:25.4171796Z Adding private key(s) to agent
deploy	UNKNOWN STEP	2026-02-09T09:13:25.4357111Z Identity added: (stdin) (root@AGNode)
deploy	UNKNOWN STEP	2026-02-09T09:13:25.4360466Z Key(s) added:
deploy	UNKNOWN STEP	2026-02-09T09:13:25.4394861Z 256 SHA256:3yR4jLU+ekWdGf4K2gM9T7hRV1p6nPG2bMWzN0++aKM root@AGNode (ED25519)
deploy	UNKNOWN STEP	2026-02-09T09:13:25.4400497Z Configuring deployment key(s)
deploy	UNKNOWN STEP	2026-02-09T09:13:25.4450818Z Comment for (public) key 'ssh-ed25519 AAAAC3NzaC1lZDI1NTE5AAAAIAqXHk2K77kq035CkTYa+P00FJWyeSCdROIbfcQOIRLY root@AGNode' does not match GitHub URL pattern. Not treating it as a GitHub deploy key.
deploy	UNKNOWN STEP	2026-02-09T09:13:25.4731763Z ##[group]Run actions/checkout@v4
deploy	UNKNOWN STEP	2026-02-09T09:13:25.4733077Z with:
deploy	UNKNOWN STEP	2026-02-09T09:13:25.4734152Z   fetch-depth: 0
deploy	UNKNOWN STEP	2026-02-09T09:13:25.4735659Z   repository: ExecutESG/***
deploy	UNKNOWN STEP	2026-02-09T09:13:25.4761040Z   token: ***
deploy	UNKNOWN STEP	2026-02-09T09:13:25.4762271Z   ssh-strict: true
deploy	UNKNOWN STEP	2026-02-09T09:13:25.4763396Z   ssh-user: git
deploy	UNKNOWN STEP	2026-02-09T09:13:25.4764529Z   persist-credentials: true
deploy	UNKNOWN STEP	2026-02-09T09:13:25.4766075Z   clean: true
deploy	UNKNOWN STEP	2026-02-09T09:13:25.4767225Z   sparse-checkout-cone-mode: true
deploy	UNKNOWN STEP	2026-02-09T09:13:25.4768531Z   fetch-tags: ***
deploy	UNKNOWN STEP	2026-02-09T09:13:25.4769657Z   show-progress: true
deploy	UNKNOWN STEP	2026-02-09T09:13:25.4770785Z   lfs: ***
deploy	UNKNOWN STEP	2026-02-09T09:13:25.4771880Z   submodules: ***
deploy	UNKNOWN STEP	2026-02-09T09:13:25.4773031Z   set-safe-directory: true
deploy	UNKNOWN STEP	2026-02-09T09:13:25.4774167Z env:
deploy	UNKNOWN STEP	2026-02-09T09:13:25.4827662Z   ALLMYSECRETS: {
deploy	UNKNOWN STEP	  "DEV_MNEMONIC": "***",
deploy	UNKNOWN STEP	  "MAIN_PGADMIN_DEFAULT_PASSWORD": "***",
deploy	UNKNOWN STEP	  "DOCKER_HUB_TOKEN": "***",
deploy	UNKNOWN STEP	  "STAGING_ONTON_API_KEY": "***",
deploy	UNKNOWN STEP	  "STAGING_CLOUDFLARE_API_TOKEN": "***",
deploy	UNKNOWN STEP	  "DEV_TON_CENTER_TOKEN": "***",
deploy	UNKNOWN STEP	  "STAGING_ONTON_API_SECRET": "***",
deploy	UNKNOWN STEP	  "STAGING_GITHUB_CLIENT_SECRET": "***",
deploy	UNKNOWN STEP	  "SSH_MAIN_IP": "***",
deploy	UNKNOWN STEP	  "MAIN_TWITTER_CLIENT_SECRET": "***",
deploy	UNKNOWN STEP	  "STAGING_MINIO_ROOT_PASSWORD": "***",
deploy	UNKNOWN STEP	  "MAIN_GITHUB_CLIENT_SECRET": "***",
deploy	UNKNOWN STEP	  "STAGING_RABBITMQ_DEFAULT_PASS": "***",
deploy	UNKNOWN STEP	  "SSH_DEV_IP": "***",
deploy	UNKNOWN STEP	  "DEV_POSTGRES_PASSWORD": "***",
deploy	UNKNOWN STEP	  "SSH_PASSPHRASE": "***",
deploy	UNKNOWN STEP	  "STAGING_CLIENT_API_FIXED_KEY": "***",
deploy	UNKNOWN STEP	  "MAIN_TON_CENTER_TOKEN": "***",
deploy	UNKNOWN STEP	  "DOCKER_HUB_USERNAME": "***",
deploy	UNKNOWN STEP	  "GIT_API_KEY": "***",
deploy	UNKNOWN STEP	  "MAIN_CLOUDFLARE_EMAIL": "***",
deploy	UNKNOWN STEP	  "MAIN_DATABASE_URL": "***",
deploy	UNKNOWN STEP	  "MAIN_CLOUDFLARE_EMAIL_MAIN": "***",
deploy	UNKNOWN STEP	  "STAGING_PGADMIN_DEFAULT_EMAIL": "***",
deploy	UNKNOWN STEP	  "STAGING_SECRET_EVENT_WALLET_ENC_KEY": "***",
deploy	UNKNOWN STEP	  "STAGING_PGADMIN_DEFAULT_PASSWORD": "***",
deploy	UNKNOWN STEP	  "CR_PAT": "***",
deploy	UNKNOWN STEP	  "MAIN_CLOUDFLARE_API_TOKEN_MAIN": "***",
deploy	UNKNOWN STEP	  "MAIN_POSTGRES_USER": "***",
deploy	UNKNOWN STEP	  "DEV_BOT_TOKEN": "***",
deploy	UNKNOWN STEP	  "STAGING_REDIS_PASSWORD": "***",
deploy	UNKNOWN STEP	  "TELEGRAM_CHAT_ID_FOR_DEPLOYMENT": "***",
deploy	UNKNOWN STEP	  "STAGING_TONAPI_API_KEY": "***",
deploy	UNKNOWN STEP	  "STAGING_CLOUDFLARE_API_TOKEN_MAIN": "***",
deploy	UNKNOWN STEP	  "MAIN_BOT_TOKEN": "***",
deploy	UNKNOWN STEP	  "MAIN_SENTRY_AUTH_TOKEN": "***",
deploy	UNKNOWN STEP	  "github_token": "***",
deploy	UNKNOWN STEP	  "STAGING_DATABASE_URL_NFT_MANAGER": "***",
deploy	UNKNOWN STEP	  "DEV_CLOUDFLARE_API_TOKEN": "***",
deploy	UNKNOWN STEP	  "STAGING_TON_SOCIETY_API_KEY": "***",
deploy	UNKNOWN STEP	  "STAGING_POSTGRES_PASSWORD": "***",
deploy	UNKNOWN STEP	  "MAIN_RABBITMQ_DEFAULT_USER": "***",
deploy	UNKNOWN STEP	  "MAIN_CLOUDFLARE_API_TOKEN": "***",
deploy	UNKNOWN STEP	  "MAIN_CLOUDFLARE_DNS_ZONE_ID": "***",
deploy	UNKNOWN STEP	  "MAIN_REDIS_PASSWORD": "***",
deploy	UNKNOWN STEP	  "STAGING_MINIO_ROOT_USER": "***",
deploy	UNKNOWN STEP	  "MAIN_TON_SOCIETY_API_KEY": "***",
deploy	UNKNOWN STEP	  "STAGING_CLOUDFLARE_DNS_ZONE_ID": "***",
deploy	UNKNOWN STEP	  "DEV_CLIENT_API_JWT_SECRET": "***",
deploy	UNKNOWN STEP	  "STAGING_BOT_TOKEN": "***",
deploy	UNKNOWN STEP	  "MAIN_MB_ENCRYPTION_SECRET_KEY": "***",
deploy	UNKNOWN STEP	  "USE_CLOUDFLARE": "***",
deploy	UNKNOWN STEP	  "MAIN_TONAPI_API_KEY": "***",
deploy	UNKNOWN STEP	  "SSH_PRIVATE_KEY": "***",
deploy	UNKNOWN STEP	  "MAIN_LINKEDIN_CLIENT_SECRET": "***",
deploy	UNKNOWN STEP	  "STAGING_MS_CLIENT_SECRET": "***",
deploy	UNKNOWN STEP	  "SSH_DEV_KEY": "***",
deploy	UNKNOWN STEP	  "STAGING_TWITTER_CLIENT_SECRET": "***",
deploy	UNKNOWN STEP	  "STAGING_CLIENT_API_JWT_SECRET": "***",
deploy	UNKNOWN STEP	  "MAIN_DATABASE_URL_NFT_MANAGER": "***",
deploy	UNKNOWN STEP	  "DEV_ONTON_API_SECRET": "***",
deploy	UNKNOWN STEP	  "MAIN_GOOGLE_CLIENT_SECRET": "***",
deploy	UNKNOWN STEP	  "MAIN_MS_CLIENT_SECRET": "***",
deploy	UNKNOWN STEP	  "STAGING_DATABASE_URL": "***",
deploy	UNKNOWN STEP	  "STAGING_TON_CENTER_TOKEN": "***",
deploy	UNKNOWN STEP	  "DEV_TON_SOCIETY_API_KEY": "***",
deploy	UNKNOWN STEP	  "MAIN_EVENT_WALLET_ENC_KEY": "***",
deploy	UNKNOWN STEP	  "STAGING_POSTGRES_USER": "***",
deploy	UNKNOWN STEP	  "MAIN_PGADMIN_DEFAULT_EMAIL": "***",
deploy	UNKNOWN STEP	  "SSH_MAIN_PORT": "***",
deploy	UNKNOWN STEP	  "MAIN_MNEMONIC": "***",
deploy	UNKNOWN STEP	  "MAIN_POSTGRES_PASSWORD": "***",
deploy	UNKNOWN STEP	  "DEV_TONAPI_API_KEY": "***",
deploy	UNKNOWN STEP	  "STAGING_GOOGLE_CLIENT_SECRET": "***",
deploy	UNKNOWN STEP	  "DEV_MB_ENCRYPTION_SECRET_KEY": "***",
deploy	UNKNOWN STEP	  "STAGING_SENTRY_AUTH_TOKEN": "***",
deploy	UNKNOWN STEP	  "DEV_DATABASE_URL": "***",
deploy	UNKNOWN STEP	  "DEV_MINIO_ROOT_PASSWORD": "***",
deploy	UNKNOWN STEP	  "MAIN_RABBITMQ_DEFAULT_PASS": "***",
deploy	UNKNOWN STEP	  "TELEGRAM_BOT_TOKEN_FOR_DEPLOYMENT": "***",
deploy	UNKNOWN STEP	  "MAIN_ONTON_API_SECRET": "***",
deploy	UNKNOWN STEP	  "MAIN_CLIENT_API_FIXED_KEY": "***",
deploy	UNKNOWN STEP	  "SSH_DEV_PORT": "***",
deploy	UNKNOWN STEP	  "DEV_ONTON_API_KEY": "***",
deploy	UNKNOWN STEP	  "DEV_MINIO_ROOT_USER": "***",
deploy	UNKNOWN STEP	  "STAGING_MNEMONIC": "***",
deploy	UNKNOWN STEP	  "MAIN_MINIO_ROOT_USER": "***",
deploy	UNKNOWN STEP	  "DEV_PGADMIN_DEFAULT_PASSWORD": "***",
deploy	UNKNOWN STEP	  "DEV_CLIENT_API_FIXED_KEY": "***",
deploy	UNKNOWN STEP	  "STAGING_CLOUDFLARE_EMAIL": "***",
deploy	UNKNOWN STEP	  "STAGING_MB_ENCRYPTION_SECRET_KEY": "***",
deploy	UNKNOWN STEP	  "MAIN_MINIO_ROOT_PASSWORD": "***",
deploy	UNKNOWN STEP	  "MAIN_ONTON_API_KEY": "***",
deploy	UNKNOWN STEP	  "STAGING_RABBITMQ_DEFAULT_USER": "***",
deploy	UNKNOWN STEP	  "MAIN_CLIENT_API_JWT_SECRET": "***",
deploy	UNKNOWN STEP	  "STAGING_LINKEDIN_CLIENT_SECRET": "***",
deploy	UNKNOWN STEP	  "DEV_RABBITMQ_DEFAULT_PASS": "***"
deploy	UNKNOWN STEP	}
deploy	UNKNOWN STEP	2026-02-09T09:13:25.4970600Z   ALLMYVARS: {
deploy	UNKNOWN STEP	  "DEV_ACME_AGREE": "true",
deploy	UNKNOWN STEP	  "DEV_BRANCH_NAME": "dev",
deploy	UNKNOWN STEP	  "DEV_CACHE_ENABLED": "true",
deploy	UNKNOWN STEP	  "DEV_CLAMAV_PORT": "***10",
deploy	UNKNOWN STEP	  "DEV_CLIENT_API_FIXED_ORGANIZER": "@Ontonadmin",
deploy	UNKNOWN STEP	  "DEV_CLIENT_API_FIXED_USER": "@Ontonadmin",
deploy	UNKNOWN STEP	  "DEV_CLIENT_WEB_DOMAIN": "dev-client-web.dev.***.live",
deploy	UNKNOWN STEP	  "DEV_COMPOSE_PROJECT_NAME": "develop-***",
deploy	UNKNOWN STEP	  "DEV_ENV": "development",
deploy	UNKNOWN STEP	  "DEV_EVENT_WALLET_ENC_KEY": "Ci5M6/B4Wke4qX6tXViVeW0xM0iH0yh/qvD3Y1xu2v8",
deploy	UNKNOWN STEP	  "DEV_GOLANG_SERVER_PORT": "3013",
deploy	UNKNOWN STEP	  "DEV_IP_CADDY": "caddy",
deploy	UNKNOWN STEP	  "DEV_IP_CLAMAV": "host.docker.internal",
deploy	UNKNOWN STEP	  "DEV_IP_CLIENT_WEB": "client-web",
deploy	UNKNOWN STEP	  "DEV_IP_GIVEAWAY_CHECKER": "giveaway-checker",
deploy	UNKNOWN STEP	  "DEV_IP_GOLANG_SERVER": "golang-server",
deploy	UNKNOWN STEP	  "DEV_IP_GOLANG_WORKER": "golang-worker",
deploy	UNKNOWN STEP	  "DEV_IP_KIBANA": "kibana",
deploy	UNKNOWN STEP	  "DEV_IP_METABASE": "metabase",
deploy	UNKNOWN STEP	  "DEV_IP_MINIO": "minio",
deploy	UNKNOWN STEP	  "DEV_IP_MINI_APP": "mini-app",
deploy	UNKNOWN STEP	  "DEV_IP_MINI_APP_CRON": "mini-app-sbt-worker",
deploy	UNKNOWN STEP	  "DEV_IP_NFT_MANAGER": "nft-manager",
deploy	UNKNOWN STEP	  "DEV_IP_PARTICIPANT_TMA": "participant-tma",
deploy	UNKNOWN STEP	  "DEV_IP_PGADMIN": "pgadmin",
deploy	UNKNOWN STEP	  "DEV_IP_POA_WORKER": "mini-app-poa-worker",
deploy	UNKNOWN STEP	  "DEV_IP_POSTGRES": "postgres",
deploy	UNKNOWN STEP	  "DEV_IP_RABBITMQ": "rabbitmq",
deploy	UNKNOWN STEP	  "DEV_IP_RANGE_BASE": "host.docker.internal",
deploy	UNKNOWN STEP	  "DEV_IP_RANGE_START": "172.10",
deploy	UNKNOWN STEP	  "DEV_IP_RANGE_SUBNET": "24",
deploy	UNKNOWN STEP	  "DEV_IP_REDIS": "redis",
deploy	UNKNOWN STEP	  "DEV_IP_SOCKET": "mini-app-notification-socket",
deploy	UNKNOWN STEP	  "DEV_IP_SWAGGER_UI": "swagger-ui",
deploy	UNKNOWN STEP	  "DEV_IP_TELEGRAM_BOT": "telegram-bot",
deploy	UNKNOWN STEP	  "DEV_IP_WEBSITE": "website",
deploy	UNKNOWN STEP	  "DEV_JWT_SECRET_SOCKET": "D3v@OnTonw3tds112ewq%KD___%1006-7-8-9-0OkMjKlll%909R9OOsf",
deploy	UNKNOWN STEP	  "DEV_KIBANA_HASHED_PASSWORD": "$2a$14$6P83mnKs9BxP2qZDaMU.2OzBHY3SG0nnaVXJ8nKluEWEWD5RMmN/W",
deploy	UNKNOWN STEP	  "DEV_KIBANA_PORT": "3023",
deploy	UNKNOWN STEP	  "DEV_KIBANA_USERNAME": "monitor",
deploy	UNKNOWN STEP	  "DEV_LOCAL_DOMAIN": "dev-app.dev.***.live",
deploy	UNKNOWN STEP	  "DEV_MB_REDIRECT_ALL_REQUESTS_TO_HTTPS": "true",
deploy	UNKNOWN STEP	  "DEV_METABASE_DOMAIN": "dev-metabase.dev.***.live",
deploy	UNKNOWN STEP	  "DEV_MINIO_COLLECTION_BUCKET": "***collection",
deploy	UNKNOWN STEP	  "DEV_MINIO_DASHBOARD_PORT": "3014",
deploy	UNKNOWN STEP	  "DEV_MINIO_DOC_BUCKET": "***doc",
deploy	UNKNOWN STEP	  "DEV_MINIO_DOC_DEFAULT_BUCKET": "***",
deploy	UNKNOWN STEP	  "DEV_MINIO_ENDPOINT": "minio",
deploy	UNKNOWN STEP	  "DEV_MINIO_IMAGE_BUCKET": "***image",
deploy	UNKNOWN STEP	  "DEV_MINIO_ITEM_BUCKET": "***item",
deploy	UNKNOWN STEP	  "DEV_MINIO_PORT": "3012",
deploy	UNKNOWN STEP	  "DEV_MINIO_PUBLIC_URL": "https://dev-storage.dev.***.live",
deploy	UNKNOWN STEP	  "DEV_MINIO_REGION_NAME": "default",
deploy	UNKNOWN STEP	  "DEV_MINIO_SBT_COLLECTIONS_BUCKET": "sbt-collections",
deploy	UNKNOWN STEP	  "DEV_MINIO_STORAGE_ADMIN_DOMAIN": "dev-storage-admin.dev.***.live",
deploy	UNKNOWN STEP	  "DEV_MINIO_STORAGE_DOMAIN": "dev-storage.dev.***.live",
deploy	UNKNOWN STEP	  "DEV_MINIO_VIDEO_BUCKET": "***video",
deploy	UNKNOWN STEP	  "DEV_MINI_APP_DOMAIN": "dev-app.dev.***.live",
deploy	UNKNOWN STEP	  "DEV_MINI_APP_PORT": "3000",
deploy	UNKNOWN STEP	  "DEV_MINI_APP_SOCKET_DOMAIN": "dev-socket.dev.***.live",
deploy	UNKNOWN STEP	  "DEV_MONITORING_DOMAIN": "dev-monitoring.dev.***.live",
deploy	UNKNOWN STEP	  "DEV_NETWORK_NAME": "***-dev",
deploy	UNKNOWN STEP	  "DEV_NETWORK_PUBLIC_IP": "***",
deploy	UNKNOWN STEP	  "DEV_NEXT_PUBLIC_API_BASE_URL": "https://dev-app.dev.***.live/api/v1",
deploy	UNKNOWN STEP	  "DEV_NEXT_PUBLIC_APP_BASE_URL": "https://dev-app.dev.***.live",
deploy	UNKNOWN STEP	  "DEV_NEXT_PUBLIC_BACKEND_URL_CLIENT": "https://dev-app.dev.***.live/api/client/v1/",
deploy	UNKNOWN STEP	  "DEV_NEXT_PUBLIC_BOT_USERNAME": "dev_ont0n_bot",
deploy	UNKNOWN STEP	  "DEV_NEXT_PUBLIC_ENV": "development",
deploy	UNKNOWN STEP	  "DEV_NEXT_PUBLIC_GTM": "GTM-dev",
deploy	UNKNOWN STEP	  "DEV_NEXT_PUBLIC_SOCKET_URL": "dev-socket.dev.***.live",
deploy	UNKNOWN STEP	  "DEV_NFT_INTERVAL_TIME": "60000",
deploy	UNKNOWN STEP	  "DEV_NFT_MANAGER_PORT": "3004",
deploy	UNKNOWN STEP	  "DEV_NODE_ENV": "production",
deploy	UNKNOWN STEP	  "DEV_NODE_TLS_REJECT_UNAUTHORIZED": "0",
deploy	UNKNOWN STEP	  "DEV_ONTON_DOMAIN": "dev.***.live",
deploy	UNKNOWN STEP	  "DEV_PARTICIPANT_TMA_PORT": "3001",
deploy	UNKNOWN STEP	  "DEV_PGADMIN_DOMAIN": "dev-pgadmin.dev.***.live",
deploy	UNKNOWN STEP	  "DEV_PORT_CLIENT_WEB": "3007",
deploy	UNKNOWN STEP	  "DEV_PORT_METABASE": "3009",
deploy	UNKNOWN STEP	  "DEV_PORT_PGADMIN": "3006",
deploy	UNKNOWN STEP	  "DEV_PORT_WEB_SITE": "3005",
deploy	UNKNOWN STEP	  "DEV_POSTGRES_METABASE_DB": "dev-mini-app",
deploy	UNKNOWN STEP	  "DEV_POSTGRES_MINI_APP_DB": "dev-mini-app",
deploy	UNKNOWN STEP	  "DEV_POSTGRES_NFT_MANAGER_DB": "dev-nft-manager",
deploy	UNKNOWN STEP	  "DEV_POSTGRES_PORT": "3008",
deploy	UNKNOWN STEP	  "DEV_PTMA_API_BASE_URL": "https://dev-app.dev.***.live/api/v1",
deploy	UNKNOWN STEP	  "DEV_RABBITMQ_DOMAIN": "dev-rabbitmq.dev.***.live",
deploy	UNKNOWN STEP	  "DEV_RABBITMQ_MANAGEMENT_PORT": "3015",
deploy	UNKNOWN STEP	  "DEV_RABBITMQ_NODE_PORT": "3016",
deploy	UNKNOWN STEP	  "DEV_REDIS_DATABASES": "1",
deploy	UNKNOWN STEP	  "DEV_REDIS_PORT": "3011",
deploy	UNKNOWN STEP	  "DEV_REGISTRY_URL": "ghcr.io",
deploy	UNKNOWN STEP	  "DEV_SOCKET_PORT": "30***",
deploy	UNKNOWN STEP	  "DEV_STAGE_NAME": "dev-***",
deploy	UNKNOWN STEP	  "DEV_SWAGGER_UI_DOMAIN": "dev-swagger-ui.dev.***.live",
deploy	UNKNOWN STEP	  "DEV_SWAGGER_UI_PORT": "3024",
deploy	UNKNOWN STEP	  "DEV_SYS_CADDY_REPLICAS": "1",
deploy	UNKNOWN STEP	  "DEV_SYS_MINI_APP_REPLICAS": "1",
deploy	UNKNOWN STEP	  "DEV_SYS_PARTICIPANT_TMA_REPLICAS": "1",
deploy	UNKNOWN STEP	  "DEV_SYS_WEB_SITE_REPLICAS": "1",
deploy	UNKNOWN STEP	  "DEV_TELEGRAM_BOT_PORT": "3002",
deploy	UNKNOWN STEP	  "DEV_TG_EVENTS_TOPIC": "2",
deploy	UNKNOWN STEP	  "DEV_TG_LOGS_GROUP_ID": "-1002308507308",
deploy	UNKNOWN STEP	  "DEV_TG_LOG_BOT_TOKEN": "7604730825:AAE1WJHs5lFI2zX_tba6M-1HYfffA8ugFmA",
deploy	UNKNOWN STEP	  "DEV_TG_NOTIFICATION_CHANELL": "-1002164161685",
deploy	UNKNOWN STEP	  "DEV_TG_SYSTEM_TOPIC": "16",
deploy	UNKNOWN STEP	  "DEV_TG_TICKETS_TOPIC": "4",
deploy	UNKNOWN STEP	  "DEV_TON_CENTER_ENDPOINT": "https://toncenter.com/api/v2/jsonRPC",
deploy	UNKNOWN STEP	  "DEV_TON_SOCIETY_BASE_URL": "https://id.ton.org/v1",
deploy	UNKNOWN STEP	  "DEV_USE_CLOUDFLARE": "true",
deploy	UNKNOWN STEP	  "DEV_USE_MAIN_IP_TO_EXPOSE": "true",
deploy	UNKNOWN STEP	  "MAIN_ACME_AGREE": "true",
deploy	UNKNOWN STEP	  "MAIN_BRANCH_NAME": "main",
deploy	UNKNOWN STEP	  "MAIN_CACHE_ENABLED": "true",
deploy	UNKNOWN STEP	  "MAIN_CLAMAV_PORT": "***10",
deploy	UNKNOWN STEP	  "MAIN_CLIENT_API_FIXED_ORGANIZER": "@Ontonadmin",
deploy	UNKNOWN STEP	  "MAIN_CLIENT_API_FIXED_USER": "@Ontonadmin",
deploy	UNKNOWN STEP	  "MAIN_CLIENT_WEB_DOMAIN": "client-web.***.live",
deploy	UNKNOWN STEP	  "MAIN_COMPOSE_PROJECT_NAME": "production-***",
deploy	UNKNOWN STEP	  "MAIN_ENV": "production",
deploy	UNKNOWN STEP	  "MAIN_GITHUB_CLIENT_ID": "Ov23liQFN1rMeZicYHnL",
deploy	UNKNOWN STEP	  "MAIN_GITHUB_REPO": "***bot",
deploy	UNKNOWN STEP	  "MAIN_GOLANG_SERVER_PORT": "8013",
deploy	UNKNOWN STEP	  "MAIN_GOOGLE_CLIENT_ID": "174044865725-8urfv981fca74aj3bq2kqik7fbe2rggg.apps.googleusercontent.com",
deploy	UNKNOWN STEP	  "MAIN_IP_CADDY": "caddy",
deploy	UNKNOWN STEP	  "MAIN_IP_CLAMAV": "host.docker.internal",
deploy	UNKNOWN STEP	  "MAIN_IP_CLIENT_WEB": "client-web",
deploy	UNKNOWN STEP	  "MAIN_IP_GIVEAWAY_CHECKER": "giveaway-checker",
deploy	UNKNOWN STEP	  "MAIN_IP_GOLANG_SERVER": "golang-server",
deploy	UNKNOWN STEP	  "MAIN_IP_GOLANG_WORKER": "golang-worker",
deploy	UNKNOWN STEP	  "MAIN_IP_KIBANA": "kibana",
deploy	UNKNOWN STEP	  "MAIN_IP_METABASE": "metabase",
deploy	UNKNOWN STEP	  "MAIN_IP_MINIO": "minio",
deploy	UNKNOWN STEP	  "MAIN_IP_MINI_APP": "mini-app",
deploy	UNKNOWN STEP	  "MAIN_IP_MINI_APP_CRON": "mini-app-sbt-worker",
deploy	UNKNOWN STEP	  "MAIN_IP_NFT_MANAGER": "nft-manager",
deploy	UNKNOWN STEP	  "MAIN_IP_PARTICIPANT_TMA": "participant-tma",
deploy	UNKNOWN STEP	  "MAIN_IP_PGADMIN": "pgadmin",
deploy	UNKNOWN STEP	  "MAIN_IP_POA_WORKER": "mini-app-poa-worker",
deploy	UNKNOWN STEP	  "MAIN_IP_POSTGRES": "postgres",
deploy	UNKNOWN STEP	  "MAIN_IP_RABBITMQ": "rabbitmq",
deploy	UNKNOWN STEP	  "MAIN_IP_RANGE_BASE": "host.docker.internal",
deploy	UNKNOWN STEP	  "MAIN_IP_REDIS": "redis",
deploy	UNKNOWN STEP	  "MAIN_IP_SOCKET": "mini-app-notification-socket",
deploy	UNKNOWN STEP	  "MAIN_IP_SWAGGER_UI": "swagger-ui",
deploy	UNKNOWN STEP	  "MAIN_IP_TELEGRAM_BOT": "telegram-bot",
deploy	UNKNOWN STEP	  "MAIN_IP_WEBSITE": "website",
deploy	UNKNOWN STEP	  "MAIN_JWT_SECRET_SOCKET": "JFDmdjeu__@HF_KKSEEWR_ERW*ER_FGDFG_ET%DG%34534aasd_Rhuefli!hfsdlnf",
deploy	UNKNOWN STEP	  "MAIN_KIBANA_HASHED_PASSWORD": "$2a$14$6P83mnKs9BxP2qZDaMU.2OzBHY3SG0nnaVXJ8nKluEWEWD5RMmN/W",
deploy	UNKNOWN STEP	  "MAIN_KIBANA_PORT": "8023",
deploy	UNKNOWN STEP	  "MAIN_KIBANA_USERNAME": "monitor",
deploy	UNKNOWN STEP	  "MAIN_LINKEDIN_CLIENT_ID": "77osbnm9chxr4c",
deploy	UNKNOWN STEP	  "MAIN_LOCAL_DOMAIN": "***.live",
deploy	UNKNOWN STEP	  "MAIN_MB_REDIRECT_ALL_REQUESTS_TO_HTTPS": "true",
deploy	UNKNOWN STEP	  "MAIN_METABASE_DOMAIN": "metabase.***.live",
deploy	UNKNOWN STEP	  "MAIN_MINIO_COLLECTION_BUCKET": "***collection",
deploy	UNKNOWN STEP	  "MAIN_MINIO_DASHBOARD_PORT": "8014",
deploy	UNKNOWN STEP	  "MAIN_MINIO_DOC_BUCKET": "***doc",
deploy	UNKNOWN STEP	  "MAIN_MINIO_DOC_DEFAULT_BUCKET": "***",
deploy	UNKNOWN STEP	  "MAIN_MINIO_ENDPOINT": "minio",
deploy	UNKNOWN STEP	  "MAIN_MINIO_IMAGE_BUCKET": "***image",
deploy	UNKNOWN STEP	  "MAIN_MINIO_ITEM_BUCKET": "***item",
deploy	UNKNOWN STEP	  "MAIN_MINIO_PORT": "8012",
deploy	UNKNOWN STEP	  "MAIN_MINIO_PUBLIC_URL": "https://storage.***.live",
deploy	UNKNOWN STEP	  "MAIN_MINIO_REGION_NAME": "default",
deploy	UNKNOWN STEP	  "MAIN_MINIO_SBT_COLLECTIONS_BUCKET": "sbt-collections",
deploy	UNKNOWN STEP	  "MAIN_MINIO_STORAGE_ADMIN_DOMAIN": "storage-admin.***.live",
deploy	UNKNOWN STEP	  "MAIN_MINIO_STORAGE_DOMAIN": "storage.***.live",
deploy	UNKNOWN STEP	  "MAIN_MINIO_VIDEO_BUCKET": "***video",
deploy	UNKNOWN STEP	  "MAIN_MINI_APP_DOMAIN": "app.***.live",
deploy	UNKNOWN STEP	  "MAIN_MINI_APP_PORT": "8000",
deploy	UNKNOWN STEP	  "MAIN_MINI_APP_SOCKET_DOMAIN": "socket.***.live",
deploy	UNKNOWN STEP	  "MAIN_MONITORING_DOMAIN": "monitoring.***.live",
deploy	UNKNOWN STEP	  "MAIN_MS_CLIENT_ID": "916e0c9f-17bc-45c2-9cbc-025c48a0d449",
deploy	UNKNOWN STEP	  "MAIN_NETWORK_NAME": "***-production",
deploy	UNKNOWN STEP	  "MAIN_NETWORK_PUBLIC_IP": "***",
deploy	UNKNOWN STEP	  "MAIN_NEXT_PUBLIC_API_BASE_URL": "https://app.***.live/api/v1",
deploy	UNKNOWN STEP	  "MAIN_NEXT_PUBLIC_APP_BASE_URL": "https://app.***.live",
deploy	UNKNOWN STEP	  "MAIN_NEXT_PUBLIC_BACKEND_URL_CLIENT": "https://app.***.live/api/client/v1/",
deploy	UNKNOWN STEP	  "MAIN_NEXT_PUBLIC_BOT_USERNAME": "the***bot",
deploy	UNKNOWN STEP	  "MAIN_NEXT_PUBLIC_ENV": "production",
deploy	UNKNOWN STEP	  "MAIN_NEXT_PUBLIC_GTM": "GTM-TSCPWNCM",
deploy	UNKNOWN STEP	  "MAIN_NEXT_PUBLIC_SOCKET_URL": "socket.***.live",
deploy	UNKNOWN STEP	  "MAIN_NFT_INTERVAL_TIME": "60000",
deploy	UNKNOWN STEP	  "MAIN_NFT_MANAGER_PORT": "8004",
deploy	UNKNOWN STEP	  "MAIN_NODE_ENV": "production",
deploy	UNKNOWN STEP	  "MAIN_NODE_TLS_REJECT_UNAUTHORIZED": "1",
deploy	UNKNOWN STEP	  "MAIN_ONTON_DOMAIN": "***.live",
deploy	UNKNOWN STEP	  "MAIN_PARTICIPANT_TMA_PORT": "8001",
deploy	UNKNOWN STEP	  "MAIN_PGADMIN_DOMAIN": "pgadmin.***.live",
deploy	UNKNOWN STEP	  "MAIN_PORT_CLIENT_WEB": "8007",
deploy	UNKNOWN STEP	  "MAIN_PORT_METABASE": "8009",
deploy	UNKNOWN STEP	  "MAIN_PORT_PGADMIN": "8006",
deploy	UNKNOWN STEP	  "MAIN_PORT_WEB_SITE": "8005",
deploy	UNKNOWN STEP	  "MAIN_POSTGRES_METABASE_DB": "production-mini-app",
deploy	UNKNOWN STEP	  "MAIN_POSTGRES_MINI_APP_DB": "production-mini-app",
deploy	UNKNOWN STEP	  "MAIN_POSTGRES_NFT_MANAGER_DB": "production-nft-manager",
deploy	UNKNOWN STEP	  "MAIN_POSTGRES_PORT": "8008",
deploy	UNKNOWN STEP	  "MAIN_PTMA_API_BASE_URL": "https://app.***.live/api/v1",
deploy	UNKNOWN STEP	  "MAIN_RABBITMQ_DOMAIN": "rabbitmq.***.live",
deploy	UNKNOWN STEP	  "MAIN_RABBITMQ_MANAGEMENT_PORT": "8015",
deploy	UNKNOWN STEP	  "MAIN_RABBITMQ_NODE_PORT": "8016",
deploy	UNKNOWN STEP	  "MAIN_REDIS_DATABASES": "1",
deploy	UNKNOWN STEP	  "MAIN_REDIS_PORT": "8011",
deploy	UNKNOWN STEP	  "MAIN_REGISTRY_URL": "registry.toncloud.observer",
deploy	UNKNOWN STEP	  "MAIN_SOCKET_PORT": "80***",
deploy	UNKNOWN STEP	  "MAIN_STAGE_NAME": "main-***",
deploy	UNKNOWN STEP	  "MAIN_SWAGGER_UI_DOMAIN": "swagger-ui.***.live",
deploy	UNKNOWN STEP	  "MAIN_SWAGGER_UI_PORT": "8024",
deploy	UNKNOWN STEP	  "MAIN_SYS_CADDY_REPLICAS": "1",
deploy	UNKNOWN STEP	  "MAIN_SYS_MINI_APP_REPLICAS": "12",
deploy	UNKNOWN STEP	  "MAIN_SYS_PARTICIPANT_TMA_REPLICAS": "6",
deploy	UNKNOWN STEP	  "MAIN_SYS_WEB_SITE_REPLICAS": "3",
deploy	UNKNOWN STEP	  "MAIN_TELEGRAM_BOT_PORT": "8002",
deploy	UNKNOWN STEP	  "MAIN_TG_EVENTS_TOPIC": "2",
deploy	UNKNOWN STEP	  "MAIN_TG_LOGS_GROUP_ID": "-1002300666538",
deploy	UNKNOWN STEP	  "MAIN_TG_LOG_BOT_TOKEN": "7604730825:AAE1WJHs5lFI2zX_tba6M-1HYfffA8ugFmA",
deploy	UNKNOWN STEP	  "MAIN_TG_NOTIFICATION_CHANELL": "-100***32083***",
deploy	UNKNOWN STEP	  "MAIN_TG_SYSTEM_TOPIC": "16",
deploy	UNKNOWN STEP	  "MAIN_TG_TICKETS_TOPIC": "4",
deploy	UNKNOWN STEP	  "MAIN_TON_CENTER_ENDPOINT": "https://toncenter.com/api/v2/jsonRPC",
deploy	UNKNOWN STEP	  "MAIN_TON_SOCIETY_BASE_URL": "https://id.ton.org/v1",
deploy	UNKNOWN STEP	  "MAIN_TWITTER_CLIENT_ID": "SU1RUS0xaHNsRk5kd014UlZieDQ6MTpjaQ",
deploy	UNKNOWN STEP	  "MAIN_USE_CLOUDFLARE": "true",
deploy	UNKNOWN STEP	  "MAIN_USE_MAIN_IP_TO_EXPOSE": "true",
deploy	UNKNOWN STEP	  "NEXT_PUBLIC_BOT_USERNAME": "notnonstagebot",
deploy	UNKNOWN STEP	  "SANDBOX_ACME_AGREE": "true",
deploy	UNKNOWN STEP	  "SANDBOX_BRANCH_NAME": "sandbox",
deploy	UNKNOWN STEP	  "SANDBOX_CACHE_ENABLED": "true",
deploy	UNKNOWN STEP	  "SANDBOX_CLAMAV_PORT": "***10",
deploy	UNKNOWN STEP	  "SANDBOX_CLIENT_API_FIXED_ORGANIZER": "@Ontonadmin",
deploy	UNKNOWN STEP	  "SANDBOX_CLIENT_API_FIXED_USER": "@Ontonadmin",
deploy	UNKNOWN STEP	  "SANDBOX_CLIENT_WEB_DOMAIN": "sandbox-client-web.toncloud.observer",
deploy	UNKNOWN STEP	  "SANDBOX_COMPOSE_PROJECT_NAME": "sanbox-***",
deploy	UNKNOWN STEP	  "SANDBOX_IP_CADDY": "caddy",
deploy	UNKNOWN STEP	  "SANDBOX_IP_CLAMAV": "host.docker.internal",
deploy	UNKNOWN STEP	  "SANDBOX_IP_KIBANA": "kibana",
deploy	UNKNOWN STEP	  "SANDBOX_IP_METABASE": "metabase",
deploy	UNKNOWN STEP	  "SANDBOX_IP_PGADMIN": "pgadmin",
deploy	UNKNOWN STEP	  "SANDBOX_IP_POA_WORKER": "mini-app-poa-worker",
deploy	UNKNOWN STEP	  "SANDBOX_IP_POSTGRES": "postgres",
deploy	UNKNOWN STEP	  "SANDBOX_IP_SOCKET": "mini-app-notification-socket",
deploy	UNKNOWN STEP	  "SANDBOX_IP_TELEGRAM_BOT": "telegram-bot",
deploy	UNKNOWN STEP	  "SANDBOX_IP_WEBSITE": "website",
deploy	UNKNOWN STEP	  "SANDBOX_JWT_SECRET_SOCKET": "D3v@OnTonw3tds112ewq%KD___%1006-7-8-9-0OkMjKlll%909R9OOsf",
deploy	UNKNOWN STEP	  "SANDBOX_KIBANA_HASHED_PASSWORD": "$2a$14$6P83mnKs9BxP2qZDaMU.2OzBHY3SG0nnaVXJ8nKluEWEWD5RMmN/W",
deploy	UNKNOWN STEP	  "SANDBOX_KIBANA_PORT": "6023",
deploy	UNKNOWN STEP	  "SANDBOX_KIBANA_USERNAME": "monitor",
deploy	UNKNOWN STEP	  "SANDBOX_LOCAL_DOMAIN": "sandbox-app.toncloud.observer",
deploy	UNKNOWN STEP	  "SANDBOX_MB_REDIRECT_ALL_REQUESTS_TO_HTTPS": "true",
deploy	UNKNOWN STEP	  "SANDBOX_METABASE_DOMAIN": "sandbox-metabase.toncloud.observer",
deploy	UNKNOWN STEP	  "SANDBOX_MINIO_COLLECTION_BUCKET": "***collection",
deploy	UNKNOWN STEP	  "SANDBOX_MINIO_DASHBOARD_PORT": "6014",
deploy	UNKNOWN STEP	  "SANDBOX_MINIO_DOC_BUCKET": "***doc",
deploy	UNKNOWN STEP	  "SANDBOX_MINIO_DOC_DEFAULT_BUCKET": "***",
deploy	UNKNOWN STEP	  "SANDBOX_MINIO_ENDPOINT": "minio",
deploy	UNKNOWN STEP	  "SANDBOX_MINIO_IMAGE_BUCKET": "***image",
deploy	UNKNOWN STEP	  "SANDBOX_MINIO_ITEM_BUCKET": "***item",
deploy	UNKNOWN STEP	  "SANDBOX_MINIO_PORT": "6012",
deploy	UNKNOWN STEP	  "SANDBOX_MINIO_PUBLIC_URL": "https://sandbox-storage.toncloud.observer",
deploy	UNKNOWN STEP	  "SANDBOX_MINIO_REGION_NAME": "default",
deploy	UNKNOWN STEP	  "SANDBOX_MINIO_SBT_COLLECTIONS_BUCKET": "sbt-collections",
deploy	UNKNOWN STEP	  "SANDBOX_MINIO_STORAGE_ADMIN_DOMAIN": "sandbox-storage-admin.toncloud.observer",
deploy	UNKNOWN STEP	  "SANDBOX_MINIO_STORAGE_DOMAIN": "sandbox-storage.toncloud.observer",
deploy	UNKNOWN STEP	  "SANDBOX_MINIO_VIDEO_BUCKET": "***video",
deploy	UNKNOWN STEP	  "SANDBOX_MINI_APP_DOMAIN": "sandbox-app.toncloud.observer",
deploy	UNKNOWN STEP	  "SANDBOX_MINI_APP_PORT": "6000",
deploy	UNKNOWN STEP	  "SANDBOX_MINI_APP_SOCKET_DOMAIN": "sandbox-socket.toncloud.observer",
deploy	UNKNOWN STEP	  "SANDBOX_MONITORING_DOMAIN": "sandbox-monitoring.toncloud.observer",
deploy	UNKNOWN STEP	  "SANDBOX_NETWORK_NAME": "***-sandbox",
deploy	UNKNOWN STEP	  "SANDBOX_NETWORK_PUBLIC_IP": "***",
deploy	UNKNOWN STEP	  "SANDBOX_NEXT_PUBLIC_API_BASE_URL": "https://sandbox-app.toncloud.observer/api/v1",
deploy	UNKNOWN STEP	  "SANDBOX_NEXT_PUBLIC_APP_BASE_URL": "https://sandbox-app.toncloud.observer",
deploy	UNKNOWN STEP	  "SANDBOX_NEXT_PUBLIC_BACKEND_URL_CLIENT": "https://sandbox-app.toncloud.observer/api/client/v1/",
deploy	UNKNOWN STEP	  "SANDBOX_NEXT_PUBLIC_BOT_USERNAME": "sandbox_ont0n_bot",
deploy	UNKNOWN STEP	  "SANDBOX_NEXT_PUBLIC_GTM": "GTM-sandbox",
deploy	UNKNOWN STEP	  "SANDBOX_NEXT_PUBLIC_SOCKET_URL": "sandbox-socket.toncloud.observer",
deploy	UNKNOWN STEP	  "SANDBOX_NFT_INTERVAL_TIME": "60000",
deploy	UNKNOWN STEP	  "SANDBOX_NFT_MANAGER_PORT": "6004",
deploy	UNKNOWN STEP	  "SANDBOX_NODE_ENV": "production",
deploy	UNKNOWN STEP	  "SANDBOX_NODE_TLS_REJECT_UNAUTHORIZED": "0",
deploy	UNKNOWN STEP	  "SANDBOX_ONTON_DOMAIN": "sandbox.toncloud.observer",
deploy	UNKNOWN STEP	  "SANDBOX_PARTICIPANT_TMA_PORT": "6001",
deploy	UNKNOWN STEP	  "SANDBOX_PGADMIN_DOMAIN": "sandbox-pgadmin.toncloud.observer",
deploy	UNKNOWN STEP	  "SANDBOX_PORT_CLIENT_WEB": "6007",
deploy	UNKNOWN STEP	  "SANDBOX_PORT_METABASE": "6009",
deploy	UNKNOWN STEP	  "SANDBOX_PORT_PGADMIN": "6006",
deploy	UNKNOWN STEP	  "SANDBOX_PORT_WEB_SITE": "6005",
deploy	UNKNOWN STEP	  "SANDBOX_POSTGRES_METABASE_DB": "sandbox-mini-app",
deploy	UNKNOWN STEP	  "SANDBOX_POSTGRES_MINI_APP_DB": "sandbox-mini-app",
deploy	UNKNOWN STEP	  "SANDBOX_POSTGRES_NFT_MANAGER_DB": "sandbox-nft-manager",
deploy	UNKNOWN STEP	  "SANDBOX_POSTGRES_PORT": "6008",
deploy	UNKNOWN STEP	  "SANDBOX_PTMA_API_BASE_URL": "https://sandbox-app.toncloud.observer/api/v1",
deploy	UNKNOWN STEP	  "SANDBOX_RABBITMQ_DOMAIN": "sandbox-rabbitmq.toncloud.observer",
deploy	UNKNOWN STEP	  "SANDBOX_RABBITMQ_MANAGEMENT_PORT": "6015",
deploy	UNKNOWN STEP	  "SANDBOX_RABBITMQ_NODE_PORT": "6016",
deploy	UNKNOWN STEP	  "SANDBOX_REDIS_DATABASES": "1",
deploy	UNKNOWN STEP	  "SANDBOX_REDIS_PORT": "6011",
deploy	UNKNOWN STEP	  "SANDBOX_REGISTRY_URL": "registry.toncloud.observer",
deploy	UNKNOWN STEP	  "SANDBOX_SOCKET_PORT": "60***",
deploy	UNKNOWN STEP	  "SANDBOX_STAGE_NAME": "sandbox-***",
deploy	UNKNOWN STEP	  "SANDBOX_SYS_CADDY_REPLICAS": "1",
deploy	UNKNOWN STEP	  "SANDBOX_SYS_MINI_APP_REPLICAS": "2",
deploy	UNKNOWN STEP	  "SANDBOX_SYS_PARTICIPANT_TMA_REPLICAS": "2",
deploy	UNKNOWN STEP	  "SANDBOX_SYS_WEB_SITE_REPLICAS": "1",
deploy	UNKNOWN STEP	  "SANDBOX_TELEGRAM_BOT_PORT": "6002",
deploy	UNKNOWN STEP	  "SANDBOX_TG_NOTIFICATION_CHANELL": "-1002164161685",
deploy	UNKNOWN STEP	  "SANDBOX_TON_CENTER_ENDPOINT": "https://toncenter.com/api/v2/jsonRPC",
deploy	UNKNOWN STEP	  "SANDBOX_TON_SOCIETY_BASE_URL": "https://society.ton.org/v1",
deploy	UNKNOWN STEP	  "SANDBOX_USE_CLOUDFLARE": "true",
deploy	UNKNOWN STEP	  "SANDBOX_USE_MAIN_IP_TO_EXPOSE": "true",
deploy	UNKNOWN STEP	  "STAGING_ACME_AGREE": "true",
deploy	UNKNOWN STEP	  "STAGING_BRANCH_NAME": "staging",
deploy	UNKNOWN STEP	  "STAGING_CACHE_ENABLED": "true",
deploy	UNKNOWN STEP	  "STAGING_CLAMAV_PORT": "***10",
deploy	UNKNOWN STEP	  "STAGING_CLIENT_API_FIXED_ORGANIZER": "@Ontonadmin",
deploy	UNKNOWN STEP	  "STAGING_CLIENT_API_FIXED_USER": "@Ontonadmin",
deploy	UNKNOWN STEP	  "STAGING_CLIENT_WEB_DOMAIN": "staging-client-web.toncloud.observer",
deploy	UNKNOWN STEP	  "STAGING_COMPOSE_PROJECT_NAME": "staging-***",
deploy	UNKNOWN STEP	  "STAGING_ENV": "staging",
deploy	UNKNOWN STEP	  "STAGING_EVENT_WALLET_ENC_KEY": "Ci5M6/B4Wke4qX6tXViVeW0xM0iH0yh/qvD3Y1xu2v8",
deploy	UNKNOWN STEP	  "STAGING_GITHUB_CLIENT_ID": "Ov23liQFN1rMeZicYHnL",
deploy	UNKNOWN STEP	  "STAGING_GITHUB_REPO": "***bot",
deploy	UNKNOWN STEP	  "STAGING_GOLANG_SERVER_PORT": "4013",
deploy	UNKNOWN STEP	  "STAGING_GOOGLE_CLIENT_ID": "174044865725-8urfv981fca74aj3bq2kqik7fbe2rggg.apps.googleusercontent.com",
deploy	UNKNOWN STEP	  "STAGING_IP_CADDY": "caddy",
deploy	UNKNOWN STEP	  "STAGING_IP_CLAMAV": "host.docker.internal",
deploy	UNKNOWN STEP	  "STAGING_IP_CLIENT_WEB": "client-web",
deploy	UNKNOWN STEP	  "STAGING_IP_GIVEAWAY_CHECKER": "giveaway-checker",
deploy	UNKNOWN STEP	  "STAGING_IP_GOLANG_SERVER": "golang-server",
deploy	UNKNOWN STEP	  "STAGING_IP_GOLANG_WORKER": "golang-worker",
deploy	UNKNOWN STEP	  "STAGING_IP_KIBANA": "kibana",
deploy	UNKNOWN STEP	  "STAGING_IP_METABASE": "metabase",
deploy	UNKNOWN STEP	  "STAGING_IP_MINIO": "minio",
deploy	UNKNOWN STEP	  "STAGING_IP_MINI_APP": "mini-app",
deploy	UNKNOWN STEP	  "STAGING_IP_MINI_APP_CRON": "mini-app-sbt-worker",
deploy	UNKNOWN STEP	  "STAGING_IP_NFT_MANAGER": "nft-manager",
deploy	UNKNOWN STEP	  "STAGING_IP_PARTICIPANT_TMA": "participant-tma",
deploy	UNKNOWN STEP	  "STAGING_IP_PGADMIN": "pgadmin",
deploy	UNKNOWN STEP	  "STAGING_IP_POA_WORKER": "mini-app-poa-worker",
deploy	UNKNOWN STEP	  "STAGING_IP_POSTGRES": "postgres",
deploy	UNKNOWN STEP	  "STAGING_IP_RABBITMQ": "rabbitmq",
deploy	UNKNOWN STEP	  "STAGING_IP_RANGE_BASE": "host.docker.internal",
deploy	UNKNOWN STEP	  "STAGING_IP_RANGE_START": "172.11",
deploy	UNKNOWN STEP	  "STAGING_IP_RANGE_SUBNET": "24",
deploy	UNKNOWN STEP	  "STAGING_IP_REDIS": "redis",
deploy	UNKNOWN STEP	  "STAGING_IP_SOCKET": "IP_SOCKET=mini-app-notification-socket",
deploy	UNKNOWN STEP	  "STAGING_IP_SWAGGER_UI": "swagger-ui",
deploy	UNKNOWN STEP	  "STAGING_IP_TELEGRAM_BOT": "telegram-bot",
deploy	UNKNOWN STEP	  "STAGING_IP_WEBSITE": "website",
deploy	UNKNOWN STEP	  "STAGING_JWT_SECRET_SOCKET": "JFDmdjeu__@HF_KKSEEWR_ERWER_FGDFG_ET%DG%34534aasd%_Rhueflihfsdlnf",
deploy	UNKNOWN STEP	  "STAGING_KIBANA_HASHED_PASSWORD": "$2a$14$6P83mnKs9BxP2qZDaMU.2OzBHY3SG0nnaVXJ8nKluEWEWD5RMmN/W",
deploy	UNKNOWN STEP	  "STAGING_KIBANA_PORT": "4023",
deploy	UNKNOWN STEP	  "STAGING_KIBANA_USERNAME": "monitor",
deploy	UNKNOWN STEP	  "STAGING_LINKEDIN_CLIENT_ID": "77osbnm9chxr4c",
deploy	UNKNOWN STEP	  "STAGING_LOCAL_DOMAIN": "staging-app.toncloud.observer",
deploy	UNKNOWN STEP	  "STAGING_MB_REDIRECT_ALL_REQUESTS_TO_HTTPS": "true",
deploy	UNKNOWN STEP	  "STAGING_METABASE_DOMAIN": "staging-metabase.toncloud.observer",
deploy	UNKNOWN STEP	  "STAGING_MINIO_COLLECTION_BUCKET": "***collection",
deploy	UNKNOWN STEP	  "STAGING_MINIO_DASHBOARD_PORT": "4014",
deploy	UNKNOWN STEP	  "STAGING_MINIO_DOC_BUCKET": "***doc",
deploy	UNKNOWN STEP	  "STAGING_MINIO_DOC_DEFAULT_BUCKET": "***",
deploy	UNKNOWN STEP	  "STAGING_MINIO_ENDPOINT": "minio",
deploy	UNKNOWN STEP	  "STAGING_MINIO_IMAGE_BUCKET": "***image",
deploy	UNKNOWN STEP	  "STAGING_MINIO_ITEM_BUCKET": "***item",
deploy	UNKNOWN STEP	  "STAGING_MINIO_PORT": "4012",
deploy	UNKNOWN STEP	  "STAGING_MINIO_PUBLIC_URL": "https://staging-storage.toncloud.observer",
deploy	UNKNOWN STEP	  "STAGING_MINIO_REGION_NAME": "default",
deploy	UNKNOWN STEP	  "STAGING_MINIO_SBT_COLLECTIONS_BUCKET": "sbt-collections",
deploy	UNKNOWN STEP	  "STAGING_MINIO_STORAGE_ADMIN_DOMAIN": "staging-storage-admin.toncloud.observer",
deploy	UNKNOWN STEP	  "STAGING_MINIO_STORAGE_DOMAIN": "staging-storage.toncloud.observer",
deploy	UNKNOWN STEP	  "STAGING_MINIO_VIDEO_BUCKET": "***video",
deploy	UNKNOWN STEP	  "STAGING_MINI_APP_DOMAIN": "staging-app.toncloud.observer",
deploy	UNKNOWN STEP	  "STAGING_MINI_APP_PORT": "4000",
deploy	UNKNOWN STEP	  "STAGING_MINI_APP_SOCKET_DOMAIN": "staging-socket.toncloud.observer",
deploy	UNKNOWN STEP	  "STAGING_MONITORING_DOMAIN": "staging-monitoring.toncloud.observer",
deploy	UNKNOWN STEP	  "STAGING_MS_CLIENT_ID": "916e0c9f-17bc-45c2-9cbc-025c48a0d449",
deploy	UNKNOWN STEP	  "STAGING_NETWORK_NAME": "***-staging",
deploy	UNKNOWN STEP	  "STAGING_NETWORK_PUBLIC_IP": "***",
deploy	UNKNOWN STEP	  "STAGING_NEXT_PUBLIC_API_BASE_URL": "https://staging-app.toncloud.observer/api/v1",
deploy	UNKNOWN STEP	  "STAGING_NEXT_PUBLIC_APP_BASE_URL": "https://staging-app.toncloud.observer",
deploy	UNKNOWN STEP	  "STAGING_NEXT_PUBLIC_BACKEND_URL_CLIENT": "https://staging-app.toncloud.observer/api/client/v1/",
deploy	UNKNOWN STEP	  "STAGING_NEXT_PUBLIC_BOT_USERNAME": "notnonstagebot",
deploy	UNKNOWN STEP	  "STAGING_NEXT_PUBLIC_ENV": "staging",
deploy	UNKNOWN STEP	  "STAGING_NEXT_PUBLIC_GTM": "GTM-staging",
deploy	UNKNOWN STEP	  "STAGING_NEXT_PUBLIC_SOCKET_URL": "staging-socket.toncloud.observer",
deploy	UNKNOWN STEP	  "STAGING_NEXT_PUBLIC_TRPC_BASE_URL": "https://staging-app.toncloud.observer",
deploy	UNKNOWN STEP	  "STAGING_NFT_INTERVAL_TIME": "60000",
deploy	UNKNOWN STEP	  "STAGING_NFT_MANAGER_PORT": "4004",
deploy	UNKNOWN STEP	  "STAGING_NODE_ENV": "production",
deploy	UNKNOWN STEP	  "STAGING_NODE_TLS_REJECT_UNAUTHORIZED": "0",
deploy	UNKNOWN STEP	  "STAGING_ONTON_DOMAIN": "staging.toncloud.observer",
deploy	UNKNOWN STEP	  "STAGING_PARTICIPANT_TMA_PORT": "4001",
deploy	UNKNOWN STEP	  "STAGING_PGADMIN_DOMAIN": "staging-pgadmin.toncloud.observer",
deploy	UNKNOWN STEP	  "STAGING_PORT_CLIENT_WEB": "4007",
deploy	UNKNOWN STEP	  "STAGING_PORT_METABASE": "4009",
deploy	UNKNOWN STEP	  "STAGING_PORT_PGADMIN": "4006",
deploy	UNKNOWN STEP	  "STAGING_PORT_WEB_SITE": "4005",
deploy	UNKNOWN STEP	  "STAGING_POSTGRES_METABASE_DB": "staging-mini-app",
deploy	UNKNOWN STEP	  "STAGING_POSTGRES_MINI_APP_DB": "staging-mini-app",
deploy	UNKNOWN STEP	  "STAGING_POSTGRES_NFT_MANAGER_DB": "staging-nft-manager",
deploy	UNKNOWN STEP	  "STAGING_POSTGRES_PORT": "4008",
deploy	UNKNOWN STEP	  "STAGING_PTMA_API_BASE_URL": "https://staging-app.toncloud.observer/api/v1",
deploy	UNKNOWN STEP	  "STAGING_RABBITMQ_DOMAIN": "staging-rabbitmq.toncloud.observer",
deploy	UNKNOWN STEP	  "STAGING_RABBITMQ_MANAGEMENT_PORT": "4015",
deploy	UNKNOWN STEP	  "STAGING_RABBITMQ_NODE_PORT": "4016",
deploy	UNKNOWN STEP	  "STAGING_REDIS_DATABASES": "1",
deploy	UNKNOWN STEP	  "STAGING_REDIS_PORT": "4011",
deploy	UNKNOWN STEP	  "STAGING_REGISTRY_URL": "registry.toncloud.observer",
deploy	UNKNOWN STEP	  "STAGING_SOCKET_PORT": "40***",
deploy	UNKNOWN STEP	  "STAGING_STAGE_NAME": "staging-***",
deploy	UNKNOWN STEP	  "STAGING_SWAGGER_UI_DOMAIN": "staging-swagger-ui.toncloud.observer",
deploy	UNKNOWN STEP	  "STAGING_SWAGGER_UI_PORT": "4024",
deploy	UNKNOWN STEP	  "STAGING_SYS_CADDY_REPLICAS": "1",
deploy	UNKNOWN STEP	  "STAGING_SYS_MINI_APP_REPLICAS": "2",
deploy	UNKNOWN STEP	  "STAGING_SYS_PARTICIPANT_TMA_REPLICAS": "2",
deploy	UNKNOWN STEP	  "STAGING_SYS_WEB_SITE_REPLICAS": "1",
deploy	UNKNOWN STEP	  "STAGING_TELEGRAM_BOT_PORT": "4002",
deploy	UNKNOWN STEP	  "STAGING_TG_EVENTS_TOPIC": "2",
deploy	UNKNOWN STEP	  "STAGING_TG_LOGS_GROUP_ID": "-100***64975789",
deploy	UNKNOWN STEP	  "STAGING_TG_LOG_BOT_TOKEN": "7604730825:AAE1WJHs5lFI2zX_tba6M-1HYfffA8ugFmA",
deploy	UNKNOWN STEP	  "STAGING_TG_NOTIFICATION_CHANELL": "-1002164161685",
deploy	UNKNOWN STEP	  "STAGING_TG_SYSTEM_TOPIC": "16",
deploy	UNKNOWN STEP	  "STAGING_TG_TICKETS_TOPIC": "4",
deploy	UNKNOWN STEP	  "STAGING_TON_CENTER_ENDPOINT": "https://toncenter.com/api/v2/jsonRPC",
deploy	UNKNOWN STEP	  "STAGING_TON_SOCIETY_BASE_URL": "https://id.ton.org/v1",
deploy	UNKNOWN STEP	  "STAGING_TWITTER_CLIENT_ID": "SU1RUS0xaHNsRk5kd014UlZieDQ6MTpjaQ",
deploy	UNKNOWN STEP	  "STAGING_USE_CLOUDFLARE": "true",
deploy	UNKNOWN STEP	  "STAGING_USE_MAIN_IP_TO_EXPOSE": "true",
deploy	UNKNOWN STEP	  "TELEGRAM_BOT_TOKEN_FOR_DEPLOYMENT": "7604730825:AAHhtwa4bGhELsBn2VqUxIIFXVJkRJfKuDs",
deploy	UNKNOWN STEP	  "TELEGRAM_CHAT_ID_FOR_DEPLOYMENT": "***"
deploy	UNKNOWN STEP	}
deploy	UNKNOWN STEP	2026-02-09T09:13:25.5092014Z   SSH_AUTH_SOCK: /tmp/ssh-INNUIgKIh2X5/agent.2073
deploy	UNKNOWN STEP	2026-02-09T09:13:25.5093386Z   SSH_AGENT_PID: 2074
deploy	UNKNOWN STEP	2026-02-09T09:13:25.5094550Z ##[endgroup]
deploy	UNKNOWN STEP	2026-02-09T09:13:25.6229544Z Syncing repository: ExecutESG/***
deploy	UNKNOWN STEP	2026-02-09T09:13:25.6235058Z ##[group]Getting Git version info
deploy	UNKNOWN STEP	2026-02-09T09:13:25.6237825Z Working directory is '/home/runner/work/***/***'
deploy	UNKNOWN STEP	2026-02-09T09:13:25.6241683Z [command]/usr/bin/git version
deploy	UNKNOWN STEP	2026-02-09T09:13:25.6441170Z git version 2.52.0
deploy	UNKNOWN STEP	2026-02-09T09:13:25.6471968Z ##[endgroup]
deploy	UNKNOWN STEP	2026-02-09T09:13:25.6495082Z Temporarily overriding HOME='/home/runner/work/_temp/fd42daba-fd51-4eea-9f03-3a63ce9b33***' before making global git config changes
deploy	UNKNOWN STEP	2026-02-09T09:13:25.6497431Z Adding repository directory to the temporary git global config as a safe directory
deploy	UNKNOWN STEP	2026-02-09T09:13:25.6501622Z [command]/usr/bin/git config --global --add safe.directory /home/runner/work/***/***
deploy	UNKNOWN STEP	2026-02-09T09:13:25.6548678Z Deleting the contents of '/home/runner/work/***/***'
deploy	UNKNOWN STEP	2026-02-09T09:13:25.6553319Z ##[group]Initializing the repository
deploy	UNKNOWN STEP	2026-02-09T09:13:25.6559058Z [command]/usr/bin/git init /home/runner/work/***/***
deploy	UNKNOWN STEP	2026-02-09T09:13:25.6653989Z hint: Using 'master' as the name for the initial branch. This default branch name
deploy	UNKNOWN STEP	2026-02-09T09:13:25.6656851Z hint: will change to "main" in Git 3.0. To configure the initial branch name
deploy	UNKNOWN STEP	2026-02-09T09:13:25.6659882Z hint: to use in all of your new repositories, which will suppress this warning,
deploy	UNKNOWN STEP	2026-02-09T09:13:25.6662765Z hint: call:
deploy	UNKNOWN STEP	2026-02-09T09:13:25.6664982Z hint:
deploy	UNKNOWN STEP	2026-02-09T09:13:25.6667123Z hint: 	git config --global init.defaultBranch <name>
deploy	UNKNOWN STEP	2026-02-09T09:13:25.6669437Z hint:
deploy	UNKNOWN STEP	2026-02-09T09:13:25.6671881Z hint: Names commonly chosen instead of 'master' are 'main', 'trunk' and
deploy	UNKNOWN STEP	2026-02-09T09:13:25.6675335Z hint: 'development'. The just-created branch can be renamed via this command:
deploy	UNKNOWN STEP	2026-02-09T09:13:25.6677837Z hint:
deploy	UNKNOWN STEP	2026-02-09T09:13:25.6679676Z hint: 	git branch -m <name>
deploy	UNKNOWN STEP	2026-02-09T09:13:25.6681069Z hint:
deploy	UNKNOWN STEP	2026-02-09T09:13:25.6682602Z hint: Disable this message with "git config set advice.defaultBranchName ***"
deploy	UNKNOWN STEP	2026-02-09T09:13:25.6684417Z Initialized empty Git repository in /home/runner/work/***/***/.git/
deploy	UNKNOWN STEP	2026-02-09T09:13:25.6690225Z [command]/usr/bin/git remote add origin https://github.com/ExecutESG/***
deploy	UNKNOWN STEP	2026-02-09T09:13:25.6715093Z ##[endgroup]
deploy	UNKNOWN STEP	2026-02-09T09:13:25.6718618Z ##[group]Disabling automatic garbage collection
deploy	UNKNOWN STEP	2026-02-09T09:13:25.6721234Z [command]/usr/bin/git config --local gc.auto 0
deploy	UNKNOWN STEP	2026-02-09T09:13:25.6755558Z ##[endgroup]
deploy	UNKNOWN STEP	2026-02-09T09:13:25.6758774Z ##[group]Setting up auth
deploy	UNKNOWN STEP	2026-02-09T09:13:25.6763868Z [command]/usr/bin/git config --local --name-only --get-regexp core\.sshCommand
deploy	UNKNOWN STEP	2026-02-09T09:13:25.6801034Z [command]/usr/bin/git submodule foreach --recursive sh -c "git config --local --name-only --get-regexp 'core\.sshCommand' && git config --local --unset-all 'core.sshCommand' || :"
deploy	UNKNOWN STEP	2026-02-09T09:13:25.7144877Z [command]/usr/bin/git config --local --name-only --get-regexp http\.https\:\/\/github\.com\/\.extraheader
deploy	UNKNOWN STEP	2026-02-09T09:13:25.7179861Z [command]/usr/bin/git submodule foreach --recursive sh -c "git config --local --name-only --get-regexp 'http\.https\:\/\/github\.com\/\.extraheader' && git config --local --unset-all 'http.https://github.com/.extraheader' || :"
deploy	UNKNOWN STEP	2026-02-09T09:13:25.7418339Z [command]/usr/bin/git config --local --name-only --get-regexp ^includeIf\.gitdir:
deploy	UNKNOWN STEP	2026-02-09T09:13:25.7452518Z [command]/usr/bin/git submodule foreach --recursive git config --local --show-origin --name-only --get-regexp remote.origin.url
deploy	UNKNOWN STEP	2026-02-09T09:13:25.7713949Z [command]/usr/bin/git config --local http.https://github.com/.extraheader AUTHORIZATION: basic ***
deploy	UNKNOWN STEP	2026-02-09T09:13:25.7757265Z ##[endgroup]
deploy	UNKNOWN STEP	2026-02-09T09:13:25.7760446Z ##[group]Fetching the repository
deploy	UNKNOWN STEP	2026-02-09T09:13:25.7769827Z [command]/usr/bin/git -c protocol.version=2 fetch --prune --no-recurse-submodules origin +refs/heads/*:refs/remotes/origin/* +refs/tags/*:refs/tags/*
deploy	UNKNOWN STEP	2026-02-09T09:13:27.8147897Z From https://github.com/ExecutESG/***
deploy	UNKNOWN STEP	2026-02-09T09:13:27.8150673Z  * [new branch]        codex/update-expired-tournament-activity-dates -> origin/codex/update-expired-tournament-activity-dates
deploy	UNKNOWN STEP	2026-02-09T09:13:27.8153287Z  * [new branch]        dev                     -> origin/dev
deploy	UNKNOWN STEP	2026-02-09T09:13:27.8155299Z  * [new branch]        feat/cats               -> origin/feat/cats
deploy	UNKNOWN STEP	2026-02-09T09:13:27.8157066Z  * [new branch]        feat/claim_points       -> origin/feat/claim_points
deploy	UNKNOWN STEP	2026-02-09T09:13:27.8158577Z  * [new branch]        feat/conflict           -> origin/feat/conflict
deploy	UNKNOWN STEP	2026-02-09T09:13:27.8160043Z  * [new branch]        feat/giveaway           -> origin/feat/giveaway
deploy	UNKNOWN STEP	2026-02-09T09:13:27.8161590Z  * [new branch]        feat/multi-ticket       -> origin/feat/multi-ticket
deploy	UNKNOWN STEP	2026-02-09T09:13:27.8163120Z  * [new branch]        feat/nft-api            -> origin/feat/nft-api
deploy	UNKNOWN STEP	2026-02-09T09:13:27.8164573Z  * [new branch]        feat/oauth              -> origin/feat/oauth
deploy	UNKNOWN STEP	2026-02-09T09:13:27.8166300Z  * [new branch]        feat/point_details      -> origin/feat/point_details
deploy	UNKNOWN STEP	2026-02-09T09:13:27.8167779Z  * [new branch]        main                    -> origin/main
deploy	UNKNOWN STEP	2026-02-09T09:13:27.8169272Z  * [new branch]        muti-ticket-remove-ptma -> origin/muti-ticket-remove-ptma
deploy	UNKNOWN STEP	2026-02-09T09:13:27.8170810Z  * [new branch]        staging                 -> origin/staging
deploy	UNKNOWN STEP	2026-02-09T09:13:27.8172394Z  * [new branch]        update/promotion-code   -> origin/update/promotion-code
deploy	UNKNOWN STEP	2026-02-09T09:13:27.8174002Z  * [new tag]           0.13.0                  -> 0.13.0
deploy	UNKNOWN STEP	2026-02-09T09:13:27.8175513Z  * [new tag]           0.14.0                  -> 0.14.0
deploy	UNKNOWN STEP	2026-02-09T09:13:27.8176814Z  * [new tag]           0.14.1                  -> 0.14.1
deploy	UNKNOWN STEP	2026-02-09T09:13:27.8178100Z  * [new tag]           0.6.2                   -> 0.6.2
deploy	UNKNOWN STEP	2026-02-09T09:13:27.8179405Z  * [new tag]           v0.5.1                  -> v0.5.1
deploy	UNKNOWN STEP	2026-02-09T09:13:27.8180698Z  * [new tag]           v0.5.2                  -> v0.5.2
deploy	UNKNOWN STEP	2026-02-09T09:13:27.8182001Z  * [new tag]           v0.5.3                  -> v0.5.3
deploy	UNKNOWN STEP	2026-02-09T09:13:27.8183352Z  * [new tag]           v0.6.0                  -> v0.6.0
deploy	UNKNOWN STEP	2026-02-09T09:13:27.8184940Z  * [new tag]           v0.7.0                  -> v0.7.0
deploy	UNKNOWN STEP	2026-02-09T09:13:27.8186677Z  * [new tag]           v0.7.1                  -> v0.7.1
deploy	UNKNOWN STEP	2026-02-09T09:13:27.8187950Z  * [new tag]           v0.7.2                  -> v0.7.2
deploy	UNKNOWN STEP	2026-02-09T09:13:27.8189238Z  * [new tag]           v0.8.0                  -> v0.8.0
deploy	UNKNOWN STEP	2026-02-09T09:13:27.8190478Z  * [new tag]           v0.9.4                  -> v0.9.4
deploy	UNKNOWN STEP	2026-02-09T09:13:27.8191657Z  * [new tag]           v0.9.6                  -> v0.9.6
deploy	UNKNOWN STEP	2026-02-09T09:13:27.8232213Z [command]/usr/bin/git branch --list --remote origin/dev
deploy	UNKNOWN STEP	2026-02-09T09:13:27.8260550Z   origin/dev
deploy	UNKNOWN STEP	2026-02-09T09:13:27.8270592Z [command]/usr/bin/git rev-parse refs/remotes/origin/dev
deploy	UNKNOWN STEP	2026-02-09T09:13:27.8292850Z beb2fcb93db685caf586df53791b4e56088f0a4c
deploy	UNKNOWN STEP	2026-02-09T09:13:27.8297974Z ##[endgroup]
deploy	UNKNOWN STEP	2026-02-09T09:13:27.8299224Z ##[group]Determining the checkout info
deploy	UNKNOWN STEP	2026-02-09T09:13:27.8300248Z ##[endgroup]
deploy	UNKNOWN STEP	2026-02-09T09:13:27.8304259Z [command]/usr/bin/git sparse-checkout disable
deploy	UNKNOWN STEP	2026-02-09T09:13:27.8350227Z [command]/usr/bin/git config --local --unset-all extensions.worktreeConfig
deploy	UNKNOWN STEP	2026-02-09T09:13:27.8380490Z ##[group]Checking out the ref
deploy	UNKNOWN STEP	2026-02-09T09:13:27.8386119Z [command]/usr/bin/git checkout --progress --force -B dev refs/remotes/origin/dev
deploy	UNKNOWN STEP	2026-02-09T09:13:28.1217574Z Switched to a new branch 'dev'
deploy	UNKNOWN STEP	2026-02-09T09:13:28.1220499Z branch 'dev' set up to track 'origin/dev'.
deploy	UNKNOWN STEP	2026-02-09T09:13:28.1268754Z ##[endgroup]
deploy	UNKNOWN STEP	2026-02-09T09:13:28.1313682Z [command]/usr/bin/git log -1 --format=%H
deploy	UNKNOWN STEP	2026-02-09T09:13:28.1339410Z beb2fcb93db685caf586df53791b4e56088f0a4c
deploy	UNKNOWN STEP	2026-02-09T09:13:28.1506756Z ##[group]Run branch_name="dev"
deploy	UNKNOWN STEP	2026-02-09T09:13:28.1507433Z [36;1mbranch_name="dev"[0m
deploy	UNKNOWN STEP	2026-02-09T09:13:28.1507987Z [36;1mprefix="${branch_name^^}_"[0m
deploy	UNKNOWN STEP	2026-02-09T09:13:28.1508729Z [36;1mgithub_repo=$(echo "ExecutESG/***" | tr '[:upper:]' '[:lower:]')[0m
deploy	UNKNOWN STEP	2026-02-09T09:13:28.1509436Z [36;1menv_file=".env"[0m
deploy	UNKNOWN STEP	2026-02-09T09:13:28.1509935Z [36;1m[0m
deploy	UNKNOWN STEP	2026-02-09T09:13:28.1510552Z [36;1mecho "Generating environment variables script for prefix: $prefix"[0m
deploy	UNKNOWN STEP	2026-02-09T09:13:28.1511209Z [36;1m[0m
deploy	UNKNOWN STEP	2026-02-09T09:13:28.1512049Z [36;1m# Create or truncate the env file if it already exists[0m
deploy	UNKNOWN STEP	2026-02-09T09:13:28.1513087Z [36;1m> $env_file[0m
deploy	UNKNOWN STEP	2026-02-09T09:13:28.1513862Z [36;1m[0m
deploy	UNKNOWN STEP	2026-02-09T09:13:28.1514869Z [36;1m[0m
deploy	UNKNOWN STEP	2026-02-09T09:13:28.1515918Z [36;1m# Extract GitHub secrets and environment variables from ALLMYSECRETS and ALLMYVARS[0m
deploy	UNKNOWN STEP	2026-02-09T09:13:28.1533777Z [36;1msecrets_json="${ALLMYSECRETS}"[0m
deploy	UNKNOWN STEP	2026-02-09T09:13:28.1534417Z [36;1mvars_json="${ALLMYVARS}"[0m
deploy	UNKNOWN STEP	2026-02-09T09:13:28.1535169Z [36;1m[0m
deploy	UNKNOWN STEP	2026-02-09T09:13:28.1535749Z [36;1mecho "$secrets_json" | jq -r --arg prefix "$prefix" \[0m
deploy	UNKNOWN STEP	2026-02-09T09:13:28.1536657Z [36;1m  'to_entries[] | select(.key | startswith($prefix)) | "\(.key[$prefix | length:])=\(.value | @sh)"' >> $env_file[0m
deploy	UNKNOWN STEP	2026-02-09T09:13:28.1537421Z [36;1m[0m
deploy	UNKNOWN STEP	2026-02-09T09:13:28.1537968Z [36;1mecho "$vars_json" | jq -r --arg prefix "$prefix" \[0m
deploy	UNKNOWN STEP	2026-02-09T09:13:28.1538857Z [36;1m  'to_entries[] | select(.key | startswith($prefix)) | "\(.key[$prefix | length:])=\(.value | @sh)"' >> $env_file[0m
deploy	UNKNOWN STEP	2026-02-09T09:13:28.1539639Z [36;1m[0m
deploy	UNKNOWN STEP	2026-02-09T09:13:28.1540126Z [36;1m# Add branch name as env also[0m
deploy	UNKNOWN STEP	2026-02-09T09:13:28.1540753Z [36;1mecho "BRANCH_NAME=$branch_name" >> $env_file[0m
deploy	UNKNOWN STEP	2026-02-09T09:13:28.1541377Z [36;1m# Add github repo as env also[0m
deploy	UNKNOWN STEP	2026-02-09T09:13:28.1541987Z [36;1mecho "GITHUB_REPO=$github_repo" >> $env_file[0m
deploy	UNKNOWN STEP	2026-02-09T09:13:28.1542675Z [36;1m# Add the GitHub Container Registry PAT to the env file[0m
deploy	UNKNOWN STEP	2026-02-09T09:13:28.1543405Z [36;1mecho "CR_PAT=${CR_PAT}" >> $env_file[0m
deploy	UNKNOWN STEP	2026-02-09T09:13:28.1544017Z [36;1mecho "REGISTRY_URL=ghcr.io" >> $env_file[0m
deploy	UNKNOWN STEP	2026-02-09T09:13:28.1544754Z [36;1m[0m
deploy	UNKNOWN STEP	2026-02-09T09:13:28.1545405Z [36;1mecho "Environment variables script generated successfully."[0m
deploy	UNKNOWN STEP	2026-02-09T09:13:28.1582911Z shell: /usr/bin/bash -e {0}
deploy	UNKNOWN STEP	2026-02-09T09:13:28.1583452Z env:
deploy	UNKNOWN STEP	2026-02-09T09:13:28.1614082Z   ALLMYSECRETS: {
deploy	UNKNOWN STEP	  "DEV_MNEMONIC": "***",
deploy	UNKNOWN STEP	  "MAIN_PGADMIN_DEFAULT_PASSWORD": "***",
deploy	UNKNOWN STEP	  "DOCKER_HUB_TOKEN": "***",
deploy	UNKNOWN STEP	  "STAGING_ONTON_API_KEY": "***",
deploy	UNKNOWN STEP	  "STAGING_CLOUDFLARE_API_TOKEN": "***",
deploy	UNKNOWN STEP	  "DEV_TON_CENTER_TOKEN": "***",
deploy	UNKNOWN STEP	  "STAGING_ONTON_API_SECRET": "***",
deploy	UNKNOWN STEP	  "STAGING_GITHUB_CLIENT_SECRET": "***",
deploy	UNKNOWN STEP	  "SSH_MAIN_IP": "***",
deploy	UNKNOWN STEP	  "MAIN_TWITTER_CLIENT_SECRET": "***",
deploy	UNKNOWN STEP	  "STAGING_MINIO_ROOT_PASSWORD": "***",
deploy	UNKNOWN STEP	  "MAIN_GITHUB_CLIENT_SECRET": "***",
deploy	UNKNOWN STEP	  "STAGING_RABBITMQ_DEFAULT_PASS": "***",
deploy	UNKNOWN STEP	  "SSH_DEV_IP": "***",
deploy	UNKNOWN STEP	  "DEV_POSTGRES_PASSWORD": "***",
deploy	UNKNOWN STEP	  "SSH_PASSPHRASE": "***",
deploy	UNKNOWN STEP	  "STAGING_CLIENT_API_FIXED_KEY": "***",
deploy	UNKNOWN STEP	  "MAIN_TON_CENTER_TOKEN": "***",
deploy	UNKNOWN STEP	  "DOCKER_HUB_USERNAME": "***",
deploy	UNKNOWN STEP	  "GIT_API_KEY": "***",
deploy	UNKNOWN STEP	  "MAIN_CLOUDFLARE_EMAIL": "***",
deploy	UNKNOWN STEP	  "MAIN_DATABASE_URL": "***",
deploy	UNKNOWN STEP	  "MAIN_CLOUDFLARE_EMAIL_MAIN": "***",
deploy	UNKNOWN STEP	  "STAGING_PGADMIN_DEFAULT_EMAIL": "***",
deploy	UNKNOWN STEP	  "STAGING_SECRET_EVENT_WALLET_ENC_KEY": "***",
deploy	UNKNOWN STEP	  "STAGING_PGADMIN_DEFAULT_PASSWORD": "***",
deploy	UNKNOWN STEP	  "CR_PAT": "***",
deploy	UNKNOWN STEP	  "MAIN_CLOUDFLARE_API_TOKEN_MAIN": "***",
deploy	UNKNOWN STEP	  "MAIN_POSTGRES_USER": "***",
deploy	UNKNOWN STEP	  "DEV_BOT_TOKEN": "***",
deploy	UNKNOWN STEP	  "STAGING_REDIS_PASSWORD": "***",
deploy	UNKNOWN STEP	  "TELEGRAM_CHAT_ID_FOR_DEPLOYMENT": "***",
deploy	UNKNOWN STEP	  "STAGING_TONAPI_API_KEY": "***",
deploy	UNKNOWN STEP	  "STAGING_CLOUDFLARE_API_TOKEN_MAIN": "***",
deploy	UNKNOWN STEP	  "MAIN_BOT_TOKEN": "***",
deploy	UNKNOWN STEP	  "MAIN_SENTRY_AUTH_TOKEN": "***",
deploy	UNKNOWN STEP	  "github_token": "***",
deploy	UNKNOWN STEP	  "STAGING_DATABASE_URL_NFT_MANAGER": "***",
deploy	UNKNOWN STEP	  "DEV_CLOUDFLARE_API_TOKEN": "***",
deploy	UNKNOWN STEP	  "STAGING_TON_SOCIETY_API_KEY": "***",
deploy	UNKNOWN STEP	  "STAGING_POSTGRES_PASSWORD": "***",
deploy	UNKNOWN STEP	  "MAIN_RABBITMQ_DEFAULT_USER": "***",
deploy	UNKNOWN STEP	  "MAIN_CLOUDFLARE_API_TOKEN": "***",
deploy	UNKNOWN STEP	  "MAIN_CLOUDFLARE_DNS_ZONE_ID": "***",
deploy	UNKNOWN STEP	  "MAIN_REDIS_PASSWORD": "***",
deploy	UNKNOWN STEP	  "STAGING_MINIO_ROOT_USER": "***",
deploy	UNKNOWN STEP	  "MAIN_TON_SOCIETY_API_KEY": "***",
deploy	UNKNOWN STEP	  "STAGING_CLOUDFLARE_DNS_ZONE_ID": "***",
deploy	UNKNOWN STEP	  "DEV_CLIENT_API_JWT_SECRET": "***",
deploy	UNKNOWN STEP	  "STAGING_BOT_TOKEN": "***",
deploy	UNKNOWN STEP	  "MAIN_MB_ENCRYPTION_SECRET_KEY": "***",
deploy	UNKNOWN STEP	  "USE_CLOUDFLARE": "***",
deploy	UNKNOWN STEP	  "MAIN_TONAPI_API_KEY": "***",
deploy	UNKNOWN STEP	  "SSH_PRIVATE_KEY": "***",
deploy	UNKNOWN STEP	  "MAIN_LINKEDIN_CLIENT_SECRET": "***",
deploy	UNKNOWN STEP	  "STAGING_MS_CLIENT_SECRET": "***",
deploy	UNKNOWN STEP	  "SSH_DEV_KEY": "***",
deploy	UNKNOWN STEP	  "STAGING_TWITTER_CLIENT_SECRET": "***",
deploy	UNKNOWN STEP	  "STAGING_CLIENT_API_JWT_SECRET": "***",
deploy	UNKNOWN STEP	  "MAIN_DATABASE_URL_NFT_MANAGER": "***",
deploy	UNKNOWN STEP	  "DEV_ONTON_API_SECRET": "***",
deploy	UNKNOWN STEP	  "MAIN_GOOGLE_CLIENT_SECRET": "***",
deploy	UNKNOWN STEP	  "MAIN_MS_CLIENT_SECRET": "***",
deploy	UNKNOWN STEP	  "STAGING_DATABASE_URL": "***",
deploy	UNKNOWN STEP	  "STAGING_TON_CENTER_TOKEN": "***",
deploy	UNKNOWN STEP	  "DEV_TON_SOCIETY_API_KEY": "***",
deploy	UNKNOWN STEP	  "MAIN_EVENT_WALLET_ENC_KEY": "***",
deploy	UNKNOWN STEP	  "STAGING_POSTGRES_USER": "***",
deploy	UNKNOWN STEP	  "MAIN_PGADMIN_DEFAULT_EMAIL": "***",
deploy	UNKNOWN STEP	  "SSH_MAIN_PORT": "***",
deploy	UNKNOWN STEP	  "MAIN_MNEMONIC": "***",
deploy	UNKNOWN STEP	  "MAIN_POSTGRES_PASSWORD": "***",
deploy	UNKNOWN STEP	  "DEV_TONAPI_API_KEY": "***",
deploy	UNKNOWN STEP	  "STAGING_GOOGLE_CLIENT_SECRET": "***",
deploy	UNKNOWN STEP	  "DEV_MB_ENCRYPTION_SECRET_KEY": "***",
deploy	UNKNOWN STEP	  "STAGING_SENTRY_AUTH_TOKEN": "***",
deploy	UNKNOWN STEP	  "DEV_DATABASE_URL": "***",
deploy	UNKNOWN STEP	  "DEV_MINIO_ROOT_PASSWORD": "***",
deploy	UNKNOWN STEP	  "MAIN_RABBITMQ_DEFAULT_PASS": "***",
deploy	UNKNOWN STEP	  "TELEGRAM_BOT_TOKEN_FOR_DEPLOYMENT": "***",
deploy	UNKNOWN STEP	  "MAIN_ONTON_API_SECRET": "***",
deploy	UNKNOWN STEP	  "MAIN_CLIENT_API_FIXED_KEY": "***",
deploy	UNKNOWN STEP	  "SSH_DEV_PORT": "***",
deploy	UNKNOWN STEP	  "DEV_ONTON_API_KEY": "***",
deploy	UNKNOWN STEP	  "DEV_MINIO_ROOT_USER": "***",
deploy	UNKNOWN STEP	  "STAGING_MNEMONIC": "***",
deploy	UNKNOWN STEP	  "MAIN_MINIO_ROOT_USER": "***",
deploy	UNKNOWN STEP	  "DEV_PGADMIN_DEFAULT_PASSWORD": "***",
deploy	UNKNOWN STEP	  "DEV_CLIENT_API_FIXED_KEY": "***",
deploy	UNKNOWN STEP	  "STAGING_CLOUDFLARE_EMAIL": "***",
deploy	UNKNOWN STEP	  "STAGING_MB_ENCRYPTION_SECRET_KEY": "***",
deploy	UNKNOWN STEP	  "MAIN_MINIO_ROOT_PASSWORD": "***",
deploy	UNKNOWN STEP	  "MAIN_ONTON_API_KEY": "***",
deploy	UNKNOWN STEP	  "STAGING_RABBITMQ_DEFAULT_USER": "***",
deploy	UNKNOWN STEP	  "MAIN_CLIENT_API_JWT_SECRET": "***",
deploy	UNKNOWN STEP	  "STAGING_LINKEDIN_CLIENT_SECRET": "***",
deploy	UNKNOWN STEP	  "DEV_RABBITMQ_DEFAULT_PASS": "***"
deploy	UNKNOWN STEP	}
deploy	UNKNOWN STEP	2026-02-09T09:13:28.1695872Z   ALLMYVARS: {
deploy	UNKNOWN STEP	  "DEV_ACME_AGREE": "true",
deploy	UNKNOWN STEP	  "DEV_BRANCH_NAME": "dev",
deploy	UNKNOWN STEP	  "DEV_CACHE_ENABLED": "true",
deploy	UNKNOWN STEP	  "DEV_CLAMAV_PORT": "***10",
deploy	UNKNOWN STEP	  "DEV_CLIENT_API_FIXED_ORGANIZER": "@Ontonadmin",
deploy	UNKNOWN STEP	  "DEV_CLIENT_API_FIXED_USER": "@Ontonadmin",
deploy	UNKNOWN STEP	  "DEV_CLIENT_WEB_DOMAIN": "dev-client-web.dev.***.live",
deploy	UNKNOWN STEP	  "DEV_COMPOSE_PROJECT_NAME": "develop-***",
deploy	UNKNOWN STEP	  "DEV_ENV": "development",
deploy	UNKNOWN STEP	  "DEV_EVENT_WALLET_ENC_KEY": "Ci5M6/B4Wke4qX6tXViVeW0xM0iH0yh/qvD3Y1xu2v8",
deploy	UNKNOWN STEP	  "DEV_GOLANG_SERVER_PORT": "3013",
deploy	UNKNOWN STEP	  "DEV_IP_CADDY": "caddy",
deploy	UNKNOWN STEP	  "DEV_IP_CLAMAV": "host.docker.internal",
deploy	UNKNOWN STEP	  "DEV_IP_CLIENT_WEB": "client-web",
deploy	UNKNOWN STEP	  "DEV_IP_GIVEAWAY_CHECKER": "giveaway-checker",
deploy	UNKNOWN STEP	  "DEV_IP_GOLANG_SERVER": "golang-server",
deploy	UNKNOWN STEP	  "DEV_IP_GOLANG_WORKER": "golang-worker",
deploy	UNKNOWN STEP	  "DEV_IP_KIBANA": "kibana",
deploy	UNKNOWN STEP	  "DEV_IP_METABASE": "metabase",
deploy	UNKNOWN STEP	  "DEV_IP_MINIO": "minio",
deploy	UNKNOWN STEP	  "DEV_IP_MINI_APP": "mini-app",
deploy	UNKNOWN STEP	  "DEV_IP_MINI_APP_CRON": "mini-app-sbt-worker",
deploy	UNKNOWN STEP	  "DEV_IP_NFT_MANAGER": "nft-manager",
deploy	UNKNOWN STEP	  "DEV_IP_PARTICIPANT_TMA": "participant-tma",
deploy	UNKNOWN STEP	  "DEV_IP_PGADMIN": "pgadmin",
deploy	UNKNOWN STEP	  "DEV_IP_POA_WORKER": "mini-app-poa-worker",
deploy	UNKNOWN STEP	  "DEV_IP_POSTGRES": "postgres",
deploy	UNKNOWN STEP	  "DEV_IP_RABBITMQ": "rabbitmq",
deploy	UNKNOWN STEP	  "DEV_IP_RANGE_BASE": "host.docker.internal",
deploy	UNKNOWN STEP	  "DEV_IP_RANGE_START": "172.10",
deploy	UNKNOWN STEP	  "DEV_IP_RANGE_SUBNET": "24",
deploy	UNKNOWN STEP	  "DEV_IP_REDIS": "redis",
deploy	UNKNOWN STEP	  "DEV_IP_SOCKET": "mini-app-notification-socket",
deploy	UNKNOWN STEP	  "DEV_IP_SWAGGER_UI": "swagger-ui",
deploy	UNKNOWN STEP	  "DEV_IP_TELEGRAM_BOT": "telegram-bot",
deploy	UNKNOWN STEP	  "DEV_IP_WEBSITE": "website",
deploy	UNKNOWN STEP	  "DEV_JWT_SECRET_SOCKET": "D3v@OnTonw3tds112ewq%KD___%1006-7-8-9-0OkMjKlll%909R9OOsf",
deploy	UNKNOWN STEP	  "DEV_KIBANA_HASHED_PASSWORD": "$2a$14$6P83mnKs9BxP2qZDaMU.2OzBHY3SG0nnaVXJ8nKluEWEWD5RMmN/W",
deploy	UNKNOWN STEP	  "DEV_KIBANA_PORT": "3023",
deploy	UNKNOWN STEP	  "DEV_KIBANA_USERNAME": "monitor",
deploy	UNKNOWN STEP	  "DEV_LOCAL_DOMAIN": "dev-app.dev.***.live",
deploy	UNKNOWN STEP	  "DEV_MB_REDIRECT_ALL_REQUESTS_TO_HTTPS": "true",
deploy	UNKNOWN STEP	  "DEV_METABASE_DOMAIN": "dev-metabase.dev.***.live",
deploy	UNKNOWN STEP	  "DEV_MINIO_COLLECTION_BUCKET": "***collection",
deploy	UNKNOWN STEP	  "DEV_MINIO_DASHBOARD_PORT": "3014",
deploy	UNKNOWN STEP	  "DEV_MINIO_DOC_BUCKET": "***doc",
deploy	UNKNOWN STEP	  "DEV_MINIO_DOC_DEFAULT_BUCKET": "***",
deploy	UNKNOWN STEP	  "DEV_MINIO_ENDPOINT": "minio",
deploy	UNKNOWN STEP	  "DEV_MINIO_IMAGE_BUCKET": "***image",
deploy	UNKNOWN STEP	  "DEV_MINIO_ITEM_BUCKET": "***item",
deploy	UNKNOWN STEP	  "DEV_MINIO_PORT": "3012",
deploy	UNKNOWN STEP	  "DEV_MINIO_PUBLIC_URL": "https://dev-storage.dev.***.live",
deploy	UNKNOWN STEP	  "DEV_MINIO_REGION_NAME": "default",
deploy	UNKNOWN STEP	  "DEV_MINIO_SBT_COLLECTIONS_BUCKET": "sbt-collections",
deploy	UNKNOWN STEP	  "DEV_MINIO_STORAGE_ADMIN_DOMAIN": "dev-storage-admin.dev.***.live",
deploy	UNKNOWN STEP	  "DEV_MINIO_STORAGE_DOMAIN": "dev-storage.dev.***.live",
deploy	UNKNOWN STEP	  "DEV_MINIO_VIDEO_BUCKET": "***video",
deploy	UNKNOWN STEP	  "DEV_MINI_APP_DOMAIN": "dev-app.dev.***.live",
deploy	UNKNOWN STEP	  "DEV_MINI_APP_PORT": "3000",
deploy	UNKNOWN STEP	  "DEV_MINI_APP_SOCKET_DOMAIN": "dev-socket.dev.***.live",
deploy	UNKNOWN STEP	  "DEV_MONITORING_DOMAIN": "dev-monitoring.dev.***.live",
deploy	UNKNOWN STEP	  "DEV_NETWORK_NAME": "***-dev",
deploy	UNKNOWN STEP	  "DEV_NETWORK_PUBLIC_IP": "***",
deploy	UNKNOWN STEP	  "DEV_NEXT_PUBLIC_API_BASE_URL": "https://dev-app.dev.***.live/api/v1",
deploy	UNKNOWN STEP	  "DEV_NEXT_PUBLIC_APP_BASE_URL": "https://dev-app.dev.***.live",
deploy	UNKNOWN STEP	  "DEV_NEXT_PUBLIC_BACKEND_URL_CLIENT": "https://dev-app.dev.***.live/api/client/v1/",
deploy	UNKNOWN STEP	  "DEV_NEXT_PUBLIC_BOT_USERNAME": "dev_ont0n_bot",
deploy	UNKNOWN STEP	  "DEV_NEXT_PUBLIC_ENV": "development",
deploy	UNKNOWN STEP	  "DEV_NEXT_PUBLIC_GTM": "GTM-dev",
deploy	UNKNOWN STEP	  "DEV_NEXT_PUBLIC_SOCKET_URL": "dev-socket.dev.***.live",
deploy	UNKNOWN STEP	  "DEV_NFT_INTERVAL_TIME": "60000",
deploy	UNKNOWN STEP	  "DEV_NFT_MANAGER_PORT": "3004",
deploy	UNKNOWN STEP	  "DEV_NODE_ENV": "production",
deploy	UNKNOWN STEP	  "DEV_NODE_TLS_REJECT_UNAUTHORIZED": "0",
deploy	UNKNOWN STEP	  "DEV_ONTON_DOMAIN": "dev.***.live",
deploy	UNKNOWN STEP	  "DEV_PARTICIPANT_TMA_PORT": "3001",
deploy	UNKNOWN STEP	  "DEV_PGADMIN_DOMAIN": "dev-pgadmin.dev.***.live",
deploy	UNKNOWN STEP	  "DEV_PORT_CLIENT_WEB": "3007",
deploy	UNKNOWN STEP	  "DEV_PORT_METABASE": "3009",
deploy	UNKNOWN STEP	  "DEV_PORT_PGADMIN": "3006",
deploy	UNKNOWN STEP	  "DEV_PORT_WEB_SITE": "3005",
deploy	UNKNOWN STEP	  "DEV_POSTGRES_METABASE_DB": "dev-mini-app",
deploy	UNKNOWN STEP	  "DEV_POSTGRES_MINI_APP_DB": "dev-mini-app",
deploy	UNKNOWN STEP	  "DEV_POSTGRES_NFT_MANAGER_DB": "dev-nft-manager",
deploy	UNKNOWN STEP	  "DEV_POSTGRES_PORT": "3008",
deploy	UNKNOWN STEP	  "DEV_PTMA_API_BASE_URL": "https://dev-app.dev.***.live/api/v1",
deploy	UNKNOWN STEP	  "DEV_RABBITMQ_DOMAIN": "dev-rabbitmq.dev.***.live",
deploy	UNKNOWN STEP	  "DEV_RABBITMQ_MANAGEMENT_PORT": "3015",
deploy	UNKNOWN STEP	  "DEV_RABBITMQ_NODE_PORT": "3016",
deploy	UNKNOWN STEP	  "DEV_REDIS_DATABASES": "1",
deploy	UNKNOWN STEP	  "DEV_REDIS_PORT": "3011",
deploy	UNKNOWN STEP	  "DEV_REGISTRY_URL": "ghcr.io",
deploy	UNKNOWN STEP	  "DEV_SOCKET_PORT": "30***",
deploy	UNKNOWN STEP	  "DEV_STAGE_NAME": "dev-***",
deploy	UNKNOWN STEP	  "DEV_SWAGGER_UI_DOMAIN": "dev-swagger-ui.dev.***.live",
deploy	UNKNOWN STEP	  "DEV_SWAGGER_UI_PORT": "3024",
deploy	UNKNOWN STEP	  "DEV_SYS_CADDY_REPLICAS": "1",
deploy	UNKNOWN STEP	  "DEV_SYS_MINI_APP_REPLICAS": "1",
deploy	UNKNOWN STEP	  "DEV_SYS_PARTICIPANT_TMA_REPLICAS": "1",
deploy	UNKNOWN STEP	  "DEV_SYS_WEB_SITE_REPLICAS": "1",
deploy	UNKNOWN STEP	  "DEV_TELEGRAM_BOT_PORT": "3002",
deploy	UNKNOWN STEP	  "DEV_TG_EVENTS_TOPIC": "2",
deploy	UNKNOWN STEP	  "DEV_TG_LOGS_GROUP_ID": "-1002308507308",
deploy	UNKNOWN STEP	  "DEV_TG_LOG_BOT_TOKEN": "7604730825:AAE1WJHs5lFI2zX_tba6M-1HYfffA8ugFmA",
deploy	UNKNOWN STEP	  "DEV_TG_NOTIFICATION_CHANELL": "-1002164161685",
deploy	UNKNOWN STEP	  "DEV_TG_SYSTEM_TOPIC": "16",
deploy	UNKNOWN STEP	  "DEV_TG_TICKETS_TOPIC": "4",
deploy	UNKNOWN STEP	  "DEV_TON_CENTER_ENDPOINT": "https://toncenter.com/api/v2/jsonRPC",
deploy	UNKNOWN STEP	  "DEV_TON_SOCIETY_BASE_URL": "https://id.ton.org/v1",
deploy	UNKNOWN STEP	  "DEV_USE_CLOUDFLARE": "true",
deploy	UNKNOWN STEP	  "DEV_USE_MAIN_IP_TO_EXPOSE": "true",
deploy	UNKNOWN STEP	  "MAIN_ACME_AGREE": "true",
deploy	UNKNOWN STEP	  "MAIN_BRANCH_NAME": "main",
deploy	UNKNOWN STEP	  "MAIN_CACHE_ENABLED": "true",
deploy	UNKNOWN STEP	  "MAIN_CLAMAV_PORT": "***10",
deploy	UNKNOWN STEP	  "MAIN_CLIENT_API_FIXED_ORGANIZER": "@Ontonadmin",
deploy	UNKNOWN STEP	  "MAIN_CLIENT_API_FIXED_USER": "@Ontonadmin",
deploy	UNKNOWN STEP	  "MAIN_CLIENT_WEB_DOMAIN": "client-web.***.live",
deploy	UNKNOWN STEP	  "MAIN_COMPOSE_PROJECT_NAME": "production-***",
deploy	UNKNOWN STEP	  "MAIN_ENV": "production",
deploy	UNKNOWN STEP	  "MAIN_GITHUB_CLIENT_ID": "Ov23liQFN1rMeZicYHnL",
deploy	UNKNOWN STEP	  "MAIN_GITHUB_REPO": "***bot",
deploy	UNKNOWN STEP	  "MAIN_GOLANG_SERVER_PORT": "8013",
deploy	UNKNOWN STEP	  "MAIN_GOOGLE_CLIENT_ID": "174044865725-8urfv981fca74aj3bq2kqik7fbe2rggg.apps.googleusercontent.com",
deploy	UNKNOWN STEP	  "MAIN_IP_CADDY": "caddy",
deploy	UNKNOWN STEP	  "MAIN_IP_CLAMAV": "host.docker.internal",
deploy	UNKNOWN STEP	  "MAIN_IP_CLIENT_WEB": "client-web",
deploy	UNKNOWN STEP	  "MAIN_IP_GIVEAWAY_CHECKER": "giveaway-checker",
deploy	UNKNOWN STEP	  "MAIN_IP_GOLANG_SERVER": "golang-server",
deploy	UNKNOWN STEP	  "MAIN_IP_GOLANG_WORKER": "golang-worker",
deploy	UNKNOWN STEP	  "MAIN_IP_KIBANA": "kibana",
deploy	UNKNOWN STEP	  "MAIN_IP_METABASE": "metabase",
deploy	UNKNOWN STEP	  "MAIN_IP_MINIO": "minio",
deploy	UNKNOWN STEP	  "MAIN_IP_MINI_APP": "mini-app",
deploy	UNKNOWN STEP	  "MAIN_IP_MINI_APP_CRON": "mini-app-sbt-worker",
deploy	UNKNOWN STEP	  "MAIN_IP_NFT_MANAGER": "nft-manager",
deploy	UNKNOWN STEP	  "MAIN_IP_PARTICIPANT_TMA": "participant-tma",
deploy	UNKNOWN STEP	  "MAIN_IP_PGADMIN": "pgadmin",
deploy	UNKNOWN STEP	  "MAIN_IP_POA_WORKER": "mini-app-poa-worker",
deploy	UNKNOWN STEP	  "MAIN_IP_POSTGRES": "postgres",
deploy	UNKNOWN STEP	  "MAIN_IP_RABBITMQ": "rabbitmq",
deploy	UNKNOWN STEP	  "MAIN_IP_RANGE_BASE": "host.docker.internal",
deploy	UNKNOWN STEP	  "MAIN_IP_REDIS": "redis",
deploy	UNKNOWN STEP	  "MAIN_IP_SOCKET": "mini-app-notification-socket",
deploy	UNKNOWN STEP	  "MAIN_IP_SWAGGER_UI": "swagger-ui",
deploy	UNKNOWN STEP	  "MAIN_IP_TELEGRAM_BOT": "telegram-bot",
deploy	UNKNOWN STEP	  "MAIN_IP_WEBSITE": "website",
deploy	UNKNOWN STEP	  "MAIN_JWT_SECRET_SOCKET": "JFDmdjeu__@HF_KKSEEWR_ERW*ER_FGDFG_ET%DG%34534aasd_Rhuefli!hfsdlnf",
deploy	UNKNOWN STEP	  "MAIN_KIBANA_HASHED_PASSWORD": "$2a$14$6P83mnKs9BxP2qZDaMU.2OzBHY3SG0nnaVXJ8nKluEWEWD5RMmN/W",
deploy	UNKNOWN STEP	  "MAIN_KIBANA_PORT": "8023",
deploy	UNKNOWN STEP	  "MAIN_KIBANA_USERNAME": "monitor",
deploy	UNKNOWN STEP	  "MAIN_LINKEDIN_CLIENT_ID": "77osbnm9chxr4c",
deploy	UNKNOWN STEP	  "MAIN_LOCAL_DOMAIN": "***.live",
deploy	UNKNOWN STEP	  "MAIN_MB_REDIRECT_ALL_REQUESTS_TO_HTTPS": "true",
deploy	UNKNOWN STEP	  "MAIN_METABASE_DOMAIN": "metabase.***.live",
deploy	UNKNOWN STEP	  "MAIN_MINIO_COLLECTION_BUCKET": "***collection",
deploy	UNKNOWN STEP	  "MAIN_MINIO_DASHBOARD_PORT": "8014",
deploy	UNKNOWN STEP	  "MAIN_MINIO_DOC_BUCKET": "***doc",
deploy	UNKNOWN STEP	  "MAIN_MINIO_DOC_DEFAULT_BUCKET": "***",
deploy	UNKNOWN STEP	  "MAIN_MINIO_ENDPOINT": "minio",
deploy	UNKNOWN STEP	  "MAIN_MINIO_IMAGE_BUCKET": "***image",
deploy	UNKNOWN STEP	  "MAIN_MINIO_ITEM_BUCKET": "***item",
deploy	UNKNOWN STEP	  "MAIN_MINIO_PORT": "8012",
deploy	UNKNOWN STEP	  "MAIN_MINIO_PUBLIC_URL": "https://storage.***.live",
deploy	UNKNOWN STEP	  "MAIN_MINIO_REGION_NAME": "default",
deploy	UNKNOWN STEP	  "MAIN_MINIO_SBT_COLLECTIONS_BUCKET": "sbt-collections",
deploy	UNKNOWN STEP	  "MAIN_MINIO_STORAGE_ADMIN_DOMAIN": "storage-admin.***.live",
deploy	UNKNOWN STEP	  "MAIN_MINIO_STORAGE_DOMAIN": "storage.***.live",
deploy	UNKNOWN STEP	  "MAIN_MINIO_VIDEO_BUCKET": "***video",
deploy	UNKNOWN STEP	  "MAIN_MINI_APP_DOMAIN": "app.***.live",
deploy	UNKNOWN STEP	  "MAIN_MINI_APP_PORT": "8000",
deploy	UNKNOWN STEP	  "MAIN_MINI_APP_SOCKET_DOMAIN": "socket.***.live",
deploy	UNKNOWN STEP	  "MAIN_MONITORING_DOMAIN": "monitoring.***.live",
deploy	UNKNOWN STEP	  "MAIN_MS_CLIENT_ID": "916e0c9f-17bc-45c2-9cbc-025c48a0d449",
deploy	UNKNOWN STEP	  "MAIN_NETWORK_NAME": "***-production",
deploy	UNKNOWN STEP	  "MAIN_NETWORK_PUBLIC_IP": "***",
deploy	UNKNOWN STEP	  "MAIN_NEXT_PUBLIC_API_BASE_URL": "https://app.***.live/api/v1",
deploy	UNKNOWN STEP	  "MAIN_NEXT_PUBLIC_APP_BASE_URL": "https://app.***.live",
deploy	UNKNOWN STEP	  "MAIN_NEXT_PUBLIC_BACKEND_URL_CLIENT": "https://app.***.live/api/client/v1/",
deploy	UNKNOWN STEP	  "MAIN_NEXT_PUBLIC_BOT_USERNAME": "the***bot",
deploy	UNKNOWN STEP	  "MAIN_NEXT_PUBLIC_ENV": "production",
deploy	UNKNOWN STEP	  "MAIN_NEXT_PUBLIC_GTM": "GTM-TSCPWNCM",
deploy	UNKNOWN STEP	  "MAIN_NEXT_PUBLIC_SOCKET_URL": "socket.***.live",
deploy	UNKNOWN STEP	  "MAIN_NFT_INTERVAL_TIME": "60000",
deploy	UNKNOWN STEP	  "MAIN_NFT_MANAGER_PORT": "8004",
deploy	UNKNOWN STEP	  "MAIN_NODE_ENV": "production",
deploy	UNKNOWN STEP	  "MAIN_NODE_TLS_REJECT_UNAUTHORIZED": "1",
deploy	UNKNOWN STEP	  "MAIN_ONTON_DOMAIN": "***.live",
deploy	UNKNOWN STEP	  "MAIN_PARTICIPANT_TMA_PORT": "8001",
deploy	UNKNOWN STEP	  "MAIN_PGADMIN_DOMAIN": "pgadmin.***.live",
deploy	UNKNOWN STEP	  "MAIN_PORT_CLIENT_WEB": "8007",
deploy	UNKNOWN STEP	  "MAIN_PORT_METABASE": "8009",
deploy	UNKNOWN STEP	  "MAIN_PORT_PGADMIN": "8006",
deploy	UNKNOWN STEP	  "MAIN_PORT_WEB_SITE": "8005",
deploy	UNKNOWN STEP	  "MAIN_POSTGRES_METABASE_DB": "production-mini-app",
deploy	UNKNOWN STEP	  "MAIN_POSTGRES_MINI_APP_DB": "production-mini-app",
deploy	UNKNOWN STEP	  "MAIN_POSTGRES_NFT_MANAGER_DB": "production-nft-manager",
deploy	UNKNOWN STEP	  "MAIN_POSTGRES_PORT": "8008",
deploy	UNKNOWN STEP	  "MAIN_PTMA_API_BASE_URL": "https://app.***.live/api/v1",
deploy	UNKNOWN STEP	  "MAIN_RABBITMQ_DOMAIN": "rabbitmq.***.live",
deploy	UNKNOWN STEP	  "MAIN_RABBITMQ_MANAGEMENT_PORT": "8015",
deploy	UNKNOWN STEP	  "MAIN_RABBITMQ_NODE_PORT": "8016",
deploy	UNKNOWN STEP	  "MAIN_REDIS_DATABASES": "1",
deploy	UNKNOWN STEP	  "MAIN_REDIS_PORT": "8011",
deploy	UNKNOWN STEP	  "MAIN_REGISTRY_URL": "registry.toncloud.observer",
deploy	UNKNOWN STEP	  "MAIN_SOCKET_PORT": "80***",
deploy	UNKNOWN STEP	  "MAIN_STAGE_NAME": "main-***",
deploy	UNKNOWN STEP	  "MAIN_SWAGGER_UI_DOMAIN": "swagger-ui.***.live",
deploy	UNKNOWN STEP	  "MAIN_SWAGGER_UI_PORT": "8024",
deploy	UNKNOWN STEP	  "MAIN_SYS_CADDY_REPLICAS": "1",
deploy	UNKNOWN STEP	  "MAIN_SYS_MINI_APP_REPLICAS": "12",
deploy	UNKNOWN STEP	  "MAIN_SYS_PARTICIPANT_TMA_REPLICAS": "6",
deploy	UNKNOWN STEP	  "MAIN_SYS_WEB_SITE_REPLICAS": "3",
deploy	UNKNOWN STEP	  "MAIN_TELEGRAM_BOT_PORT": "8002",
deploy	UNKNOWN STEP	  "MAIN_TG_EVENTS_TOPIC": "2",
deploy	UNKNOWN STEP	  "MAIN_TG_LOGS_GROUP_ID": "-1002300666538",
deploy	UNKNOWN STEP	  "MAIN_TG_LOG_BOT_TOKEN": "7604730825:AAE1WJHs5lFI2zX_tba6M-1HYfffA8ugFmA",
deploy	UNKNOWN STEP	  "MAIN_TG_NOTIFICATION_CHANELL": "-100***32083***",
deploy	UNKNOWN STEP	  "MAIN_TG_SYSTEM_TOPIC": "16",
deploy	UNKNOWN STEP	  "MAIN_TG_TICKETS_TOPIC": "4",
deploy	UNKNOWN STEP	  "MAIN_TON_CENTER_ENDPOINT": "https://toncenter.com/api/v2/jsonRPC",
deploy	UNKNOWN STEP	  "MAIN_TON_SOCIETY_BASE_URL": "https://id.ton.org/v1",
deploy	UNKNOWN STEP	  "MAIN_TWITTER_CLIENT_ID": "SU1RUS0xaHNsRk5kd014UlZieDQ6MTpjaQ",
deploy	UNKNOWN STEP	  "MAIN_USE_CLOUDFLARE": "true",
deploy	UNKNOWN STEP	  "MAIN_USE_MAIN_IP_TO_EXPOSE": "true",
deploy	UNKNOWN STEP	  "NEXT_PUBLIC_BOT_USERNAME": "notnonstagebot",
deploy	UNKNOWN STEP	  "SANDBOX_ACME_AGREE": "true",
deploy	UNKNOWN STEP	  "SANDBOX_BRANCH_NAME": "sandbox",
deploy	UNKNOWN STEP	  "SANDBOX_CACHE_ENABLED": "true",
deploy	UNKNOWN STEP	  "SANDBOX_CLAMAV_PORT": "***10",
deploy	UNKNOWN STEP	  "SANDBOX_CLIENT_API_FIXED_ORGANIZER": "@Ontonadmin",
deploy	UNKNOWN STEP	  "SANDBOX_CLIENT_API_FIXED_USER": "@Ontonadmin",
deploy	UNKNOWN STEP	  "SANDBOX_CLIENT_WEB_DOMAIN": "sandbox-client-web.toncloud.observer",
deploy	UNKNOWN STEP	  "SANDBOX_COMPOSE_PROJECT_NAME": "sanbox-***",
deploy	UNKNOWN STEP	  "SANDBOX_IP_CADDY": "caddy",
deploy	UNKNOWN STEP	  "SANDBOX_IP_CLAMAV": "host.docker.internal",
deploy	UNKNOWN STEP	  "SANDBOX_IP_KIBANA": "kibana",
deploy	UNKNOWN STEP	  "SANDBOX_IP_METABASE": "metabase",
deploy	UNKNOWN STEP	  "SANDBOX_IP_PGADMIN": "pgadmin",
deploy	UNKNOWN STEP	  "SANDBOX_IP_POA_WORKER": "mini-app-poa-worker",
deploy	UNKNOWN STEP	  "SANDBOX_IP_POSTGRES": "postgres",
deploy	UNKNOWN STEP	  "SANDBOX_IP_SOCKET": "mini-app-notification-socket",
deploy	UNKNOWN STEP	  "SANDBOX_IP_TELEGRAM_BOT": "telegram-bot",
deploy	UNKNOWN STEP	  "SANDBOX_IP_WEBSITE": "website",
deploy	UNKNOWN STEP	  "SANDBOX_JWT_SECRET_SOCKET": "D3v@OnTonw3tds112ewq%KD___%1006-7-8-9-0OkMjKlll%909R9OOsf",
deploy	UNKNOWN STEP	  "SANDBOX_KIBANA_HASHED_PASSWORD": "$2a$14$6P83mnKs9BxP2qZDaMU.2OzBHY3SG0nnaVXJ8nKluEWEWD5RMmN/W",
deploy	UNKNOWN STEP	  "SANDBOX_KIBANA_PORT": "6023",
deploy	UNKNOWN STEP	  "SANDBOX_KIBANA_USERNAME": "monitor",
deploy	UNKNOWN STEP	  "SANDBOX_LOCAL_DOMAIN": "sandbox-app.toncloud.observer",
deploy	UNKNOWN STEP	  "SANDBOX_MB_REDIRECT_ALL_REQUESTS_TO_HTTPS": "true",
deploy	UNKNOWN STEP	  "SANDBOX_METABASE_DOMAIN": "sandbox-metabase.toncloud.observer",
deploy	UNKNOWN STEP	  "SANDBOX_MINIO_COLLECTION_BUCKET": "***collection",
deploy	UNKNOWN STEP	  "SANDBOX_MINIO_DASHBOARD_PORT": "6014",
deploy	UNKNOWN STEP	  "SANDBOX_MINIO_DOC_BUCKET": "***doc",
deploy	UNKNOWN STEP	  "SANDBOX_MINIO_DOC_DEFAULT_BUCKET": "***",
deploy	UNKNOWN STEP	  "SANDBOX_MINIO_ENDPOINT": "minio",
deploy	UNKNOWN STEP	  "SANDBOX_MINIO_IMAGE_BUCKET": "***image",
deploy	UNKNOWN STEP	  "SANDBOX_MINIO_ITEM_BUCKET": "***item",
deploy	UNKNOWN STEP	  "SANDBOX_MINIO_PORT": "6012",
deploy	UNKNOWN STEP	  "SANDBOX_MINIO_PUBLIC_URL": "https://sandbox-storage.toncloud.observer",
deploy	UNKNOWN STEP	  "SANDBOX_MINIO_REGION_NAME": "default",
deploy	UNKNOWN STEP	  "SANDBOX_MINIO_SBT_COLLECTIONS_BUCKET": "sbt-collections",
deploy	UNKNOWN STEP	  "SANDBOX_MINIO_STORAGE_ADMIN_DOMAIN": "sandbox-storage-admin.toncloud.observer",
deploy	UNKNOWN STEP	  "SANDBOX_MINIO_STORAGE_DOMAIN": "sandbox-storage.toncloud.observer",
deploy	UNKNOWN STEP	  "SANDBOX_MINIO_VIDEO_BUCKET": "***video",
deploy	UNKNOWN STEP	  "SANDBOX_MINI_APP_DOMAIN": "sandbox-app.toncloud.observer",
deploy	UNKNOWN STEP	  "SANDBOX_MINI_APP_PORT": "6000",
deploy	UNKNOWN STEP	  "SANDBOX_MINI_APP_SOCKET_DOMAIN": "sandbox-socket.toncloud.observer",
deploy	UNKNOWN STEP	  "SANDBOX_MONITORING_DOMAIN": "sandbox-monitoring.toncloud.observer",
deploy	UNKNOWN STEP	  "SANDBOX_NETWORK_NAME": "***-sandbox",
deploy	UNKNOWN STEP	  "SANDBOX_NETWORK_PUBLIC_IP": "***",
deploy	UNKNOWN STEP	  "SANDBOX_NEXT_PUBLIC_API_BASE_URL": "https://sandbox-app.toncloud.observer/api/v1",
deploy	UNKNOWN STEP	  "SANDBOX_NEXT_PUBLIC_APP_BASE_URL": "https://sandbox-app.toncloud.observer",
deploy	UNKNOWN STEP	  "SANDBOX_NEXT_PUBLIC_BACKEND_URL_CLIENT": "https://sandbox-app.toncloud.observer/api/client/v1/",
deploy	UNKNOWN STEP	  "SANDBOX_NEXT_PUBLIC_BOT_USERNAME": "sandbox_ont0n_bot",
deploy	UNKNOWN STEP	  "SANDBOX_NEXT_PUBLIC_GTM": "GTM-sandbox",
deploy	UNKNOWN STEP	  "SANDBOX_NEXT_PUBLIC_SOCKET_URL": "sandbox-socket.toncloud.observer",
deploy	UNKNOWN STEP	  "SANDBOX_NFT_INTERVAL_TIME": "60000",
deploy	UNKNOWN STEP	  "SANDBOX_NFT_MANAGER_PORT": "6004",
deploy	UNKNOWN STEP	  "SANDBOX_NODE_ENV": "production",
deploy	UNKNOWN STEP	  "SANDBOX_NODE_TLS_REJECT_UNAUTHORIZED": "0",
deploy	UNKNOWN STEP	  "SANDBOX_ONTON_DOMAIN": "sandbox.toncloud.observer",
deploy	UNKNOWN STEP	  "SANDBOX_PARTICIPANT_TMA_PORT": "6001",
deploy	UNKNOWN STEP	  "SANDBOX_PGADMIN_DOMAIN": "sandbox-pgadmin.toncloud.observer",
deploy	UNKNOWN STEP	  "SANDBOX_PORT_CLIENT_WEB": "6007",
deploy	UNKNOWN STEP	  "SANDBOX_PORT_METABASE": "6009",
deploy	UNKNOWN STEP	  "SANDBOX_PORT_PGADMIN": "6006",
deploy	UNKNOWN STEP	  "SANDBOX_PORT_WEB_SITE": "6005",
deploy	UNKNOWN STEP	  "SANDBOX_POSTGRES_METABASE_DB": "sandbox-mini-app",
deploy	UNKNOWN STEP	  "SANDBOX_POSTGRES_MINI_APP_DB": "sandbox-mini-app",
deploy	UNKNOWN STEP	  "SANDBOX_POSTGRES_NFT_MANAGER_DB": "sandbox-nft-manager",
deploy	UNKNOWN STEP	  "SANDBOX_POSTGRES_PORT": "6008",
deploy	UNKNOWN STEP	  "SANDBOX_PTMA_API_BASE_URL": "https://sandbox-app.toncloud.observer/api/v1",
deploy	UNKNOWN STEP	  "SANDBOX_RABBITMQ_DOMAIN": "sandbox-rabbitmq.toncloud.observer",
deploy	UNKNOWN STEP	  "SANDBOX_RABBITMQ_MANAGEMENT_PORT": "6015",
deploy	UNKNOWN STEP	  "SANDBOX_RABBITMQ_NODE_PORT": "6016",
deploy	UNKNOWN STEP	  "SANDBOX_REDIS_DATABASES": "1",
deploy	UNKNOWN STEP	  "SANDBOX_REDIS_PORT": "6011",
deploy	UNKNOWN STEP	  "SANDBOX_REGISTRY_URL": "registry.toncloud.observer",
deploy	UNKNOWN STEP	  "SANDBOX_SOCKET_PORT": "60***",
deploy	UNKNOWN STEP	  "SANDBOX_STAGE_NAME": "sandbox-***",
deploy	UNKNOWN STEP	  "SANDBOX_SYS_CADDY_REPLICAS": "1",
deploy	UNKNOWN STEP	  "SANDBOX_SYS_MINI_APP_REPLICAS": "2",
deploy	UNKNOWN STEP	  "SANDBOX_SYS_PARTICIPANT_TMA_REPLICAS": "2",
deploy	UNKNOWN STEP	  "SANDBOX_SYS_WEB_SITE_REPLICAS": "1",
deploy	UNKNOWN STEP	  "SANDBOX_TELEGRAM_BOT_PORT": "6002",
deploy	UNKNOWN STEP	  "SANDBOX_TG_NOTIFICATION_CHANELL": "-1002164161685",
deploy	UNKNOWN STEP	  "SANDBOX_TON_CENTER_ENDPOINT": "https://toncenter.com/api/v2/jsonRPC",
deploy	UNKNOWN STEP	  "SANDBOX_TON_SOCIETY_BASE_URL": "https://society.ton.org/v1",
deploy	UNKNOWN STEP	  "SANDBOX_USE_CLOUDFLARE": "true",
deploy	UNKNOWN STEP	  "SANDBOX_USE_MAIN_IP_TO_EXPOSE": "true",
deploy	UNKNOWN STEP	  "STAGING_ACME_AGREE": "true",
deploy	UNKNOWN STEP	  "STAGING_BRANCH_NAME": "staging",
deploy	UNKNOWN STEP	  "STAGING_CACHE_ENABLED": "true",
deploy	UNKNOWN STEP	  "STAGING_CLAMAV_PORT": "***10",
deploy	UNKNOWN STEP	  "STAGING_CLIENT_API_FIXED_ORGANIZER": "@Ontonadmin",
deploy	UNKNOWN STEP	  "STAGING_CLIENT_API_FIXED_USER": "@Ontonadmin",
deploy	UNKNOWN STEP	  "STAGING_CLIENT_WEB_DOMAIN": "staging-client-web.toncloud.observer",
deploy	UNKNOWN STEP	  "STAGING_COMPOSE_PROJECT_NAME": "staging-***",
deploy	UNKNOWN STEP	  "STAGING_ENV": "staging",
deploy	UNKNOWN STEP	  "STAGING_EVENT_WALLET_ENC_KEY": "Ci5M6/B4Wke4qX6tXViVeW0xM0iH0yh/qvD3Y1xu2v8",
deploy	UNKNOWN STEP	  "STAGING_GITHUB_CLIENT_ID": "Ov23liQFN1rMeZicYHnL",
deploy	UNKNOWN STEP	  "STAGING_GITHUB_REPO": "***bot",
deploy	UNKNOWN STEP	  "STAGING_GOLANG_SERVER_PORT": "4013",
deploy	UNKNOWN STEP	  "STAGING_GOOGLE_CLIENT_ID": "174044865725-8urfv981fca74aj3bq2kqik7fbe2rggg.apps.googleusercontent.com",
deploy	UNKNOWN STEP	  "STAGING_IP_CADDY": "caddy",
deploy	UNKNOWN STEP	  "STAGING_IP_CLAMAV": "host.docker.internal",
deploy	UNKNOWN STEP	  "STAGING_IP_CLIENT_WEB": "client-web",
deploy	UNKNOWN STEP	  "STAGING_IP_GIVEAWAY_CHECKER": "giveaway-checker",
deploy	UNKNOWN STEP	  "STAGING_IP_GOLANG_SERVER": "golang-server",
deploy	UNKNOWN STEP	  "STAGING_IP_GOLANG_WORKER": "golang-worker",
deploy	UNKNOWN STEP	  "STAGING_IP_KIBANA": "kibana",
deploy	UNKNOWN STEP	  "STAGING_IP_METABASE": "metabase",
deploy	UNKNOWN STEP	  "STAGING_IP_MINIO": "minio",
deploy	UNKNOWN STEP	  "STAGING_IP_MINI_APP": "mini-app",
deploy	UNKNOWN STEP	  "STAGING_IP_MINI_APP_CRON": "mini-app-sbt-worker",
deploy	UNKNOWN STEP	  "STAGING_IP_NFT_MANAGER": "nft-manager",
deploy	UNKNOWN STEP	  "STAGING_IP_PARTICIPANT_TMA": "participant-tma",
deploy	UNKNOWN STEP	  "STAGING_IP_PGADMIN": "pgadmin",
deploy	UNKNOWN STEP	  "STAGING_IP_POA_WORKER": "mini-app-poa-worker",
deploy	UNKNOWN STEP	  "STAGING_IP_POSTGRES": "postgres",
deploy	UNKNOWN STEP	  "STAGING_IP_RABBITMQ": "rabbitmq",
deploy	UNKNOWN STEP	  "STAGING_IP_RANGE_BASE": "host.docker.internal",
deploy	UNKNOWN STEP	  "STAGING_IP_RANGE_START": "172.11",
deploy	UNKNOWN STEP	  "STAGING_IP_RANGE_SUBNET": "24",
deploy	UNKNOWN STEP	  "STAGING_IP_REDIS": "redis",
deploy	UNKNOWN STEP	  "STAGING_IP_SOCKET": "IP_SOCKET=mini-app-notification-socket",
deploy	UNKNOWN STEP	  "STAGING_IP_SWAGGER_UI": "swagger-ui",
deploy	UNKNOWN STEP	  "STAGING_IP_TELEGRAM_BOT": "telegram-bot",
deploy	UNKNOWN STEP	  "STAGING_IP_WEBSITE": "website",
deploy	UNKNOWN STEP	  "STAGING_JWT_SECRET_SOCKET": "JFDmdjeu__@HF_KKSEEWR_ERWER_FGDFG_ET%DG%34534aasd%_Rhueflihfsdlnf",
deploy	UNKNOWN STEP	  "STAGING_KIBANA_HASHED_PASSWORD": "$2a$14$6P83mnKs9BxP2qZDaMU.2OzBHY3SG0nnaVXJ8nKluEWEWD5RMmN/W",
deploy	UNKNOWN STEP	  "STAGING_KIBANA_PORT": "4023",
deploy	UNKNOWN STEP	  "STAGING_KIBANA_USERNAME": "monitor",
deploy	UNKNOWN STEP	  "STAGING_LINKEDIN_CLIENT_ID": "77osbnm9chxr4c",
deploy	UNKNOWN STEP	  "STAGING_LOCAL_DOMAIN": "staging-app.toncloud.observer",
deploy	UNKNOWN STEP	  "STAGING_MB_REDIRECT_ALL_REQUESTS_TO_HTTPS": "true",
deploy	UNKNOWN STEP	  "STAGING_METABASE_DOMAIN": "staging-metabase.toncloud.observer",
deploy	UNKNOWN STEP	  "STAGING_MINIO_COLLECTION_BUCKET": "***collection",
deploy	UNKNOWN STEP	  "STAGING_MINIO_DASHBOARD_PORT": "4014",
deploy	UNKNOWN STEP	  "STAGING_MINIO_DOC_BUCKET": "***doc",
deploy	UNKNOWN STEP	  "STAGING_MINIO_DOC_DEFAULT_BUCKET": "***",
deploy	UNKNOWN STEP	  "STAGING_MINIO_ENDPOINT": "minio",
deploy	UNKNOWN STEP	  "STAGING_MINIO_IMAGE_BUCKET": "***image",
deploy	UNKNOWN STEP	  "STAGING_MINIO_ITEM_BUCKET": "***item",
deploy	UNKNOWN STEP	  "STAGING_MINIO_PORT": "4012",
deploy	UNKNOWN STEP	  "STAGING_MINIO_PUBLIC_URL": "https://staging-storage.toncloud.observer",
deploy	UNKNOWN STEP	  "STAGING_MINIO_REGION_NAME": "default",
deploy	UNKNOWN STEP	  "STAGING_MINIO_SBT_COLLECTIONS_BUCKET": "sbt-collections",
deploy	UNKNOWN STEP	  "STAGING_MINIO_STORAGE_ADMIN_DOMAIN": "staging-storage-admin.toncloud.observer",
deploy	UNKNOWN STEP	  "STAGING_MINIO_STORAGE_DOMAIN": "staging-storage.toncloud.observer",
deploy	UNKNOWN STEP	  "STAGING_MINIO_VIDEO_BUCKET": "***video",
deploy	UNKNOWN STEP	  "STAGING_MINI_APP_DOMAIN": "staging-app.toncloud.observer",
deploy	UNKNOWN STEP	  "STAGING_MINI_APP_PORT": "4000",
deploy	UNKNOWN STEP	  "STAGING_MINI_APP_SOCKET_DOMAIN": "staging-socket.toncloud.observer",
deploy	UNKNOWN STEP	  "STAGING_MONITORING_DOMAIN": "staging-monitoring.toncloud.observer",
deploy	UNKNOWN STEP	  "STAGING_MS_CLIENT_ID": "916e0c9f-17bc-45c2-9cbc-025c48a0d449",
deploy	UNKNOWN STEP	  "STAGING_NETWORK_NAME": "***-staging",
deploy	UNKNOWN STEP	  "STAGING_NETWORK_PUBLIC_IP": "***",
deploy	UNKNOWN STEP	  "STAGING_NEXT_PUBLIC_API_BASE_URL": "https://staging-app.toncloud.observer/api/v1",
deploy	UNKNOWN STEP	  "STAGING_NEXT_PUBLIC_APP_BASE_URL": "https://staging-app.toncloud.observer",
deploy	UNKNOWN STEP	  "STAGING_NEXT_PUBLIC_BACKEND_URL_CLIENT": "https://staging-app.toncloud.observer/api/client/v1/",
deploy	UNKNOWN STEP	  "STAGING_NEXT_PUBLIC_BOT_USERNAME": "notnonstagebot",
deploy	UNKNOWN STEP	  "STAGING_NEXT_PUBLIC_ENV": "staging",
deploy	UNKNOWN STEP	  "STAGING_NEXT_PUBLIC_GTM": "GTM-staging",
deploy	UNKNOWN STEP	  "STAGING_NEXT_PUBLIC_SOCKET_URL": "staging-socket.toncloud.observer",
deploy	UNKNOWN STEP	  "STAGING_NEXT_PUBLIC_TRPC_BASE_URL": "https://staging-app.toncloud.observer",
deploy	UNKNOWN STEP	  "STAGING_NFT_INTERVAL_TIME": "60000",
deploy	UNKNOWN STEP	  "STAGING_NFT_MANAGER_PORT": "4004",
deploy	UNKNOWN STEP	  "STAGING_NODE_ENV": "production",
deploy	UNKNOWN STEP	  "STAGING_NODE_TLS_REJECT_UNAUTHORIZED": "0",
deploy	UNKNOWN STEP	  "STAGING_ONTON_DOMAIN": "staging.toncloud.observer",
deploy	UNKNOWN STEP	  "STAGING_PARTICIPANT_TMA_PORT": "4001",
deploy	UNKNOWN STEP	  "STAGING_PGADMIN_DOMAIN": "staging-pgadmin.toncloud.observer",
deploy	UNKNOWN STEP	  "STAGING_PORT_CLIENT_WEB": "4007",
deploy	UNKNOWN STEP	  "STAGING_PORT_METABASE": "4009",
deploy	UNKNOWN STEP	  "STAGING_PORT_PGADMIN": "4006",
deploy	UNKNOWN STEP	  "STAGING_PORT_WEB_SITE": "4005",
deploy	UNKNOWN STEP	  "STAGING_POSTGRES_METABASE_DB": "staging-mini-app",
deploy	UNKNOWN STEP	  "STAGING_POSTGRES_MINI_APP_DB": "staging-mini-app",
deploy	UNKNOWN STEP	  "STAGING_POSTGRES_NFT_MANAGER_DB": "staging-nft-manager",
deploy	UNKNOWN STEP	  "STAGING_POSTGRES_PORT": "4008",
deploy	UNKNOWN STEP	  "STAGING_PTMA_API_BASE_URL": "https://staging-app.toncloud.observer/api/v1",
deploy	UNKNOWN STEP	  "STAGING_RABBITMQ_DOMAIN": "staging-rabbitmq.toncloud.observer",
deploy	UNKNOWN STEP	  "STAGING_RABBITMQ_MANAGEMENT_PORT": "4015",
deploy	UNKNOWN STEP	  "STAGING_RABBITMQ_NODE_PORT": "4016",
deploy	UNKNOWN STEP	  "STAGING_REDIS_DATABASES": "1",
deploy	UNKNOWN STEP	  "STAGING_REDIS_PORT": "4011",
deploy	UNKNOWN STEP	  "STAGING_REGISTRY_URL": "registry.toncloud.observer",
deploy	UNKNOWN STEP	  "STAGING_SOCKET_PORT": "40***",
deploy	UNKNOWN STEP	  "STAGING_STAGE_NAME": "staging-***",
deploy	UNKNOWN STEP	  "STAGING_SWAGGER_UI_DOMAIN": "staging-swagger-ui.toncloud.observer",
deploy	UNKNOWN STEP	  "STAGING_SWAGGER_UI_PORT": "4024",
deploy	UNKNOWN STEP	  "STAGING_SYS_CADDY_REPLICAS": "1",
deploy	UNKNOWN STEP	  "STAGING_SYS_MINI_APP_REPLICAS": "2",
deploy	UNKNOWN STEP	  "STAGING_SYS_PARTICIPANT_TMA_REPLICAS": "2",
deploy	UNKNOWN STEP	  "STAGING_SYS_WEB_SITE_REPLICAS": "1",
deploy	UNKNOWN STEP	  "STAGING_TELEGRAM_BOT_PORT": "4002",
deploy	UNKNOWN STEP	  "STAGING_TG_EVENTS_TOPIC": "2",
deploy	UNKNOWN STEP	  "STAGING_TG_LOGS_GROUP_ID": "-100***64975789",
deploy	UNKNOWN STEP	  "STAGING_TG_LOG_BOT_TOKEN": "7604730825:AAE1WJHs5lFI2zX_tba6M-1HYfffA8ugFmA",
deploy	UNKNOWN STEP	  "STAGING_TG_NOTIFICATION_CHANELL": "-1002164161685",
deploy	UNKNOWN STEP	  "STAGING_TG_SYSTEM_TOPIC": "16",
deploy	UNKNOWN STEP	  "STAGING_TG_TICKETS_TOPIC": "4",
deploy	UNKNOWN STEP	  "STAGING_TON_CENTER_ENDPOINT": "https://toncenter.com/api/v2/jsonRPC",
deploy	UNKNOWN STEP	  "STAGING_TON_SOCIETY_BASE_URL": "https://id.ton.org/v1",
deploy	UNKNOWN STEP	  "STAGING_TWITTER_CLIENT_ID": "SU1RUS0xaHNsRk5kd014UlZieDQ6MTpjaQ",
deploy	UNKNOWN STEP	  "STAGING_USE_CLOUDFLARE": "true",
deploy	UNKNOWN STEP	  "STAGING_USE_MAIN_IP_TO_EXPOSE": "true",
deploy	UNKNOWN STEP	  "TELEGRAM_BOT_TOKEN_FOR_DEPLOYMENT": "7604730825:AAHhtwa4bGhELsBn2VqUxIIFXVJkRJfKuDs",
deploy	UNKNOWN STEP	  "TELEGRAM_CHAT_ID_FOR_DEPLOYMENT": "***"
deploy	UNKNOWN STEP	}
deploy	UNKNOWN STEP	2026-02-09T09:13:28.1764270Z   SSH_AUTH_SOCK: /tmp/ssh-INNUIgKIh2X5/agent.2073
deploy	UNKNOWN STEP	2026-02-09T09:13:28.1764971Z   SSH_AGENT_PID: 2074
deploy	UNKNOWN STEP	2026-02-09T09:13:28.1765584Z   CR_PAT: ***
deploy	UNKNOWN STEP	2026-02-09T09:13:28.1766063Z ##[endgroup]
deploy	UNKNOWN STEP	2026-02-09T09:13:28.1874848Z Generating environment variables script for prefix: DEV_
deploy	UNKNOWN STEP	2026-02-09T09:13:28.1955741Z Environment variables script generated successfully.
deploy	UNKNOWN STEP	2026-02-09T09:13:28.2007581Z ##[group]Run echo "Setting up SSH environment variables..."
deploy	UNKNOWN STEP	2026-02-09T09:13:28.2008403Z [36;1mecho "Setting up SSH environment variables..."[0m
deploy	UNKNOWN STEP	2026-02-09T09:13:28.2009050Z [36;1mbranch_name="dev"[0m
deploy	UNKNOWN STEP	2026-02-09T09:13:28.2009555Z [36;1m[0m
deploy	UNKNOWN STEP	2026-02-09T09:13:28.2010114Z [36;1m# Use case-insensitive prefix matching for branch name[0m
deploy	UNKNOWN STEP	2026-02-09T09:13:28.2010800Z [36;1mif [[ "$branch_name" == "dev" ]]; then[0m
deploy	UNKNOWN STEP	2026-02-09T09:13:28.2011463Z [36;1m  echo "SSH_IP=***" >> $GITHUB_ENV[0m
deploy	UNKNOWN STEP	2026-02-09T09:13:28.2012068Z [36;1m  echo "SSH_PORT=***" >> $GITHUB_ENV[0m
deploy	UNKNOWN STEP	2026-02-09T09:13:28.2012681Z [36;1melif [[ "$branch_name" == "main" ]]; then[0m
deploy	UNKNOWN STEP	2026-02-09T09:13:28.2013542Z [36;1m  echo "SSH_IP=***" >> $GITHUB_ENV[0m
deploy	UNKNOWN STEP	2026-02-09T09:13:28.2014144Z [36;1m  echo "SSH_PORT=***" >> $GITHUB_ENV[0m
deploy	UNKNOWN STEP	2026-02-09T09:13:28.2015043Z [36;1melif [[ "$branch_name" == "staging" ]]; then[0m
deploy	UNKNOWN STEP	2026-02-09T09:13:28.2015698Z [36;1m  echo "SSH_IP=" >> $GITHUB_ENV[0m
deploy	UNKNOWN STEP	2026-02-09T09:13:28.2016348Z [36;1m  echo "SSH_PORT=" >> $GITHUB_ENV[0m
deploy	UNKNOWN STEP	2026-02-09T09:13:28.2016908Z [36;1melse[0m
deploy	UNKNOWN STEP	2026-02-09T09:13:28.2017528Z [36;1m  echo "Error: Unknown branch name, unable to set SSH credentials."[0m
deploy	UNKNOWN STEP	2026-02-09T09:13:28.2018207Z [36;1m  exit 1[0m
deploy	UNKNOWN STEP	2026-02-09T09:13:28.2018683Z [36;1mfi[0m
deploy	UNKNOWN STEP	2026-02-09T09:13:28.2053146Z shell: /usr/bin/bash -e {0}
deploy	UNKNOWN STEP	2026-02-09T09:13:28.2053714Z env:
deploy	UNKNOWN STEP	2026-02-09T09:13:28.2084400Z   ALLMYSECRETS: {
deploy	UNKNOWN STEP	  "DEV_MNEMONIC": "***",
deploy	UNKNOWN STEP	  "MAIN_PGADMIN_DEFAULT_PASSWORD": "***",
deploy	UNKNOWN STEP	  "DOCKER_HUB_TOKEN": "***",
deploy	UNKNOWN STEP	  "STAGING_ONTON_API_KEY": "***",
deploy	UNKNOWN STEP	  "STAGING_CLOUDFLARE_API_TOKEN": "***",
deploy	UNKNOWN STEP	  "DEV_TON_CENTER_TOKEN": "***",
deploy	UNKNOWN STEP	  "STAGING_ONTON_API_SECRET": "***",
deploy	UNKNOWN STEP	  "STAGING_GITHUB_CLIENT_SECRET": "***",
deploy	UNKNOWN STEP	  "SSH_MAIN_IP": "***",
deploy	UNKNOWN STEP	  "MAIN_TWITTER_CLIENT_SECRET": "***",
deploy	UNKNOWN STEP	  "STAGING_MINIO_ROOT_PASSWORD": "***",
deploy	UNKNOWN STEP	  "MAIN_GITHUB_CLIENT_SECRET": "***",
deploy	UNKNOWN STEP	  "STAGING_RABBITMQ_DEFAULT_PASS": "***",
deploy	UNKNOWN STEP	  "SSH_DEV_IP": "***",
deploy	UNKNOWN STEP	  "DEV_POSTGRES_PASSWORD": "***",
deploy	UNKNOWN STEP	  "SSH_PASSPHRASE": "***",
deploy	UNKNOWN STEP	  "STAGING_CLIENT_API_FIXED_KEY": "***",
deploy	UNKNOWN STEP	  "MAIN_TON_CENTER_TOKEN": "***",
deploy	UNKNOWN STEP	  "DOCKER_HUB_USERNAME": "***",
deploy	UNKNOWN STEP	  "GIT_API_KEY": "***",
deploy	UNKNOWN STEP	  "MAIN_CLOUDFLARE_EMAIL": "***",
deploy	UNKNOWN STEP	  "MAIN_DATABASE_URL": "***",
deploy	UNKNOWN STEP	  "MAIN_CLOUDFLARE_EMAIL_MAIN": "***",
deploy	UNKNOWN STEP	  "STAGING_PGADMIN_DEFAULT_EMAIL": "***",
deploy	UNKNOWN STEP	  "STAGING_SECRET_EVENT_WALLET_ENC_KEY": "***",
deploy	UNKNOWN STEP	  "STAGING_PGADMIN_DEFAULT_PASSWORD": "***",
deploy	UNKNOWN STEP	  "CR_PAT": "***",
deploy	UNKNOWN STEP	  "MAIN_CLOUDFLARE_API_TOKEN_MAIN": "***",
deploy	UNKNOWN STEP	  "MAIN_POSTGRES_USER": "***",
deploy	UNKNOWN STEP	  "DEV_BOT_TOKEN": "***",
deploy	UNKNOWN STEP	  "STAGING_REDIS_PASSWORD": "***",
deploy	UNKNOWN STEP	  "TELEGRAM_CHAT_ID_FOR_DEPLOYMENT": "***",
deploy	UNKNOWN STEP	  "STAGING_TONAPI_API_KEY": "***",
deploy	UNKNOWN STEP	  "STAGING_CLOUDFLARE_API_TOKEN_MAIN": "***",
deploy	UNKNOWN STEP	  "MAIN_BOT_TOKEN": "***",
deploy	UNKNOWN STEP	  "MAIN_SENTRY_AUTH_TOKEN": "***",
deploy	UNKNOWN STEP	  "github_token": "***",
deploy	UNKNOWN STEP	  "STAGING_DATABASE_URL_NFT_MANAGER": "***",
deploy	UNKNOWN STEP	  "DEV_CLOUDFLARE_API_TOKEN": "***",
deploy	UNKNOWN STEP	  "STAGING_TON_SOCIETY_API_KEY": "***",
deploy	UNKNOWN STEP	  "STAGING_POSTGRES_PASSWORD": "***",
deploy	UNKNOWN STEP	  "MAIN_RABBITMQ_DEFAULT_USER": "***",
deploy	UNKNOWN STEP	  "MAIN_CLOUDFLARE_API_TOKEN": "***",
deploy	UNKNOWN STEP	  "MAIN_CLOUDFLARE_DNS_ZONE_ID": "***",
deploy	UNKNOWN STEP	  "MAIN_REDIS_PASSWORD": "***",
deploy	UNKNOWN STEP	  "STAGING_MINIO_ROOT_USER": "***",
deploy	UNKNOWN STEP	  "MAIN_TON_SOCIETY_API_KEY": "***",
deploy	UNKNOWN STEP	  "STAGING_CLOUDFLARE_DNS_ZONE_ID": "***",
deploy	UNKNOWN STEP	  "DEV_CLIENT_API_JWT_SECRET": "***",
deploy	UNKNOWN STEP	  "STAGING_BOT_TOKEN": "***",
deploy	UNKNOWN STEP	  "MAIN_MB_ENCRYPTION_SECRET_KEY": "***",
deploy	UNKNOWN STEP	  "USE_CLOUDFLARE": "***",
deploy	UNKNOWN STEP	  "MAIN_TONAPI_API_KEY": "***",
deploy	UNKNOWN STEP	  "SSH_PRIVATE_KEY": "***",
deploy	UNKNOWN STEP	  "MAIN_LINKEDIN_CLIENT_SECRET": "***",
deploy	UNKNOWN STEP	  "STAGING_MS_CLIENT_SECRET": "***",
deploy	UNKNOWN STEP	  "SSH_DEV_KEY": "***",
deploy	UNKNOWN STEP	  "STAGING_TWITTER_CLIENT_SECRET": "***",
deploy	UNKNOWN STEP	  "STAGING_CLIENT_API_JWT_SECRET": "***",
deploy	UNKNOWN STEP	  "MAIN_DATABASE_URL_NFT_MANAGER": "***",
deploy	UNKNOWN STEP	  "DEV_ONTON_API_SECRET": "***",
deploy	UNKNOWN STEP	  "MAIN_GOOGLE_CLIENT_SECRET": "***",
deploy	UNKNOWN STEP	  "MAIN_MS_CLIENT_SECRET": "***",
deploy	UNKNOWN STEP	  "STAGING_DATABASE_URL": "***",
deploy	UNKNOWN STEP	  "STAGING_TON_CENTER_TOKEN": "***",
deploy	UNKNOWN STEP	  "DEV_TON_SOCIETY_API_KEY": "***",
deploy	UNKNOWN STEP	  "MAIN_EVENT_WALLET_ENC_KEY": "***",
deploy	UNKNOWN STEP	  "STAGING_POSTGRES_USER": "***",
deploy	UNKNOWN STEP	  "MAIN_PGADMIN_DEFAULT_EMAIL": "***",
deploy	UNKNOWN STEP	  "SSH_MAIN_PORT": "***",
deploy	UNKNOWN STEP	  "MAIN_MNEMONIC": "***",
deploy	UNKNOWN STEP	  "MAIN_POSTGRES_PASSWORD": "***",
deploy	UNKNOWN STEP	  "DEV_TONAPI_API_KEY": "***",
deploy	UNKNOWN STEP	  "STAGING_GOOGLE_CLIENT_SECRET": "***",
deploy	UNKNOWN STEP	  "DEV_MB_ENCRYPTION_SECRET_KEY": "***",
deploy	UNKNOWN STEP	  "STAGING_SENTRY_AUTH_TOKEN": "***",
deploy	UNKNOWN STEP	  "DEV_DATABASE_URL": "***",
deploy	UNKNOWN STEP	  "DEV_MINIO_ROOT_PASSWORD": "***",
deploy	UNKNOWN STEP	  "MAIN_RABBITMQ_DEFAULT_PASS": "***",
deploy	UNKNOWN STEP	  "TELEGRAM_BOT_TOKEN_FOR_DEPLOYMENT": "***",
deploy	UNKNOWN STEP	  "MAIN_ONTON_API_SECRET": "***",
deploy	UNKNOWN STEP	  "MAIN_CLIENT_API_FIXED_KEY": "***",
deploy	UNKNOWN STEP	  "SSH_DEV_PORT": "***",
deploy	UNKNOWN STEP	  "DEV_ONTON_API_KEY": "***",
deploy	UNKNOWN STEP	  "DEV_MINIO_ROOT_USER": "***",
deploy	UNKNOWN STEP	  "STAGING_MNEMONIC": "***",
deploy	UNKNOWN STEP	  "MAIN_MINIO_ROOT_USER": "***",
deploy	UNKNOWN STEP	  "DEV_PGADMIN_DEFAULT_PASSWORD": "***",
deploy	UNKNOWN STEP	  "DEV_CLIENT_API_FIXED_KEY": "***",
deploy	UNKNOWN STEP	  "STAGING_CLOUDFLARE_EMAIL": "***",
deploy	UNKNOWN STEP	  "STAGING_MB_ENCRYPTION_SECRET_KEY": "***",
deploy	UNKNOWN STEP	  "MAIN_MINIO_ROOT_PASSWORD": "***",
deploy	UNKNOWN STEP	  "MAIN_ONTON_API_KEY": "***",
deploy	UNKNOWN STEP	  "STAGING_RABBITMQ_DEFAULT_USER": "***",
deploy	UNKNOWN STEP	  "MAIN_CLIENT_API_JWT_SECRET": "***",
deploy	UNKNOWN STEP	  "STAGING_LINKEDIN_CLIENT_SECRET": "***",
deploy	UNKNOWN STEP	  "DEV_RABBITMQ_DEFAULT_PASS": "***"
deploy	UNKNOWN STEP	}
deploy	UNKNOWN STEP	2026-02-09T09:13:28.2166158Z   ALLMYVARS: {
deploy	UNKNOWN STEP	  "DEV_ACME_AGREE": "true",
deploy	UNKNOWN STEP	  "DEV_BRANCH_NAME": "dev",
deploy	UNKNOWN STEP	  "DEV_CACHE_ENABLED": "true",
deploy	UNKNOWN STEP	  "DEV_CLAMAV_PORT": "***10",
deploy	UNKNOWN STEP	  "DEV_CLIENT_API_FIXED_ORGANIZER": "@Ontonadmin",
deploy	UNKNOWN STEP	  "DEV_CLIENT_API_FIXED_USER": "@Ontonadmin",
deploy	UNKNOWN STEP	  "DEV_CLIENT_WEB_DOMAIN": "dev-client-web.dev.***.live",
deploy	UNKNOWN STEP	  "DEV_COMPOSE_PROJECT_NAME": "develop-***",
deploy	UNKNOWN STEP	  "DEV_ENV": "development",
deploy	UNKNOWN STEP	  "DEV_EVENT_WALLET_ENC_KEY": "Ci5M6/B4Wke4qX6tXViVeW0xM0iH0yh/qvD3Y1xu2v8",
deploy	UNKNOWN STEP	  "DEV_GOLANG_SERVER_PORT": "3013",
deploy	UNKNOWN STEP	  "DEV_IP_CADDY": "caddy",
deploy	UNKNOWN STEP	  "DEV_IP_CLAMAV": "host.docker.internal",
deploy	UNKNOWN STEP	  "DEV_IP_CLIENT_WEB": "client-web",
deploy	UNKNOWN STEP	  "DEV_IP_GIVEAWAY_CHECKER": "giveaway-checker",
deploy	UNKNOWN STEP	  "DEV_IP_GOLANG_SERVER": "golang-server",
deploy	UNKNOWN STEP	  "DEV_IP_GOLANG_WORKER": "golang-worker",
deploy	UNKNOWN STEP	  "DEV_IP_KIBANA": "kibana",
deploy	UNKNOWN STEP	  "DEV_IP_METABASE": "metabase",
deploy	UNKNOWN STEP	  "DEV_IP_MINIO": "minio",
deploy	UNKNOWN STEP	  "DEV_IP_MINI_APP": "mini-app",
deploy	UNKNOWN STEP	  "DEV_IP_MINI_APP_CRON": "mini-app-sbt-worker",
deploy	UNKNOWN STEP	  "DEV_IP_NFT_MANAGER": "nft-manager",
deploy	UNKNOWN STEP	  "DEV_IP_PARTICIPANT_TMA": "participant-tma",
deploy	UNKNOWN STEP	  "DEV_IP_PGADMIN": "pgadmin",
deploy	UNKNOWN STEP	  "DEV_IP_POA_WORKER": "mini-app-poa-worker",
deploy	UNKNOWN STEP	  "DEV_IP_POSTGRES": "postgres",
deploy	UNKNOWN STEP	  "DEV_IP_RABBITMQ": "rabbitmq",
deploy	UNKNOWN STEP	  "DEV_IP_RANGE_BASE": "host.docker.internal",
deploy	UNKNOWN STEP	  "DEV_IP_RANGE_START": "172.10",
deploy	UNKNOWN STEP	  "DEV_IP_RANGE_SUBNET": "24",
deploy	UNKNOWN STEP	  "DEV_IP_REDIS": "redis",
deploy	UNKNOWN STEP	  "DEV_IP_SOCKET": "mini-app-notification-socket",
deploy	UNKNOWN STEP	  "DEV_IP_SWAGGER_UI": "swagger-ui",
deploy	UNKNOWN STEP	  "DEV_IP_TELEGRAM_BOT": "telegram-bot",
deploy	UNKNOWN STEP	  "DEV_IP_WEBSITE": "website",
deploy	UNKNOWN STEP	  "DEV_JWT_SECRET_SOCKET": "D3v@OnTonw3tds112ewq%KD___%1006-7-8-9-0OkMjKlll%909R9OOsf",
deploy	UNKNOWN STEP	  "DEV_KIBANA_HASHED_PASSWORD": "$2a$14$6P83mnKs9BxP2qZDaMU.2OzBHY3SG0nnaVXJ8nKluEWEWD5RMmN/W",
deploy	UNKNOWN STEP	  "DEV_KIBANA_PORT": "3023",
deploy	UNKNOWN STEP	  "DEV_KIBANA_USERNAME": "monitor",
deploy	UNKNOWN STEP	  "DEV_LOCAL_DOMAIN": "dev-app.dev.***.live",
deploy	UNKNOWN STEP	  "DEV_MB_REDIRECT_ALL_REQUESTS_TO_HTTPS": "true",
deploy	UNKNOWN STEP	  "DEV_METABASE_DOMAIN": "dev-metabase.dev.***.live",
deploy	UNKNOWN STEP	  "DEV_MINIO_COLLECTION_BUCKET": "***collection",
deploy	UNKNOWN STEP	  "DEV_MINIO_DASHBOARD_PORT": "3014",
deploy	UNKNOWN STEP	  "DEV_MINIO_DOC_BUCKET": "***doc",
deploy	UNKNOWN STEP	  "DEV_MINIO_DOC_DEFAULT_BUCKET": "***",
deploy	UNKNOWN STEP	  "DEV_MINIO_ENDPOINT": "minio",
deploy	UNKNOWN STEP	  "DEV_MINIO_IMAGE_BUCKET": "***image",
deploy	UNKNOWN STEP	  "DEV_MINIO_ITEM_BUCKET": "***item",
deploy	UNKNOWN STEP	  "DEV_MINIO_PORT": "3012",
deploy	UNKNOWN STEP	  "DEV_MINIO_PUBLIC_URL": "https://dev-storage.dev.***.live",
deploy	UNKNOWN STEP	  "DEV_MINIO_REGION_NAME": "default",
deploy	UNKNOWN STEP	  "DEV_MINIO_SBT_COLLECTIONS_BUCKET": "sbt-collections",
deploy	UNKNOWN STEP	  "DEV_MINIO_STORAGE_ADMIN_DOMAIN": "dev-storage-admin.dev.***.live",
deploy	UNKNOWN STEP	  "DEV_MINIO_STORAGE_DOMAIN": "dev-storage.dev.***.live",
deploy	UNKNOWN STEP	  "DEV_MINIO_VIDEO_BUCKET": "***video",
deploy	UNKNOWN STEP	  "DEV_MINI_APP_DOMAIN": "dev-app.dev.***.live",
deploy	UNKNOWN STEP	  "DEV_MINI_APP_PORT": "3000",
deploy	UNKNOWN STEP	  "DEV_MINI_APP_SOCKET_DOMAIN": "dev-socket.dev.***.live",
deploy	UNKNOWN STEP	  "DEV_MONITORING_DOMAIN": "dev-monitoring.dev.***.live",
deploy	UNKNOWN STEP	  "DEV_NETWORK_NAME": "***-dev",
deploy	UNKNOWN STEP	  "DEV_NETWORK_PUBLIC_IP": "***",
deploy	UNKNOWN STEP	  "DEV_NEXT_PUBLIC_API_BASE_URL": "https://dev-app.dev.***.live/api/v1",
deploy	UNKNOWN STEP	  "DEV_NEXT_PUBLIC_APP_BASE_URL": "https://dev-app.dev.***.live",
deploy	UNKNOWN STEP	  "DEV_NEXT_PUBLIC_BACKEND_URL_CLIENT": "https://dev-app.dev.***.live/api/client/v1/",
deploy	UNKNOWN STEP	  "DEV_NEXT_PUBLIC_BOT_USERNAME": "dev_ont0n_bot",
deploy	UNKNOWN STEP	  "DEV_NEXT_PUBLIC_ENV": "development",
deploy	UNKNOWN STEP	  "DEV_NEXT_PUBLIC_GTM": "GTM-dev",
deploy	UNKNOWN STEP	  "DEV_NEXT_PUBLIC_SOCKET_URL": "dev-socket.dev.***.live",
deploy	UNKNOWN STEP	  "DEV_NFT_INTERVAL_TIME": "60000",
deploy	UNKNOWN STEP	  "DEV_NFT_MANAGER_PORT": "3004",
deploy	UNKNOWN STEP	  "DEV_NODE_ENV": "production",
deploy	UNKNOWN STEP	  "DEV_NODE_TLS_REJECT_UNAUTHORIZED": "0",
deploy	UNKNOWN STEP	  "DEV_ONTON_DOMAIN": "dev.***.live",
deploy	UNKNOWN STEP	  "DEV_PARTICIPANT_TMA_PORT": "3001",
deploy	UNKNOWN STEP	  "DEV_PGADMIN_DOMAIN": "dev-pgadmin.dev.***.live",
deploy	UNKNOWN STEP	  "DEV_PORT_CLIENT_WEB": "3007",
deploy	UNKNOWN STEP	  "DEV_PORT_METABASE": "3009",
deploy	UNKNOWN STEP	  "DEV_PORT_PGADMIN": "3006",
deploy	UNKNOWN STEP	  "DEV_PORT_WEB_SITE": "3005",
deploy	UNKNOWN STEP	  "DEV_POSTGRES_METABASE_DB": "dev-mini-app",
deploy	UNKNOWN STEP	  "DEV_POSTGRES_MINI_APP_DB": "dev-mini-app",
deploy	UNKNOWN STEP	  "DEV_POSTGRES_NFT_MANAGER_DB": "dev-nft-manager",
deploy	UNKNOWN STEP	  "DEV_POSTGRES_PORT": "3008",
deploy	UNKNOWN STEP	  "DEV_PTMA_API_BASE_URL": "https://dev-app.dev.***.live/api/v1",
deploy	UNKNOWN STEP	  "DEV_RABBITMQ_DOMAIN": "dev-rabbitmq.dev.***.live",
deploy	UNKNOWN STEP	  "DEV_RABBITMQ_MANAGEMENT_PORT": "3015",
deploy	UNKNOWN STEP	  "DEV_RABBITMQ_NODE_PORT": "3016",
deploy	UNKNOWN STEP	  "DEV_REDIS_DATABASES": "1",
deploy	UNKNOWN STEP	  "DEV_REDIS_PORT": "3011",
deploy	UNKNOWN STEP	  "DEV_REGISTRY_URL": "ghcr.io",
deploy	UNKNOWN STEP	  "DEV_SOCKET_PORT": "30***",
deploy	UNKNOWN STEP	  "DEV_STAGE_NAME": "dev-***",
deploy	UNKNOWN STEP	  "DEV_SWAGGER_UI_DOMAIN": "dev-swagger-ui.dev.***.live",
deploy	UNKNOWN STEP	  "DEV_SWAGGER_UI_PORT": "3024",
deploy	UNKNOWN STEP	  "DEV_SYS_CADDY_REPLICAS": "1",
deploy	UNKNOWN STEP	  "DEV_SYS_MINI_APP_REPLICAS": "1",
deploy	UNKNOWN STEP	  "DEV_SYS_PARTICIPANT_TMA_REPLICAS": "1",
deploy	UNKNOWN STEP	  "DEV_SYS_WEB_SITE_REPLICAS": "1",
deploy	UNKNOWN STEP	  "DEV_TELEGRAM_BOT_PORT": "3002",
deploy	UNKNOWN STEP	  "DEV_TG_EVENTS_TOPIC": "2",
deploy	UNKNOWN STEP	  "DEV_TG_LOGS_GROUP_ID": "-1002308507308",
deploy	UNKNOWN STEP	  "DEV_TG_LOG_BOT_TOKEN": "7604730825:AAE1WJHs5lFI2zX_tba6M-1HYfffA8ugFmA",
deploy	UNKNOWN STEP	  "DEV_TG_NOTIFICATION_CHANELL": "-1002164161685",
deploy	UNKNOWN STEP	  "DEV_TG_SYSTEM_TOPIC": "16",
deploy	UNKNOWN STEP	  "DEV_TG_TICKETS_TOPIC": "4",
deploy	UNKNOWN STEP	  "DEV_TON_CENTER_ENDPOINT": "https://toncenter.com/api/v2/jsonRPC",
deploy	UNKNOWN STEP	  "DEV_TON_SOCIETY_BASE_URL": "https://id.ton.org/v1",
deploy	UNKNOWN STEP	  "DEV_USE_CLOUDFLARE": "true",
deploy	UNKNOWN STEP	  "DEV_USE_MAIN_IP_TO_EXPOSE": "true",
deploy	UNKNOWN STEP	  "MAIN_ACME_AGREE": "true",
deploy	UNKNOWN STEP	  "MAIN_BRANCH_NAME": "main",
deploy	UNKNOWN STEP	  "MAIN_CACHE_ENABLED": "true",
deploy	UNKNOWN STEP	  "MAIN_CLAMAV_PORT": "***10",
deploy	UNKNOWN STEP	  "MAIN_CLIENT_API_FIXED_ORGANIZER": "@Ontonadmin",
deploy	UNKNOWN STEP	  "MAIN_CLIENT_API_FIXED_USER": "@Ontonadmin",
deploy	UNKNOWN STEP	  "MAIN_CLIENT_WEB_DOMAIN": "client-web.***.live",
deploy	UNKNOWN STEP	  "MAIN_COMPOSE_PROJECT_NAME": "production-***",
deploy	UNKNOWN STEP	  "MAIN_ENV": "production",
deploy	UNKNOWN STEP	  "MAIN_GITHUB_CLIENT_ID": "Ov23liQFN1rMeZicYHnL",
deploy	UNKNOWN STEP	  "MAIN_GITHUB_REPO": "***bot",
deploy	UNKNOWN STEP	  "MAIN_GOLANG_SERVER_PORT": "8013",
deploy	UNKNOWN STEP	  "MAIN_GOOGLE_CLIENT_ID": "174044865725-8urfv981fca74aj3bq2kqik7fbe2rggg.apps.googleusercontent.com",
deploy	UNKNOWN STEP	  "MAIN_IP_CADDY": "caddy",
deploy	UNKNOWN STEP	  "MAIN_IP_CLAMAV": "host.docker.internal",
deploy	UNKNOWN STEP	  "MAIN_IP_CLIENT_WEB": "client-web",
deploy	UNKNOWN STEP	  "MAIN_IP_GIVEAWAY_CHECKER": "giveaway-checker",
deploy	UNKNOWN STEP	  "MAIN_IP_GOLANG_SERVER": "golang-server",
deploy	UNKNOWN STEP	  "MAIN_IP_GOLANG_WORKER": "golang-worker",
deploy	UNKNOWN STEP	  "MAIN_IP_KIBANA": "kibana",
deploy	UNKNOWN STEP	  "MAIN_IP_METABASE": "metabase",
deploy	UNKNOWN STEP	  "MAIN_IP_MINIO": "minio",
deploy	UNKNOWN STEP	  "MAIN_IP_MINI_APP": "mini-app",
deploy	UNKNOWN STEP	  "MAIN_IP_MINI_APP_CRON": "mini-app-sbt-worker",
deploy	UNKNOWN STEP	  "MAIN_IP_NFT_MANAGER": "nft-manager",
deploy	UNKNOWN STEP	  "MAIN_IP_PARTICIPANT_TMA": "participant-tma",
deploy	UNKNOWN STEP	  "MAIN_IP_PGADMIN": "pgadmin",
deploy	UNKNOWN STEP	  "MAIN_IP_POA_WORKER": "mini-app-poa-worker",
deploy	UNKNOWN STEP	  "MAIN_IP_POSTGRES": "postgres",
deploy	UNKNOWN STEP	  "MAIN_IP_RABBITMQ": "rabbitmq",
deploy	UNKNOWN STEP	  "MAIN_IP_RANGE_BASE": "host.docker.internal",
deploy	UNKNOWN STEP	  "MAIN_IP_REDIS": "redis",
deploy	UNKNOWN STEP	  "MAIN_IP_SOCKET": "mini-app-notification-socket",
deploy	UNKNOWN STEP	  "MAIN_IP_SWAGGER_UI": "swagger-ui",
deploy	UNKNOWN STEP	  "MAIN_IP_TELEGRAM_BOT": "telegram-bot",
deploy	UNKNOWN STEP	  "MAIN_IP_WEBSITE": "website",
deploy	UNKNOWN STEP	  "MAIN_JWT_SECRET_SOCKET": "JFDmdjeu__@HF_KKSEEWR_ERW*ER_FGDFG_ET%DG%34534aasd_Rhuefli!hfsdlnf",
deploy	UNKNOWN STEP	  "MAIN_KIBANA_HASHED_PASSWORD": "$2a$14$6P83mnKs9BxP2qZDaMU.2OzBHY3SG0nnaVXJ8nKluEWEWD5RMmN/W",
deploy	UNKNOWN STEP	  "MAIN_KIBANA_PORT": "8023",
deploy	UNKNOWN STEP	  "MAIN_KIBANA_USERNAME": "monitor",
deploy	UNKNOWN STEP	  "MAIN_LINKEDIN_CLIENT_ID": "77osbnm9chxr4c",
deploy	UNKNOWN STEP	  "MAIN_LOCAL_DOMAIN": "***.live",
deploy	UNKNOWN STEP	  "MAIN_MB_REDIRECT_ALL_REQUESTS_TO_HTTPS": "true",
deploy	UNKNOWN STEP	  "MAIN_METABASE_DOMAIN": "metabase.***.live",
deploy	UNKNOWN STEP	  "MAIN_MINIO_COLLECTION_BUCKET": "***collection",
deploy	UNKNOWN STEP	  "MAIN_MINIO_DASHBOARD_PORT": "8014",
deploy	UNKNOWN STEP	  "MAIN_MINIO_DOC_BUCKET": "***doc",
deploy	UNKNOWN STEP	  "MAIN_MINIO_DOC_DEFAULT_BUCKET": "***",
deploy	UNKNOWN STEP	  "MAIN_MINIO_ENDPOINT": "minio",
deploy	UNKNOWN STEP	  "MAIN_MINIO_IMAGE_BUCKET": "***image",
deploy	UNKNOWN STEP	  "MAIN_MINIO_ITEM_BUCKET": "***item",
deploy	UNKNOWN STEP	  "MAIN_MINIO_PORT": "8012",
deploy	UNKNOWN STEP	  "MAIN_MINIO_PUBLIC_URL": "https://storage.***.live",
deploy	UNKNOWN STEP	  "MAIN_MINIO_REGION_NAME": "default",
deploy	UNKNOWN STEP	  "MAIN_MINIO_SBT_COLLECTIONS_BUCKET": "sbt-collections",
deploy	UNKNOWN STEP	  "MAIN_MINIO_STORAGE_ADMIN_DOMAIN": "storage-admin.***.live",
deploy	UNKNOWN STEP	  "MAIN_MINIO_STORAGE_DOMAIN": "storage.***.live",
deploy	UNKNOWN STEP	  "MAIN_MINIO_VIDEO_BUCKET": "***video",
deploy	UNKNOWN STEP	  "MAIN_MINI_APP_DOMAIN": "app.***.live",
deploy	UNKNOWN STEP	  "MAIN_MINI_APP_PORT": "8000",
deploy	UNKNOWN STEP	  "MAIN_MINI_APP_SOCKET_DOMAIN": "socket.***.live",
deploy	UNKNOWN STEP	  "MAIN_MONITORING_DOMAIN": "monitoring.***.live",
deploy	UNKNOWN STEP	  "MAIN_MS_CLIENT_ID": "916e0c9f-17bc-45c2-9cbc-025c48a0d449",
deploy	UNKNOWN STEP	  "MAIN_NETWORK_NAME": "***-production",
deploy	UNKNOWN STEP	  "MAIN_NETWORK_PUBLIC_IP": "***",
deploy	UNKNOWN STEP	  "MAIN_NEXT_PUBLIC_API_BASE_URL": "https://app.***.live/api/v1",
deploy	UNKNOWN STEP	  "MAIN_NEXT_PUBLIC_APP_BASE_URL": "https://app.***.live",
deploy	UNKNOWN STEP	  "MAIN_NEXT_PUBLIC_BACKEND_URL_CLIENT": "https://app.***.live/api/client/v1/",
deploy	UNKNOWN STEP	  "MAIN_NEXT_PUBLIC_BOT_USERNAME": "the***bot",
deploy	UNKNOWN STEP	  "MAIN_NEXT_PUBLIC_ENV": "production",
deploy	UNKNOWN STEP	  "MAIN_NEXT_PUBLIC_GTM": "GTM-TSCPWNCM",
deploy	UNKNOWN STEP	  "MAIN_NEXT_PUBLIC_SOCKET_URL": "socket.***.live",
deploy	UNKNOWN STEP	  "MAIN_NFT_INTERVAL_TIME": "60000",
deploy	UNKNOWN STEP	  "MAIN_NFT_MANAGER_PORT": "8004",
deploy	UNKNOWN STEP	  "MAIN_NODE_ENV": "production",
deploy	UNKNOWN STEP	  "MAIN_NODE_TLS_REJECT_UNAUTHORIZED": "1",
deploy	UNKNOWN STEP	  "MAIN_ONTON_DOMAIN": "***.live",
deploy	UNKNOWN STEP	  "MAIN_PARTICIPANT_TMA_PORT": "8001",
deploy	UNKNOWN STEP	  "MAIN_PGADMIN_DOMAIN": "pgadmin.***.live",
deploy	UNKNOWN STEP	  "MAIN_PORT_CLIENT_WEB": "8007",
deploy	UNKNOWN STEP	  "MAIN_PORT_METABASE": "8009",
deploy	UNKNOWN STEP	  "MAIN_PORT_PGADMIN": "8006",
deploy	UNKNOWN STEP	  "MAIN_PORT_WEB_SITE": "8005",
deploy	UNKNOWN STEP	  "MAIN_POSTGRES_METABASE_DB": "production-mini-app",
deploy	UNKNOWN STEP	  "MAIN_POSTGRES_MINI_APP_DB": "production-mini-app",
deploy	UNKNOWN STEP	  "MAIN_POSTGRES_NFT_MANAGER_DB": "production-nft-manager",
deploy	UNKNOWN STEP	  "MAIN_POSTGRES_PORT": "8008",
deploy	UNKNOWN STEP	  "MAIN_PTMA_API_BASE_URL": "https://app.***.live/api/v1",
deploy	UNKNOWN STEP	  "MAIN_RABBITMQ_DOMAIN": "rabbitmq.***.live",
deploy	UNKNOWN STEP	  "MAIN_RABBITMQ_MANAGEMENT_PORT": "8015",
deploy	UNKNOWN STEP	  "MAIN_RABBITMQ_NODE_PORT": "8016",
deploy	UNKNOWN STEP	  "MAIN_REDIS_DATABASES": "1",
deploy	UNKNOWN STEP	  "MAIN_REDIS_PORT": "8011",
deploy	UNKNOWN STEP	  "MAIN_REGISTRY_URL": "registry.toncloud.observer",
deploy	UNKNOWN STEP	  "MAIN_SOCKET_PORT": "80***",
deploy	UNKNOWN STEP	  "MAIN_STAGE_NAME": "main-***",
deploy	UNKNOWN STEP	  "MAIN_SWAGGER_UI_DOMAIN": "swagger-ui.***.live",
deploy	UNKNOWN STEP	  "MAIN_SWAGGER_UI_PORT": "8024",
deploy	UNKNOWN STEP	  "MAIN_SYS_CADDY_REPLICAS": "1",
deploy	UNKNOWN STEP	  "MAIN_SYS_MINI_APP_REPLICAS": "12",
deploy	UNKNOWN STEP	  "MAIN_SYS_PARTICIPANT_TMA_REPLICAS": "6",
deploy	UNKNOWN STEP	  "MAIN_SYS_WEB_SITE_REPLICAS": "3",
deploy	UNKNOWN STEP	  "MAIN_TELEGRAM_BOT_PORT": "8002",
deploy	UNKNOWN STEP	  "MAIN_TG_EVENTS_TOPIC": "2",
deploy	UNKNOWN STEP	  "MAIN_TG_LOGS_GROUP_ID": "-1002300666538",
deploy	UNKNOWN STEP	  "MAIN_TG_LOG_BOT_TOKEN": "7604730825:AAE1WJHs5lFI2zX_tba6M-1HYfffA8ugFmA",
deploy	UNKNOWN STEP	  "MAIN_TG_NOTIFICATION_CHANELL": "-100***32083***",
deploy	UNKNOWN STEP	  "MAIN_TG_SYSTEM_TOPIC": "16",
deploy	UNKNOWN STEP	  "MAIN_TG_TICKETS_TOPIC": "4",
deploy	UNKNOWN STEP	  "MAIN_TON_CENTER_ENDPOINT": "https://toncenter.com/api/v2/jsonRPC",
deploy	UNKNOWN STEP	  "MAIN_TON_SOCIETY_BASE_URL": "https://id.ton.org/v1",
deploy	UNKNOWN STEP	  "MAIN_TWITTER_CLIENT_ID": "SU1RUS0xaHNsRk5kd014UlZieDQ6MTpjaQ",
deploy	UNKNOWN STEP	  "MAIN_USE_CLOUDFLARE": "true",
deploy	UNKNOWN STEP	  "MAIN_USE_MAIN_IP_TO_EXPOSE": "true",
deploy	UNKNOWN STEP	  "NEXT_PUBLIC_BOT_USERNAME": "notnonstagebot",
deploy	UNKNOWN STEP	  "SANDBOX_ACME_AGREE": "true",
deploy	UNKNOWN STEP	  "SANDBOX_BRANCH_NAME": "sandbox",
deploy	UNKNOWN STEP	  "SANDBOX_CACHE_ENABLED": "true",
deploy	UNKNOWN STEP	  "SANDBOX_CLAMAV_PORT": "***10",
deploy	UNKNOWN STEP	  "SANDBOX_CLIENT_API_FIXED_ORGANIZER": "@Ontonadmin",
deploy	UNKNOWN STEP	  "SANDBOX_CLIENT_API_FIXED_USER": "@Ontonadmin",
deploy	UNKNOWN STEP	  "SANDBOX_CLIENT_WEB_DOMAIN": "sandbox-client-web.toncloud.observer",
deploy	UNKNOWN STEP	  "SANDBOX_COMPOSE_PROJECT_NAME": "sanbox-***",
deploy	UNKNOWN STEP	  "SANDBOX_IP_CADDY": "caddy",
deploy	UNKNOWN STEP	  "SANDBOX_IP_CLAMAV": "host.docker.internal",
deploy	UNKNOWN STEP	  "SANDBOX_IP_KIBANA": "kibana",
deploy	UNKNOWN STEP	  "SANDBOX_IP_METABASE": "metabase",
deploy	UNKNOWN STEP	  "SANDBOX_IP_PGADMIN": "pgadmin",
deploy	UNKNOWN STEP	  "SANDBOX_IP_POA_WORKER": "mini-app-poa-worker",
deploy	UNKNOWN STEP	  "SANDBOX_IP_POSTGRES": "postgres",
deploy	UNKNOWN STEP	  "SANDBOX_IP_SOCKET": "mini-app-notification-socket",
deploy	UNKNOWN STEP	  "SANDBOX_IP_TELEGRAM_BOT": "telegram-bot",
deploy	UNKNOWN STEP	  "SANDBOX_IP_WEBSITE": "website",
deploy	UNKNOWN STEP	  "SANDBOX_JWT_SECRET_SOCKET": "D3v@OnTonw3tds112ewq%KD___%1006-7-8-9-0OkMjKlll%909R9OOsf",
deploy	UNKNOWN STEP	  "SANDBOX_KIBANA_HASHED_PASSWORD": "$2a$14$6P83mnKs9BxP2qZDaMU.2OzBHY3SG0nnaVXJ8nKluEWEWD5RMmN/W",
deploy	UNKNOWN STEP	  "SANDBOX_KIBANA_PORT": "6023",
deploy	UNKNOWN STEP	  "SANDBOX_KIBANA_USERNAME": "monitor",
deploy	UNKNOWN STEP	  "SANDBOX_LOCAL_DOMAIN": "sandbox-app.toncloud.observer",
deploy	UNKNOWN STEP	  "SANDBOX_MB_REDIRECT_ALL_REQUESTS_TO_HTTPS": "true",
deploy	UNKNOWN STEP	  "SANDBOX_METABASE_DOMAIN": "sandbox-metabase.toncloud.observer",
deploy	UNKNOWN STEP	  "SANDBOX_MINIO_COLLECTION_BUCKET": "***collection",
deploy	UNKNOWN STEP	  "SANDBOX_MINIO_DASHBOARD_PORT": "6014",
deploy	UNKNOWN STEP	  "SANDBOX_MINIO_DOC_BUCKET": "***doc",
deploy	UNKNOWN STEP	  "SANDBOX_MINIO_DOC_DEFAULT_BUCKET": "***",
deploy	UNKNOWN STEP	  "SANDBOX_MINIO_ENDPOINT": "minio",
deploy	UNKNOWN STEP	  "SANDBOX_MINIO_IMAGE_BUCKET": "***image",
deploy	UNKNOWN STEP	  "SANDBOX_MINIO_ITEM_BUCKET": "***item",
deploy	UNKNOWN STEP	  "SANDBOX_MINIO_PORT": "6012",
deploy	UNKNOWN STEP	  "SANDBOX_MINIO_PUBLIC_URL": "https://sandbox-storage.toncloud.observer",
deploy	UNKNOWN STEP	  "SANDBOX_MINIO_REGION_NAME": "default",
deploy	UNKNOWN STEP	  "SANDBOX_MINIO_SBT_COLLECTIONS_BUCKET": "sbt-collections",
deploy	UNKNOWN STEP	  "SANDBOX_MINIO_STORAGE_ADMIN_DOMAIN": "sandbox-storage-admin.toncloud.observer",
deploy	UNKNOWN STEP	  "SANDBOX_MINIO_STORAGE_DOMAIN": "sandbox-storage.toncloud.observer",
deploy	UNKNOWN STEP	  "SANDBOX_MINIO_VIDEO_BUCKET": "***video",
deploy	UNKNOWN STEP	  "SANDBOX_MINI_APP_DOMAIN": "sandbox-app.toncloud.observer",
deploy	UNKNOWN STEP	  "SANDBOX_MINI_APP_PORT": "6000",
deploy	UNKNOWN STEP	  "SANDBOX_MINI_APP_SOCKET_DOMAIN": "sandbox-socket.toncloud.observer",
deploy	UNKNOWN STEP	  "SANDBOX_MONITORING_DOMAIN": "sandbox-monitoring.toncloud.observer",
deploy	UNKNOWN STEP	  "SANDBOX_NETWORK_NAME": "***-sandbox",
deploy	UNKNOWN STEP	  "SANDBOX_NETWORK_PUBLIC_IP": "***",
deploy	UNKNOWN STEP	  "SANDBOX_NEXT_PUBLIC_API_BASE_URL": "https://sandbox-app.toncloud.observer/api/v1",
deploy	UNKNOWN STEP	  "SANDBOX_NEXT_PUBLIC_APP_BASE_URL": "https://sandbox-app.toncloud.observer",
deploy	UNKNOWN STEP	  "SANDBOX_NEXT_PUBLIC_BACKEND_URL_CLIENT": "https://sandbox-app.toncloud.observer/api/client/v1/",
deploy	UNKNOWN STEP	  "SANDBOX_NEXT_PUBLIC_BOT_USERNAME": "sandbox_ont0n_bot",
deploy	UNKNOWN STEP	  "SANDBOX_NEXT_PUBLIC_GTM": "GTM-sandbox",
deploy	UNKNOWN STEP	  "SANDBOX_NEXT_PUBLIC_SOCKET_URL": "sandbox-socket.toncloud.observer",
deploy	UNKNOWN STEP	  "SANDBOX_NFT_INTERVAL_TIME": "60000",
deploy	UNKNOWN STEP	  "SANDBOX_NFT_MANAGER_PORT": "6004",
deploy	UNKNOWN STEP	  "SANDBOX_NODE_ENV": "production",
deploy	UNKNOWN STEP	  "SANDBOX_NODE_TLS_REJECT_UNAUTHORIZED": "0",
deploy	UNKNOWN STEP	  "SANDBOX_ONTON_DOMAIN": "sandbox.toncloud.observer",
deploy	UNKNOWN STEP	  "SANDBOX_PARTICIPANT_TMA_PORT": "6001",
deploy	UNKNOWN STEP	  "SANDBOX_PGADMIN_DOMAIN": "sandbox-pgadmin.toncloud.observer",
deploy	UNKNOWN STEP	  "SANDBOX_PORT_CLIENT_WEB": "6007",
deploy	UNKNOWN STEP	  "SANDBOX_PORT_METABASE": "6009",
deploy	UNKNOWN STEP	  "SANDBOX_PORT_PGADMIN": "6006",
deploy	UNKNOWN STEP	  "SANDBOX_PORT_WEB_SITE": "6005",
deploy	UNKNOWN STEP	  "SANDBOX_POSTGRES_METABASE_DB": "sandbox-mini-app",
deploy	UNKNOWN STEP	  "SANDBOX_POSTGRES_MINI_APP_DB": "sandbox-mini-app",
deploy	UNKNOWN STEP	  "SANDBOX_POSTGRES_NFT_MANAGER_DB": "sandbox-nft-manager",
deploy	UNKNOWN STEP	  "SANDBOX_POSTGRES_PORT": "6008",
deploy	UNKNOWN STEP	  "SANDBOX_PTMA_API_BASE_URL": "https://sandbox-app.toncloud.observer/api/v1",
deploy	UNKNOWN STEP	  "SANDBOX_RABBITMQ_DOMAIN": "sandbox-rabbitmq.toncloud.observer",
deploy	UNKNOWN STEP	  "SANDBOX_RABBITMQ_MANAGEMENT_PORT": "6015",
deploy	UNKNOWN STEP	  "SANDBOX_RABBITMQ_NODE_PORT": "6016",
deploy	UNKNOWN STEP	  "SANDBOX_REDIS_DATABASES": "1",
deploy	UNKNOWN STEP	  "SANDBOX_REDIS_PORT": "6011",
deploy	UNKNOWN STEP	  "SANDBOX_REGISTRY_URL": "registry.toncloud.observer",
deploy	UNKNOWN STEP	  "SANDBOX_SOCKET_PORT": "60***",
deploy	UNKNOWN STEP	  "SANDBOX_STAGE_NAME": "sandbox-***",
deploy	UNKNOWN STEP	  "SANDBOX_SYS_CADDY_REPLICAS": "1",
deploy	UNKNOWN STEP	  "SANDBOX_SYS_MINI_APP_REPLICAS": "2",
deploy	UNKNOWN STEP	  "SANDBOX_SYS_PARTICIPANT_TMA_REPLICAS": "2",
deploy	UNKNOWN STEP	  "SANDBOX_SYS_WEB_SITE_REPLICAS": "1",
deploy	UNKNOWN STEP	  "SANDBOX_TELEGRAM_BOT_PORT": "6002",
deploy	UNKNOWN STEP	  "SANDBOX_TG_NOTIFICATION_CHANELL": "-1002164161685",
deploy	UNKNOWN STEP	  "SANDBOX_TON_CENTER_ENDPOINT": "https://toncenter.com/api/v2/jsonRPC",
deploy	UNKNOWN STEP	  "SANDBOX_TON_SOCIETY_BASE_URL": "https://society.ton.org/v1",
deploy	UNKNOWN STEP	  "SANDBOX_USE_CLOUDFLARE": "true",
deploy	UNKNOWN STEP	  "SANDBOX_USE_MAIN_IP_TO_EXPOSE": "true",
deploy	UNKNOWN STEP	  "STAGING_ACME_AGREE": "true",
deploy	UNKNOWN STEP	  "STAGING_BRANCH_NAME": "staging",
deploy	UNKNOWN STEP	  "STAGING_CACHE_ENABLED": "true",
deploy	UNKNOWN STEP	  "STAGING_CLAMAV_PORT": "***10",
deploy	UNKNOWN STEP	  "STAGING_CLIENT_API_FIXED_ORGANIZER": "@Ontonadmin",
deploy	UNKNOWN STEP	  "STAGING_CLIENT_API_FIXED_USER": "@Ontonadmin",
deploy	UNKNOWN STEP	  "STAGING_CLIENT_WEB_DOMAIN": "staging-client-web.toncloud.observer",
deploy	UNKNOWN STEP	  "STAGING_COMPOSE_PROJECT_NAME": "staging-***",
deploy	UNKNOWN STEP	  "STAGING_ENV": "staging",
deploy	UNKNOWN STEP	  "STAGING_EVENT_WALLET_ENC_KEY": "Ci5M6/B4Wke4qX6tXViVeW0xM0iH0yh/qvD3Y1xu2v8",
deploy	UNKNOWN STEP	  "STAGING_GITHUB_CLIENT_ID": "Ov23liQFN1rMeZicYHnL",
deploy	UNKNOWN STEP	  "STAGING_GITHUB_REPO": "***bot",
deploy	UNKNOWN STEP	  "STAGING_GOLANG_SERVER_PORT": "4013",
deploy	UNKNOWN STEP	  "STAGING_GOOGLE_CLIENT_ID": "174044865725-8urfv981fca74aj3bq2kqik7fbe2rggg.apps.googleusercontent.com",
deploy	UNKNOWN STEP	  "STAGING_IP_CADDY": "caddy",
deploy	UNKNOWN STEP	  "STAGING_IP_CLAMAV": "host.docker.internal",
deploy	UNKNOWN STEP	  "STAGING_IP_CLIENT_WEB": "client-web",
deploy	UNKNOWN STEP	  "STAGING_IP_GIVEAWAY_CHECKER": "giveaway-checker",
deploy	UNKNOWN STEP	  "STAGING_IP_GOLANG_SERVER": "golang-server",
deploy	UNKNOWN STEP	  "STAGING_IP_GOLANG_WORKER": "golang-worker",
deploy	UNKNOWN STEP	  "STAGING_IP_KIBANA": "kibana",
deploy	UNKNOWN STEP	  "STAGING_IP_METABASE": "metabase",
deploy	UNKNOWN STEP	  "STAGING_IP_MINIO": "minio",
deploy	UNKNOWN STEP	  "STAGING_IP_MINI_APP": "mini-app",
deploy	UNKNOWN STEP	  "STAGING_IP_MINI_APP_CRON": "mini-app-sbt-worker",
deploy	UNKNOWN STEP	  "STAGING_IP_NFT_MANAGER": "nft-manager",
deploy	UNKNOWN STEP	  "STAGING_IP_PARTICIPANT_TMA": "participant-tma",
deploy	UNKNOWN STEP	  "STAGING_IP_PGADMIN": "pgadmin",
deploy	UNKNOWN STEP	  "STAGING_IP_POA_WORKER": "mini-app-poa-worker",
deploy	UNKNOWN STEP	  "STAGING_IP_POSTGRES": "postgres",
deploy	UNKNOWN STEP	  "STAGING_IP_RABBITMQ": "rabbitmq",
deploy	UNKNOWN STEP	  "STAGING_IP_RANGE_BASE": "host.docker.internal",
deploy	UNKNOWN STEP	  "STAGING_IP_RANGE_START": "172.11",
deploy	UNKNOWN STEP	  "STAGING_IP_RANGE_SUBNET": "24",
deploy	UNKNOWN STEP	  "STAGING_IP_REDIS": "redis",
deploy	UNKNOWN STEP	  "STAGING_IP_SOCKET": "IP_SOCKET=mini-app-notification-socket",
deploy	UNKNOWN STEP	  "STAGING_IP_SWAGGER_UI": "swagger-ui",
deploy	UNKNOWN STEP	  "STAGING_IP_TELEGRAM_BOT": "telegram-bot",
deploy	UNKNOWN STEP	  "STAGING_IP_WEBSITE": "website",
deploy	UNKNOWN STEP	  "STAGING_JWT_SECRET_SOCKET": "JFDmdjeu__@HF_KKSEEWR_ERWER_FGDFG_ET%DG%34534aasd%_Rhueflihfsdlnf",
deploy	UNKNOWN STEP	  "STAGING_KIBANA_HASHED_PASSWORD": "$2a$14$6P83mnKs9BxP2qZDaMU.2OzBHY3SG0nnaVXJ8nKluEWEWD5RMmN/W",
deploy	UNKNOWN STEP	  "STAGING_KIBANA_PORT": "4023",
deploy	UNKNOWN STEP	  "STAGING_KIBANA_USERNAME": "monitor",
deploy	UNKNOWN STEP	  "STAGING_LINKEDIN_CLIENT_ID": "77osbnm9chxr4c",
deploy	UNKNOWN STEP	  "STAGING_LOCAL_DOMAIN": "staging-app.toncloud.observer",
deploy	UNKNOWN STEP	  "STAGING_MB_REDIRECT_ALL_REQUESTS_TO_HTTPS": "true",
deploy	UNKNOWN STEP	  "STAGING_METABASE_DOMAIN": "staging-metabase.toncloud.observer",
deploy	UNKNOWN STEP	  "STAGING_MINIO_COLLECTION_BUCKET": "***collection",
deploy	UNKNOWN STEP	  "STAGING_MINIO_DASHBOARD_PORT": "4014",
deploy	UNKNOWN STEP	  "STAGING_MINIO_DOC_BUCKET": "***doc",
deploy	UNKNOWN STEP	  "STAGING_MINIO_DOC_DEFAULT_BUCKET": "***",
deploy	UNKNOWN STEP	  "STAGING_MINIO_ENDPOINT": "minio",
deploy	UNKNOWN STEP	  "STAGING_MINIO_IMAGE_BUCKET": "***image",
deploy	UNKNOWN STEP	  "STAGING_MINIO_ITEM_BUCKET": "***item",
deploy	UNKNOWN STEP	  "STAGING_MINIO_PORT": "4012",
deploy	UNKNOWN STEP	  "STAGING_MINIO_PUBLIC_URL": "https://staging-storage.toncloud.observer",
deploy	UNKNOWN STEP	  "STAGING_MINIO_REGION_NAME": "default",
deploy	UNKNOWN STEP	  "STAGING_MINIO_SBT_COLLECTIONS_BUCKET": "sbt-collections",
deploy	UNKNOWN STEP	  "STAGING_MINIO_STORAGE_ADMIN_DOMAIN": "staging-storage-admin.toncloud.observer",
deploy	UNKNOWN STEP	  "STAGING_MINIO_STORAGE_DOMAIN": "staging-storage.toncloud.observer",
deploy	UNKNOWN STEP	  "STAGING_MINIO_VIDEO_BUCKET": "***video",
deploy	UNKNOWN STEP	  "STAGING_MINI_APP_DOMAIN": "staging-app.toncloud.observer",
deploy	UNKNOWN STEP	  "STAGING_MINI_APP_PORT": "4000",
deploy	UNKNOWN STEP	  "STAGING_MINI_APP_SOCKET_DOMAIN": "staging-socket.toncloud.observer",
deploy	UNKNOWN STEP	  "STAGING_MONITORING_DOMAIN": "staging-monitoring.toncloud.observer",
deploy	UNKNOWN STEP	  "STAGING_MS_CLIENT_ID": "916e0c9f-17bc-45c2-9cbc-025c48a0d449",
deploy	UNKNOWN STEP	  "STAGING_NETWORK_NAME": "***-staging",
deploy	UNKNOWN STEP	  "STAGING_NETWORK_PUBLIC_IP": "***",
deploy	UNKNOWN STEP	  "STAGING_NEXT_PUBLIC_API_BASE_URL": "https://staging-app.toncloud.observer/api/v1",
deploy	UNKNOWN STEP	  "STAGING_NEXT_PUBLIC_APP_BASE_URL": "https://staging-app.toncloud.observer",
deploy	UNKNOWN STEP	  "STAGING_NEXT_PUBLIC_BACKEND_URL_CLIENT": "https://staging-app.toncloud.observer/api/client/v1/",
deploy	UNKNOWN STEP	  "STAGING_NEXT_PUBLIC_BOT_USERNAME": "notnonstagebot",
deploy	UNKNOWN STEP	  "STAGING_NEXT_PUBLIC_ENV": "staging",
deploy	UNKNOWN STEP	  "STAGING_NEXT_PUBLIC_GTM": "GTM-staging",
deploy	UNKNOWN STEP	  "STAGING_NEXT_PUBLIC_SOCKET_URL": "staging-socket.toncloud.observer",
deploy	UNKNOWN STEP	  "STAGING_NEXT_PUBLIC_TRPC_BASE_URL": "https://staging-app.toncloud.observer",
deploy	UNKNOWN STEP	  "STAGING_NFT_INTERVAL_TIME": "60000",
deploy	UNKNOWN STEP	  "STAGING_NFT_MANAGER_PORT": "4004",
deploy	UNKNOWN STEP	  "STAGING_NODE_ENV": "production",
deploy	UNKNOWN STEP	  "STAGING_NODE_TLS_REJECT_UNAUTHORIZED": "0",
deploy	UNKNOWN STEP	  "STAGING_ONTON_DOMAIN": "staging.toncloud.observer",
deploy	UNKNOWN STEP	  "STAGING_PARTICIPANT_TMA_PORT": "4001",
deploy	UNKNOWN STEP	  "STAGING_PGADMIN_DOMAIN": "staging-pgadmin.toncloud.observer",
deploy	UNKNOWN STEP	  "STAGING_PORT_CLIENT_WEB": "4007",
deploy	UNKNOWN STEP	  "STAGING_PORT_METABASE": "4009",
deploy	UNKNOWN STEP	  "STAGING_PORT_PGADMIN": "4006",
deploy	UNKNOWN STEP	  "STAGING_PORT_WEB_SITE": "4005",
deploy	UNKNOWN STEP	  "STAGING_POSTGRES_METABASE_DB": "staging-mini-app",
deploy	UNKNOWN STEP	  "STAGING_POSTGRES_MINI_APP_DB": "staging-mini-app",
deploy	UNKNOWN STEP	  "STAGING_POSTGRES_NFT_MANAGER_DB": "staging-nft-manager",
deploy	UNKNOWN STEP	  "STAGING_POSTGRES_PORT": "4008",
deploy	UNKNOWN STEP	  "STAGING_PTMA_API_BASE_URL": "https://staging-app.toncloud.observer/api/v1",
deploy	UNKNOWN STEP	  "STAGING_RABBITMQ_DOMAIN": "staging-rabbitmq.toncloud.observer",
deploy	UNKNOWN STEP	  "STAGING_RABBITMQ_MANAGEMENT_PORT": "4015",
deploy	UNKNOWN STEP	  "STAGING_RABBITMQ_NODE_PORT": "4016",
deploy	UNKNOWN STEP	  "STAGING_REDIS_DATABASES": "1",
deploy	UNKNOWN STEP	  "STAGING_REDIS_PORT": "4011",
deploy	UNKNOWN STEP	  "STAGING_REGISTRY_URL": "registry.toncloud.observer",
deploy	UNKNOWN STEP	  "STAGING_SOCKET_PORT": "40***",
deploy	UNKNOWN STEP	  "STAGING_STAGE_NAME": "staging-***",
deploy	UNKNOWN STEP	  "STAGING_SWAGGER_UI_DOMAIN": "staging-swagger-ui.toncloud.observer",
deploy	UNKNOWN STEP	  "STAGING_SWAGGER_UI_PORT": "4024",
deploy	UNKNOWN STEP	  "STAGING_SYS_CADDY_REPLICAS": "1",
deploy	UNKNOWN STEP	  "STAGING_SYS_MINI_APP_REPLICAS": "2",
deploy	UNKNOWN STEP	  "STAGING_SYS_PARTICIPANT_TMA_REPLICAS": "2",
deploy	UNKNOWN STEP	  "STAGING_SYS_WEB_SITE_REPLICAS": "1",
deploy	UNKNOWN STEP	  "STAGING_TELEGRAM_BOT_PORT": "4002",
deploy	UNKNOWN STEP	  "STAGING_TG_EVENTS_TOPIC": "2",
deploy	UNKNOWN STEP	  "STAGING_TG_LOGS_GROUP_ID": "-100***64975789",
deploy	UNKNOWN STEP	  "STAGING_TG_LOG_BOT_TOKEN": "7604730825:AAE1WJHs5lFI2zX_tba6M-1HYfffA8ugFmA",
deploy	UNKNOWN STEP	  "STAGING_TG_NOTIFICATION_CHANELL": "-1002164161685",
deploy	UNKNOWN STEP	  "STAGING_TG_SYSTEM_TOPIC": "16",
deploy	UNKNOWN STEP	  "STAGING_TG_TICKETS_TOPIC": "4",
deploy	UNKNOWN STEP	  "STAGING_TON_CENTER_ENDPOINT": "https://toncenter.com/api/v2/jsonRPC",
deploy	UNKNOWN STEP	  "STAGING_TON_SOCIETY_BASE_URL": "https://id.ton.org/v1",
deploy	UNKNOWN STEP	  "STAGING_TWITTER_CLIENT_ID": "SU1RUS0xaHNsRk5kd014UlZieDQ6MTpjaQ",
deploy	UNKNOWN STEP	  "STAGING_USE_CLOUDFLARE": "true",
deploy	UNKNOWN STEP	  "STAGING_USE_MAIN_IP_TO_EXPOSE": "true",
deploy	UNKNOWN STEP	  "TELEGRAM_BOT_TOKEN_FOR_DEPLOYMENT": "7604730825:AAHhtwa4bGhELsBn2VqUxIIFXVJkRJfKuDs",
deploy	UNKNOWN STEP	  "TELEGRAM_CHAT_ID_FOR_DEPLOYMENT": "***"
deploy	UNKNOWN STEP	}
deploy	UNKNOWN STEP	2026-02-09T09:13:28.2235053Z   SSH_AUTH_SOCK: /tmp/ssh-INNUIgKIh2X5/agent.2073
deploy	UNKNOWN STEP	2026-02-09T09:13:28.2235661Z   SSH_AGENT_PID: 2074
deploy	UNKNOWN STEP	2026-02-09T09:13:28.2236166Z ##[endgroup]
deploy	UNKNOWN STEP	2026-02-09T09:13:28.2299126Z Setting up SSH environment variables...
deploy	UNKNOWN STEP	2026-02-09T09:13:28.2340756Z ##[group]Run if [[ "dev" == "dev" ]]; then
deploy	UNKNOWN STEP	2026-02-09T09:13:28.2341409Z [36;1mif [[ "dev" == "dev" ]]; then[0m
deploy	UNKNOWN STEP	2026-02-09T09:13:28.2342091Z [36;1m  echo "COMPOSE_FILE=docker-compose-server-dev.yml" >> $GITHUB_ENV[0m
deploy	UNKNOWN STEP	2026-02-09T09:13:28.2342758Z [36;1melse[0m
deploy	UNKNOWN STEP	2026-02-09T09:13:28.2343357Z [36;1m  echo "COMPOSE_FILE=docker-compose-server.yml" >> $GITHUB_ENV[0m
deploy	UNKNOWN STEP	2026-02-09T09:13:28.2343992Z [36;1mfi[0m
deploy	UNKNOWN STEP	2026-02-09T09:13:28.2377416Z shell: /usr/bin/bash -e {0}
deploy	UNKNOWN STEP	2026-02-09T09:13:28.2377943Z env:
deploy	UNKNOWN STEP	2026-02-09T09:13:28.2408544Z   ALLMYSECRETS: {
deploy	UNKNOWN STEP	  "DEV_MNEMONIC": "***",
deploy	UNKNOWN STEP	  "MAIN_PGADMIN_DEFAULT_PASSWORD": "***",
deploy	UNKNOWN STEP	  "DOCKER_HUB_TOKEN": "***",
deploy	UNKNOWN STEP	  "STAGING_ONTON_API_KEY": "***",
deploy	UNKNOWN STEP	  "STAGING_CLOUDFLARE_API_TOKEN": "***",
deploy	UNKNOWN STEP	  "DEV_TON_CENTER_TOKEN": "***",
deploy	UNKNOWN STEP	  "STAGING_ONTON_API_SECRET": "***",
deploy	UNKNOWN STEP	  "STAGING_GITHUB_CLIENT_SECRET": "***",
deploy	UNKNOWN STEP	  "SSH_MAIN_IP": "***",
deploy	UNKNOWN STEP	  "MAIN_TWITTER_CLIENT_SECRET": "***",
deploy	UNKNOWN STEP	  "STAGING_MINIO_ROOT_PASSWORD": "***",
deploy	UNKNOWN STEP	  "MAIN_GITHUB_CLIENT_SECRET": "***",
deploy	UNKNOWN STEP	  "STAGING_RABBITMQ_DEFAULT_PASS": "***",
deploy	UNKNOWN STEP	  "SSH_DEV_IP": "***",
deploy	UNKNOWN STEP	  "DEV_POSTGRES_PASSWORD": "***",
deploy	UNKNOWN STEP	  "SSH_PASSPHRASE": "***",
deploy	UNKNOWN STEP	  "STAGING_CLIENT_API_FIXED_KEY": "***",
deploy	UNKNOWN STEP	  "MAIN_TON_CENTER_TOKEN": "***",
deploy	UNKNOWN STEP	  "DOCKER_HUB_USERNAME": "***",
deploy	UNKNOWN STEP	  "GIT_API_KEY": "***",
deploy	UNKNOWN STEP	  "MAIN_CLOUDFLARE_EMAIL": "***",
deploy	UNKNOWN STEP	  "MAIN_DATABASE_URL": "***",
deploy	UNKNOWN STEP	  "MAIN_CLOUDFLARE_EMAIL_MAIN": "***",
deploy	UNKNOWN STEP	  "STAGING_PGADMIN_DEFAULT_EMAIL": "***",
deploy	UNKNOWN STEP	  "STAGING_SECRET_EVENT_WALLET_ENC_KEY": "***",
deploy	UNKNOWN STEP	  "STAGING_PGADMIN_DEFAULT_PASSWORD": "***",
deploy	UNKNOWN STEP	  "CR_PAT": "***",
deploy	UNKNOWN STEP	  "MAIN_CLOUDFLARE_API_TOKEN_MAIN": "***",
deploy	UNKNOWN STEP	  "MAIN_POSTGRES_USER": "***",
deploy	UNKNOWN STEP	  "DEV_BOT_TOKEN": "***",
deploy	UNKNOWN STEP	  "STAGING_REDIS_PASSWORD": "***",
deploy	UNKNOWN STEP	  "TELEGRAM_CHAT_ID_FOR_DEPLOYMENT": "***",
deploy	UNKNOWN STEP	  "STAGING_TONAPI_API_KEY": "***",
deploy	UNKNOWN STEP	  "STAGING_CLOUDFLARE_API_TOKEN_MAIN": "***",
deploy	UNKNOWN STEP	  "MAIN_BOT_TOKEN": "***",
deploy	UNKNOWN STEP	  "MAIN_SENTRY_AUTH_TOKEN": "***",
deploy	UNKNOWN STEP	  "github_token": "***",
deploy	UNKNOWN STEP	  "STAGING_DATABASE_URL_NFT_MANAGER": "***",
deploy	UNKNOWN STEP	  "DEV_CLOUDFLARE_API_TOKEN": "***",
deploy	UNKNOWN STEP	  "STAGING_TON_SOCIETY_API_KEY": "***",
deploy	UNKNOWN STEP	  "STAGING_POSTGRES_PASSWORD": "***",
deploy	UNKNOWN STEP	  "MAIN_RABBITMQ_DEFAULT_USER": "***",
deploy	UNKNOWN STEP	  "MAIN_CLOUDFLARE_API_TOKEN": "***",
deploy	UNKNOWN STEP	  "MAIN_CLOUDFLARE_DNS_ZONE_ID": "***",
deploy	UNKNOWN STEP	  "MAIN_REDIS_PASSWORD": "***",
deploy	UNKNOWN STEP	  "STAGING_MINIO_ROOT_USER": "***",
deploy	UNKNOWN STEP	  "MAIN_TON_SOCIETY_API_KEY": "***",
deploy	UNKNOWN STEP	  "STAGING_CLOUDFLARE_DNS_ZONE_ID": "***",
deploy	UNKNOWN STEP	  "DEV_CLIENT_API_JWT_SECRET": "***",
deploy	UNKNOWN STEP	  "STAGING_BOT_TOKEN": "***",
deploy	UNKNOWN STEP	  "MAIN_MB_ENCRYPTION_SECRET_KEY": "***",
deploy	UNKNOWN STEP	  "USE_CLOUDFLARE": "***",
deploy	UNKNOWN STEP	  "MAIN_TONAPI_API_KEY": "***",
deploy	UNKNOWN STEP	  "SSH_PRIVATE_KEY": "***",
deploy	UNKNOWN STEP	  "MAIN_LINKEDIN_CLIENT_SECRET": "***",
deploy	UNKNOWN STEP	  "STAGING_MS_CLIENT_SECRET": "***",
deploy	UNKNOWN STEP	  "SSH_DEV_KEY": "***",
deploy	UNKNOWN STEP	  "STAGING_TWITTER_CLIENT_SECRET": "***",
deploy	UNKNOWN STEP	  "STAGING_CLIENT_API_JWT_SECRET": "***",
deploy	UNKNOWN STEP	  "MAIN_DATABASE_URL_NFT_MANAGER": "***",
deploy	UNKNOWN STEP	  "DEV_ONTON_API_SECRET": "***",
deploy	UNKNOWN STEP	  "MAIN_GOOGLE_CLIENT_SECRET": "***",
deploy	UNKNOWN STEP	  "MAIN_MS_CLIENT_SECRET": "***",
deploy	UNKNOWN STEP	  "STAGING_DATABASE_URL": "***",
deploy	UNKNOWN STEP	  "STAGING_TON_CENTER_TOKEN": "***",
deploy	UNKNOWN STEP	  "DEV_TON_SOCIETY_API_KEY": "***",
deploy	UNKNOWN STEP	  "MAIN_EVENT_WALLET_ENC_KEY": "***",
deploy	UNKNOWN STEP	  "STAGING_POSTGRES_USER": "***",
deploy	UNKNOWN STEP	  "MAIN_PGADMIN_DEFAULT_EMAIL": "***",
deploy	UNKNOWN STEP	  "SSH_MAIN_PORT": "***",
deploy	UNKNOWN STEP	  "MAIN_MNEMONIC": "***",
deploy	UNKNOWN STEP	  "MAIN_POSTGRES_PASSWORD": "***",
deploy	UNKNOWN STEP	  "DEV_TONAPI_API_KEY": "***",
deploy	UNKNOWN STEP	  "STAGING_GOOGLE_CLIENT_SECRET": "***",
deploy	UNKNOWN STEP	  "DEV_MB_ENCRYPTION_SECRET_KEY": "***",
deploy	UNKNOWN STEP	  "STAGING_SENTRY_AUTH_TOKEN": "***",
deploy	UNKNOWN STEP	  "DEV_DATABASE_URL": "***",
deploy	UNKNOWN STEP	  "DEV_MINIO_ROOT_PASSWORD": "***",
deploy	UNKNOWN STEP	  "MAIN_RABBITMQ_DEFAULT_PASS": "***",
deploy	UNKNOWN STEP	  "TELEGRAM_BOT_TOKEN_FOR_DEPLOYMENT": "***",
deploy	UNKNOWN STEP	  "MAIN_ONTON_API_SECRET": "***",
deploy	UNKNOWN STEP	  "MAIN_CLIENT_API_FIXED_KEY": "***",
deploy	UNKNOWN STEP	  "SSH_DEV_PORT": "***",
deploy	UNKNOWN STEP	  "DEV_ONTON_API_KEY": "***",
deploy	UNKNOWN STEP	  "DEV_MINIO_ROOT_USER": "***",
deploy	UNKNOWN STEP	  "STAGING_MNEMONIC": "***",
deploy	UNKNOWN STEP	  "MAIN_MINIO_ROOT_USER": "***",
deploy	UNKNOWN STEP	  "DEV_PGADMIN_DEFAULT_PASSWORD": "***",
deploy	UNKNOWN STEP	  "DEV_CLIENT_API_FIXED_KEY": "***",
deploy	UNKNOWN STEP	  "STAGING_CLOUDFLARE_EMAIL": "***",
deploy	UNKNOWN STEP	  "STAGING_MB_ENCRYPTION_SECRET_KEY": "***",
deploy	UNKNOWN STEP	  "MAIN_MINIO_ROOT_PASSWORD": "***",
deploy	UNKNOWN STEP	  "MAIN_ONTON_API_KEY": "***",
deploy	UNKNOWN STEP	  "STAGING_RABBITMQ_DEFAULT_USER": "***",
deploy	UNKNOWN STEP	  "MAIN_CLIENT_API_JWT_SECRET": "***",
deploy	UNKNOWN STEP	  "STAGING_LINKEDIN_CLIENT_SECRET": "***",
deploy	UNKNOWN STEP	  "DEV_RABBITMQ_DEFAULT_PASS": "***"
deploy	UNKNOWN STEP	}
deploy	UNKNOWN STEP	2026-02-09T09:13:28.2489392Z   ALLMYVARS: {
deploy	UNKNOWN STEP	  "DEV_ACME_AGREE": "true",
deploy	UNKNOWN STEP	  "DEV_BRANCH_NAME": "dev",
deploy	UNKNOWN STEP	  "DEV_CACHE_ENABLED": "true",
deploy	UNKNOWN STEP	  "DEV_CLAMAV_PORT": "***10",
deploy	UNKNOWN STEP	  "DEV_CLIENT_API_FIXED_ORGANIZER": "@Ontonadmin",
deploy	UNKNOWN STEP	  "DEV_CLIENT_API_FIXED_USER": "@Ontonadmin",
deploy	UNKNOWN STEP	  "DEV_CLIENT_WEB_DOMAIN": "dev-client-web.dev.***.live",
deploy	UNKNOWN STEP	  "DEV_COMPOSE_PROJECT_NAME": "develop-***",
deploy	UNKNOWN STEP	  "DEV_ENV": "development",
deploy	UNKNOWN STEP	  "DEV_EVENT_WALLET_ENC_KEY": "Ci5M6/B4Wke4qX6tXViVeW0xM0iH0yh/qvD3Y1xu2v8",
deploy	UNKNOWN STEP	  "DEV_GOLANG_SERVER_PORT": "3013",
deploy	UNKNOWN STEP	  "DEV_IP_CADDY": "caddy",
deploy	UNKNOWN STEP	  "DEV_IP_CLAMAV": "host.docker.internal",
deploy	UNKNOWN STEP	  "DEV_IP_CLIENT_WEB": "client-web",
deploy	UNKNOWN STEP	  "DEV_IP_GIVEAWAY_CHECKER": "giveaway-checker",
deploy	UNKNOWN STEP	  "DEV_IP_GOLANG_SERVER": "golang-server",
deploy	UNKNOWN STEP	  "DEV_IP_GOLANG_WORKER": "golang-worker",
deploy	UNKNOWN STEP	  "DEV_IP_KIBANA": "kibana",
deploy	UNKNOWN STEP	  "DEV_IP_METABASE": "metabase",
deploy	UNKNOWN STEP	  "DEV_IP_MINIO": "minio",
deploy	UNKNOWN STEP	  "DEV_IP_MINI_APP": "mini-app",
deploy	UNKNOWN STEP	  "DEV_IP_MINI_APP_CRON": "mini-app-sbt-worker",
deploy	UNKNOWN STEP	  "DEV_IP_NFT_MANAGER": "nft-manager",
deploy	UNKNOWN STEP	  "DEV_IP_PARTICIPANT_TMA": "participant-tma",
deploy	UNKNOWN STEP	  "DEV_IP_PGADMIN": "pgadmin",
deploy	UNKNOWN STEP	  "DEV_IP_POA_WORKER": "mini-app-poa-worker",
deploy	UNKNOWN STEP	  "DEV_IP_POSTGRES": "postgres",
deploy	UNKNOWN STEP	  "DEV_IP_RABBITMQ": "rabbitmq",
deploy	UNKNOWN STEP	  "DEV_IP_RANGE_BASE": "host.docker.internal",
deploy	UNKNOWN STEP	  "DEV_IP_RANGE_START": "172.10",
deploy	UNKNOWN STEP	  "DEV_IP_RANGE_SUBNET": "24",
deploy	UNKNOWN STEP	  "DEV_IP_REDIS": "redis",
deploy	UNKNOWN STEP	  "DEV_IP_SOCKET": "mini-app-notification-socket",
deploy	UNKNOWN STEP	  "DEV_IP_SWAGGER_UI": "swagger-ui",
deploy	UNKNOWN STEP	  "DEV_IP_TELEGRAM_BOT": "telegram-bot",
deploy	UNKNOWN STEP	  "DEV_IP_WEBSITE": "website",
deploy	UNKNOWN STEP	  "DEV_JWT_SECRET_SOCKET": "D3v@OnTonw3tds112ewq%KD___%1006-7-8-9-0OkMjKlll%909R9OOsf",
deploy	UNKNOWN STEP	  "DEV_KIBANA_HASHED_PASSWORD": "$2a$14$6P83mnKs9BxP2qZDaMU.2OzBHY3SG0nnaVXJ8nKluEWEWD5RMmN/W",
deploy	UNKNOWN STEP	  "DEV_KIBANA_PORT": "3023",
deploy	UNKNOWN STEP	  "DEV_KIBANA_USERNAME": "monitor",
deploy	UNKNOWN STEP	  "DEV_LOCAL_DOMAIN": "dev-app.dev.***.live",
deploy	UNKNOWN STEP	  "DEV_MB_REDIRECT_ALL_REQUESTS_TO_HTTPS": "true",
deploy	UNKNOWN STEP	  "DEV_METABASE_DOMAIN": "dev-metabase.dev.***.live",
deploy	UNKNOWN STEP	  "DEV_MINIO_COLLECTION_BUCKET": "***collection",
deploy	UNKNOWN STEP	  "DEV_MINIO_DASHBOARD_PORT": "3014",
deploy	UNKNOWN STEP	  "DEV_MINIO_DOC_BUCKET": "***doc",
deploy	UNKNOWN STEP	  "DEV_MINIO_DOC_DEFAULT_BUCKET": "***",
deploy	UNKNOWN STEP	  "DEV_MINIO_ENDPOINT": "minio",
deploy	UNKNOWN STEP	  "DEV_MINIO_IMAGE_BUCKET": "***image",
deploy	UNKNOWN STEP	  "DEV_MINIO_ITEM_BUCKET": "***item",
deploy	UNKNOWN STEP	  "DEV_MINIO_PORT": "3012",
deploy	UNKNOWN STEP	  "DEV_MINIO_PUBLIC_URL": "https://dev-storage.dev.***.live",
deploy	UNKNOWN STEP	  "DEV_MINIO_REGION_NAME": "default",
deploy	UNKNOWN STEP	  "DEV_MINIO_SBT_COLLECTIONS_BUCKET": "sbt-collections",
deploy	UNKNOWN STEP	  "DEV_MINIO_STORAGE_ADMIN_DOMAIN": "dev-storage-admin.dev.***.live",
deploy	UNKNOWN STEP	  "DEV_MINIO_STORAGE_DOMAIN": "dev-storage.dev.***.live",
deploy	UNKNOWN STEP	  "DEV_MINIO_VIDEO_BUCKET": "***video",
deploy	UNKNOWN STEP	  "DEV_MINI_APP_DOMAIN": "dev-app.dev.***.live",
deploy	UNKNOWN STEP	  "DEV_MINI_APP_PORT": "3000",
deploy	UNKNOWN STEP	  "DEV_MINI_APP_SOCKET_DOMAIN": "dev-socket.dev.***.live",
deploy	UNKNOWN STEP	  "DEV_MONITORING_DOMAIN": "dev-monitoring.dev.***.live",
deploy	UNKNOWN STEP	  "DEV_NETWORK_NAME": "***-dev",
deploy	UNKNOWN STEP	  "DEV_NETWORK_PUBLIC_IP": "***",
deploy	UNKNOWN STEP	  "DEV_NEXT_PUBLIC_API_BASE_URL": "https://dev-app.dev.***.live/api/v1",
deploy	UNKNOWN STEP	  "DEV_NEXT_PUBLIC_APP_BASE_URL": "https://dev-app.dev.***.live",
deploy	UNKNOWN STEP	  "DEV_NEXT_PUBLIC_BACKEND_URL_CLIENT": "https://dev-app.dev.***.live/api/client/v1/",
deploy	UNKNOWN STEP	  "DEV_NEXT_PUBLIC_BOT_USERNAME": "dev_ont0n_bot",
deploy	UNKNOWN STEP	  "DEV_NEXT_PUBLIC_ENV": "development",
deploy	UNKNOWN STEP	  "DEV_NEXT_PUBLIC_GTM": "GTM-dev",
deploy	UNKNOWN STEP	  "DEV_NEXT_PUBLIC_SOCKET_URL": "dev-socket.dev.***.live",
deploy	UNKNOWN STEP	  "DEV_NFT_INTERVAL_TIME": "60000",
deploy	UNKNOWN STEP	  "DEV_NFT_MANAGER_PORT": "3004",
deploy	UNKNOWN STEP	  "DEV_NODE_ENV": "production",
deploy	UNKNOWN STEP	  "DEV_NODE_TLS_REJECT_UNAUTHORIZED": "0",
deploy	UNKNOWN STEP	  "DEV_ONTON_DOMAIN": "dev.***.live",
deploy	UNKNOWN STEP	  "DEV_PARTICIPANT_TMA_PORT": "3001",
deploy	UNKNOWN STEP	  "DEV_PGADMIN_DOMAIN": "dev-pgadmin.dev.***.live",
deploy	UNKNOWN STEP	  "DEV_PORT_CLIENT_WEB": "3007",
deploy	UNKNOWN STEP	  "DEV_PORT_METABASE": "3009",
deploy	UNKNOWN STEP	  "DEV_PORT_PGADMIN": "3006",
deploy	UNKNOWN STEP	  "DEV_PORT_WEB_SITE": "3005",
deploy	UNKNOWN STEP	  "DEV_POSTGRES_METABASE_DB": "dev-mini-app",
deploy	UNKNOWN STEP	  "DEV_POSTGRES_MINI_APP_DB": "dev-mini-app",
deploy	UNKNOWN STEP	  "DEV_POSTGRES_NFT_MANAGER_DB": "dev-nft-manager",
deploy	UNKNOWN STEP	  "DEV_POSTGRES_PORT": "3008",
deploy	UNKNOWN STEP	  "DEV_PTMA_API_BASE_URL": "https://dev-app.dev.***.live/api/v1",
deploy	UNKNOWN STEP	  "DEV_RABBITMQ_DOMAIN": "dev-rabbitmq.dev.***.live",
deploy	UNKNOWN STEP	  "DEV_RABBITMQ_MANAGEMENT_PORT": "3015",
deploy	UNKNOWN STEP	  "DEV_RABBITMQ_NODE_PORT": "3016",
deploy	UNKNOWN STEP	  "DEV_REDIS_DATABASES": "1",
deploy	UNKNOWN STEP	  "DEV_REDIS_PORT": "3011",
deploy	UNKNOWN STEP	  "DEV_REGISTRY_URL": "ghcr.io",
deploy	UNKNOWN STEP	  "DEV_SOCKET_PORT": "30***",
deploy	UNKNOWN STEP	  "DEV_STAGE_NAME": "dev-***",
deploy	UNKNOWN STEP	  "DEV_SWAGGER_UI_DOMAIN": "dev-swagger-ui.dev.***.live",
deploy	UNKNOWN STEP	  "DEV_SWAGGER_UI_PORT": "3024",
deploy	UNKNOWN STEP	  "DEV_SYS_CADDY_REPLICAS": "1",
deploy	UNKNOWN STEP	  "DEV_SYS_MINI_APP_REPLICAS": "1",
deploy	UNKNOWN STEP	  "DEV_SYS_PARTICIPANT_TMA_REPLICAS": "1",
deploy	UNKNOWN STEP	  "DEV_SYS_WEB_SITE_REPLICAS": "1",
deploy	UNKNOWN STEP	  "DEV_TELEGRAM_BOT_PORT": "3002",
deploy	UNKNOWN STEP	  "DEV_TG_EVENTS_TOPIC": "2",
deploy	UNKNOWN STEP	  "DEV_TG_LOGS_GROUP_ID": "-1002308507308",
deploy	UNKNOWN STEP	  "DEV_TG_LOG_BOT_TOKEN": "7604730825:AAE1WJHs5lFI2zX_tba6M-1HYfffA8ugFmA",
deploy	UNKNOWN STEP	  "DEV_TG_NOTIFICATION_CHANELL": "-1002164161685",
deploy	UNKNOWN STEP	  "DEV_TG_SYSTEM_TOPIC": "16",
deploy	UNKNOWN STEP	  "DEV_TG_TICKETS_TOPIC": "4",
deploy	UNKNOWN STEP	  "DEV_TON_CENTER_ENDPOINT": "https://toncenter.com/api/v2/jsonRPC",
deploy	UNKNOWN STEP	  "DEV_TON_SOCIETY_BASE_URL": "https://id.ton.org/v1",
deploy	UNKNOWN STEP	  "DEV_USE_CLOUDFLARE": "true",
deploy	UNKNOWN STEP	  "DEV_USE_MAIN_IP_TO_EXPOSE": "true",
deploy	UNKNOWN STEP	  "MAIN_ACME_AGREE": "true",
deploy	UNKNOWN STEP	  "MAIN_BRANCH_NAME": "main",
deploy	UNKNOWN STEP	  "MAIN_CACHE_ENABLED": "true",
deploy	UNKNOWN STEP	  "MAIN_CLAMAV_PORT": "***10",
deploy	UNKNOWN STEP	  "MAIN_CLIENT_API_FIXED_ORGANIZER": "@Ontonadmin",
deploy	UNKNOWN STEP	  "MAIN_CLIENT_API_FIXED_USER": "@Ontonadmin",
deploy	UNKNOWN STEP	  "MAIN_CLIENT_WEB_DOMAIN": "client-web.***.live",
deploy	UNKNOWN STEP	  "MAIN_COMPOSE_PROJECT_NAME": "production-***",
deploy	UNKNOWN STEP	  "MAIN_ENV": "production",
deploy	UNKNOWN STEP	  "MAIN_GITHUB_CLIENT_ID": "Ov23liQFN1rMeZicYHnL",
deploy	UNKNOWN STEP	  "MAIN_GITHUB_REPO": "***bot",
deploy	UNKNOWN STEP	  "MAIN_GOLANG_SERVER_PORT": "8013",
deploy	UNKNOWN STEP	  "MAIN_GOOGLE_CLIENT_ID": "174044865725-8urfv981fca74aj3bq2kqik7fbe2rggg.apps.googleusercontent.com",
deploy	UNKNOWN STEP	  "MAIN_IP_CADDY": "caddy",
deploy	UNKNOWN STEP	  "MAIN_IP_CLAMAV": "host.docker.internal",
deploy	UNKNOWN STEP	  "MAIN_IP_CLIENT_WEB": "client-web",
deploy	UNKNOWN STEP	  "MAIN_IP_GIVEAWAY_CHECKER": "giveaway-checker",
deploy	UNKNOWN STEP	  "MAIN_IP_GOLANG_SERVER": "golang-server",
deploy	UNKNOWN STEP	  "MAIN_IP_GOLANG_WORKER": "golang-worker",
deploy	UNKNOWN STEP	  "MAIN_IP_KIBANA": "kibana",
deploy	UNKNOWN STEP	  "MAIN_IP_METABASE": "metabase",
deploy	UNKNOWN STEP	  "MAIN_IP_MINIO": "minio",
deploy	UNKNOWN STEP	  "MAIN_IP_MINI_APP": "mini-app",
deploy	UNKNOWN STEP	  "MAIN_IP_MINI_APP_CRON": "mini-app-sbt-worker",
deploy	UNKNOWN STEP	  "MAIN_IP_NFT_MANAGER": "nft-manager",
deploy	UNKNOWN STEP	  "MAIN_IP_PARTICIPANT_TMA": "participant-tma",
deploy	UNKNOWN STEP	  "MAIN_IP_PGADMIN": "pgadmin",
deploy	UNKNOWN STEP	  "MAIN_IP_POA_WORKER": "mini-app-poa-worker",
deploy	UNKNOWN STEP	  "MAIN_IP_POSTGRES": "postgres",
deploy	UNKNOWN STEP	  "MAIN_IP_RABBITMQ": "rabbitmq",
deploy	UNKNOWN STEP	  "MAIN_IP_RANGE_BASE": "host.docker.internal",
deploy	UNKNOWN STEP	  "MAIN_IP_REDIS": "redis",
deploy	UNKNOWN STEP	  "MAIN_IP_SOCKET": "mini-app-notification-socket",
deploy	UNKNOWN STEP	  "MAIN_IP_SWAGGER_UI": "swagger-ui",
deploy	UNKNOWN STEP	  "MAIN_IP_TELEGRAM_BOT": "telegram-bot",
deploy	UNKNOWN STEP	  "MAIN_IP_WEBSITE": "website",
deploy	UNKNOWN STEP	  "MAIN_JWT_SECRET_SOCKET": "JFDmdjeu__@HF_KKSEEWR_ERW*ER_FGDFG_ET%DG%34534aasd_Rhuefli!hfsdlnf",
deploy	UNKNOWN STEP	  "MAIN_KIBANA_HASHED_PASSWORD": "$2a$14$6P83mnKs9BxP2qZDaMU.2OzBHY3SG0nnaVXJ8nKluEWEWD5RMmN/W",
deploy	UNKNOWN STEP	  "MAIN_KIBANA_PORT": "8023",
deploy	UNKNOWN STEP	  "MAIN_KIBANA_USERNAME": "monitor",
deploy	UNKNOWN STEP	  "MAIN_LINKEDIN_CLIENT_ID": "77osbnm9chxr4c",
deploy	UNKNOWN STEP	  "MAIN_LOCAL_DOMAIN": "***.live",
deploy	UNKNOWN STEP	  "MAIN_MB_REDIRECT_ALL_REQUESTS_TO_HTTPS": "true",
deploy	UNKNOWN STEP	  "MAIN_METABASE_DOMAIN": "metabase.***.live",
deploy	UNKNOWN STEP	  "MAIN_MINIO_COLLECTION_BUCKET": "***collection",
deploy	UNKNOWN STEP	  "MAIN_MINIO_DASHBOARD_PORT": "8014",
deploy	UNKNOWN STEP	  "MAIN_MINIO_DOC_BUCKET": "***doc",
deploy	UNKNOWN STEP	  "MAIN_MINIO_DOC_DEFAULT_BUCKET": "***",
deploy	UNKNOWN STEP	  "MAIN_MINIO_ENDPOINT": "minio",
deploy	UNKNOWN STEP	  "MAIN_MINIO_IMAGE_BUCKET": "***image",
deploy	UNKNOWN STEP	  "MAIN_MINIO_ITEM_BUCKET": "***item",
deploy	UNKNOWN STEP	  "MAIN_MINIO_PORT": "8012",
deploy	UNKNOWN STEP	  "MAIN_MINIO_PUBLIC_URL": "https://storage.***.live",
deploy	UNKNOWN STEP	  "MAIN_MINIO_REGION_NAME": "default",
deploy	UNKNOWN STEP	  "MAIN_MINIO_SBT_COLLECTIONS_BUCKET": "sbt-collections",
deploy	UNKNOWN STEP	  "MAIN_MINIO_STORAGE_ADMIN_DOMAIN": "storage-admin.***.live",
deploy	UNKNOWN STEP	  "MAIN_MINIO_STORAGE_DOMAIN": "storage.***.live",
deploy	UNKNOWN STEP	  "MAIN_MINIO_VIDEO_BUCKET": "***video",
deploy	UNKNOWN STEP	  "MAIN_MINI_APP_DOMAIN": "app.***.live",
deploy	UNKNOWN STEP	  "MAIN_MINI_APP_PORT": "8000",
deploy	UNKNOWN STEP	  "MAIN_MINI_APP_SOCKET_DOMAIN": "socket.***.live",
deploy	UNKNOWN STEP	  "MAIN_MONITORING_DOMAIN": "monitoring.***.live",
deploy	UNKNOWN STEP	  "MAIN_MS_CLIENT_ID": "916e0c9f-17bc-45c2-9cbc-025c48a0d449",
deploy	UNKNOWN STEP	  "MAIN_NETWORK_NAME": "***-production",
deploy	UNKNOWN STEP	  "MAIN_NETWORK_PUBLIC_IP": "***",
deploy	UNKNOWN STEP	  "MAIN_NEXT_PUBLIC_API_BASE_URL": "https://app.***.live/api/v1",
deploy	UNKNOWN STEP	  "MAIN_NEXT_PUBLIC_APP_BASE_URL": "https://app.***.live",
deploy	UNKNOWN STEP	  "MAIN_NEXT_PUBLIC_BACKEND_URL_CLIENT": "https://app.***.live/api/client/v1/",
deploy	UNKNOWN STEP	  "MAIN_NEXT_PUBLIC_BOT_USERNAME": "the***bot",
deploy	UNKNOWN STEP	  "MAIN_NEXT_PUBLIC_ENV": "production",
deploy	UNKNOWN STEP	  "MAIN_NEXT_PUBLIC_GTM": "GTM-TSCPWNCM",
deploy	UNKNOWN STEP	  "MAIN_NEXT_PUBLIC_SOCKET_URL": "socket.***.live",
deploy	UNKNOWN STEP	  "MAIN_NFT_INTERVAL_TIME": "60000",
deploy	UNKNOWN STEP	  "MAIN_NFT_MANAGER_PORT": "8004",
deploy	UNKNOWN STEP	  "MAIN_NODE_ENV": "production",
deploy	UNKNOWN STEP	  "MAIN_NODE_TLS_REJECT_UNAUTHORIZED": "1",
deploy	UNKNOWN STEP	  "MAIN_ONTON_DOMAIN": "***.live",
deploy	UNKNOWN STEP	  "MAIN_PARTICIPANT_TMA_PORT": "8001",
deploy	UNKNOWN STEP	  "MAIN_PGADMIN_DOMAIN": "pgadmin.***.live",
deploy	UNKNOWN STEP	  "MAIN_PORT_CLIENT_WEB": "8007",
deploy	UNKNOWN STEP	  "MAIN_PORT_METABASE": "8009",
deploy	UNKNOWN STEP	  "MAIN_PORT_PGADMIN": "8006",
deploy	UNKNOWN STEP	  "MAIN_PORT_WEB_SITE": "8005",
deploy	UNKNOWN STEP	  "MAIN_POSTGRES_METABASE_DB": "production-mini-app",
deploy	UNKNOWN STEP	  "MAIN_POSTGRES_MINI_APP_DB": "production-mini-app",
deploy	UNKNOWN STEP	  "MAIN_POSTGRES_NFT_MANAGER_DB": "production-nft-manager",
deploy	UNKNOWN STEP	  "MAIN_POSTGRES_PORT": "8008",
deploy	UNKNOWN STEP	  "MAIN_PTMA_API_BASE_URL": "https://app.***.live/api/v1",
deploy	UNKNOWN STEP	  "MAIN_RABBITMQ_DOMAIN": "rabbitmq.***.live",
deploy	UNKNOWN STEP	  "MAIN_RABBITMQ_MANAGEMENT_PORT": "8015",
deploy	UNKNOWN STEP	  "MAIN_RABBITMQ_NODE_PORT": "8016",
deploy	UNKNOWN STEP	  "MAIN_REDIS_DATABASES": "1",
deploy	UNKNOWN STEP	  "MAIN_REDIS_PORT": "8011",
deploy	UNKNOWN STEP	  "MAIN_REGISTRY_URL": "registry.toncloud.observer",
deploy	UNKNOWN STEP	  "MAIN_SOCKET_PORT": "80***",
deploy	UNKNOWN STEP	  "MAIN_STAGE_NAME": "main-***",
deploy	UNKNOWN STEP	  "MAIN_SWAGGER_UI_DOMAIN": "swagger-ui.***.live",
deploy	UNKNOWN STEP	  "MAIN_SWAGGER_UI_PORT": "8024",
deploy	UNKNOWN STEP	  "MAIN_SYS_CADDY_REPLICAS": "1",
deploy	UNKNOWN STEP	  "MAIN_SYS_MINI_APP_REPLICAS": "12",
deploy	UNKNOWN STEP	  "MAIN_SYS_PARTICIPANT_TMA_REPLICAS": "6",
deploy	UNKNOWN STEP	  "MAIN_SYS_WEB_SITE_REPLICAS": "3",
deploy	UNKNOWN STEP	  "MAIN_TELEGRAM_BOT_PORT": "8002",
deploy	UNKNOWN STEP	  "MAIN_TG_EVENTS_TOPIC": "2",
deploy	UNKNOWN STEP	  "MAIN_TG_LOGS_GROUP_ID": "-1002300666538",
deploy	UNKNOWN STEP	  "MAIN_TG_LOG_BOT_TOKEN": "7604730825:AAE1WJHs5lFI2zX_tba6M-1HYfffA8ugFmA",
deploy	UNKNOWN STEP	  "MAIN_TG_NOTIFICATION_CHANELL": "-100***32083***",
deploy	UNKNOWN STEP	  "MAIN_TG_SYSTEM_TOPIC": "16",
deploy	UNKNOWN STEP	  "MAIN_TG_TICKETS_TOPIC": "4",
deploy	UNKNOWN STEP	  "MAIN_TON_CENTER_ENDPOINT": "https://toncenter.com/api/v2/jsonRPC",
deploy	UNKNOWN STEP	  "MAIN_TON_SOCIETY_BASE_URL": "https://id.ton.org/v1",
deploy	UNKNOWN STEP	  "MAIN_TWITTER_CLIENT_ID": "SU1RUS0xaHNsRk5kd014UlZieDQ6MTpjaQ",
deploy	UNKNOWN STEP	  "MAIN_USE_CLOUDFLARE": "true",
deploy	UNKNOWN STEP	  "MAIN_USE_MAIN_IP_TO_EXPOSE": "true",
deploy	UNKNOWN STEP	  "NEXT_PUBLIC_BOT_USERNAME": "notnonstagebot",
deploy	UNKNOWN STEP	  "SANDBOX_ACME_AGREE": "true",
deploy	UNKNOWN STEP	  "SANDBOX_BRANCH_NAME": "sandbox",
deploy	UNKNOWN STEP	  "SANDBOX_CACHE_ENABLED": "true",
deploy	UNKNOWN STEP	  "SANDBOX_CLAMAV_PORT": "***10",
deploy	UNKNOWN STEP	  "SANDBOX_CLIENT_API_FIXED_ORGANIZER": "@Ontonadmin",
deploy	UNKNOWN STEP	  "SANDBOX_CLIENT_API_FIXED_USER": "@Ontonadmin",
deploy	UNKNOWN STEP	  "SANDBOX_CLIENT_WEB_DOMAIN": "sandbox-client-web.toncloud.observer",
deploy	UNKNOWN STEP	  "SANDBOX_COMPOSE_PROJECT_NAME": "sanbox-***",
deploy	UNKNOWN STEP	  "SANDBOX_IP_CADDY": "caddy",
deploy	UNKNOWN STEP	  "SANDBOX_IP_CLAMAV": "host.docker.internal",
deploy	UNKNOWN STEP	  "SANDBOX_IP_KIBANA": "kibana",
deploy	UNKNOWN STEP	  "SANDBOX_IP_METABASE": "metabase",
deploy	UNKNOWN STEP	  "SANDBOX_IP_PGADMIN": "pgadmin",
deploy	UNKNOWN STEP	  "SANDBOX_IP_POA_WORKER": "mini-app-poa-worker",
deploy	UNKNOWN STEP	  "SANDBOX_IP_POSTGRES": "postgres",
deploy	UNKNOWN STEP	  "SANDBOX_IP_SOCKET": "mini-app-notification-socket",
deploy	UNKNOWN STEP	  "SANDBOX_IP_TELEGRAM_BOT": "telegram-bot",
deploy	UNKNOWN STEP	  "SANDBOX_IP_WEBSITE": "website",
deploy	UNKNOWN STEP	  "SANDBOX_JWT_SECRET_SOCKET": "D3v@OnTonw3tds112ewq%KD___%1006-7-8-9-0OkMjKlll%909R9OOsf",
deploy	UNKNOWN STEP	  "SANDBOX_KIBANA_HASHED_PASSWORD": "$2a$14$6P83mnKs9BxP2qZDaMU.2OzBHY3SG0nnaVXJ8nKluEWEWD5RMmN/W",
deploy	UNKNOWN STEP	  "SANDBOX_KIBANA_PORT": "6023",
deploy	UNKNOWN STEP	  "SANDBOX_KIBANA_USERNAME": "monitor",
deploy	UNKNOWN STEP	  "SANDBOX_LOCAL_DOMAIN": "sandbox-app.toncloud.observer",
deploy	UNKNOWN STEP	  "SANDBOX_MB_REDIRECT_ALL_REQUESTS_TO_HTTPS": "true",
deploy	UNKNOWN STEP	  "SANDBOX_METABASE_DOMAIN": "sandbox-metabase.toncloud.observer",
deploy	UNKNOWN STEP	  "SANDBOX_MINIO_COLLECTION_BUCKET": "***collection",
deploy	UNKNOWN STEP	  "SANDBOX_MINIO_DASHBOARD_PORT": "6014",
deploy	UNKNOWN STEP	  "SANDBOX_MINIO_DOC_BUCKET": "***doc",
deploy	UNKNOWN STEP	  "SANDBOX_MINIO_DOC_DEFAULT_BUCKET": "***",
deploy	UNKNOWN STEP	  "SANDBOX_MINIO_ENDPOINT": "minio",
deploy	UNKNOWN STEP	  "SANDBOX_MINIO_IMAGE_BUCKET": "***image",
deploy	UNKNOWN STEP	  "SANDBOX_MINIO_ITEM_BUCKET": "***item",
deploy	UNKNOWN STEP	  "SANDBOX_MINIO_PORT": "6012",
deploy	UNKNOWN STEP	  "SANDBOX_MINIO_PUBLIC_URL": "https://sandbox-storage.toncloud.observer",
deploy	UNKNOWN STEP	  "SANDBOX_MINIO_REGION_NAME": "default",
deploy	UNKNOWN STEP	  "SANDBOX_MINIO_SBT_COLLECTIONS_BUCKET": "sbt-collections",
deploy	UNKNOWN STEP	  "SANDBOX_MINIO_STORAGE_ADMIN_DOMAIN": "sandbox-storage-admin.toncloud.observer",
deploy	UNKNOWN STEP	  "SANDBOX_MINIO_STORAGE_DOMAIN": "sandbox-storage.toncloud.observer",
deploy	UNKNOWN STEP	  "SANDBOX_MINIO_VIDEO_BUCKET": "***video",
deploy	UNKNOWN STEP	  "SANDBOX_MINI_APP_DOMAIN": "sandbox-app.toncloud.observer",
deploy	UNKNOWN STEP	  "SANDBOX_MINI_APP_PORT": "6000",
deploy	UNKNOWN STEP	  "SANDBOX_MINI_APP_SOCKET_DOMAIN": "sandbox-socket.toncloud.observer",
deploy	UNKNOWN STEP	  "SANDBOX_MONITORING_DOMAIN": "sandbox-monitoring.toncloud.observer",
deploy	UNKNOWN STEP	  "SANDBOX_NETWORK_NAME": "***-sandbox",
deploy	UNKNOWN STEP	  "SANDBOX_NETWORK_PUBLIC_IP": "***",
deploy	UNKNOWN STEP	  "SANDBOX_NEXT_PUBLIC_API_BASE_URL": "https://sandbox-app.toncloud.observer/api/v1",
deploy	UNKNOWN STEP	  "SANDBOX_NEXT_PUBLIC_APP_BASE_URL": "https://sandbox-app.toncloud.observer",
deploy	UNKNOWN STEP	  "SANDBOX_NEXT_PUBLIC_BACKEND_URL_CLIENT": "https://sandbox-app.toncloud.observer/api/client/v1/",
deploy	UNKNOWN STEP	  "SANDBOX_NEXT_PUBLIC_BOT_USERNAME": "sandbox_ont0n_bot",
deploy	UNKNOWN STEP	  "SANDBOX_NEXT_PUBLIC_GTM": "GTM-sandbox",
deploy	UNKNOWN STEP	  "SANDBOX_NEXT_PUBLIC_SOCKET_URL": "sandbox-socket.toncloud.observer",
deploy	UNKNOWN STEP	  "SANDBOX_NFT_INTERVAL_TIME": "60000",
deploy	UNKNOWN STEP	  "SANDBOX_NFT_MANAGER_PORT": "6004",
deploy	UNKNOWN STEP	  "SANDBOX_NODE_ENV": "production",
deploy	UNKNOWN STEP	  "SANDBOX_NODE_TLS_REJECT_UNAUTHORIZED": "0",
deploy	UNKNOWN STEP	  "SANDBOX_ONTON_DOMAIN": "sandbox.toncloud.observer",
deploy	UNKNOWN STEP	  "SANDBOX_PARTICIPANT_TMA_PORT": "6001",
deploy	UNKNOWN STEP	  "SANDBOX_PGADMIN_DOMAIN": "sandbox-pgadmin.toncloud.observer",
deploy	UNKNOWN STEP	  "SANDBOX_PORT_CLIENT_WEB": "6007",
deploy	UNKNOWN STEP	  "SANDBOX_PORT_METABASE": "6009",
deploy	UNKNOWN STEP	  "SANDBOX_PORT_PGADMIN": "6006",
deploy	UNKNOWN STEP	  "SANDBOX_PORT_WEB_SITE": "6005",
deploy	UNKNOWN STEP	  "SANDBOX_POSTGRES_METABASE_DB": "sandbox-mini-app",
deploy	UNKNOWN STEP	  "SANDBOX_POSTGRES_MINI_APP_DB": "sandbox-mini-app",
deploy	UNKNOWN STEP	  "SANDBOX_POSTGRES_NFT_MANAGER_DB": "sandbox-nft-manager",
deploy	UNKNOWN STEP	  "SANDBOX_POSTGRES_PORT": "6008",
deploy	UNKNOWN STEP	  "SANDBOX_PTMA_API_BASE_URL": "https://sandbox-app.toncloud.observer/api/v1",
deploy	UNKNOWN STEP	  "SANDBOX_RABBITMQ_DOMAIN": "sandbox-rabbitmq.toncloud.observer",
deploy	UNKNOWN STEP	  "SANDBOX_RABBITMQ_MANAGEMENT_PORT": "6015",
deploy	UNKNOWN STEP	  "SANDBOX_RABBITMQ_NODE_PORT": "6016",
deploy	UNKNOWN STEP	  "SANDBOX_REDIS_DATABASES": "1",
deploy	UNKNOWN STEP	  "SANDBOX_REDIS_PORT": "6011",
deploy	UNKNOWN STEP	  "SANDBOX_REGISTRY_URL": "registry.toncloud.observer",
deploy	UNKNOWN STEP	  "SANDBOX_SOCKET_PORT": "60***",
deploy	UNKNOWN STEP	  "SANDBOX_STAGE_NAME": "sandbox-***",
deploy	UNKNOWN STEP	  "SANDBOX_SYS_CADDY_REPLICAS": "1",
deploy	UNKNOWN STEP	  "SANDBOX_SYS_MINI_APP_REPLICAS": "2",
deploy	UNKNOWN STEP	  "SANDBOX_SYS_PARTICIPANT_TMA_REPLICAS": "2",
deploy	UNKNOWN STEP	  "SANDBOX_SYS_WEB_SITE_REPLICAS": "1",
deploy	UNKNOWN STEP	  "SANDBOX_TELEGRAM_BOT_PORT": "6002",
deploy	UNKNOWN STEP	  "SANDBOX_TG_NOTIFICATION_CHANELL": "-1002164161685",
deploy	UNKNOWN STEP	  "SANDBOX_TON_CENTER_ENDPOINT": "https://toncenter.com/api/v2/jsonRPC",
deploy	UNKNOWN STEP	  "SANDBOX_TON_SOCIETY_BASE_URL": "https://society.ton.org/v1",
deploy	UNKNOWN STEP	  "SANDBOX_USE_CLOUDFLARE": "true",
deploy	UNKNOWN STEP	  "SANDBOX_USE_MAIN_IP_TO_EXPOSE": "true",
deploy	UNKNOWN STEP	  "STAGING_ACME_AGREE": "true",
deploy	UNKNOWN STEP	  "STAGING_BRANCH_NAME": "staging",
deploy	UNKNOWN STEP	  "STAGING_CACHE_ENABLED": "true",
deploy	UNKNOWN STEP	  "STAGING_CLAMAV_PORT": "***10",
deploy	UNKNOWN STEP	  "STAGING_CLIENT_API_FIXED_ORGANIZER": "@Ontonadmin",
deploy	UNKNOWN STEP	  "STAGING_CLIENT_API_FIXED_USER": "@Ontonadmin",
deploy	UNKNOWN STEP	  "STAGING_CLIENT_WEB_DOMAIN": "staging-client-web.toncloud.observer",
deploy	UNKNOWN STEP	  "STAGING_COMPOSE_PROJECT_NAME": "staging-***",
deploy	UNKNOWN STEP	  "STAGING_ENV": "staging",
deploy	UNKNOWN STEP	  "STAGING_EVENT_WALLET_ENC_KEY": "Ci5M6/B4Wke4qX6tXViVeW0xM0iH0yh/qvD3Y1xu2v8",
deploy	UNKNOWN STEP	  "STAGING_GITHUB_CLIENT_ID": "Ov23liQFN1rMeZicYHnL",
deploy	UNKNOWN STEP	  "STAGING_GITHUB_REPO": "***bot",
deploy	UNKNOWN STEP	  "STAGING_GOLANG_SERVER_PORT": "4013",
deploy	UNKNOWN STEP	  "STAGING_GOOGLE_CLIENT_ID": "174044865725-8urfv981fca74aj3bq2kqik7fbe2rggg.apps.googleusercontent.com",
deploy	UNKNOWN STEP	  "STAGING_IP_CADDY": "caddy",
deploy	UNKNOWN STEP	  "STAGING_IP_CLAMAV": "host.docker.internal",
deploy	UNKNOWN STEP	  "STAGING_IP_CLIENT_WEB": "client-web",
deploy	UNKNOWN STEP	  "STAGING_IP_GIVEAWAY_CHECKER": "giveaway-checker",
deploy	UNKNOWN STEP	  "STAGING_IP_GOLANG_SERVER": "golang-server",
deploy	UNKNOWN STEP	  "STAGING_IP_GOLANG_WORKER": "golang-worker",
deploy	UNKNOWN STEP	  "STAGING_IP_KIBANA": "kibana",
deploy	UNKNOWN STEP	  "STAGING_IP_METABASE": "metabase",
deploy	UNKNOWN STEP	  "STAGING_IP_MINIO": "minio",
deploy	UNKNOWN STEP	  "STAGING_IP_MINI_APP": "mini-app",
deploy	UNKNOWN STEP	  "STAGING_IP_MINI_APP_CRON": "mini-app-sbt-worker",
deploy	UNKNOWN STEP	  "STAGING_IP_NFT_MANAGER": "nft-manager",
deploy	UNKNOWN STEP	  "STAGING_IP_PARTICIPANT_TMA": "participant-tma",
deploy	UNKNOWN STEP	  "STAGING_IP_PGADMIN": "pgadmin",
deploy	UNKNOWN STEP	  "STAGING_IP_POA_WORKER": "mini-app-poa-worker",
deploy	UNKNOWN STEP	  "STAGING_IP_POSTGRES": "postgres",
deploy	UNKNOWN STEP	  "STAGING_IP_RABBITMQ": "rabbitmq",
deploy	UNKNOWN STEP	  "STAGING_IP_RANGE_BASE": "host.docker.internal",
deploy	UNKNOWN STEP	  "STAGING_IP_RANGE_START": "172.11",
deploy	UNKNOWN STEP	  "STAGING_IP_RANGE_SUBNET": "24",
deploy	UNKNOWN STEP	  "STAGING_IP_REDIS": "redis",
deploy	UNKNOWN STEP	  "STAGING_IP_SOCKET": "IP_SOCKET=mini-app-notification-socket",
deploy	UNKNOWN STEP	  "STAGING_IP_SWAGGER_UI": "swagger-ui",
deploy	UNKNOWN STEP	  "STAGING_IP_TELEGRAM_BOT": "telegram-bot",
deploy	UNKNOWN STEP	  "STAGING_IP_WEBSITE": "website",
deploy	UNKNOWN STEP	  "STAGING_JWT_SECRET_SOCKET": "JFDmdjeu__@HF_KKSEEWR_ERWER_FGDFG_ET%DG%34534aasd%_Rhueflihfsdlnf",
deploy	UNKNOWN STEP	  "STAGING_KIBANA_HASHED_PASSWORD": "$2a$14$6P83mnKs9BxP2qZDaMU.2OzBHY3SG0nnaVXJ8nKluEWEWD5RMmN/W",
deploy	UNKNOWN STEP	  "STAGING_KIBANA_PORT": "4023",
deploy	UNKNOWN STEP	  "STAGING_KIBANA_USERNAME": "monitor",
deploy	UNKNOWN STEP	  "STAGING_LINKEDIN_CLIENT_ID": "77osbnm9chxr4c",
deploy	UNKNOWN STEP	  "STAGING_LOCAL_DOMAIN": "staging-app.toncloud.observer",
deploy	UNKNOWN STEP	  "STAGING_MB_REDIRECT_ALL_REQUESTS_TO_HTTPS": "true",
deploy	UNKNOWN STEP	  "STAGING_METABASE_DOMAIN": "staging-metabase.toncloud.observer",
deploy	UNKNOWN STEP	  "STAGING_MINIO_COLLECTION_BUCKET": "***collection",
deploy	UNKNOWN STEP	  "STAGING_MINIO_DASHBOARD_PORT": "4014",
deploy	UNKNOWN STEP	  "STAGING_MINIO_DOC_BUCKET": "***doc",
deploy	UNKNOWN STEP	  "STAGING_MINIO_DOC_DEFAULT_BUCKET": "***",
deploy	UNKNOWN STEP	  "STAGING_MINIO_ENDPOINT": "minio",
deploy	UNKNOWN STEP	  "STAGING_MINIO_IMAGE_BUCKET": "***image",
deploy	UNKNOWN STEP	  "STAGING_MINIO_ITEM_BUCKET": "***item",
deploy	UNKNOWN STEP	  "STAGING_MINIO_PORT": "4012",
deploy	UNKNOWN STEP	  "STAGING_MINIO_PUBLIC_URL": "https://staging-storage.toncloud.observer",
deploy	UNKNOWN STEP	  "STAGING_MINIO_REGION_NAME": "default",
deploy	UNKNOWN STEP	  "STAGING_MINIO_SBT_COLLECTIONS_BUCKET": "sbt-collections",
deploy	UNKNOWN STEP	  "STAGING_MINIO_STORAGE_ADMIN_DOMAIN": "staging-storage-admin.toncloud.observer",
deploy	UNKNOWN STEP	  "STAGING_MINIO_STORAGE_DOMAIN": "staging-storage.toncloud.observer",
deploy	UNKNOWN STEP	  "STAGING_MINIO_VIDEO_BUCKET": "***video",
deploy	UNKNOWN STEP	  "STAGING_MINI_APP_DOMAIN": "staging-app.toncloud.observer",
deploy	UNKNOWN STEP	  "STAGING_MINI_APP_PORT": "4000",
deploy	UNKNOWN STEP	  "STAGING_MINI_APP_SOCKET_DOMAIN": "staging-socket.toncloud.observer",
deploy	UNKNOWN STEP	  "STAGING_MONITORING_DOMAIN": "staging-monitoring.toncloud.observer",
deploy	UNKNOWN STEP	  "STAGING_MS_CLIENT_ID": "916e0c9f-17bc-45c2-9cbc-025c48a0d449",
deploy	UNKNOWN STEP	  "STAGING_NETWORK_NAME": "***-staging",
deploy	UNKNOWN STEP	  "STAGING_NETWORK_PUBLIC_IP": "***",
deploy	UNKNOWN STEP	  "STAGING_NEXT_PUBLIC_API_BASE_URL": "https://staging-app.toncloud.observer/api/v1",
deploy	UNKNOWN STEP	  "STAGING_NEXT_PUBLIC_APP_BASE_URL": "https://staging-app.toncloud.observer",
deploy	UNKNOWN STEP	  "STAGING_NEXT_PUBLIC_BACKEND_URL_CLIENT": "https://staging-app.toncloud.observer/api/client/v1/",
deploy	UNKNOWN STEP	  "STAGING_NEXT_PUBLIC_BOT_USERNAME": "notnonstagebot",
deploy	UNKNOWN STEP	  "STAGING_NEXT_PUBLIC_ENV": "staging",
deploy	UNKNOWN STEP	  "STAGING_NEXT_PUBLIC_GTM": "GTM-staging",
deploy	UNKNOWN STEP	  "STAGING_NEXT_PUBLIC_SOCKET_URL": "staging-socket.toncloud.observer",
deploy	UNKNOWN STEP	  "STAGING_NEXT_PUBLIC_TRPC_BASE_URL": "https://staging-app.toncloud.observer",
deploy	UNKNOWN STEP	  "STAGING_NFT_INTERVAL_TIME": "60000",
deploy	UNKNOWN STEP	  "STAGING_NFT_MANAGER_PORT": "4004",
deploy	UNKNOWN STEP	  "STAGING_NODE_ENV": "production",
deploy	UNKNOWN STEP	  "STAGING_NODE_TLS_REJECT_UNAUTHORIZED": "0",
deploy	UNKNOWN STEP	  "STAGING_ONTON_DOMAIN": "staging.toncloud.observer",
deploy	UNKNOWN STEP	  "STAGING_PARTICIPANT_TMA_PORT": "4001",
deploy	UNKNOWN STEP	  "STAGING_PGADMIN_DOMAIN": "staging-pgadmin.toncloud.observer",
deploy	UNKNOWN STEP	  "STAGING_PORT_CLIENT_WEB": "4007",
deploy	UNKNOWN STEP	  "STAGING_PORT_METABASE": "4009",
deploy	UNKNOWN STEP	  "STAGING_PORT_PGADMIN": "4006",
deploy	UNKNOWN STEP	  "STAGING_PORT_WEB_SITE": "4005",
deploy	UNKNOWN STEP	  "STAGING_POSTGRES_METABASE_DB": "staging-mini-app",
deploy	UNKNOWN STEP	  "STAGING_POSTGRES_MINI_APP_DB": "staging-mini-app",
deploy	UNKNOWN STEP	  "STAGING_POSTGRES_NFT_MANAGER_DB": "staging-nft-manager",
deploy	UNKNOWN STEP	  "STAGING_POSTGRES_PORT": "4008",
deploy	UNKNOWN STEP	  "STAGING_PTMA_API_BASE_URL": "https://staging-app.toncloud.observer/api/v1",
deploy	UNKNOWN STEP	  "STAGING_RABBITMQ_DOMAIN": "staging-rabbitmq.toncloud.observer",
deploy	UNKNOWN STEP	  "STAGING_RABBITMQ_MANAGEMENT_PORT": "4015",
deploy	UNKNOWN STEP	  "STAGING_RABBITMQ_NODE_PORT": "4016",
deploy	UNKNOWN STEP	  "STAGING_REDIS_DATABASES": "1",
deploy	UNKNOWN STEP	  "STAGING_REDIS_PORT": "4011",
deploy	UNKNOWN STEP	  "STAGING_REGISTRY_URL": "registry.toncloud.observer",
deploy	UNKNOWN STEP	  "STAGING_SOCKET_PORT": "40***",
deploy	UNKNOWN STEP	  "STAGING_STAGE_NAME": "staging-***",
deploy	UNKNOWN STEP	  "STAGING_SWAGGER_UI_DOMAIN": "staging-swagger-ui.toncloud.observer",
deploy	UNKNOWN STEP	  "STAGING_SWAGGER_UI_PORT": "4024",
deploy	UNKNOWN STEP	  "STAGING_SYS_CADDY_REPLICAS": "1",
deploy	UNKNOWN STEP	  "STAGING_SYS_MINI_APP_REPLICAS": "2",
deploy	UNKNOWN STEP	  "STAGING_SYS_PARTICIPANT_TMA_REPLICAS": "2",
deploy	UNKNOWN STEP	  "STAGING_SYS_WEB_SITE_REPLICAS": "1",
deploy	UNKNOWN STEP	  "STAGING_TELEGRAM_BOT_PORT": "4002",
deploy	UNKNOWN STEP	  "STAGING_TG_EVENTS_TOPIC": "2",
deploy	UNKNOWN STEP	  "STAGING_TG_LOGS_GROUP_ID": "-100***64975789",
deploy	UNKNOWN STEP	  "STAGING_TG_LOG_BOT_TOKEN": "7604730825:AAE1WJHs5lFI2zX_tba6M-1HYfffA8ugFmA",
deploy	UNKNOWN STEP	  "STAGING_TG_NOTIFICATION_CHANELL": "-1002164161685",
deploy	UNKNOWN STEP	  "STAGING_TG_SYSTEM_TOPIC": "16",
deploy	UNKNOWN STEP	  "STAGING_TG_TICKETS_TOPIC": "4",
deploy	UNKNOWN STEP	  "STAGING_TON_CENTER_ENDPOINT": "https://toncenter.com/api/v2/jsonRPC",
deploy	UNKNOWN STEP	  "STAGING_TON_SOCIETY_BASE_URL": "https://id.ton.org/v1",
deploy	UNKNOWN STEP	  "STAGING_TWITTER_CLIENT_ID": "SU1RUS0xaHNsRk5kd014UlZieDQ6MTpjaQ",
deploy	UNKNOWN STEP	  "STAGING_USE_CLOUDFLARE": "true",
deploy	UNKNOWN STEP	  "STAGING_USE_MAIN_IP_TO_EXPOSE": "true",
deploy	UNKNOWN STEP	  "TELEGRAM_BOT_TOKEN_FOR_DEPLOYMENT": "7604730825:AAHhtwa4bGhELsBn2VqUxIIFXVJkRJfKuDs",
deploy	UNKNOWN STEP	  "TELEGRAM_CHAT_ID_FOR_DEPLOYMENT": "***"
deploy	UNKNOWN STEP	}
deploy	UNKNOWN STEP	2026-02-09T09:13:28.2558382Z   SSH_AUTH_SOCK: /tmp/ssh-INNUIgKIh2X5/agent.2073
deploy	UNKNOWN STEP	2026-02-09T09:13:28.2558996Z   SSH_AGENT_PID: 2074
deploy	UNKNOWN STEP	2026-02-09T09:13:28.2559538Z   SSH_IP: ***
deploy	UNKNOWN STEP	2026-02-09T09:13:28.2560043Z   SSH_PORT: ***
deploy	UNKNOWN STEP	2026-02-09T09:13:28.2560538Z ##[endgroup]
deploy	UNKNOWN STEP	2026-02-09T09:13:28.2667729Z ##[group]Run branch_name="dev"
deploy	UNKNOWN STEP	2026-02-09T09:13:28.2669464Z [36;1mbranch_name="dev"[0m
deploy	UNKNOWN STEP	2026-02-09T09:13:28.2686941Z [36;1mregistry_url="ghcr.io"[0m
deploy	UNKNOWN STEP	2026-02-09T09:13:28.2688010Z [36;1mgithub_repo=$(echo "ExecutESG/***" | tr '[:upper:]' '[:lower:]')[0m
deploy	UNKNOWN STEP	2026-02-09T09:13:28.2688763Z [36;1mssh_ip="${SSH_IP}"[0m
deploy	UNKNOWN STEP	2026-02-09T09:13:28.2689317Z [36;1mssh_port="${SSH_PORT}"[0m
deploy	UNKNOWN STEP	2026-02-09T09:13:28.2689919Z [36;1mservices_to_build=["telegram-bot"]   [0m
deploy	UNKNOWN STEP	2026-02-09T09:13:28.2690645Z [36;1mecho "Connecting to server and creating branch directory..."[0m
deploy	UNKNOWN STEP	2026-02-09T09:13:28.2691493Z [36;1mssh -o StrictHostKeyChecking=no -p "$ssh_port" tonont@$ssh_ip << EOF[0m
deploy	UNKNOWN STEP	2026-02-09T09:13:28.2692252Z [36;1m  mkdir -p /home/tonont/$branch_name[0m
deploy	UNKNOWN STEP	2026-02-09T09:13:28.2692897Z [36;1m  echo "Creating network if not exists..."[0m
deploy	UNKNOWN STEP	2026-02-09T09:13:28.2693474Z [36;1m[0m
deploy	UNKNOWN STEP	2026-02-09T09:13:28.2693941Z [36;1mEOF[0m
deploy	UNKNOWN STEP	2026-02-09T09:13:28.2694395Z [36;1m[0m
deploy	UNKNOWN STEP	2026-02-09T09:13:28.2695190Z [36;1mecho "Copying files to server..."[0m
deploy	UNKNOWN STEP	2026-02-09T09:13:28.2696544Z [36;1mscp  -P "$ssh_port"  -r -o StrictHostKeyChecking=no  docker-compose-server.yml docker-compose-server-dev.yml .env docker-compose-server.volume.dev.yml .dockerignore swagger devops tonont@$ssh_ip:/home/tonont/$branch_name[0m
deploy	UNKNOWN STEP	2026-02-09T09:13:28.2697836Z [36;1m[0m
deploy	UNKNOWN STEP	2026-02-09T09:13:28.2698277Z [36;1m[0m
deploy	UNKNOWN STEP	2026-02-09T09:13:28.2698845Z [36;1m# Remove brackets and convert to space-separated string[0m
deploy	UNKNOWN STEP	2026-02-09T09:13:28.2699620Z [36;1mservices=$(echo "$services_to_build" | tr -d '[]"' | tr ',' ' ')[0m
deploy	UNKNOWN STEP	2026-02-09T09:13:28.2700432Z [36;1mecho "Formatted services to build: $services"  # Debug output        [0m
deploy	UNKNOWN STEP	2026-02-09T09:13:28.2701254Z [36;1mssh -p "$ssh_port" -o StrictHostKeyChecking=no tonont@$ssh_ip << EOF[0m
deploy	UNKNOWN STEP	2026-02-09T09:13:28.2701953Z [36;1m  set -o errexit[0m
deploy	UNKNOWN STEP	2026-02-09T09:13:28.2702485Z [36;1m  set -o pipefail[0m
deploy	UNKNOWN STEP	2026-02-09T09:13:28.2703008Z [36;1m  whoami[0m
deploy	UNKNOWN STEP	2026-02-09T09:13:28.2703554Z [36;1m  echo "Moving to branch directory..."[0m
deploy	UNKNOWN STEP	2026-02-09T09:13:28.2704164Z [36;1m  cd /home/tonont/$branch_name[0m
deploy	UNKNOWN STEP	2026-02-09T09:13:28.2705045Z [36;1m  echo "Loading environment variables..."[0m
deploy	UNKNOWN STEP	2026-02-09T09:13:28.2705678Z [36;1m  set -a[0m
deploy	UNKNOWN STEP	2026-02-09T09:13:28.2706160Z [36;1m  source .env[0m
deploy	UNKNOWN STEP	2026-02-09T09:13:28.2706654Z [36;1m  set +a[0m
deploy	UNKNOWN STEP	2026-02-09T09:13:28.2707229Z [36;1m  echo "******Logging into GitHub Container Registry..."[0m
deploy	UNKNOWN STEP	2026-02-09T09:13:28.2707896Z [36;1m  if [ -z "$CR_PAT" ]; then[0m
deploy	UNKNOWN STEP	2026-02-09T09:13:28.2708633Z [36;1m    echo "CR_PAT is not set or is empty. Please add CR_PAT to GitHub Secrets."; exit 1;[0m
deploy	UNKNOWN STEP	2026-02-09T09:13:28.2709349Z [36;1m  fi[0m
deploy	UNKNOWN STEP	2026-02-09T09:13:28.2709978Z [36;1m  echo "$CR_PAT" | docker login ghcr.io -u bemehrbani --password-stdin [0m
deploy	UNKNOWN STEP	2026-02-09T09:13:28.2710667Z [36;1m[0m
deploy	UNKNOWN STEP	2026-02-09T09:13:28.2711206Z [36;1m  echo "services to build: $services_to_build"[0m
deploy	UNKNOWN STEP	2026-02-09T09:13:28.2711891Z [36;1m  # Remove the square brackets and split by comma[0m
deploy	UNKNOWN STEP	2026-02-09T09:13:28.2712606Z [36;1m  echo "Pulling latest images of changed services..."[0m
deploy	UNKNOWN STEP	2026-02-09T09:13:28.2713256Z [36;1m  for service in $services; do[0m
deploy	UNKNOWN STEP	2026-02-09T09:13:28.2713883Z [36;1m    echo "Processing service: \$service"[0m
deploy	UNKNOWN STEP	2026-02-09T09:13:28.2714508Z [36;1m    if [ -z "\$service" ]; then[0m
deploy	UNKNOWN STEP	2026-02-09T09:13:28.2715415Z [36;1m      echo "Warning: Found an empty service name, skipping..."[0m
deploy	UNKNOWN STEP	2026-02-09T09:13:28.2716079Z [36;1m    else[0m
deploy	UNKNOWN STEP	2026-02-09T09:13:28.2716665Z [36;1m      echo "Pulling Docker image for service: \$service"[0m
deploy	UNKNOWN STEP	2026-02-09T09:13:28.2717434Z [36;1m      docker pull ghcr.io/${github_repo}/\${service}:${branch_name}-latest[0m
deploy	UNKNOWN STEP	2026-02-09T09:13:28.2718117Z [36;1m    fi[0m
deploy	UNKNOWN STEP	2026-02-09T09:13:28.2718642Z [36;1m    if [[ "\$service" == "caddy" ]]; then[0m
deploy	UNKNOWN STEP	2026-02-09T09:13:28.2719250Z [36;1m      echo "creating caady files"[0m
deploy	UNKNOWN STEP	2026-02-09T09:13:28.2719948Z [36;1m        echo "Listing files in branch directory..."        [0m
deploy	UNKNOWN STEP	2026-02-09T09:13:28.2720860Z [36;1m        cd /home/tonont/$branch_name[0m
deploy	UNKNOWN STEP	2026-02-09T09:13:28.2721501Z [36;1m        echo "Sourcing .env file..."[0m
deploy	UNKNOWN STEP	2026-02-09T09:13:28.2722097Z [36;1m        set -o allexport[0m
deploy	UNKNOWN STEP	2026-02-09T09:13:28.2722774Z [36;1m        source .env[0m
deploy	UNKNOWN STEP	2026-02-09T09:13:28.2723322Z [36;1m        set +o allexport[0m
deploy	UNKNOWN STEP	2026-02-09T09:13:28.2723914Z [36;1m        source /home/tonont/$branch_name/.env[0m
deploy	UNKNOWN STEP	2026-02-09T09:13:28.2724762Z [36;1m        chmod +x devops/generate-caddyfile-by-address.sh[0m
deploy	UNKNOWN STEP	2026-02-09T09:13:28.2725495Z [36;1m         rm -f /home/tonont/$branch_name/Caddyfile[0m
deploy	UNKNOWN STEP	2026-02-09T09:13:28.2726227Z [36;1m         export CADDYFILE_PATH="/home/tonont/$branch_name/Caddyfile"[0m
deploy	UNKNOWN STEP	2026-02-09T09:13:28.2726975Z [36;1m         sh devops/generate-caddyfile-by-address.sh[0m
deploy	UNKNOWN STEP	2026-02-09T09:13:28.2727661Z [36;1m         echo "Caddyfile generated successfully."[0m
deploy	UNKNOWN STEP	2026-02-09T09:13:28.2728254Z [36;1m    fi[0m
deploy	UNKNOWN STEP	2026-02-09T09:13:28.2728724Z [36;1m  done[0m
deploy	UNKNOWN STEP	2026-02-09T09:13:28.2729202Z [36;1mEOF[0m
deploy	UNKNOWN STEP	2026-02-09T09:13:28.2729864Z [36;1mecho "Exporting all environment variables with branch-specific prefix..."[0m
deploy	UNKNOWN STEP	2026-02-09T09:13:28.2730569Z [36;1m[0m
deploy	UNKNOWN STEP	2026-02-09T09:13:28.2731180Z [36;1mssh  -p "$ssh_port" -o StrictHostKeyChecking=no tonont@$ssh_ip << EOF[0m
deploy	UNKNOWN STEP	2026-02-09T09:13:28.2731892Z [36;1m  set -o errexit[0m
deploy	UNKNOWN STEP	2026-02-09T09:13:28.2732427Z [36;1m  set -o pipefail[0m
deploy	UNKNOWN STEP	2026-02-09T09:13:28.2732992Z [36;1m  echo "Moving to branch directory..."[0m
deploy	UNKNOWN STEP	2026-02-09T09:13:28.2733607Z [36;1m  cd /home/tonont/$branch_name[0m
deploy	UNKNOWN STEP	2026-02-09T09:13:28.2734151Z [36;1m  ls -la[0m
deploy	UNKNOWN STEP	2026-02-09T09:13:28.2734916Z [36;1m  echo "Sourcing .env file with auto-export..."[0m
deploy	UNKNOWN STEP	2026-02-09T09:13:28.2735536Z [36;1m  set -a[0m
deploy	UNKNOWN STEP	2026-02-09T09:13:28.2736018Z [36;1m  source .env[0m
deploy	UNKNOWN STEP	2026-02-09T09:13:28.2736514Z [36;1m  set +a[0m
deploy	UNKNOWN STEP	2026-02-09T09:13:28.2737046Z [36;1m  chmod +x devops/generate-caddyfile.sh[0m
deploy	UNKNOWN STEP	2026-02-09T09:13:28.2737675Z [36;1m  chmod +x devops/minio-init.sh[0m
deploy	UNKNOWN STEP	2026-02-09T09:13:28.2738348Z [36;1m  echo "Updating Docker node label for stage $branch_name..."[0m
deploy	UNKNOWN STEP	2026-02-09T09:13:28.2739046Z [36;1m  [0m
deploy	UNKNOWN STEP	2026-02-09T09:13:28.2739548Z [36;1m  # Try to get Node ID (Best Effort)[0m
deploy	UNKNOWN STEP	2026-02-09T09:13:28.2740118Z [36;1m  NODE_ID=""[0m
deploy	UNKNOWN STEP	2026-02-09T09:13:28.2740674Z [36;1m  if docker info > /dev/null 2>&1; then[0m
deploy	UNKNOWN STEP	2026-02-09T09:13:28.2741286Z [36;1m      # Method 1: Docker Info Format[0m
deploy	UNKNOWN STEP	2026-02-09T09:13:28.2741999Z [36;1m      NODE_ID=$(docker info --format '{{.Swarm.NodeID}}' 2>/dev/null || true)[0m
deploy	UNKNOWN STEP	2026-02-09T09:13:28.2742677Z [36;1m      [0m
deploy	UNKNOWN STEP	2026-02-09T09:13:28.2743183Z [36;1m      # Method 2: Grep Fallback[0m
deploy	UNKNOWN STEP	2026-02-09T09:13:28.2743758Z [36;1m      if [ -z "$NODE_ID" ]; then[0m
deploy	UNKNOWN STEP	2026-02-09T09:13:28.2744467Z [36;1m           NODE_ID=$(docker info 2>/dev/null | grep "NodeID:" | awk '{print $2}')[0m
deploy	UNKNOWN STEP	2026-02-09T09:13:28.2745363Z [36;1m      fi[0m
deploy	UNKNOWN STEP	2026-02-09T09:13:28.2745832Z [36;1m  fi[0m
deploy	UNKNOWN STEP	2026-02-09T09:13:28.2746285Z [36;1m[0m
deploy	UNKNOWN STEP	2026-02-09T09:13:28.2746761Z [36;1m  if [ -n "$NODE_ID" ]; then[0m
deploy	UNKNOWN STEP	2026-02-09T09:13:28.2747418Z [36;1m      echo "Node ID found: $NODE_ID. Updating labels..."[0m
deploy	UNKNOWN STEP	2026-02-09T09:13:28.2748203Z [36;1m      docker node update --label-add stage.$branch_name=true $NODE_ID || true[0m
deploy	UNKNOWN STEP	2026-02-09T09:13:28.2748900Z [36;1m  else[0m
deploy	UNKNOWN STEP	2026-02-09T09:13:28.2749531Z [36;1m      echo "WARNING: Could not retrieve Node ID. Skipping label update."[0m
deploy	UNKNOWN STEP	2026-02-09T09:13:28.2750369Z [36;1m      echo "Ensure node has label 'stage.$branch_name=true' set manually."[0m
deploy	UNKNOWN STEP	2026-02-09T09:13:28.2751131Z [36;1m      # Do not exit 1, allow deployment to proceed[0m
deploy	UNKNOWN STEP	2026-02-09T09:13:28.2751725Z [36;1m  fi[0m
deploy	UNKNOWN STEP	2026-02-09T09:13:28.2752295Z [36;1m  # Create network if it doesn't exist (on the server)[0m
deploy	UNKNOWN STEP	2026-02-09T09:13:28.2753401Z [36;1m  docker network ls | grep -q "***-network-$branch_name" || docker network create --driver overlay --attachable "***-network-$branch_name" || true[0m
deploy	UNKNOWN STEP	2026-02-09T09:13:28.2754310Z [36;1m[0m
deploy	UNKNOWN STEP	2026-02-09T09:13:28.2755134Z [36;1m  echo "Deploying Docker stack for $branch_name using $COMPOSE_FILE..."[0m
deploy	UNKNOWN STEP	2026-02-09T09:13:28.2756063Z [36;1m  # Temporarily disable errexit for the capture[0m
deploy	UNKNOWN STEP	2026-02-09T09:13:28.2756675Z [36;1m  set +o errexit[0m
deploy	UNKNOWN STEP	2026-02-09T09:13:28.2757433Z [36;1m  deploy_output=\$(docker stack deploy --with-registry-auth -c $COMPOSE_FILE $branch_name 2>&1)[0m
deploy	UNKNOWN STEP	2026-02-09T09:13:28.2758349Z [36;1m  deploy_status=\$?[0m
deploy	UNKNOWN STEP	2026-02-09T09:13:28.2758873Z [36;1m  set -o errexit[0m
deploy	UNKNOWN STEP	2026-02-09T09:13:28.2759372Z [36;1m[0m
deploy	UNKNOWN STEP	2026-02-09T09:13:28.2759847Z [36;1m  echo "\$deploy_output"[0m
deploy	UNKNOWN STEP	2026-02-09T09:13:28.2760363Z [36;1m[0m
deploy	UNKNOWN STEP	2026-02-09T09:13:28.2760867Z [36;1m  if [ \$deploy_status -ne 0 ]; then[0m
deploy	UNKNOWN STEP	2026-02-09T09:13:28.2761582Z [36;1m      echo "Error: Deployment failed with exit code \$deploy_status."[0m
deploy	UNKNOWN STEP	2026-02-09T09:13:28.2762263Z [36;1m      exit 1[0m
deploy	UNKNOWN STEP	2026-02-09T09:13:28.2762747Z [36;1m  fi[0m
deploy	UNKNOWN STEP	2026-02-09T09:13:28.2763395Z [36;1m  if echo "\$deploy_output" | grep -q "could not be accessed on a registry"; then[0m
deploy	UNKNOWN STEP	2026-02-09T09:13:28.2764250Z [36;1m    echo "Error: Registry access issue detected during deployment."[0m
deploy	UNKNOWN STEP	2026-02-09T09:13:28.2765107Z [36;1m    exit 1[0m
deploy	UNKNOWN STEP	2026-02-09T09:13:28.2765592Z [36;1m  fi[0m
deploy	UNKNOWN STEP	2026-02-09T09:13:28.2766118Z [36;1m  echo "Forcing update of services..."[0m
deploy	UNKNOWN STEP	2026-02-09T09:13:28.2766824Z [36;1m  services=\$(echo "$services_to_build" | tr -d '[]"' | tr ',' ' ')[0m
deploy	UNKNOWN STEP	2026-02-09T09:13:28.2767523Z [36;1m  underscore="_"[0m
deploy	UNKNOWN STEP	2026-02-09T09:13:28.2768064Z [36;1m  echo $services_to_build[0m
deploy	UNKNOWN STEP	2026-02-09T09:13:28.2768631Z [36;1m  for service in \$services; do[0m
deploy	UNKNOWN STEP	2026-02-09T09:13:28.2769248Z [36;1m    echo "Processing service: \$service"[0m
deploy	UNKNOWN STEP	2026-02-09T09:13:28.2769882Z [36;1m    if [ "\$service" == "caddy" ]; then[0m
deploy	UNKNOWN STEP	2026-02-09T09:13:28.2770569Z [36;1m      echo "docker service update --force ${branch_name}_caddy"[0m
deploy	UNKNOWN STEP	2026-02-09T09:13:28.2771322Z [36;1m      docker service update --force ${branch_name}_caddy[0m
deploy	UNKNOWN STEP	2026-02-09T09:13:28.2772011Z [36;1m    elif [ "\$service" == "mini-app" ]; then[0m
deploy	UNKNOWN STEP	2026-02-09T09:13:28.2772688Z [36;1m      echo "Special handling for mini-app service"[0m
deploy	UNKNOWN STEP	2026-02-09T09:13:28.2773360Z [36;1m      echo "Updating $branch_name_mini-app"[0m
deploy	UNKNOWN STEP	2026-02-09T09:13:28.2774321Z [36;1m      docker service update --update-failure-action rollback --update-max-failure-ratio 0.2 --force ${branch_name}_mini-app[0m
deploy	UNKNOWN STEP	2026-02-09T09:13:28.2775392Z [36;1m[0m
deploy	UNKNOWN STEP	2026-02-09T09:13:28.2775972Z [36;1m      echo "Updating $branch_name_mini-app-notification-socket"[0m
deploy	UNKNOWN STEP	2026-02-09T09:13:28.2777072Z [36;1m      docker service update --update-failure-action rollback --update-max-failure-ratio 0.2 --force ${branch_name}_mini-app-notification-socket[0m
deploy	UNKNOWN STEP	2026-02-09T09:13:28.2778031Z [36;1m[0m
deploy	UNKNOWN STEP	2026-02-09T09:13:28.2778583Z [36;1m      echo "Updating $branch_name_mini-app-poa-worker"[0m
deploy	UNKNOWN STEP	2026-02-09T09:13:28.2779593Z [36;1m      docker service update --update-failure-action rollback --update-max-failure-ratio 0.2 --force ${branch_name}_mini-app-poa-worker[0m
deploy	UNKNOWN STEP	2026-02-09T09:13:28.2780512Z [36;1m[0m
deploy	UNKNOWN STEP	2026-02-09T09:13:28.2781069Z [36;1m      echo "Updating $branch_name_mini-app-sbt-worker"[0m
deploy	UNKNOWN STEP	2026-02-09T09:13:28.2782068Z [36;1m      docker service update --update-failure-action rollback --update-max-failure-ratio 0.2 --force ${branch_name}_mini-app-sbt-worker[0m
deploy	UNKNOWN STEP	2026-02-09T09:13:28.2782988Z [36;1m      [0m
deploy	UNKNOWN STEP	2026-02-09T09:13:28.2783570Z [36;1m      echo "Updating $branch_name_mini-app-nft-api-worker"[0m
deploy	UNKNOWN STEP	2026-02-09T09:13:28.2784837Z [36;1m      docker service update --update-failure-action rollback --update-max-failure-ratio 0.2 --force ${branch_name}_mini-app-nft-api-worker[0m
deploy	UNKNOWN STEP	2026-02-09T09:13:28.2786011Z [36;1m[0m
deploy	UNKNOWN STEP	2026-02-09T09:13:28.2786478Z [36;1m[0m
deploy	UNKNOWN STEP	2026-02-09T09:13:28.2787057Z [36;1m      echo "Updating $branch_name_mini-app-ordinary-worker"[0m
deploy	UNKNOWN STEP	2026-02-09T09:13:28.2788126Z [36;1m      docker service update --update-failure-action rollback --update-max-failure-ratio 0.2 --force ${branch_name}_mini-app-ordinary-worker[0m
deploy	UNKNOWN STEP	2026-02-09T09:13:28.2789060Z [36;1m[0m
deploy	UNKNOWN STEP	2026-02-09T09:13:28.2789615Z [36;1m      echo "Updating $branch_name_mini-app-reward-worker"[0m
deploy	UNKNOWN STEP	2026-02-09T09:13:28.2790803Z [36;1m      docker service update --update-failure-action rollback --update-max-failure-ratio 0.2 --force ${branch_name}_mini-app-reward-worker[0m
deploy	UNKNOWN STEP	2026-02-09T09:13:28.2791831Z [36;1m[0m
deploy	UNKNOWN STEP	2026-02-09T09:13:28.2792388Z [36;1m      echo "Updating $branch_name_mini-app-moderation-bot"[0m
deploy	UNKNOWN STEP	2026-02-09T09:13:28.2793419Z [36;1m      docker service update --update-failure-action rollback --update-max-failure-ratio 0.2 --force ${branch_name}_mini-app-moderation-bot[0m
deploy	UNKNOWN STEP	2026-02-09T09:13:28.2794365Z [36;1m    else[0m
deploy	UNKNOWN STEP	2026-02-09T09:13:28.2795236Z [36;1m      echo "docker service update --force ${branch_name}_\${service}"[0m
deploy	UNKNOWN STEP	2026-02-09T09:13:28.2796289Z [36;1m      docker service update --update-failure-action rollback --update-max-failure-ratio 0.2  --force ${branch_name}_\${service}[0m
deploy	UNKNOWN STEP	2026-02-09T09:13:28.2797199Z [36;1m    fi[0m
deploy	UNKNOWN STEP	2026-02-09T09:13:28.2797674Z [36;1m  done[0m
deploy	UNKNOWN STEP	2026-02-09T09:13:28.2798175Z [36;1m  # bidar kardane fluentd :))[0m
deploy	UNKNOWN STEP	2026-02-09T09:13:28.2799088Z [36;1m  docker service update --update-failure-action rollback --update-max-failure-ratio 0.5 --force ${branch_name}_fluentd[0m
deploy	UNKNOWN STEP	2026-02-09T09:13:28.2800037Z [36;1m  echo "Services deployed successfully."         [0m
deploy	UNKNOWN STEP	2026-02-09T09:13:28.2800645Z [36;1mEOF[0m
deploy	UNKNOWN STEP	2026-02-09T09:13:28.2801098Z [36;1m[0m
deploy	UNKNOWN STEP	2026-02-09T09:13:28.2801612Z [36;1mecho "Services deployed successfully."[0m
deploy	UNKNOWN STEP	2026-02-09T09:13:28.2837343Z shell: /usr/bin/bash -e {0}
deploy	UNKNOWN STEP	2026-02-09T09:13:28.2837876Z env:
deploy	UNKNOWN STEP	2026-02-09T09:13:28.2868252Z   ALLMYSECRETS: {
deploy	UNKNOWN STEP	  "DEV_MNEMONIC": "***",
deploy	UNKNOWN STEP	  "MAIN_PGADMIN_DEFAULT_PASSWORD": "***",
deploy	UNKNOWN STEP	  "DOCKER_HUB_TOKEN": "***",
deploy	UNKNOWN STEP	  "STAGING_ONTON_API_KEY": "***",
deploy	UNKNOWN STEP	  "STAGING_CLOUDFLARE_API_TOKEN": "***",
deploy	UNKNOWN STEP	  "DEV_TON_CENTER_TOKEN": "***",
deploy	UNKNOWN STEP	  "STAGING_ONTON_API_SECRET": "***",
deploy	UNKNOWN STEP	  "STAGING_GITHUB_CLIENT_SECRET": "***",
deploy	UNKNOWN STEP	  "SSH_MAIN_IP": "***",
deploy	UNKNOWN STEP	  "MAIN_TWITTER_CLIENT_SECRET": "***",
deploy	UNKNOWN STEP	  "STAGING_MINIO_ROOT_PASSWORD": "***",
deploy	UNKNOWN STEP	  "MAIN_GITHUB_CLIENT_SECRET": "***",
deploy	UNKNOWN STEP	  "STAGING_RABBITMQ_DEFAULT_PASS": "***",
deploy	UNKNOWN STEP	  "SSH_DEV_IP": "***",
deploy	UNKNOWN STEP	  "DEV_POSTGRES_PASSWORD": "***",
deploy	UNKNOWN STEP	  "SSH_PASSPHRASE": "***",
deploy	UNKNOWN STEP	  "STAGING_CLIENT_API_FIXED_KEY": "***",
deploy	UNKNOWN STEP	  "MAIN_TON_CENTER_TOKEN": "***",
deploy	UNKNOWN STEP	  "DOCKER_HUB_USERNAME": "***",
deploy	UNKNOWN STEP	  "GIT_API_KEY": "***",
deploy	UNKNOWN STEP	  "MAIN_CLOUDFLARE_EMAIL": "***",
deploy	UNKNOWN STEP	  "MAIN_DATABASE_URL": "***",
deploy	UNKNOWN STEP	  "MAIN_CLOUDFLARE_EMAIL_MAIN": "***",
deploy	UNKNOWN STEP	  "STAGING_PGADMIN_DEFAULT_EMAIL": "***",
deploy	UNKNOWN STEP	  "STAGING_SECRET_EVENT_WALLET_ENC_KEY": "***",
deploy	UNKNOWN STEP	  "STAGING_PGADMIN_DEFAULT_PASSWORD": "***",
deploy	UNKNOWN STEP	  "CR_PAT": "***",
deploy	UNKNOWN STEP	  "MAIN_CLOUDFLARE_API_TOKEN_MAIN": "***",
deploy	UNKNOWN STEP	  "MAIN_POSTGRES_USER": "***",
deploy	UNKNOWN STEP	  "DEV_BOT_TOKEN": "***",
deploy	UNKNOWN STEP	  "STAGING_REDIS_PASSWORD": "***",
deploy	UNKNOWN STEP	  "TELEGRAM_CHAT_ID_FOR_DEPLOYMENT": "***",
deploy	UNKNOWN STEP	  "STAGING_TONAPI_API_KEY": "***",
deploy	UNKNOWN STEP	  "STAGING_CLOUDFLARE_API_TOKEN_MAIN": "***",
deploy	UNKNOWN STEP	  "MAIN_BOT_TOKEN": "***",
deploy	UNKNOWN STEP	  "MAIN_SENTRY_AUTH_TOKEN": "***",
deploy	UNKNOWN STEP	  "github_token": "***",
deploy	UNKNOWN STEP	  "STAGING_DATABASE_URL_NFT_MANAGER": "***",
deploy	UNKNOWN STEP	  "DEV_CLOUDFLARE_API_TOKEN": "***",
deploy	UNKNOWN STEP	  "STAGING_TON_SOCIETY_API_KEY": "***",
deploy	UNKNOWN STEP	  "STAGING_POSTGRES_PASSWORD": "***",
deploy	UNKNOWN STEP	  "MAIN_RABBITMQ_DEFAULT_USER": "***",
deploy	UNKNOWN STEP	  "MAIN_CLOUDFLARE_API_TOKEN": "***",
deploy	UNKNOWN STEP	  "MAIN_CLOUDFLARE_DNS_ZONE_ID": "***",
deploy	UNKNOWN STEP	  "MAIN_REDIS_PASSWORD": "***",
deploy	UNKNOWN STEP	  "STAGING_MINIO_ROOT_USER": "***",
deploy	UNKNOWN STEP	  "MAIN_TON_SOCIETY_API_KEY": "***",
deploy	UNKNOWN STEP	  "STAGING_CLOUDFLARE_DNS_ZONE_ID": "***",
deploy	UNKNOWN STEP	  "DEV_CLIENT_API_JWT_SECRET": "***",
deploy	UNKNOWN STEP	  "STAGING_BOT_TOKEN": "***",
deploy	UNKNOWN STEP	  "MAIN_MB_ENCRYPTION_SECRET_KEY": "***",
deploy	UNKNOWN STEP	  "USE_CLOUDFLARE": "***",
deploy	UNKNOWN STEP	  "MAIN_TONAPI_API_KEY": "***",
deploy	UNKNOWN STEP	  "SSH_PRIVATE_KEY": "***",
deploy	UNKNOWN STEP	  "MAIN_LINKEDIN_CLIENT_SECRET": "***",
deploy	UNKNOWN STEP	  "STAGING_MS_CLIENT_SECRET": "***",
deploy	UNKNOWN STEP	  "SSH_DEV_KEY": "***",
deploy	UNKNOWN STEP	  "STAGING_TWITTER_CLIENT_SECRET": "***",
deploy	UNKNOWN STEP	  "STAGING_CLIENT_API_JWT_SECRET": "***",
deploy	UNKNOWN STEP	  "MAIN_DATABASE_URL_NFT_MANAGER": "***",
deploy	UNKNOWN STEP	  "DEV_ONTON_API_SECRET": "***",
deploy	UNKNOWN STEP	  "MAIN_GOOGLE_CLIENT_SECRET": "***",
deploy	UNKNOWN STEP	  "MAIN_MS_CLIENT_SECRET": "***",
deploy	UNKNOWN STEP	  "STAGING_DATABASE_URL": "***",
deploy	UNKNOWN STEP	  "STAGING_TON_CENTER_TOKEN": "***",
deploy	UNKNOWN STEP	  "DEV_TON_SOCIETY_API_KEY": "***",
deploy	UNKNOWN STEP	  "MAIN_EVENT_WALLET_ENC_KEY": "***",
deploy	UNKNOWN STEP	  "STAGING_POSTGRES_USER": "***",
deploy	UNKNOWN STEP	  "MAIN_PGADMIN_DEFAULT_EMAIL": "***",
deploy	UNKNOWN STEP	  "SSH_MAIN_PORT": "***",
deploy	UNKNOWN STEP	  "MAIN_MNEMONIC": "***",
deploy	UNKNOWN STEP	  "MAIN_POSTGRES_PASSWORD": "***",
deploy	UNKNOWN STEP	  "DEV_TONAPI_API_KEY": "***",
deploy	UNKNOWN STEP	  "STAGING_GOOGLE_CLIENT_SECRET": "***",
deploy	UNKNOWN STEP	  "DEV_MB_ENCRYPTION_SECRET_KEY": "***",
deploy	UNKNOWN STEP	  "STAGING_SENTRY_AUTH_TOKEN": "***",
deploy	UNKNOWN STEP	  "DEV_DATABASE_URL": "***",
deploy	UNKNOWN STEP	  "DEV_MINIO_ROOT_PASSWORD": "***",
deploy	UNKNOWN STEP	  "MAIN_RABBITMQ_DEFAULT_PASS": "***",
deploy	UNKNOWN STEP	  "TELEGRAM_BOT_TOKEN_FOR_DEPLOYMENT": "***",
deploy	UNKNOWN STEP	  "MAIN_ONTON_API_SECRET": "***",
deploy	UNKNOWN STEP	  "MAIN_CLIENT_API_FIXED_KEY": "***",
deploy	UNKNOWN STEP	  "SSH_DEV_PORT": "***",
deploy	UNKNOWN STEP	  "DEV_ONTON_API_KEY": "***",
deploy	UNKNOWN STEP	  "DEV_MINIO_ROOT_USER": "***",
deploy	UNKNOWN STEP	  "STAGING_MNEMONIC": "***",
deploy	UNKNOWN STEP	  "MAIN_MINIO_ROOT_USER": "***",
deploy	UNKNOWN STEP	  "DEV_PGADMIN_DEFAULT_PASSWORD": "***",
deploy	UNKNOWN STEP	  "DEV_CLIENT_API_FIXED_KEY": "***",
deploy	UNKNOWN STEP	  "STAGING_CLOUDFLARE_EMAIL": "***",
deploy	UNKNOWN STEP	  "STAGING_MB_ENCRYPTION_SECRET_KEY": "***",
deploy	UNKNOWN STEP	  "MAIN_MINIO_ROOT_PASSWORD": "***",
deploy	UNKNOWN STEP	  "MAIN_ONTON_API_KEY": "***",
deploy	UNKNOWN STEP	  "STAGING_RABBITMQ_DEFAULT_USER": "***",
deploy	UNKNOWN STEP	  "MAIN_CLIENT_API_JWT_SECRET": "***",
deploy	UNKNOWN STEP	  "STAGING_LINKEDIN_CLIENT_SECRET": "***",
deploy	UNKNOWN STEP	  "DEV_RABBITMQ_DEFAULT_PASS": "***"
deploy	UNKNOWN STEP	}
deploy	UNKNOWN STEP	2026-02-09T09:13:28.2949563Z   ALLMYVARS: {
deploy	UNKNOWN STEP	  "DEV_ACME_AGREE": "true",
deploy	UNKNOWN STEP	  "DEV_BRANCH_NAME": "dev",
deploy	UNKNOWN STEP	  "DEV_CACHE_ENABLED": "true",
deploy	UNKNOWN STEP	  "DEV_CLAMAV_PORT": "***10",
deploy	UNKNOWN STEP	  "DEV_CLIENT_API_FIXED_ORGANIZER": "@Ontonadmin",
deploy	UNKNOWN STEP	  "DEV_CLIENT_API_FIXED_USER": "@Ontonadmin",
deploy	UNKNOWN STEP	  "DEV_CLIENT_WEB_DOMAIN": "dev-client-web.dev.***.live",
deploy	UNKNOWN STEP	  "DEV_COMPOSE_PROJECT_NAME": "develop-***",
deploy	UNKNOWN STEP	  "DEV_ENV": "development",
deploy	UNKNOWN STEP	  "DEV_EVENT_WALLET_ENC_KEY": "Ci5M6/B4Wke4qX6tXViVeW0xM0iH0yh/qvD3Y1xu2v8",
deploy	UNKNOWN STEP	  "DEV_GOLANG_SERVER_PORT": "3013",
deploy	UNKNOWN STEP	  "DEV_IP_CADDY": "caddy",
deploy	UNKNOWN STEP	  "DEV_IP_CLAMAV": "host.docker.internal",
deploy	UNKNOWN STEP	  "DEV_IP_CLIENT_WEB": "client-web",
deploy	UNKNOWN STEP	  "DEV_IP_GIVEAWAY_CHECKER": "giveaway-checker",
deploy	UNKNOWN STEP	  "DEV_IP_GOLANG_SERVER": "golang-server",
deploy	UNKNOWN STEP	  "DEV_IP_GOLANG_WORKER": "golang-worker",
deploy	UNKNOWN STEP	  "DEV_IP_KIBANA": "kibana",
deploy	UNKNOWN STEP	  "DEV_IP_METABASE": "metabase",
deploy	UNKNOWN STEP	  "DEV_IP_MINIO": "minio",
deploy	UNKNOWN STEP	  "DEV_IP_MINI_APP": "mini-app",
deploy	UNKNOWN STEP	  "DEV_IP_MINI_APP_CRON": "mini-app-sbt-worker",
deploy	UNKNOWN STEP	  "DEV_IP_NFT_MANAGER": "nft-manager",
deploy	UNKNOWN STEP	  "DEV_IP_PARTICIPANT_TMA": "participant-tma",
deploy	UNKNOWN STEP	  "DEV_IP_PGADMIN": "pgadmin",
deploy	UNKNOWN STEP	  "DEV_IP_POA_WORKER": "mini-app-poa-worker",
deploy	UNKNOWN STEP	  "DEV_IP_POSTGRES": "postgres",
deploy	UNKNOWN STEP	  "DEV_IP_RABBITMQ": "rabbitmq",
deploy	UNKNOWN STEP	  "DEV_IP_RANGE_BASE": "host.docker.internal",
deploy	UNKNOWN STEP	  "DEV_IP_RANGE_START": "172.10",
deploy	UNKNOWN STEP	  "DEV_IP_RANGE_SUBNET": "24",
deploy	UNKNOWN STEP	  "DEV_IP_REDIS": "redis",
deploy	UNKNOWN STEP	  "DEV_IP_SOCKET": "mini-app-notification-socket",
deploy	UNKNOWN STEP	  "DEV_IP_SWAGGER_UI": "swagger-ui",
deploy	UNKNOWN STEP	  "DEV_IP_TELEGRAM_BOT": "telegram-bot",
deploy	UNKNOWN STEP	  "DEV_IP_WEBSITE": "website",
deploy	UNKNOWN STEP	  "DEV_JWT_SECRET_SOCKET": "D3v@OnTonw3tds112ewq%KD___%1006-7-8-9-0OkMjKlll%909R9OOsf",
deploy	UNKNOWN STEP	  "DEV_KIBANA_HASHED_PASSWORD": "$2a$14$6P83mnKs9BxP2qZDaMU.2OzBHY3SG0nnaVXJ8nKluEWEWD5RMmN/W",
deploy	UNKNOWN STEP	  "DEV_KIBANA_PORT": "3023",
deploy	UNKNOWN STEP	  "DEV_KIBANA_USERNAME": "monitor",
deploy	UNKNOWN STEP	  "DEV_LOCAL_DOMAIN": "dev-app.dev.***.live",
deploy	UNKNOWN STEP	  "DEV_MB_REDIRECT_ALL_REQUESTS_TO_HTTPS": "true",
deploy	UNKNOWN STEP	  "DEV_METABASE_DOMAIN": "dev-metabase.dev.***.live",
deploy	UNKNOWN STEP	  "DEV_MINIO_COLLECTION_BUCKET": "***collection",
deploy	UNKNOWN STEP	  "DEV_MINIO_DASHBOARD_PORT": "3014",
deploy	UNKNOWN STEP	  "DEV_MINIO_DOC_BUCKET": "***doc",
deploy	UNKNOWN STEP	  "DEV_MINIO_DOC_DEFAULT_BUCKET": "***",
deploy	UNKNOWN STEP	  "DEV_MINIO_ENDPOINT": "minio",
deploy	UNKNOWN STEP	  "DEV_MINIO_IMAGE_BUCKET": "***image",
deploy	UNKNOWN STEP	  "DEV_MINIO_ITEM_BUCKET": "***item",
deploy	UNKNOWN STEP	  "DEV_MINIO_PORT": "3012",
deploy	UNKNOWN STEP	  "DEV_MINIO_PUBLIC_URL": "https://dev-storage.dev.***.live",
deploy	UNKNOWN STEP	  "DEV_MINIO_REGION_NAME": "default",
deploy	UNKNOWN STEP	  "DEV_MINIO_SBT_COLLECTIONS_BUCKET": "sbt-collections",
deploy	UNKNOWN STEP	  "DEV_MINIO_STORAGE_ADMIN_DOMAIN": "dev-storage-admin.dev.***.live",
deploy	UNKNOWN STEP	  "DEV_MINIO_STORAGE_DOMAIN": "dev-storage.dev.***.live",
deploy	UNKNOWN STEP	  "DEV_MINIO_VIDEO_BUCKET": "***video",
deploy	UNKNOWN STEP	  "DEV_MINI_APP_DOMAIN": "dev-app.dev.***.live",
deploy	UNKNOWN STEP	  "DEV_MINI_APP_PORT": "3000",
deploy	UNKNOWN STEP	  "DEV_MINI_APP_SOCKET_DOMAIN": "dev-socket.dev.***.live",
deploy	UNKNOWN STEP	  "DEV_MONITORING_DOMAIN": "dev-monitoring.dev.***.live",
deploy	UNKNOWN STEP	  "DEV_NETWORK_NAME": "***-dev",
deploy	UNKNOWN STEP	  "DEV_NETWORK_PUBLIC_IP": "***",
deploy	UNKNOWN STEP	  "DEV_NEXT_PUBLIC_API_BASE_URL": "https://dev-app.dev.***.live/api/v1",
deploy	UNKNOWN STEP	  "DEV_NEXT_PUBLIC_APP_BASE_URL": "https://dev-app.dev.***.live",
deploy	UNKNOWN STEP	  "DEV_NEXT_PUBLIC_BACKEND_URL_CLIENT": "https://dev-app.dev.***.live/api/client/v1/",
deploy	UNKNOWN STEP	  "DEV_NEXT_PUBLIC_BOT_USERNAME": "dev_ont0n_bot",
deploy	UNKNOWN STEP	  "DEV_NEXT_PUBLIC_ENV": "development",
deploy	UNKNOWN STEP	  "DEV_NEXT_PUBLIC_GTM": "GTM-dev",
deploy	UNKNOWN STEP	  "DEV_NEXT_PUBLIC_SOCKET_URL": "dev-socket.dev.***.live",
deploy	UNKNOWN STEP	  "DEV_NFT_INTERVAL_TIME": "60000",
deploy	UNKNOWN STEP	  "DEV_NFT_MANAGER_PORT": "3004",
deploy	UNKNOWN STEP	  "DEV_NODE_ENV": "production",
deploy	UNKNOWN STEP	  "DEV_NODE_TLS_REJECT_UNAUTHORIZED": "0",
deploy	UNKNOWN STEP	  "DEV_ONTON_DOMAIN": "dev.***.live",
deploy	UNKNOWN STEP	  "DEV_PARTICIPANT_TMA_PORT": "3001",
deploy	UNKNOWN STEP	  "DEV_PGADMIN_DOMAIN": "dev-pgadmin.dev.***.live",
deploy	UNKNOWN STEP	  "DEV_PORT_CLIENT_WEB": "3007",
deploy	UNKNOWN STEP	  "DEV_PORT_METABASE": "3009",
deploy	UNKNOWN STEP	  "DEV_PORT_PGADMIN": "3006",
deploy	UNKNOWN STEP	  "DEV_PORT_WEB_SITE": "3005",
deploy	UNKNOWN STEP	  "DEV_POSTGRES_METABASE_DB": "dev-mini-app",
deploy	UNKNOWN STEP	  "DEV_POSTGRES_MINI_APP_DB": "dev-mini-app",
deploy	UNKNOWN STEP	  "DEV_POSTGRES_NFT_MANAGER_DB": "dev-nft-manager",
deploy	UNKNOWN STEP	  "DEV_POSTGRES_PORT": "3008",
deploy	UNKNOWN STEP	  "DEV_PTMA_API_BASE_URL": "https://dev-app.dev.***.live/api/v1",
deploy	UNKNOWN STEP	  "DEV_RABBITMQ_DOMAIN": "dev-rabbitmq.dev.***.live",
deploy	UNKNOWN STEP	  "DEV_RABBITMQ_MANAGEMENT_PORT": "3015",
deploy	UNKNOWN STEP	  "DEV_RABBITMQ_NODE_PORT": "3016",
deploy	UNKNOWN STEP	  "DEV_REDIS_DATABASES": "1",
deploy	UNKNOWN STEP	  "DEV_REDIS_PORT": "3011",
deploy	UNKNOWN STEP	  "DEV_REGISTRY_URL": "ghcr.io",
deploy	UNKNOWN STEP	  "DEV_SOCKET_PORT": "30***",
deploy	UNKNOWN STEP	  "DEV_STAGE_NAME": "dev-***",
deploy	UNKNOWN STEP	  "DEV_SWAGGER_UI_DOMAIN": "dev-swagger-ui.dev.***.live",
deploy	UNKNOWN STEP	  "DEV_SWAGGER_UI_PORT": "3024",
deploy	UNKNOWN STEP	  "DEV_SYS_CADDY_REPLICAS": "1",
deploy	UNKNOWN STEP	  "DEV_SYS_MINI_APP_REPLICAS": "1",
deploy	UNKNOWN STEP	  "DEV_SYS_PARTICIPANT_TMA_REPLICAS": "1",
deploy	UNKNOWN STEP	  "DEV_SYS_WEB_SITE_REPLICAS": "1",
deploy	UNKNOWN STEP	  "DEV_TELEGRAM_BOT_PORT": "3002",
deploy	UNKNOWN STEP	  "DEV_TG_EVENTS_TOPIC": "2",
deploy	UNKNOWN STEP	  "DEV_TG_LOGS_GROUP_ID": "-1002308507308",
deploy	UNKNOWN STEP	  "DEV_TG_LOG_BOT_TOKEN": "7604730825:AAE1WJHs5lFI2zX_tba6M-1HYfffA8ugFmA",
deploy	UNKNOWN STEP	  "DEV_TG_NOTIFICATION_CHANELL": "-1002164161685",
deploy	UNKNOWN STEP	  "DEV_TG_SYSTEM_TOPIC": "16",
deploy	UNKNOWN STEP	  "DEV_TG_TICKETS_TOPIC": "4",
deploy	UNKNOWN STEP	  "DEV_TON_CENTER_ENDPOINT": "https://toncenter.com/api/v2/jsonRPC",
deploy	UNKNOWN STEP	  "DEV_TON_SOCIETY_BASE_URL": "https://id.ton.org/v1",
deploy	UNKNOWN STEP	  "DEV_USE_CLOUDFLARE": "true",
deploy	UNKNOWN STEP	  "DEV_USE_MAIN_IP_TO_EXPOSE": "true",
deploy	UNKNOWN STEP	  "MAIN_ACME_AGREE": "true",
deploy	UNKNOWN STEP	  "MAIN_BRANCH_NAME": "main",
deploy	UNKNOWN STEP	  "MAIN_CACHE_ENABLED": "true",
deploy	UNKNOWN STEP	  "MAIN_CLAMAV_PORT": "***10",
deploy	UNKNOWN STEP	  "MAIN_CLIENT_API_FIXED_ORGANIZER": "@Ontonadmin",
deploy	UNKNOWN STEP	  "MAIN_CLIENT_API_FIXED_USER": "@Ontonadmin",
deploy	UNKNOWN STEP	  "MAIN_CLIENT_WEB_DOMAIN": "client-web.***.live",
deploy	UNKNOWN STEP	  "MAIN_COMPOSE_PROJECT_NAME": "production-***",
deploy	UNKNOWN STEP	  "MAIN_ENV": "production",
deploy	UNKNOWN STEP	  "MAIN_GITHUB_CLIENT_ID": "Ov23liQFN1rMeZicYHnL",
deploy	UNKNOWN STEP	  "MAIN_GITHUB_REPO": "***bot",
deploy	UNKNOWN STEP	  "MAIN_GOLANG_SERVER_PORT": "8013",
deploy	UNKNOWN STEP	  "MAIN_GOOGLE_CLIENT_ID": "174044865725-8urfv981fca74aj3bq2kqik7fbe2rggg.apps.googleusercontent.com",
deploy	UNKNOWN STEP	  "MAIN_IP_CADDY": "caddy",
deploy	UNKNOWN STEP	  "MAIN_IP_CLAMAV": "host.docker.internal",
deploy	UNKNOWN STEP	  "MAIN_IP_CLIENT_WEB": "client-web",
deploy	UNKNOWN STEP	  "MAIN_IP_GIVEAWAY_CHECKER": "giveaway-checker",
deploy	UNKNOWN STEP	  "MAIN_IP_GOLANG_SERVER": "golang-server",
deploy	UNKNOWN STEP	  "MAIN_IP_GOLANG_WORKER": "golang-worker",
deploy	UNKNOWN STEP	  "MAIN_IP_KIBANA": "kibana",
deploy	UNKNOWN STEP	  "MAIN_IP_METABASE": "metabase",
deploy	UNKNOWN STEP	  "MAIN_IP_MINIO": "minio",
deploy	UNKNOWN STEP	  "MAIN_IP_MINI_APP": "mini-app",
deploy	UNKNOWN STEP	  "MAIN_IP_MINI_APP_CRON": "mini-app-sbt-worker",
deploy	UNKNOWN STEP	  "MAIN_IP_NFT_MANAGER": "nft-manager",
deploy	UNKNOWN STEP	  "MAIN_IP_PARTICIPANT_TMA": "participant-tma",
deploy	UNKNOWN STEP	  "MAIN_IP_PGADMIN": "pgadmin",
deploy	UNKNOWN STEP	  "MAIN_IP_POA_WORKER": "mini-app-poa-worker",
deploy	UNKNOWN STEP	  "MAIN_IP_POSTGRES": "postgres",
deploy	UNKNOWN STEP	  "MAIN_IP_RABBITMQ": "rabbitmq",
deploy	UNKNOWN STEP	  "MAIN_IP_RANGE_BASE": "host.docker.internal",
deploy	UNKNOWN STEP	  "MAIN_IP_REDIS": "redis",
deploy	UNKNOWN STEP	  "MAIN_IP_SOCKET": "mini-app-notification-socket",
deploy	UNKNOWN STEP	  "MAIN_IP_SWAGGER_UI": "swagger-ui",
deploy	UNKNOWN STEP	  "MAIN_IP_TELEGRAM_BOT": "telegram-bot",
deploy	UNKNOWN STEP	  "MAIN_IP_WEBSITE": "website",
deploy	UNKNOWN STEP	  "MAIN_JWT_SECRET_SOCKET": "JFDmdjeu__@HF_KKSEEWR_ERW*ER_FGDFG_ET%DG%34534aasd_Rhuefli!hfsdlnf",
deploy	UNKNOWN STEP	  "MAIN_KIBANA_HASHED_PASSWORD": "$2a$14$6P83mnKs9BxP2qZDaMU.2OzBHY3SG0nnaVXJ8nKluEWEWD5RMmN/W",
deploy	UNKNOWN STEP	  "MAIN_KIBANA_PORT": "8023",
deploy	UNKNOWN STEP	  "MAIN_KIBANA_USERNAME": "monitor",
deploy	UNKNOWN STEP	  "MAIN_LINKEDIN_CLIENT_ID": "77osbnm9chxr4c",
deploy	UNKNOWN STEP	  "MAIN_LOCAL_DOMAIN": "***.live",
deploy	UNKNOWN STEP	  "MAIN_MB_REDIRECT_ALL_REQUESTS_TO_HTTPS": "true",
deploy	UNKNOWN STEP	  "MAIN_METABASE_DOMAIN": "metabase.***.live",
deploy	UNKNOWN STEP	  "MAIN_MINIO_COLLECTION_BUCKET": "***collection",
deploy	UNKNOWN STEP	  "MAIN_MINIO_DASHBOARD_PORT": "8014",
deploy	UNKNOWN STEP	  "MAIN_MINIO_DOC_BUCKET": "***doc",
deploy	UNKNOWN STEP	  "MAIN_MINIO_DOC_DEFAULT_BUCKET": "***",
deploy	UNKNOWN STEP	  "MAIN_MINIO_ENDPOINT": "minio",
deploy	UNKNOWN STEP	  "MAIN_MINIO_IMAGE_BUCKET": "***image",
deploy	UNKNOWN STEP	  "MAIN_MINIO_ITEM_BUCKET": "***item",
deploy	UNKNOWN STEP	  "MAIN_MINIO_PORT": "8012",
deploy	UNKNOWN STEP	  "MAIN_MINIO_PUBLIC_URL": "https://storage.***.live",
deploy	UNKNOWN STEP	  "MAIN_MINIO_REGION_NAME": "default",
deploy	UNKNOWN STEP	  "MAIN_MINIO_SBT_COLLECTIONS_BUCKET": "sbt-collections",
deploy	UNKNOWN STEP	  "MAIN_MINIO_STORAGE_ADMIN_DOMAIN": "storage-admin.***.live",
deploy	UNKNOWN STEP	  "MAIN_MINIO_STORAGE_DOMAIN": "storage.***.live",
deploy	UNKNOWN STEP	  "MAIN_MINIO_VIDEO_BUCKET": "***video",
deploy	UNKNOWN STEP	  "MAIN_MINI_APP_DOMAIN": "app.***.live",
deploy	UNKNOWN STEP	  "MAIN_MINI_APP_PORT": "8000",
deploy	UNKNOWN STEP	  "MAIN_MINI_APP_SOCKET_DOMAIN": "socket.***.live",
deploy	UNKNOWN STEP	  "MAIN_MONITORING_DOMAIN": "monitoring.***.live",
deploy	UNKNOWN STEP	  "MAIN_MS_CLIENT_ID": "916e0c9f-17bc-45c2-9cbc-025c48a0d449",
deploy	UNKNOWN STEP	  "MAIN_NETWORK_NAME": "***-production",
deploy	UNKNOWN STEP	  "MAIN_NETWORK_PUBLIC_IP": "***",
deploy	UNKNOWN STEP	  "MAIN_NEXT_PUBLIC_API_BASE_URL": "https://app.***.live/api/v1",
deploy	UNKNOWN STEP	  "MAIN_NEXT_PUBLIC_APP_BASE_URL": "https://app.***.live",
deploy	UNKNOWN STEP	  "MAIN_NEXT_PUBLIC_BACKEND_URL_CLIENT": "https://app.***.live/api/client/v1/",
deploy	UNKNOWN STEP	  "MAIN_NEXT_PUBLIC_BOT_USERNAME": "the***bot",
deploy	UNKNOWN STEP	  "MAIN_NEXT_PUBLIC_ENV": "production",
deploy	UNKNOWN STEP	  "MAIN_NEXT_PUBLIC_GTM": "GTM-TSCPWNCM",
deploy	UNKNOWN STEP	  "MAIN_NEXT_PUBLIC_SOCKET_URL": "socket.***.live",
deploy	UNKNOWN STEP	  "MAIN_NFT_INTERVAL_TIME": "60000",
deploy	UNKNOWN STEP	  "MAIN_NFT_MANAGER_PORT": "8004",
deploy	UNKNOWN STEP	  "MAIN_NODE_ENV": "production",
deploy	UNKNOWN STEP	  "MAIN_NODE_TLS_REJECT_UNAUTHORIZED": "1",
deploy	UNKNOWN STEP	  "MAIN_ONTON_DOMAIN": "***.live",
deploy	UNKNOWN STEP	  "MAIN_PARTICIPANT_TMA_PORT": "8001",
deploy	UNKNOWN STEP	  "MAIN_PGADMIN_DOMAIN": "pgadmin.***.live",
deploy	UNKNOWN STEP	  "MAIN_PORT_CLIENT_WEB": "8007",
deploy	UNKNOWN STEP	  "MAIN_PORT_METABASE": "8009",
deploy	UNKNOWN STEP	  "MAIN_PORT_PGADMIN": "8006",
deploy	UNKNOWN STEP	  "MAIN_PORT_WEB_SITE": "8005",
deploy	UNKNOWN STEP	  "MAIN_POSTGRES_METABASE_DB": "production-mini-app",
deploy	UNKNOWN STEP	  "MAIN_POSTGRES_MINI_APP_DB": "production-mini-app",
deploy	UNKNOWN STEP	  "MAIN_POSTGRES_NFT_MANAGER_DB": "production-nft-manager",
deploy	UNKNOWN STEP	  "MAIN_POSTGRES_PORT": "8008",
deploy	UNKNOWN STEP	  "MAIN_PTMA_API_BASE_URL": "https://app.***.live/api/v1",
deploy	UNKNOWN STEP	  "MAIN_RABBITMQ_DOMAIN": "rabbitmq.***.live",
deploy	UNKNOWN STEP	  "MAIN_RABBITMQ_MANAGEMENT_PORT": "8015",
deploy	UNKNOWN STEP	  "MAIN_RABBITMQ_NODE_PORT": "8016",
deploy	UNKNOWN STEP	  "MAIN_REDIS_DATABASES": "1",
deploy	UNKNOWN STEP	  "MAIN_REDIS_PORT": "8011",
deploy	UNKNOWN STEP	  "MAIN_REGISTRY_URL": "registry.toncloud.observer",
deploy	UNKNOWN STEP	  "MAIN_SOCKET_PORT": "80***",
deploy	UNKNOWN STEP	  "MAIN_STAGE_NAME": "main-***",
deploy	UNKNOWN STEP	  "MAIN_SWAGGER_UI_DOMAIN": "swagger-ui.***.live",
deploy	UNKNOWN STEP	  "MAIN_SWAGGER_UI_PORT": "8024",
deploy	UNKNOWN STEP	  "MAIN_SYS_CADDY_REPLICAS": "1",
deploy	UNKNOWN STEP	  "MAIN_SYS_MINI_APP_REPLICAS": "12",
deploy	UNKNOWN STEP	  "MAIN_SYS_PARTICIPANT_TMA_REPLICAS": "6",
deploy	UNKNOWN STEP	  "MAIN_SYS_WEB_SITE_REPLICAS": "3",
deploy	UNKNOWN STEP	  "MAIN_TELEGRAM_BOT_PORT": "8002",
deploy	UNKNOWN STEP	  "MAIN_TG_EVENTS_TOPIC": "2",
deploy	UNKNOWN STEP	  "MAIN_TG_LOGS_GROUP_ID": "-1002300666538",
deploy	UNKNOWN STEP	  "MAIN_TG_LOG_BOT_TOKEN": "7604730825:AAE1WJHs5lFI2zX_tba6M-1HYfffA8ugFmA",
deploy	UNKNOWN STEP	  "MAIN_TG_NOTIFICATION_CHANELL": "-100***32083***",
deploy	UNKNOWN STEP	  "MAIN_TG_SYSTEM_TOPIC": "16",
deploy	UNKNOWN STEP	  "MAIN_TG_TICKETS_TOPIC": "4",
deploy	UNKNOWN STEP	  "MAIN_TON_CENTER_ENDPOINT": "https://toncenter.com/api/v2/jsonRPC",
deploy	UNKNOWN STEP	  "MAIN_TON_SOCIETY_BASE_URL": "https://id.ton.org/v1",
deploy	UNKNOWN STEP	  "MAIN_TWITTER_CLIENT_ID": "SU1RUS0xaHNsRk5kd014UlZieDQ6MTpjaQ",
deploy	UNKNOWN STEP	  "MAIN_USE_CLOUDFLARE": "true",
deploy	UNKNOWN STEP	  "MAIN_USE_MAIN_IP_TO_EXPOSE": "true",
deploy	UNKNOWN STEP	  "NEXT_PUBLIC_BOT_USERNAME": "notnonstagebot",
deploy	UNKNOWN STEP	  "SANDBOX_ACME_AGREE": "true",
deploy	UNKNOWN STEP	  "SANDBOX_BRANCH_NAME": "sandbox",
deploy	UNKNOWN STEP	  "SANDBOX_CACHE_ENABLED": "true",
deploy	UNKNOWN STEP	  "SANDBOX_CLAMAV_PORT": "***10",
deploy	UNKNOWN STEP	  "SANDBOX_CLIENT_API_FIXED_ORGANIZER": "@Ontonadmin",
deploy	UNKNOWN STEP	  "SANDBOX_CLIENT_API_FIXED_USER": "@Ontonadmin",
deploy	UNKNOWN STEP	  "SANDBOX_CLIENT_WEB_DOMAIN": "sandbox-client-web.toncloud.observer",
deploy	UNKNOWN STEP	  "SANDBOX_COMPOSE_PROJECT_NAME": "sanbox-***",
deploy	UNKNOWN STEP	  "SANDBOX_IP_CADDY": "caddy",
deploy	UNKNOWN STEP	  "SANDBOX_IP_CLAMAV": "host.docker.internal",
deploy	UNKNOWN STEP	  "SANDBOX_IP_KIBANA": "kibana",
deploy	UNKNOWN STEP	  "SANDBOX_IP_METABASE": "metabase",
deploy	UNKNOWN STEP	  "SANDBOX_IP_PGADMIN": "pgadmin",
deploy	UNKNOWN STEP	  "SANDBOX_IP_POA_WORKER": "mini-app-poa-worker",
deploy	UNKNOWN STEP	  "SANDBOX_IP_POSTGRES": "postgres",
deploy	UNKNOWN STEP	  "SANDBOX_IP_SOCKET": "mini-app-notification-socket",
deploy	UNKNOWN STEP	  "SANDBOX_IP_TELEGRAM_BOT": "telegram-bot",
deploy	UNKNOWN STEP	  "SANDBOX_IP_WEBSITE": "website",
deploy	UNKNOWN STEP	  "SANDBOX_JWT_SECRET_SOCKET": "D3v@OnTonw3tds112ewq%KD___%1006-7-8-9-0OkMjKlll%909R9OOsf",
deploy	UNKNOWN STEP	  "SANDBOX_KIBANA_HASHED_PASSWORD": "$2a$14$6P83mnKs9BxP2qZDaMU.2OzBHY3SG0nnaVXJ8nKluEWEWD5RMmN/W",
deploy	UNKNOWN STEP	  "SANDBOX_KIBANA_PORT": "6023",
deploy	UNKNOWN STEP	  "SANDBOX_KIBANA_USERNAME": "monitor",
deploy	UNKNOWN STEP	  "SANDBOX_LOCAL_DOMAIN": "sandbox-app.toncloud.observer",
deploy	UNKNOWN STEP	  "SANDBOX_MB_REDIRECT_ALL_REQUESTS_TO_HTTPS": "true",
deploy	UNKNOWN STEP	  "SANDBOX_METABASE_DOMAIN": "sandbox-metabase.toncloud.observer",
deploy	UNKNOWN STEP	  "SANDBOX_MINIO_COLLECTION_BUCKET": "***collection",
deploy	UNKNOWN STEP	  "SANDBOX_MINIO_DASHBOARD_PORT": "6014",
deploy	UNKNOWN STEP	  "SANDBOX_MINIO_DOC_BUCKET": "***doc",
deploy	UNKNOWN STEP	  "SANDBOX_MINIO_DOC_DEFAULT_BUCKET": "***",
deploy	UNKNOWN STEP	  "SANDBOX_MINIO_ENDPOINT": "minio",
deploy	UNKNOWN STEP	  "SANDBOX_MINIO_IMAGE_BUCKET": "***image",
deploy	UNKNOWN STEP	  "SANDBOX_MINIO_ITEM_BUCKET": "***item",
deploy	UNKNOWN STEP	  "SANDBOX_MINIO_PORT": "6012",
deploy	UNKNOWN STEP	  "SANDBOX_MINIO_PUBLIC_URL": "https://sandbox-storage.toncloud.observer",
deploy	UNKNOWN STEP	  "SANDBOX_MINIO_REGION_NAME": "default",
deploy	UNKNOWN STEP	  "SANDBOX_MINIO_SBT_COLLECTIONS_BUCKET": "sbt-collections",
deploy	UNKNOWN STEP	  "SANDBOX_MINIO_STORAGE_ADMIN_DOMAIN": "sandbox-storage-admin.toncloud.observer",
deploy	UNKNOWN STEP	  "SANDBOX_MINIO_STORAGE_DOMAIN": "sandbox-storage.toncloud.observer",
deploy	UNKNOWN STEP	  "SANDBOX_MINIO_VIDEO_BUCKET": "***video",
deploy	UNKNOWN STEP	  "SANDBOX_MINI_APP_DOMAIN": "sandbox-app.toncloud.observer",
deploy	UNKNOWN STEP	  "SANDBOX_MINI_APP_PORT": "6000",
deploy	UNKNOWN STEP	  "SANDBOX_MINI_APP_SOCKET_DOMAIN": "sandbox-socket.toncloud.observer",
deploy	UNKNOWN STEP	  "SANDBOX_MONITORING_DOMAIN": "sandbox-monitoring.toncloud.observer",
deploy	UNKNOWN STEP	  "SANDBOX_NETWORK_NAME": "***-sandbox",
deploy	UNKNOWN STEP	  "SANDBOX_NETWORK_PUBLIC_IP": "***",
deploy	UNKNOWN STEP	  "SANDBOX_NEXT_PUBLIC_API_BASE_URL": "https://sandbox-app.toncloud.observer/api/v1",
deploy	UNKNOWN STEP	  "SANDBOX_NEXT_PUBLIC_APP_BASE_URL": "https://sandbox-app.toncloud.observer",
deploy	UNKNOWN STEP	  "SANDBOX_NEXT_PUBLIC_BACKEND_URL_CLIENT": "https://sandbox-app.toncloud.observer/api/client/v1/",
deploy	UNKNOWN STEP	  "SANDBOX_NEXT_PUBLIC_BOT_USERNAME": "sandbox_ont0n_bot",
deploy	UNKNOWN STEP	  "SANDBOX_NEXT_PUBLIC_GTM": "GTM-sandbox",
deploy	UNKNOWN STEP	  "SANDBOX_NEXT_PUBLIC_SOCKET_URL": "sandbox-socket.toncloud.observer",
deploy	UNKNOWN STEP	  "SANDBOX_NFT_INTERVAL_TIME": "60000",
deploy	UNKNOWN STEP	  "SANDBOX_NFT_MANAGER_PORT": "6004",
deploy	UNKNOWN STEP	  "SANDBOX_NODE_ENV": "production",
deploy	UNKNOWN STEP	  "SANDBOX_NODE_TLS_REJECT_UNAUTHORIZED": "0",
deploy	UNKNOWN STEP	  "SANDBOX_ONTON_DOMAIN": "sandbox.toncloud.observer",
deploy	UNKNOWN STEP	  "SANDBOX_PARTICIPANT_TMA_PORT": "6001",
deploy	UNKNOWN STEP	  "SANDBOX_PGADMIN_DOMAIN": "sandbox-pgadmin.toncloud.observer",
deploy	UNKNOWN STEP	  "SANDBOX_PORT_CLIENT_WEB": "6007",
deploy	UNKNOWN STEP	  "SANDBOX_PORT_METABASE": "6009",
deploy	UNKNOWN STEP	  "SANDBOX_PORT_PGADMIN": "6006",
deploy	UNKNOWN STEP	  "SANDBOX_PORT_WEB_SITE": "6005",
deploy	UNKNOWN STEP	  "SANDBOX_POSTGRES_METABASE_DB": "sandbox-mini-app",
deploy	UNKNOWN STEP	  "SANDBOX_POSTGRES_MINI_APP_DB": "sandbox-mini-app",
deploy	UNKNOWN STEP	  "SANDBOX_POSTGRES_NFT_MANAGER_DB": "sandbox-nft-manager",
deploy	UNKNOWN STEP	  "SANDBOX_POSTGRES_PORT": "6008",
deploy	UNKNOWN STEP	  "SANDBOX_PTMA_API_BASE_URL": "https://sandbox-app.toncloud.observer/api/v1",
deploy	UNKNOWN STEP	  "SANDBOX_RABBITMQ_DOMAIN": "sandbox-rabbitmq.toncloud.observer",
deploy	UNKNOWN STEP	  "SANDBOX_RABBITMQ_MANAGEMENT_PORT": "6015",
deploy	UNKNOWN STEP	  "SANDBOX_RABBITMQ_NODE_PORT": "6016",
deploy	UNKNOWN STEP	  "SANDBOX_REDIS_DATABASES": "1",
deploy	UNKNOWN STEP	  "SANDBOX_REDIS_PORT": "6011",
deploy	UNKNOWN STEP	  "SANDBOX_REGISTRY_URL": "registry.toncloud.observer",
deploy	UNKNOWN STEP	  "SANDBOX_SOCKET_PORT": "60***",
deploy	UNKNOWN STEP	  "SANDBOX_STAGE_NAME": "sandbox-***",
deploy	UNKNOWN STEP	  "SANDBOX_SYS_CADDY_REPLICAS": "1",
deploy	UNKNOWN STEP	  "SANDBOX_SYS_MINI_APP_REPLICAS": "2",
deploy	UNKNOWN STEP	  "SANDBOX_SYS_PARTICIPANT_TMA_REPLICAS": "2",
deploy	UNKNOWN STEP	  "SANDBOX_SYS_WEB_SITE_REPLICAS": "1",
deploy	UNKNOWN STEP	  "SANDBOX_TELEGRAM_BOT_PORT": "6002",
deploy	UNKNOWN STEP	  "SANDBOX_TG_NOTIFICATION_CHANELL": "-1002164161685",
deploy	UNKNOWN STEP	  "SANDBOX_TON_CENTER_ENDPOINT": "https://toncenter.com/api/v2/jsonRPC",
deploy	UNKNOWN STEP	  "SANDBOX_TON_SOCIETY_BASE_URL": "https://society.ton.org/v1",
deploy	UNKNOWN STEP	  "SANDBOX_USE_CLOUDFLARE": "true",
deploy	UNKNOWN STEP	  "SANDBOX_USE_MAIN_IP_TO_EXPOSE": "true",
deploy	UNKNOWN STEP	  "STAGING_ACME_AGREE": "true",
deploy	UNKNOWN STEP	  "STAGING_BRANCH_NAME": "staging",
deploy	UNKNOWN STEP	  "STAGING_CACHE_ENABLED": "true",
deploy	UNKNOWN STEP	  "STAGING_CLAMAV_PORT": "***10",
deploy	UNKNOWN STEP	  "STAGING_CLIENT_API_FIXED_ORGANIZER": "@Ontonadmin",
deploy	UNKNOWN STEP	  "STAGING_CLIENT_API_FIXED_USER": "@Ontonadmin",
deploy	UNKNOWN STEP	  "STAGING_CLIENT_WEB_DOMAIN": "staging-client-web.toncloud.observer",
deploy	UNKNOWN STEP	  "STAGING_COMPOSE_PROJECT_NAME": "staging-***",
deploy	UNKNOWN STEP	  "STAGING_ENV": "staging",
deploy	UNKNOWN STEP	  "STAGING_EVENT_WALLET_ENC_KEY": "Ci5M6/B4Wke4qX6tXViVeW0xM0iH0yh/qvD3Y1xu2v8",
deploy	UNKNOWN STEP	  "STAGING_GITHUB_CLIENT_ID": "Ov23liQFN1rMeZicYHnL",
deploy	UNKNOWN STEP	  "STAGING_GITHUB_REPO": "***bot",
deploy	UNKNOWN STEP	  "STAGING_GOLANG_SERVER_PORT": "4013",
deploy	UNKNOWN STEP	  "STAGING_GOOGLE_CLIENT_ID": "174044865725-8urfv981fca74aj3bq2kqik7fbe2rggg.apps.googleusercontent.com",
deploy	UNKNOWN STEP	  "STAGING_IP_CADDY": "caddy",
deploy	UNKNOWN STEP	  "STAGING_IP_CLAMAV": "host.docker.internal",
deploy	UNKNOWN STEP	  "STAGING_IP_CLIENT_WEB": "client-web",
deploy	UNKNOWN STEP	  "STAGING_IP_GIVEAWAY_CHECKER": "giveaway-checker",
deploy	UNKNOWN STEP	  "STAGING_IP_GOLANG_SERVER": "golang-server",
deploy	UNKNOWN STEP	  "STAGING_IP_GOLANG_WORKER": "golang-worker",
deploy	UNKNOWN STEP	  "STAGING_IP_KIBANA": "kibana",
deploy	UNKNOWN STEP	  "STAGING_IP_METABASE": "metabase",
deploy	UNKNOWN STEP	  "STAGING_IP_MINIO": "minio",
deploy	UNKNOWN STEP	  "STAGING_IP_MINI_APP": "mini-app",
deploy	UNKNOWN STEP	  "STAGING_IP_MINI_APP_CRON": "mini-app-sbt-worker",
deploy	UNKNOWN STEP	  "STAGING_IP_NFT_MANAGER": "nft-manager",
deploy	UNKNOWN STEP	  "STAGING_IP_PARTICIPANT_TMA": "participant-tma",
deploy	UNKNOWN STEP	  "STAGING_IP_PGADMIN": "pgadmin",
deploy	UNKNOWN STEP	  "STAGING_IP_POA_WORKER": "mini-app-poa-worker",
deploy	UNKNOWN STEP	  "STAGING_IP_POSTGRES": "postgres",
deploy	UNKNOWN STEP	  "STAGING_IP_RABBITMQ": "rabbitmq",
deploy	UNKNOWN STEP	  "STAGING_IP_RANGE_BASE": "host.docker.internal",
deploy	UNKNOWN STEP	  "STAGING_IP_RANGE_START": "172.11",
deploy	UNKNOWN STEP	  "STAGING_IP_RANGE_SUBNET": "24",
deploy	UNKNOWN STEP	  "STAGING_IP_REDIS": "redis",
deploy	UNKNOWN STEP	  "STAGING_IP_SOCKET": "IP_SOCKET=mini-app-notification-socket",
deploy	UNKNOWN STEP	  "STAGING_IP_SWAGGER_UI": "swagger-ui",
deploy	UNKNOWN STEP	  "STAGING_IP_TELEGRAM_BOT": "telegram-bot",
deploy	UNKNOWN STEP	  "STAGING_IP_WEBSITE": "website",
deploy	UNKNOWN STEP	  "STAGING_JWT_SECRET_SOCKET": "JFDmdjeu__@HF_KKSEEWR_ERWER_FGDFG_ET%DG%34534aasd%_Rhueflihfsdlnf",
deploy	UNKNOWN STEP	  "STAGING_KIBANA_HASHED_PASSWORD": "$2a$14$6P83mnKs9BxP2qZDaMU.2OzBHY3SG0nnaVXJ8nKluEWEWD5RMmN/W",
deploy	UNKNOWN STEP	  "STAGING_KIBANA_PORT": "4023",
deploy	UNKNOWN STEP	  "STAGING_KIBANA_USERNAME": "monitor",
deploy	UNKNOWN STEP	  "STAGING_LINKEDIN_CLIENT_ID": "77osbnm9chxr4c",
deploy	UNKNOWN STEP	  "STAGING_LOCAL_DOMAIN": "staging-app.toncloud.observer",
deploy	UNKNOWN STEP	  "STAGING_MB_REDIRECT_ALL_REQUESTS_TO_HTTPS": "true",
deploy	UNKNOWN STEP	  "STAGING_METABASE_DOMAIN": "staging-metabase.toncloud.observer",
deploy	UNKNOWN STEP	  "STAGING_MINIO_COLLECTION_BUCKET": "***collection",
deploy	UNKNOWN STEP	  "STAGING_MINIO_DASHBOARD_PORT": "4014",
deploy	UNKNOWN STEP	  "STAGING_MINIO_DOC_BUCKET": "***doc",
deploy	UNKNOWN STEP	  "STAGING_MINIO_DOC_DEFAULT_BUCKET": "***",
deploy	UNKNOWN STEP	  "STAGING_MINIO_ENDPOINT": "minio",
deploy	UNKNOWN STEP	  "STAGING_MINIO_IMAGE_BUCKET": "***image",
deploy	UNKNOWN STEP	  "STAGING_MINIO_ITEM_BUCKET": "***item",
deploy	UNKNOWN STEP	  "STAGING_MINIO_PORT": "4012",
deploy	UNKNOWN STEP	  "STAGING_MINIO_PUBLIC_URL": "https://staging-storage.toncloud.observer",
deploy	UNKNOWN STEP	  "STAGING_MINIO_REGION_NAME": "default",
deploy	UNKNOWN STEP	  "STAGING_MINIO_SBT_COLLECTIONS_BUCKET": "sbt-collections",
deploy	UNKNOWN STEP	  "STAGING_MINIO_STORAGE_ADMIN_DOMAIN": "staging-storage-admin.toncloud.observer",
deploy	UNKNOWN STEP	  "STAGING_MINIO_STORAGE_DOMAIN": "staging-storage.toncloud.observer",
deploy	UNKNOWN STEP	  "STAGING_MINIO_VIDEO_BUCKET": "***video",
deploy	UNKNOWN STEP	  "STAGING_MINI_APP_DOMAIN": "staging-app.toncloud.observer",
deploy	UNKNOWN STEP	  "STAGING_MINI_APP_PORT": "4000",
deploy	UNKNOWN STEP	  "STAGING_MINI_APP_SOCKET_DOMAIN": "staging-socket.toncloud.observer",
deploy	UNKNOWN STEP	  "STAGING_MONITORING_DOMAIN": "staging-monitoring.toncloud.observer",
deploy	UNKNOWN STEP	  "STAGING_MS_CLIENT_ID": "916e0c9f-17bc-45c2-9cbc-025c48a0d449",
deploy	UNKNOWN STEP	  "STAGING_NETWORK_NAME": "***-staging",
deploy	UNKNOWN STEP	  "STAGING_NETWORK_PUBLIC_IP": "***",
deploy	UNKNOWN STEP	  "STAGING_NEXT_PUBLIC_API_BASE_URL": "https://staging-app.toncloud.observer/api/v1",
deploy	UNKNOWN STEP	  "STAGING_NEXT_PUBLIC_APP_BASE_URL": "https://staging-app.toncloud.observer",
deploy	UNKNOWN STEP	  "STAGING_NEXT_PUBLIC_BACKEND_URL_CLIENT": "https://staging-app.toncloud.observer/api/client/v1/",
deploy	UNKNOWN STEP	  "STAGING_NEXT_PUBLIC_BOT_USERNAME": "notnonstagebot",
deploy	UNKNOWN STEP	  "STAGING_NEXT_PUBLIC_ENV": "staging",
deploy	UNKNOWN STEP	  "STAGING_NEXT_PUBLIC_GTM": "GTM-staging",
deploy	UNKNOWN STEP	  "STAGING_NEXT_PUBLIC_SOCKET_URL": "staging-socket.toncloud.observer",
deploy	UNKNOWN STEP	  "STAGING_NEXT_PUBLIC_TRPC_BASE_URL": "https://staging-app.toncloud.observer",
deploy	UNKNOWN STEP	  "STAGING_NFT_INTERVAL_TIME": "60000",
deploy	UNKNOWN STEP	  "STAGING_NFT_MANAGER_PORT": "4004",
deploy	UNKNOWN STEP	  "STAGING_NODE_ENV": "production",
deploy	UNKNOWN STEP	  "STAGING_NODE_TLS_REJECT_UNAUTHORIZED": "0",
deploy	UNKNOWN STEP	  "STAGING_ONTON_DOMAIN": "staging.toncloud.observer",
deploy	UNKNOWN STEP	  "STAGING_PARTICIPANT_TMA_PORT": "4001",
deploy	UNKNOWN STEP	  "STAGING_PGADMIN_DOMAIN": "staging-pgadmin.toncloud.observer",
deploy	UNKNOWN STEP	  "STAGING_PORT_CLIENT_WEB": "4007",
deploy	UNKNOWN STEP	  "STAGING_PORT_METABASE": "4009",
deploy	UNKNOWN STEP	  "STAGING_PORT_PGADMIN": "4006",
deploy	UNKNOWN STEP	  "STAGING_PORT_WEB_SITE": "4005",
deploy	UNKNOWN STEP	  "STAGING_POSTGRES_METABASE_DB": "staging-mini-app",
deploy	UNKNOWN STEP	  "STAGING_POSTGRES_MINI_APP_DB": "staging-mini-app",
deploy	UNKNOWN STEP	  "STAGING_POSTGRES_NFT_MANAGER_DB": "staging-nft-manager",
deploy	UNKNOWN STEP	  "STAGING_POSTGRES_PORT": "4008",
deploy	UNKNOWN STEP	  "STAGING_PTMA_API_BASE_URL": "https://staging-app.toncloud.observer/api/v1",
deploy	UNKNOWN STEP	  "STAGING_RABBITMQ_DOMAIN": "staging-rabbitmq.toncloud.observer",
deploy	UNKNOWN STEP	  "STAGING_RABBITMQ_MANAGEMENT_PORT": "4015",
deploy	UNKNOWN STEP	  "STAGING_RABBITMQ_NODE_PORT": "4016",
deploy	UNKNOWN STEP	  "STAGING_REDIS_DATABASES": "1",
deploy	UNKNOWN STEP	  "STAGING_REDIS_PORT": "4011",
deploy	UNKNOWN STEP	  "STAGING_REGISTRY_URL": "registry.toncloud.observer",
deploy	UNKNOWN STEP	  "STAGING_SOCKET_PORT": "40***",
deploy	UNKNOWN STEP	  "STAGING_STAGE_NAME": "staging-***",
deploy	UNKNOWN STEP	  "STAGING_SWAGGER_UI_DOMAIN": "staging-swagger-ui.toncloud.observer",
deploy	UNKNOWN STEP	  "STAGING_SWAGGER_UI_PORT": "4024",
deploy	UNKNOWN STEP	  "STAGING_SYS_CADDY_REPLICAS": "1",
deploy	UNKNOWN STEP	  "STAGING_SYS_MINI_APP_REPLICAS": "2",
deploy	UNKNOWN STEP	  "STAGING_SYS_PARTICIPANT_TMA_REPLICAS": "2",
deploy	UNKNOWN STEP	  "STAGING_SYS_WEB_SITE_REPLICAS": "1",
deploy	UNKNOWN STEP	  "STAGING_TELEGRAM_BOT_PORT": "4002",
deploy	UNKNOWN STEP	  "STAGING_TG_EVENTS_TOPIC": "2",
deploy	UNKNOWN STEP	  "STAGING_TG_LOGS_GROUP_ID": "-100***64975789",
deploy	UNKNOWN STEP	  "STAGING_TG_LOG_BOT_TOKEN": "7604730825:AAE1WJHs5lFI2zX_tba6M-1HYfffA8ugFmA",
deploy	UNKNOWN STEP	  "STAGING_TG_NOTIFICATION_CHANELL": "-1002164161685",
deploy	UNKNOWN STEP	  "STAGING_TG_SYSTEM_TOPIC": "16",
deploy	UNKNOWN STEP	  "STAGING_TG_TICKETS_TOPIC": "4",
deploy	UNKNOWN STEP	  "STAGING_TON_CENTER_ENDPOINT": "https://toncenter.com/api/v2/jsonRPC",
deploy	UNKNOWN STEP	  "STAGING_TON_SOCIETY_BASE_URL": "https://id.ton.org/v1",
deploy	UNKNOWN STEP	  "STAGING_TWITTER_CLIENT_ID": "SU1RUS0xaHNsRk5kd014UlZieDQ6MTpjaQ",
deploy	UNKNOWN STEP	  "STAGING_USE_CLOUDFLARE": "true",
deploy	UNKNOWN STEP	  "STAGING_USE_MAIN_IP_TO_EXPOSE": "true",
deploy	UNKNOWN STEP	  "TELEGRAM_BOT_TOKEN_FOR_DEPLOYMENT": "7604730825:AAHhtwa4bGhELsBn2VqUxIIFXVJkRJfKuDs",
deploy	UNKNOWN STEP	  "TELEGRAM_CHAT_ID_FOR_DEPLOYMENT": "***"
deploy	UNKNOWN STEP	}
deploy	UNKNOWN STEP	2026-02-09T09:13:28.3017907Z   SSH_AUTH_SOCK: /tmp/ssh-INNUIgKIh2X5/agent.2073
deploy	UNKNOWN STEP	2026-02-09T09:13:28.3018511Z   SSH_AGENT_PID: 2074
deploy	UNKNOWN STEP	2026-02-09T09:13:28.3019044Z   SSH_IP: ***
deploy	UNKNOWN STEP	2026-02-09T09:13:28.3019517Z   SSH_PORT: ***
deploy	UNKNOWN STEP	2026-02-09T09:13:28.3020040Z   COMPOSE_FILE: docker-compose-server-dev.yml
deploy	UNKNOWN STEP	2026-02-09T09:13:28.3020735Z   CR_PAT: ***
deploy	UNKNOWN STEP	2026-02-09T09:13:28.3021221Z ##[endgroup]
deploy	UNKNOWN STEP	2026-02-09T09:13:28.3103887Z Connecting to server and creating branch directory...
deploy	UNKNOWN STEP	2026-02-09T09:13:28.3421241Z Pseudo-terminal will not be allocated because stdin is not a terminal.
deploy	UNKNOWN STEP	2026-02-09T09:13:28.9874298Z Warning: Permanently added '***' (ED25519) to the list of known hosts.
deploy	UNKNOWN STEP	2026-02-09T09:13:30.6522864Z Welcome to Ubuntu ***.04.5 LTS (GNU/Linux 5.15.0-168-generic x86_64)
deploy	UNKNOWN STEP	2026-02-09T09:13:30.6523726Z 
deploy	UNKNOWN STEP	2026-02-09T09:13:30.6524113Z  * Documentation:  https://help.ubuntu.com
deploy	UNKNOWN STEP	2026-02-09T09:13:30.6525756Z  * Management:     https://landscape.canonical.com
deploy	UNKNOWN STEP	2026-02-09T09:13:30.6526749Z  * Support:        https://ubuntu.com/pro
deploy	UNKNOWN STEP	2026-02-09T09:13:30.6527245Z 
deploy	UNKNOWN STEP	2026-02-09T09:13:30.6527665Z  System information as of Mon Feb  9 09:13:29 AM UTC 2026
deploy	UNKNOWN STEP	2026-02-09T09:13:30.6528227Z 
deploy	UNKNOWN STEP	2026-02-09T09:13:30.6528541Z   System load:           1.61
deploy	UNKNOWN STEP	2026-02-09T09:13:30.6529289Z   Usage of /:            78.1% of 149.92GB
deploy	UNKNOWN STEP	2026-02-09T09:13:30.6530059Z   Memory usage:          54%
deploy	UNKNOWN STEP	2026-02-09T09:13:30.6530818Z   Swap usage:            72%
deploy	UNKNOWN STEP	2026-02-09T09:13:30.6531536Z   Processes:             267
deploy	UNKNOWN STEP	2026-02-09T09:13:30.6532247Z   Users logged in:       0
deploy	UNKNOWN STEP	2026-02-09T09:13:30.6533177Z   IPv4 address for eth0: ***
deploy	UNKNOWN STEP	2026-02-09T09:13:30.6538326Z   IPv6 address for eth0: 2a01:4f9:c011:6329::1
deploy	UNKNOWN STEP	2026-02-09T09:13:30.6539007Z 
deploy	UNKNOWN STEP	2026-02-09T09:13:30.6539034Z 
deploy	UNKNOWN STEP	2026-02-09T09:13:30.6539572Z Expanded Security Maintenance for Applications is not enabled.
deploy	UNKNOWN STEP	2026-02-09T09:13:30.6555487Z 
deploy	UNKNOWN STEP	2026-02-09T09:13:30.6555892Z 24 updates can be applied immediately.
deploy	UNKNOWN STEP	2026-02-09T09:13:30.6556591Z To see these additional updates run: apt list --upgradable
deploy	UNKNOWN STEP	2026-02-09T09:13:30.6557000Z 
deploy	UNKNOWN STEP	2026-02-09T09:13:30.6557308Z 9 additional security updates can be applied with ESM Apps.
deploy	UNKNOWN STEP	2026-02-09T09:13:30.6558110Z Learn more about enabling ESM Apps service at https://ubuntu.com/esm
deploy	UNKNOWN STEP	2026-02-09T09:13:30.6558565Z 
deploy	UNKNOWN STEP	2026-02-09T09:13:30.6558806Z New release '24.04.3 LTS' available.
deploy	UNKNOWN STEP	2026-02-09T09:13:30.6559398Z Run 'do-release-upgrade' to upgrade to it.
deploy	UNKNOWN STEP	2026-02-09T09:13:30.6559797Z 
deploy	UNKNOWN STEP	2026-02-09T09:13:30.6559802Z 
deploy	UNKNOWN STEP	2026-02-09T09:13:30.7853320Z Creating network if not exists...
deploy	UNKNOWN STEP	2026-02-09T09:13:30.7869095Z Copying files to server...
deploy	UNKNOWN STEP	2026-02-09T09:14:01.3215458Z Formatted services to build: telegram-bot
deploy	UNKNOWN STEP	2026-02-09T09:14:01.3252879Z Pseudo-terminal will not be allocated because stdin is not a terminal.
deploy	UNKNOWN STEP	2026-02-09T09:14:03.1256096Z Welcome to Ubuntu ***.04.5 LTS (GNU/Linux 5.15.0-168-generic x86_64)
deploy	UNKNOWN STEP	2026-02-09T09:14:03.1257467Z 
deploy	UNKNOWN STEP	2026-02-09T09:14:03.1258077Z  * Documentation:  https://help.ubuntu.com
deploy	UNKNOWN STEP	2026-02-09T09:14:03.1259053Z  * Management:     https://landscape.canonical.com
deploy	UNKNOWN STEP	2026-02-09T09:14:03.1259961Z  * Support:        https://ubuntu.com/pro
deploy	UNKNOWN STEP	2026-02-09T09:14:03.1260691Z 
deploy	UNKNOWN STEP	2026-02-09T09:14:03.1261351Z  System information as of Mon Feb  9 09:13:29 AM UTC 2026
deploy	UNKNOWN STEP	2026-02-09T09:14:03.1261943Z 
deploy	UNKNOWN STEP	2026-02-09T09:14:03.1262268Z   System load:           1.61
deploy	UNKNOWN STEP	2026-02-09T09:14:03.1263033Z   Usage of /:            78.1% of 149.92GB
deploy	UNKNOWN STEP	2026-02-09T09:14:03.1263816Z   Memory usage:          54%
deploy	UNKNOWN STEP	2026-02-09T09:14:03.1264551Z   Swap usage:            72%
deploy	UNKNOWN STEP	2026-02-09T09:14:03.1265543Z   Processes:             267
deploy	UNKNOWN STEP	2026-02-09T09:14:03.1266678Z   Users logged in:       0
deploy	UNKNOWN STEP	2026-02-09T09:14:03.1267447Z   IPv4 address for eth0: ***
deploy	UNKNOWN STEP	2026-02-09T09:14:03.1268301Z   IPv6 address for eth0: 2a01:4f9:c011:6329::1
deploy	UNKNOWN STEP	2026-02-09T09:14:03.1268936Z 
deploy	UNKNOWN STEP	2026-02-09T09:14:03.1268940Z 
deploy	UNKNOWN STEP	2026-02-09T09:14:03.1269359Z Expanded Security Maintenance for Applications is not enabled.
deploy	UNKNOWN STEP	2026-02-09T09:14:03.1269910Z 
deploy	UNKNOWN STEP	2026-02-09T09:14:03.1270220Z 24 updates can be applied immediately.
deploy	UNKNOWN STEP	2026-02-09T09:14:03.1271036Z To see these additional updates run: apt list --upgradable
deploy	UNKNOWN STEP	2026-02-09T09:14:03.1271557Z 
deploy	UNKNOWN STEP	2026-02-09T09:14:03.1271960Z 9 additional security updates can be applied with ESM Apps.
deploy	UNKNOWN STEP	2026-02-09T09:14:03.1272926Z Learn more about enabling ESM Apps service at https://ubuntu.com/esm
deploy	UNKNOWN STEP	2026-02-09T09:14:03.1273503Z 
deploy	UNKNOWN STEP	2026-02-09T09:14:03.1273800Z New release '24.04.3 LTS' available.
deploy	UNKNOWN STEP	2026-02-09T09:14:03.1274534Z Run 'do-release-upgrade' to upgrade to it.
deploy	UNKNOWN STEP	2026-02-09T09:14:03.1275178Z 
deploy	UNKNOWN STEP	2026-02-09T09:14:03.1275182Z 
deploy	UNKNOWN STEP	2026-02-09T09:14:03.2598386Z tonont
deploy	UNKNOWN STEP	2026-02-09T09:14:03.2599884Z Moving to branch directory...
deploy	UNKNOWN STEP	2026-02-09T09:14:03.2601385Z Loading environment variables...
deploy	UNKNOWN STEP	2026-02-09T09:14:03.2610947Z ******Logging into GitHub Container Registry...
deploy	UNKNOWN STEP	2026-02-09T09:14:03.8680506Z Login Succeeded
deploy	UNKNOWN STEP	2026-02-09T09:14:03.8721862Z services to build: [telegram-bot]
deploy	UNKNOWN STEP	2026-02-09T09:14:03.8723270Z Pulling latest images of changed services...
deploy	UNKNOWN STEP	2026-02-09T09:14:03.8747856Z Processing service: telegram-bot
deploy	UNKNOWN STEP	2026-02-09T09:14:03.8749138Z Pulling Docker image for service: telegram-bot
deploy	UNKNOWN STEP	2026-02-09T09:14:04.9884554Z dev-latest: Pulling from executesg/***/telegram-bot
deploy	UNKNOWN STEP	2026-02-09T09:14:05.2807377Z a7cd7d9a2144: Already exists
deploy	UNKNOWN STEP	2026-02-09T09:14:05.2859858Z d12adb5e728b: Already exists
deploy	UNKNOWN STEP	2026-02-09T09:14:05.2913731Z cef716d39f61: Already exists
deploy	UNKNOWN STEP	2026-02-09T09:14:05.2957681Z f81c161f5fb8: Already exists
deploy	UNKNOWN STEP	2026-02-09T09:14:05.3017828Z e9d75385b009: Pulling fs layer
deploy	UNKNOWN STEP	2026-02-09T09:14:05.3019688Z ac05bc7a5d21: Pulling fs layer
deploy	UNKNOWN STEP	2026-02-09T09:14:05.3023683Z 348c335f8be6: Pulling fs layer
deploy	UNKNOWN STEP	2026-02-09T09:14:05.3024884Z 98e034241d17: Pulling fs layer
deploy	UNKNOWN STEP	2026-02-09T09:14:05.3025587Z b8f890eabb5d: Pulling fs layer
deploy	UNKNOWN STEP	2026-02-09T09:14:05.3026251Z 98e034241d17: Waiting
deploy	UNKNOWN STEP	2026-02-09T09:14:05.3026878Z b8f890eabb5d: Waiting
deploy	UNKNOWN STEP	2026-02-09T09:14:05.7179964Z 348c335f8be6: Download complete
deploy	UNKNOWN STEP	2026-02-09T09:14:05.7484146Z ac05bc7a5d21: Verifying Checksum
deploy	UNKNOWN STEP	2026-02-09T09:14:05.7485794Z ac05bc7a5d21: Download complete
deploy	UNKNOWN STEP	2026-02-09T09:14:06.2123961Z b8f890eabb5d: Verifying Checksum
deploy	UNKNOWN STEP	2026-02-09T09:14:06.2125146Z b8f890eabb5d: Download complete
deploy	UNKNOWN STEP	2026-02-09T09:14:07.4336399Z e9d75385b009: Download complete
deploy	UNKNOWN STEP	2026-02-09T09:14:09.4439934Z e9d75385b009: Pull complete
deploy	UNKNOWN STEP	2026-02-09T09:14:09.4656799Z ac05bc7a5d21: Pull complete
deploy	UNKNOWN STEP	2026-02-09T09:14:09.4856716Z 348c335f8be6: Pull complete
deploy	UNKNOWN STEP	2026-02-09T09:14:13.6733550Z 98e034241d17: Verifying Checksum
deploy	UNKNOWN STEP	2026-02-09T09:14:13.6734891Z 98e034241d17: Download complete
deploy	UNKNOWN STEP	2026-02-09T09:14:25.9971491Z 98e034241d17: Pull complete
deploy	UNKNOWN STEP	2026-02-09T09:14:26.0723965Z b8f890eabb5d: Pull complete
deploy	UNKNOWN STEP	2026-02-09T09:14:26.0952998Z Digest: sha256:6be8a6c3f46e1372581dfd2ba4a4a170cdd2e14164ef5c3f8d714f9b67081e31
deploy	UNKNOWN STEP	2026-02-09T09:14:26.0985497Z Status: Downloaded newer image for ghcr.io/executesg/***/telegram-bot:dev-latest
deploy	UNKNOWN STEP	2026-02-09T09:14:26.1006098Z ghcr.io/executesg/***/telegram-bot:dev-latest
deploy	UNKNOWN STEP	2026-02-09T09:14:26.1134086Z Exporting all environment variables with branch-specific prefix...
deploy	UNKNOWN STEP	2026-02-09T09:14:26.4239533Z Pseudo-terminal will not be allocated because stdin is not a terminal.
deploy	UNKNOWN STEP	2026-02-09T09:14:28.2295159Z Welcome to Ubuntu ***.04.5 LTS (GNU/Linux 5.15.0-168-generic x86_64)
deploy	UNKNOWN STEP	2026-02-09T09:14:28.2295850Z 
deploy	UNKNOWN STEP	2026-02-09T09:14:28.2296197Z  * Documentation:  https://help.ubuntu.com
deploy	UNKNOWN STEP	2026-02-09T09:14:28.2297020Z  * Management:     https://landscape.canonical.com
deploy	UNKNOWN STEP	2026-02-09T09:14:28.2297839Z  * Support:        https://ubuntu.com/pro
deploy	UNKNOWN STEP	2026-02-09T09:14:28.2298280Z 
deploy	UNKNOWN STEP	2026-02-09T09:14:28.2298661Z  System information as of Mon Feb  9 09:13:29 AM UTC 2026
deploy	UNKNOWN STEP	2026-02-09T09:14:28.2299165Z 
deploy	UNKNOWN STEP	2026-02-09T09:14:28.2299455Z   System load:           1.61
deploy	UNKNOWN STEP	2026-02-09T09:14:28.2300496Z   Usage of /:            78.1% of 149.92GB
deploy	UNKNOWN STEP	2026-02-09T09:14:28.2301216Z   Memory usage:          54%
deploy	UNKNOWN STEP	2026-02-09T09:14:28.2301874Z   Swap usage:            72%
deploy	UNKNOWN STEP	2026-02-09T09:14:28.2302524Z   Processes:             267
deploy	UNKNOWN STEP	2026-02-09T09:14:28.2303331Z   Users logged in:       0
deploy	UNKNOWN STEP	2026-02-09T09:14:28.2304011Z   IPv4 address for eth0: ***
deploy	UNKNOWN STEP	2026-02-09T09:14:28.2304970Z   IPv6 address for eth0: 2a01:4f9:c011:6329::1
deploy	UNKNOWN STEP	2026-02-09T09:14:28.2305439Z 
deploy	UNKNOWN STEP	2026-02-09T09:14:28.2305444Z 
deploy	UNKNOWN STEP	2026-02-09T09:14:28.2305858Z Expanded Security Maintenance for Applications is not enabled.
deploy	UNKNOWN STEP	2026-02-09T09:14:28.2306411Z 
deploy	UNKNOWN STEP	2026-02-09T09:14:28.2306723Z 24 updates can be applied immediately.
deploy	UNKNOWN STEP	2026-02-09T09:14:28.2307528Z To see these additional updates run: apt list --upgradable
deploy	UNKNOWN STEP	2026-02-09T09:14:28.2308047Z 
deploy	UNKNOWN STEP	2026-02-09T09:14:28.2308443Z 9 additional security updates can be applied with ESM Apps.
deploy	UNKNOWN STEP	2026-02-09T09:14:28.2309391Z Learn more about enabling ESM Apps service at https://ubuntu.com/esm
deploy	UNKNOWN STEP	2026-02-09T09:14:28.2309863Z 
deploy	UNKNOWN STEP	2026-02-09T09:14:28.2310100Z New release '24.04.3 LTS' available.
deploy	UNKNOWN STEP	2026-02-09T09:14:28.2310691Z Run 'do-release-upgrade' to upgrade to it.
deploy	UNKNOWN STEP	2026-02-09T09:14:28.2311055Z 
deploy	UNKNOWN STEP	2026-02-09T09:14:28.2311058Z 
deploy	UNKNOWN STEP	2026-02-09T09:14:28.3595195Z Moving to branch directory...
deploy	UNKNOWN STEP	2026-02-09T09:14:28.3629606Z total 88
deploy	UNKNOWN STEP	2026-02-09T09:14:28.3630324Z drwxr-xr-x  5 tonont tonont  4096 Feb  9 08:44 .
deploy	UNKNOWN STEP	2026-02-09T09:14:28.3631308Z drwxr-x---  8 tonont tonont  4096 Feb  8 16:03 ..
deploy	UNKNOWN STEP	2026-02-09T09:14:28.3632766Z -rw-r--r--  1 root   root    3376 Feb  9 08:44 Caddyfile
deploy	UNKNOWN STEP	2026-02-09T09:14:28.3634049Z drwxr-xr-x 14 tonont tonont  4096 Feb  8 16:03 devops
deploy	UNKNOWN STEP	2026-02-09T09:14:28.3635322Z -rwxr-xr-x  1 tonont tonont  8809 Feb  9 09:13 docker-compose-server-dev.yml
deploy	UNKNOWN STEP	2026-02-09T09:14:28.3636479Z -rwxr-xr-x  1 tonont tonont  4387 Feb  9 08:15 docker-compose-server.override.dev.yml
deploy	UNKNOWN STEP	2026-02-09T09:14:28.3637655Z -rwxr-xr-x  1 tonont tonont   769 Feb  9 09:13 docker-compose-server.volume.dev.yml
deploy	UNKNOWN STEP	2026-02-09T09:14:28.3638763Z -rwxr-xr-x  1 tonont tonont 25658 Feb  9 09:13 docker-compose-server.yml
deploy	UNKNOWN STEP	2026-02-09T09:14:28.3639791Z -rw-r--r--  1 tonont tonont    72 Feb  9 09:13 .dockerignore
deploy	UNKNOWN STEP	2026-02-09T09:14:28.3640713Z -rw-r--r--  1 tonont tonont  4817 Feb  9 09:13 .env
deploy	UNKNOWN STEP	2026-02-09T09:14:28.3641672Z drwxr-xr-x  3 root   root    4096 Feb  9 00:25 mini-app
deploy	UNKNOWN STEP	2026-02-09T09:14:28.3642589Z drwxr-xr-x  2 tonont tonont  4096 Feb  8 17:55 swagger
deploy	UNKNOWN STEP	2026-02-09T09:14:28.3643463Z Sourcing .env file with auto-export...
deploy	UNKNOWN STEP	2026-02-09T09:14:28.3676416Z Updating Docker node label for stage dev...
deploy	UNKNOWN STEP	2026-02-09T09:14:28.5704435Z WARNING: Could not retrieve Node ID. Skipping label update.
deploy	UNKNOWN STEP	2026-02-09T09:14:28.5705786Z Ensure node has label 'stage.dev=true' set manually.
deploy	UNKNOWN STEP	2026-02-09T09:14:28.6197737Z Deploying Docker stack for dev using docker-compose-server-dev.yml...
deploy	UNKNOWN STEP	2026-02-09T09:14:46.5212241Z Since --detach=*** was not specified, tasks will be created in the background.
deploy	UNKNOWN STEP	2026-02-09T09:14:46.5213744Z In a future release, --detach=*** will become the default.
deploy	UNKNOWN STEP	2026-02-09T09:14:46.5215328Z Updating service dev_mini-app (id: p4jztojfcioy95tbyay9ez1kx)
deploy	UNKNOWN STEP	2026-02-09T09:14:46.5216719Z Updating service dev_registry-ui (id: o81rxi28mz3cg1zquwdqvcd5k)
deploy	UNKNOWN STEP	2026-02-09T09:14:46.5218057Z Updating service dev_elasticsearch (id: pkpxg1y8fipzl0hc99x7uhys9)
deploy	UNKNOWN STEP	2026-02-09T09:14:46.5219483Z Updating service dev_mini-app-sbt-worker (id: ywxuia1shw1wgl24pqjbl8j2x)
deploy	UNKNOWN STEP	2026-02-09T09:14:46.5221177Z image ghcr.io/executesg/***/mini-app-sbt-worker:dev-latest could not be accessed on a registry to record
deploy	UNKNOWN STEP	2026-02-09T09:14:46.5222814Z its digest. Each node will access ghcr.io/executesg/***/mini-app-sbt-worker:dev-latest independently,
deploy	UNKNOWN STEP	2026-02-09T09:14:46.5224010Z possibly leading to different nodes running different
deploy	UNKNOWN STEP	2026-02-09T09:14:46.5224995Z versions of the image.
deploy	UNKNOWN STEP	2026-02-09T09:14:46.5225424Z 
deploy	UNKNOWN STEP	2026-02-09T09:14:46.5225940Z Updating service dev_mini-app-poa-worker (id: vmh1o5vlw066wdizivd3o72v3)
deploy	UNKNOWN STEP	2026-02-09T09:14:46.5227279Z image ghcr.io/executesg/***/mini-app-poa-worker:dev-latest could not be accessed on a registry to record
deploy	UNKNOWN STEP	2026-02-09T09:14:46.5229171Z its digest. Each node will access ghcr.io/executesg/***/mini-app-poa-worker:dev-latest independently,
deploy	UNKNOWN STEP	2026-02-09T09:14:46.5230380Z possibly leading to different nodes running different
deploy	UNKNOWN STEP	2026-02-09T09:14:46.5231224Z versions of the image.
deploy	UNKNOWN STEP	2026-02-09T09:14:46.5231766Z 
deploy	UNKNOWN STEP	2026-02-09T09:14:46.5232297Z Updating service dev_mini-app-ordinary-worker (id: ltloxg3z1vkqozdxbz43xtnva)
deploy	UNKNOWN STEP	2026-02-09T09:14:46.5233382Z image ghcr.io/executesg/***/mini-app-ordinary-worker:dev-latest could not be accessed on a registry to record
deploy	UNKNOWN STEP	2026-02-09T09:14:46.5234496Z its digest. Each node will access ghcr.io/executesg/***/mini-app-ordinary-worker:dev-latest independently,
deploy	UNKNOWN STEP	2026-02-09T09:14:46.5235594Z possibly leading to different nodes running different
deploy	UNKNOWN STEP	2026-02-09T09:14:46.5236213Z versions of the image.
deploy	UNKNOWN STEP	2026-02-09T09:14:46.5236504Z 
deploy	UNKNOWN STEP	2026-02-09T09:14:46.5236889Z Updating service dev_mini-app-moderation-bot (id: g2as52ict7o2s56hsnmtrx9m9)
deploy	UNKNOWN STEP	2026-02-09T09:14:46.5237891Z image ghcr.io/executesg/***/mini-app-moderation-bot:dev-latest could not be accessed on a registry to record
deploy	UNKNOWN STEP	2026-02-09T09:14:46.5239019Z its digest. Each node will access ghcr.io/executesg/***/mini-app-moderation-bot:dev-latest independently,
deploy	UNKNOWN STEP	2026-02-09T09:14:46.5239908Z possibly leading to different nodes running different
deploy	UNKNOWN STEP	2026-02-09T09:14:46.5240521Z versions of the image.
deploy	UNKNOWN STEP	2026-02-09T09:14:46.5240806Z 
deploy	UNKNOWN STEP	2026-02-09T09:14:46.5241124Z Updating service dev_registry (id: vp8cx3vaa2tfr4b021u15ey19)
deploy	UNKNOWN STEP	2026-02-09T09:14:46.5241882Z Updating service dev_telegram-bot (id: 97q25juukepcxqeyviojvk55t)
deploy	UNKNOWN STEP	2026-02-09T09:14:46.5242697Z Updating service dev_mini-app-reward-worker (id: nxg1yjt9frm30xtc16q6bnjm4)
deploy	UNKNOWN STEP	2026-02-09T09:14:46.5243648Z image ghcr.io/executesg/***/mini-app-reward-worker:dev-latest could not be accessed on a registry to record
deploy	UNKNOWN STEP	2026-02-09T09:14:46.5244800Z its digest. Each node will access ghcr.io/executesg/***/mini-app-reward-worker:dev-latest independently,
deploy	UNKNOWN STEP	2026-02-09T09:14:46.5245660Z possibly leading to different nodes running different
deploy	UNKNOWN STEP	2026-02-09T09:14:46.5246254Z versions of the image.
deploy	UNKNOWN STEP	2026-02-09T09:14:46.5246534Z 
deploy	UNKNOWN STEP	2026-02-09T09:14:46.5246837Z Updating service dev_caddy (id: 3qx8ww4db60pt4ujwiupt560n)
deploy	UNKNOWN STEP	2026-02-09T09:14:46.5247617Z Updating service dev_mini-app-notification-socket (id: 2iv9cvvxbb4z12s4yk2qo8gcv)
deploy	UNKNOWN STEP	2026-02-09T09:14:46.5248652Z image ghcr.io/executesg/***/mini-app-notification-socket:dev-latest could not be accessed on a registry to record
deploy	UNKNOWN STEP	2026-02-09T09:14:46.5249752Z its digest. Each node will access ghcr.io/executesg/***/mini-app-notification-socket:dev-latest independently,
deploy	UNKNOWN STEP	2026-02-09T09:14:46.5250617Z possibly leading to different nodes running different
deploy	UNKNOWN STEP	2026-02-09T09:14:46.5251219Z versions of the image.
deploy	UNKNOWN STEP	2026-02-09T09:14:46.5251499Z 
deploy	UNKNOWN STEP	2026-02-09T09:14:46.5251865Z Updating service dev_mini-app-nft-api-worker (id: x5qurke39kpuiwdfdw1e7xt0h)
deploy	UNKNOWN STEP	2026-02-09T09:14:46.5252835Z image ghcr.io/executesg/***/mini-app-nft-api-worker:dev-latest could not be accessed on a registry to record
deploy	UNKNOWN STEP	2026-02-09T09:14:46.5253905Z its digest. Each node will access ghcr.io/executesg/***/mini-app-nft-api-worker:dev-latest independently,
deploy	UNKNOWN STEP	2026-02-09T09:14:46.5254858Z possibly leading to different nodes running different
deploy	UNKNOWN STEP	2026-02-09T09:14:46.5255458Z versions of the image.
deploy	UNKNOWN STEP	2026-02-09T09:14:46.5255735Z 
deploy	UNKNOWN STEP	2026-02-09T09:14:46.5256047Z Updating service dev_website (id: ba7i81bu9dyh0qzjsechdo0qn)
deploy	UNKNOWN STEP	2026-02-09T09:14:46.5256757Z Updating service dev_fluentd (id: xrbkwn51oed3g2w4du03ypsww)
deploy	UNKNOWN STEP	2026-02-09T09:14:46.5257506Z Updating service dev_swagger-ui (id: sh4dz1czhkhne9hx430q6afiu)
deploy	UNKNOWN STEP	2026-02-09T09:14:46.5282121Z Error: Registry access issue detected during deployment.
deploy	UNKNOWN STEP	2026-02-09T09:14:46.5332650Z ##[error]Process completed with exit code 1.
deploy	UNKNOWN STEP	2026-02-09T09:14:46.5386494Z ##[group]Run echo "Cleaning up environment variables script..."
deploy	UNKNOWN STEP	2026-02-09T09:14:46.5387301Z [36;1mecho "Cleaning up environment variables script..."[0m
deploy	UNKNOWN STEP	2026-02-09T09:14:46.5387929Z [36;1m#rm -f .env[0m
deploy	UNKNOWN STEP	2026-02-09T09:14:46.5388531Z [36;1mecho "Environment variables script deleted successfully."[0m
deploy	UNKNOWN STEP	2026-02-09T09:14:46.5420321Z shell: /usr/bin/bash -e {0}
deploy	UNKNOWN STEP	2026-02-09T09:14:46.5420830Z env:
deploy	UNKNOWN STEP	2026-02-09T09:14:46.5450093Z   ALLMYSECRETS: {
deploy	UNKNOWN STEP	  "DEV_MNEMONIC": "***",
deploy	UNKNOWN STEP	  "MAIN_PGADMIN_DEFAULT_PASSWORD": "***",
deploy	UNKNOWN STEP	  "DOCKER_HUB_TOKEN": "***",
deploy	UNKNOWN STEP	  "STAGING_ONTON_API_KEY": "***",
deploy	UNKNOWN STEP	  "STAGING_CLOUDFLARE_API_TOKEN": "***",
deploy	UNKNOWN STEP	  "DEV_TON_CENTER_TOKEN": "***",
deploy	UNKNOWN STEP	  "STAGING_ONTON_API_SECRET": "***",
deploy	UNKNOWN STEP	  "STAGING_GITHUB_CLIENT_SECRET": "***",
deploy	UNKNOWN STEP	  "SSH_MAIN_IP": "***",
deploy	UNKNOWN STEP	  "MAIN_TWITTER_CLIENT_SECRET": "***",
deploy	UNKNOWN STEP	  "STAGING_MINIO_ROOT_PASSWORD": "***",
deploy	UNKNOWN STEP	  "MAIN_GITHUB_CLIENT_SECRET": "***",
deploy	UNKNOWN STEP	  "STAGING_RABBITMQ_DEFAULT_PASS": "***",
deploy	UNKNOWN STEP	  "SSH_DEV_IP": "***",
deploy	UNKNOWN STEP	  "DEV_POSTGRES_PASSWORD": "***",
deploy	UNKNOWN STEP	  "SSH_PASSPHRASE": "***",
deploy	UNKNOWN STEP	  "STAGING_CLIENT_API_FIXED_KEY": "***",
deploy	UNKNOWN STEP	  "MAIN_TON_CENTER_TOKEN": "***",
deploy	UNKNOWN STEP	  "DOCKER_HUB_USERNAME": "***",
deploy	UNKNOWN STEP	  "GIT_API_KEY": "***",
deploy	UNKNOWN STEP	  "MAIN_CLOUDFLARE_EMAIL": "***",
deploy	UNKNOWN STEP	  "MAIN_DATABASE_URL": "***",
deploy	UNKNOWN STEP	  "MAIN_CLOUDFLARE_EMAIL_MAIN": "***",
deploy	UNKNOWN STEP	  "STAGING_PGADMIN_DEFAULT_EMAIL": "***",
deploy	UNKNOWN STEP	  "STAGING_SECRET_EVENT_WALLET_ENC_KEY": "***",
deploy	UNKNOWN STEP	  "STAGING_PGADMIN_DEFAULT_PASSWORD": "***",
deploy	UNKNOWN STEP	  "CR_PAT": "***",
deploy	UNKNOWN STEP	  "MAIN_CLOUDFLARE_API_TOKEN_MAIN": "***",
deploy	UNKNOWN STEP	  "MAIN_POSTGRES_USER": "***",
deploy	UNKNOWN STEP	  "DEV_BOT_TOKEN": "***",
deploy	UNKNOWN STEP	  "STAGING_REDIS_PASSWORD": "***",
deploy	UNKNOWN STEP	  "TELEGRAM_CHAT_ID_FOR_DEPLOYMENT": "***",
deploy	UNKNOWN STEP	  "STAGING_TONAPI_API_KEY": "***",
deploy	UNKNOWN STEP	  "STAGING_CLOUDFLARE_API_TOKEN_MAIN": "***",
deploy	UNKNOWN STEP	  "MAIN_BOT_TOKEN": "***",
deploy	UNKNOWN STEP	  "MAIN_SENTRY_AUTH_TOKEN": "***",
deploy	UNKNOWN STEP	  "github_token": "***",
deploy	UNKNOWN STEP	  "STAGING_DATABASE_URL_NFT_MANAGER": "***",
deploy	UNKNOWN STEP	  "DEV_CLOUDFLARE_API_TOKEN": "***",
deploy	UNKNOWN STEP	  "STAGING_TON_SOCIETY_API_KEY": "***",
deploy	UNKNOWN STEP	  "STAGING_POSTGRES_PASSWORD": "***",
deploy	UNKNOWN STEP	  "MAIN_RABBITMQ_DEFAULT_USER": "***",
deploy	UNKNOWN STEP	  "MAIN_CLOUDFLARE_API_TOKEN": "***",
deploy	UNKNOWN STEP	  "MAIN_CLOUDFLARE_DNS_ZONE_ID": "***",
deploy	UNKNOWN STEP	  "MAIN_REDIS_PASSWORD": "***",
deploy	UNKNOWN STEP	  "STAGING_MINIO_ROOT_USER": "***",
deploy	UNKNOWN STEP	  "MAIN_TON_SOCIETY_API_KEY": "***",
deploy	UNKNOWN STEP	  "STAGING_CLOUDFLARE_DNS_ZONE_ID": "***",
deploy	UNKNOWN STEP	  "DEV_CLIENT_API_JWT_SECRET": "***",
deploy	UNKNOWN STEP	  "STAGING_BOT_TOKEN": "***",
deploy	UNKNOWN STEP	  "MAIN_MB_ENCRYPTION_SECRET_KEY": "***",
deploy	UNKNOWN STEP	  "USE_CLOUDFLARE": "***",
deploy	UNKNOWN STEP	  "MAIN_TONAPI_API_KEY": "***",
deploy	UNKNOWN STEP	  "SSH_PRIVATE_KEY": "***",
deploy	UNKNOWN STEP	  "MAIN_LINKEDIN_CLIENT_SECRET": "***",
deploy	UNKNOWN STEP	  "STAGING_MS_CLIENT_SECRET": "***",
deploy	UNKNOWN STEP	  "SSH_DEV_KEY": "***",
deploy	UNKNOWN STEP	  "STAGING_TWITTER_CLIENT_SECRET": "***",
deploy	UNKNOWN STEP	  "STAGING_CLIENT_API_JWT_SECRET": "***",
deploy	UNKNOWN STEP	  "MAIN_DATABASE_URL_NFT_MANAGER": "***",
deploy	UNKNOWN STEP	  "DEV_ONTON_API_SECRET": "***",
deploy	UNKNOWN STEP	  "MAIN_GOOGLE_CLIENT_SECRET": "***",
deploy	UNKNOWN STEP	  "MAIN_MS_CLIENT_SECRET": "***",
deploy	UNKNOWN STEP	  "STAGING_DATABASE_URL": "***",
deploy	UNKNOWN STEP	  "STAGING_TON_CENTER_TOKEN": "***",
deploy	UNKNOWN STEP	  "DEV_TON_SOCIETY_API_KEY": "***",
deploy	UNKNOWN STEP	  "MAIN_EVENT_WALLET_ENC_KEY": "***",
deploy	UNKNOWN STEP	  "STAGING_POSTGRES_USER": "***",
deploy	UNKNOWN STEP	  "MAIN_PGADMIN_DEFAULT_EMAIL": "***",
deploy	UNKNOWN STEP	  "SSH_MAIN_PORT": "***",
deploy	UNKNOWN STEP	  "MAIN_MNEMONIC": "***",
deploy	UNKNOWN STEP	  "MAIN_POSTGRES_PASSWORD": "***",
deploy	UNKNOWN STEP	  "DEV_TONAPI_API_KEY": "***",
deploy	UNKNOWN STEP	  "STAGING_GOOGLE_CLIENT_SECRET": "***",
deploy	UNKNOWN STEP	  "DEV_MB_ENCRYPTION_SECRET_KEY": "***",
deploy	UNKNOWN STEP	  "STAGING_SENTRY_AUTH_TOKEN": "***",
deploy	UNKNOWN STEP	  "DEV_DATABASE_URL": "***",
deploy	UNKNOWN STEP	  "DEV_MINIO_ROOT_PASSWORD": "***",
deploy	UNKNOWN STEP	  "MAIN_RABBITMQ_DEFAULT_PASS": "***",
deploy	UNKNOWN STEP	  "TELEGRAM_BOT_TOKEN_FOR_DEPLOYMENT": "***",
deploy	UNKNOWN STEP	  "MAIN_ONTON_API_SECRET": "***",
deploy	UNKNOWN STEP	  "MAIN_CLIENT_API_FIXED_KEY": "***",
deploy	UNKNOWN STEP	  "SSH_DEV_PORT": "***",
deploy	UNKNOWN STEP	  "DEV_ONTON_API_KEY": "***",
deploy	UNKNOWN STEP	  "DEV_MINIO_ROOT_USER": "***",
deploy	UNKNOWN STEP	  "STAGING_MNEMONIC": "***",
deploy	UNKNOWN STEP	  "MAIN_MINIO_ROOT_USER": "***",
deploy	UNKNOWN STEP	  "DEV_PGADMIN_DEFAULT_PASSWORD": "***",
deploy	UNKNOWN STEP	  "DEV_CLIENT_API_FIXED_KEY": "***",
deploy	UNKNOWN STEP	  "STAGING_CLOUDFLARE_EMAIL": "***",
deploy	UNKNOWN STEP	  "STAGING_MB_ENCRYPTION_SECRET_KEY": "***",
deploy	UNKNOWN STEP	  "MAIN_MINIO_ROOT_PASSWORD": "***",
deploy	UNKNOWN STEP	  "MAIN_ONTON_API_KEY": "***",
deploy	UNKNOWN STEP	  "STAGING_RABBITMQ_DEFAULT_USER": "***",
deploy	UNKNOWN STEP	  "MAIN_CLIENT_API_JWT_SECRET": "***",
deploy	UNKNOWN STEP	  "STAGING_LINKEDIN_CLIENT_SECRET": "***",
deploy	UNKNOWN STEP	  "DEV_RABBITMQ_DEFAULT_PASS": "***"
deploy	UNKNOWN STEP	}
deploy	UNKNOWN STEP	2026-02-09T09:14:46.5529096Z   ALLMYVARS: {
deploy	UNKNOWN STEP	  "DEV_ACME_AGREE": "true",
deploy	UNKNOWN STEP	  "DEV_BRANCH_NAME": "dev",
deploy	UNKNOWN STEP	  "DEV_CACHE_ENABLED": "true",
deploy	UNKNOWN STEP	  "DEV_CLAMAV_PORT": "***10",
deploy	UNKNOWN STEP	  "DEV_CLIENT_API_FIXED_ORGANIZER": "@Ontonadmin",
deploy	UNKNOWN STEP	  "DEV_CLIENT_API_FIXED_USER": "@Ontonadmin",
deploy	UNKNOWN STEP	  "DEV_CLIENT_WEB_DOMAIN": "dev-client-web.dev.***.live",
deploy	UNKNOWN STEP	  "DEV_COMPOSE_PROJECT_NAME": "develop-***",
deploy	UNKNOWN STEP	  "DEV_ENV": "development",
deploy	UNKNOWN STEP	  "DEV_EVENT_WALLET_ENC_KEY": "Ci5M6/B4Wke4qX6tXViVeW0xM0iH0yh/qvD3Y1xu2v8",
deploy	UNKNOWN STEP	  "DEV_GOLANG_SERVER_PORT": "3013",
deploy	UNKNOWN STEP	  "DEV_IP_CADDY": "caddy",
deploy	UNKNOWN STEP	  "DEV_IP_CLAMAV": "host.docker.internal",
deploy	UNKNOWN STEP	  "DEV_IP_CLIENT_WEB": "client-web",
deploy	UNKNOWN STEP	  "DEV_IP_GIVEAWAY_CHECKER": "giveaway-checker",
deploy	UNKNOWN STEP	  "DEV_IP_GOLANG_SERVER": "golang-server",
deploy	UNKNOWN STEP	  "DEV_IP_GOLANG_WORKER": "golang-worker",
deploy	UNKNOWN STEP	  "DEV_IP_KIBANA": "kibana",
deploy	UNKNOWN STEP	  "DEV_IP_METABASE": "metabase",
deploy	UNKNOWN STEP	  "DEV_IP_MINIO": "minio",
deploy	UNKNOWN STEP	  "DEV_IP_MINI_APP": "mini-app",
deploy	UNKNOWN STEP	  "DEV_IP_MINI_APP_CRON": "mini-app-sbt-worker",
deploy	UNKNOWN STEP	  "DEV_IP_NFT_MANAGER": "nft-manager",
deploy	UNKNOWN STEP	  "DEV_IP_PARTICIPANT_TMA": "participant-tma",
deploy	UNKNOWN STEP	  "DEV_IP_PGADMIN": "pgadmin",
deploy	UNKNOWN STEP	  "DEV_IP_POA_WORKER": "mini-app-poa-worker",
deploy	UNKNOWN STEP	  "DEV_IP_POSTGRES": "postgres",
deploy	UNKNOWN STEP	  "DEV_IP_RABBITMQ": "rabbitmq",
deploy	UNKNOWN STEP	  "DEV_IP_RANGE_BASE": "host.docker.internal",
deploy	UNKNOWN STEP	  "DEV_IP_RANGE_START": "172.10",
deploy	UNKNOWN STEP	  "DEV_IP_RANGE_SUBNET": "24",
deploy	UNKNOWN STEP	  "DEV_IP_REDIS": "redis",
deploy	UNKNOWN STEP	  "DEV_IP_SOCKET": "mini-app-notification-socket",
deploy	UNKNOWN STEP	  "DEV_IP_SWAGGER_UI": "swagger-ui",
deploy	UNKNOWN STEP	  "DEV_IP_TELEGRAM_BOT": "telegram-bot",
deploy	UNKNOWN STEP	  "DEV_IP_WEBSITE": "website",
deploy	UNKNOWN STEP	  "DEV_JWT_SECRET_SOCKET": "D3v@OnTonw3tds112ewq%KD___%1006-7-8-9-0OkMjKlll%909R9OOsf",
deploy	UNKNOWN STEP	  "DEV_KIBANA_HASHED_PASSWORD": "$2a$14$6P83mnKs9BxP2qZDaMU.2OzBHY3SG0nnaVXJ8nKluEWEWD5RMmN/W",
deploy	UNKNOWN STEP	  "DEV_KIBANA_PORT": "3023",
deploy	UNKNOWN STEP	  "DEV_KIBANA_USERNAME": "monitor",
deploy	UNKNOWN STEP	  "DEV_LOCAL_DOMAIN": "dev-app.dev.***.live",
deploy	UNKNOWN STEP	  "DEV_MB_REDIRECT_ALL_REQUESTS_TO_HTTPS": "true",
deploy	UNKNOWN STEP	  "DEV_METABASE_DOMAIN": "dev-metabase.dev.***.live",
deploy	UNKNOWN STEP	  "DEV_MINIO_COLLECTION_BUCKET": "***collection",
deploy	UNKNOWN STEP	  "DEV_MINIO_DASHBOARD_PORT": "3014",
deploy	UNKNOWN STEP	  "DEV_MINIO_DOC_BUCKET": "***doc",
deploy	UNKNOWN STEP	  "DEV_MINIO_DOC_DEFAULT_BUCKET": "***",
deploy	UNKNOWN STEP	  "DEV_MINIO_ENDPOINT": "minio",
deploy	UNKNOWN STEP	  "DEV_MINIO_IMAGE_BUCKET": "***image",
deploy	UNKNOWN STEP	  "DEV_MINIO_ITEM_BUCKET": "***item",
deploy	UNKNOWN STEP	  "DEV_MINIO_PORT": "3012",
deploy	UNKNOWN STEP	  "DEV_MINIO_PUBLIC_URL": "https://dev-storage.dev.***.live",
deploy	UNKNOWN STEP	  "DEV_MINIO_REGION_NAME": "default",
deploy	UNKNOWN STEP	  "DEV_MINIO_SBT_COLLECTIONS_BUCKET": "sbt-collections",
deploy	UNKNOWN STEP	  "DEV_MINIO_STORAGE_ADMIN_DOMAIN": "dev-storage-admin.dev.***.live",
deploy	UNKNOWN STEP	  "DEV_MINIO_STORAGE_DOMAIN": "dev-storage.dev.***.live",
deploy	UNKNOWN STEP	  "DEV_MINIO_VIDEO_BUCKET": "***video",
deploy	UNKNOWN STEP	  "DEV_MINI_APP_DOMAIN": "dev-app.dev.***.live",
deploy	UNKNOWN STEP	  "DEV_MINI_APP_PORT": "3000",
deploy	UNKNOWN STEP	  "DEV_MINI_APP_SOCKET_DOMAIN": "dev-socket.dev.***.live",
deploy	UNKNOWN STEP	  "DEV_MONITORING_DOMAIN": "dev-monitoring.dev.***.live",
deploy	UNKNOWN STEP	  "DEV_NETWORK_NAME": "***-dev",
deploy	UNKNOWN STEP	  "DEV_NETWORK_PUBLIC_IP": "***",
deploy	UNKNOWN STEP	  "DEV_NEXT_PUBLIC_API_BASE_URL": "https://dev-app.dev.***.live/api/v1",
deploy	UNKNOWN STEP	  "DEV_NEXT_PUBLIC_APP_BASE_URL": "https://dev-app.dev.***.live",
deploy	UNKNOWN STEP	  "DEV_NEXT_PUBLIC_BACKEND_URL_CLIENT": "https://dev-app.dev.***.live/api/client/v1/",
deploy	UNKNOWN STEP	  "DEV_NEXT_PUBLIC_BOT_USERNAME": "dev_ont0n_bot",
deploy	UNKNOWN STEP	  "DEV_NEXT_PUBLIC_ENV": "development",
deploy	UNKNOWN STEP	  "DEV_NEXT_PUBLIC_GTM": "GTM-dev",
deploy	UNKNOWN STEP	  "DEV_NEXT_PUBLIC_SOCKET_URL": "dev-socket.dev.***.live",
deploy	UNKNOWN STEP	  "DEV_NFT_INTERVAL_TIME": "60000",
deploy	UNKNOWN STEP	  "DEV_NFT_MANAGER_PORT": "3004",
deploy	UNKNOWN STEP	  "DEV_NODE_ENV": "production",
deploy	UNKNOWN STEP	  "DEV_NODE_TLS_REJECT_UNAUTHORIZED": "0",
deploy	UNKNOWN STEP	  "DEV_ONTON_DOMAIN": "dev.***.live",
deploy	UNKNOWN STEP	  "DEV_PARTICIPANT_TMA_PORT": "3001",
deploy	UNKNOWN STEP	  "DEV_PGADMIN_DOMAIN": "dev-pgadmin.dev.***.live",
deploy	UNKNOWN STEP	  "DEV_PORT_CLIENT_WEB": "3007",
deploy	UNKNOWN STEP	  "DEV_PORT_METABASE": "3009",
deploy	UNKNOWN STEP	  "DEV_PORT_PGADMIN": "3006",
deploy	UNKNOWN STEP	  "DEV_PORT_WEB_SITE": "3005",
deploy	UNKNOWN STEP	  "DEV_POSTGRES_METABASE_DB": "dev-mini-app",
deploy	UNKNOWN STEP	  "DEV_POSTGRES_MINI_APP_DB": "dev-mini-app",
deploy	UNKNOWN STEP	  "DEV_POSTGRES_NFT_MANAGER_DB": "dev-nft-manager",
deploy	UNKNOWN STEP	  "DEV_POSTGRES_PORT": "3008",
deploy	UNKNOWN STEP	  "DEV_PTMA_API_BASE_URL": "https://dev-app.dev.***.live/api/v1",
deploy	UNKNOWN STEP	  "DEV_RABBITMQ_DOMAIN": "dev-rabbitmq.dev.***.live",
deploy	UNKNOWN STEP	  "DEV_RABBITMQ_MANAGEMENT_PORT": "3015",
deploy	UNKNOWN STEP	  "DEV_RABBITMQ_NODE_PORT": "3016",
deploy	UNKNOWN STEP	  "DEV_REDIS_DATABASES": "1",
deploy	UNKNOWN STEP	  "DEV_REDIS_PORT": "3011",
deploy	UNKNOWN STEP	  "DEV_REGISTRY_URL": "ghcr.io",
deploy	UNKNOWN STEP	  "DEV_SOCKET_PORT": "30***",
deploy	UNKNOWN STEP	  "DEV_STAGE_NAME": "dev-***",
deploy	UNKNOWN STEP	  "DEV_SWAGGER_UI_DOMAIN": "dev-swagger-ui.dev.***.live",
deploy	UNKNOWN STEP	  "DEV_SWAGGER_UI_PORT": "3024",
deploy	UNKNOWN STEP	  "DEV_SYS_CADDY_REPLICAS": "1",
deploy	UNKNOWN STEP	  "DEV_SYS_MINI_APP_REPLICAS": "1",
deploy	UNKNOWN STEP	  "DEV_SYS_PARTICIPANT_TMA_REPLICAS": "1",
deploy	UNKNOWN STEP	  "DEV_SYS_WEB_SITE_REPLICAS": "1",
deploy	UNKNOWN STEP	  "DEV_TELEGRAM_BOT_PORT": "3002",
deploy	UNKNOWN STEP	  "DEV_TG_EVENTS_TOPIC": "2",
deploy	UNKNOWN STEP	  "DEV_TG_LOGS_GROUP_ID": "-1002308507308",
deploy	UNKNOWN STEP	  "DEV_TG_LOG_BOT_TOKEN": "7604730825:AAE1WJHs5lFI2zX_tba6M-1HYfffA8ugFmA",
deploy	UNKNOWN STEP	  "DEV_TG_NOTIFICATION_CHANELL": "-1002164161685",
deploy	UNKNOWN STEP	  "DEV_TG_SYSTEM_TOPIC": "16",
deploy	UNKNOWN STEP	  "DEV_TG_TICKETS_TOPIC": "4",
deploy	UNKNOWN STEP	  "DEV_TON_CENTER_ENDPOINT": "https://toncenter.com/api/v2/jsonRPC",
deploy	UNKNOWN STEP	  "DEV_TON_SOCIETY_BASE_URL": "https://id.ton.org/v1",
deploy	UNKNOWN STEP	  "DEV_USE_CLOUDFLARE": "true",
deploy	UNKNOWN STEP	  "DEV_USE_MAIN_IP_TO_EXPOSE": "true",
deploy	UNKNOWN STEP	  "MAIN_ACME_AGREE": "true",
deploy	UNKNOWN STEP	  "MAIN_BRANCH_NAME": "main",
deploy	UNKNOWN STEP	  "MAIN_CACHE_ENABLED": "true",
deploy	UNKNOWN STEP	  "MAIN_CLAMAV_PORT": "***10",
deploy	UNKNOWN STEP	  "MAIN_CLIENT_API_FIXED_ORGANIZER": "@Ontonadmin",
deploy	UNKNOWN STEP	  "MAIN_CLIENT_API_FIXED_USER": "@Ontonadmin",
deploy	UNKNOWN STEP	  "MAIN_CLIENT_WEB_DOMAIN": "client-web.***.live",
deploy	UNKNOWN STEP	  "MAIN_COMPOSE_PROJECT_NAME": "production-***",
deploy	UNKNOWN STEP	  "MAIN_ENV": "production",
deploy	UNKNOWN STEP	  "MAIN_GITHUB_CLIENT_ID": "Ov23liQFN1rMeZicYHnL",
deploy	UNKNOWN STEP	  "MAIN_GITHUB_REPO": "***bot",
deploy	UNKNOWN STEP	  "MAIN_GOLANG_SERVER_PORT": "8013",
deploy	UNKNOWN STEP	  "MAIN_GOOGLE_CLIENT_ID": "174044865725-8urfv981fca74aj3bq2kqik7fbe2rggg.apps.googleusercontent.com",
deploy	UNKNOWN STEP	  "MAIN_IP_CADDY": "caddy",
deploy	UNKNOWN STEP	  "MAIN_IP_CLAMAV": "host.docker.internal",
deploy	UNKNOWN STEP	  "MAIN_IP_CLIENT_WEB": "client-web",
deploy	UNKNOWN STEP	  "MAIN_IP_GIVEAWAY_CHECKER": "giveaway-checker",
deploy	UNKNOWN STEP	  "MAIN_IP_GOLANG_SERVER": "golang-server",
deploy	UNKNOWN STEP	  "MAIN_IP_GOLANG_WORKER": "golang-worker",
deploy	UNKNOWN STEP	  "MAIN_IP_KIBANA": "kibana",
deploy	UNKNOWN STEP	  "MAIN_IP_METABASE": "metabase",
deploy	UNKNOWN STEP	  "MAIN_IP_MINIO": "minio",
deploy	UNKNOWN STEP	  "MAIN_IP_MINI_APP": "mini-app",
deploy	UNKNOWN STEP	  "MAIN_IP_MINI_APP_CRON": "mini-app-sbt-worker",
deploy	UNKNOWN STEP	  "MAIN_IP_NFT_MANAGER": "nft-manager",
deploy	UNKNOWN STEP	  "MAIN_IP_PARTICIPANT_TMA": "participant-tma",
deploy	UNKNOWN STEP	  "MAIN_IP_PGADMIN": "pgadmin",
deploy	UNKNOWN STEP	  "MAIN_IP_POA_WORKER": "mini-app-poa-worker",
deploy	UNKNOWN STEP	  "MAIN_IP_POSTGRES": "postgres",
deploy	UNKNOWN STEP	  "MAIN_IP_RABBITMQ": "rabbitmq",
deploy	UNKNOWN STEP	  "MAIN_IP_RANGE_BASE": "host.docker.internal",
deploy	UNKNOWN STEP	  "MAIN_IP_REDIS": "redis",
deploy	UNKNOWN STEP	  "MAIN_IP_SOCKET": "mini-app-notification-socket",
deploy	UNKNOWN STEP	  "MAIN_IP_SWAGGER_UI": "swagger-ui",
deploy	UNKNOWN STEP	  "MAIN_IP_TELEGRAM_BOT": "telegram-bot",
deploy	UNKNOWN STEP	  "MAIN_IP_WEBSITE": "website",
deploy	UNKNOWN STEP	  "MAIN_JWT_SECRET_SOCKET": "JFDmdjeu__@HF_KKSEEWR_ERW*ER_FGDFG_ET%DG%34534aasd_Rhuefli!hfsdlnf",
deploy	UNKNOWN STEP	  "MAIN_KIBANA_HASHED_PASSWORD": "$2a$14$6P83mnKs9BxP2qZDaMU.2OzBHY3SG0nnaVXJ8nKluEWEWD5RMmN/W",
deploy	UNKNOWN STEP	  "MAIN_KIBANA_PORT": "8023",
deploy	UNKNOWN STEP	  "MAIN_KIBANA_USERNAME": "monitor",
deploy	UNKNOWN STEP	  "MAIN_LINKEDIN_CLIENT_ID": "77osbnm9chxr4c",
deploy	UNKNOWN STEP	  "MAIN_LOCAL_DOMAIN": "***.live",
deploy	UNKNOWN STEP	  "MAIN_MB_REDIRECT_ALL_REQUESTS_TO_HTTPS": "true",
deploy	UNKNOWN STEP	  "MAIN_METABASE_DOMAIN": "metabase.***.live",
deploy	UNKNOWN STEP	  "MAIN_MINIO_COLLECTION_BUCKET": "***collection",
deploy	UNKNOWN STEP	  "MAIN_MINIO_DASHBOARD_PORT": "8014",
deploy	UNKNOWN STEP	  "MAIN_MINIO_DOC_BUCKET": "***doc",
deploy	UNKNOWN STEP	  "MAIN_MINIO_DOC_DEFAULT_BUCKET": "***",
deploy	UNKNOWN STEP	  "MAIN_MINIO_ENDPOINT": "minio",
deploy	UNKNOWN STEP	  "MAIN_MINIO_IMAGE_BUCKET": "***image",
deploy	UNKNOWN STEP	  "MAIN_MINIO_ITEM_BUCKET": "***item",
deploy	UNKNOWN STEP	  "MAIN_MINIO_PORT": "8012",
deploy	UNKNOWN STEP	  "MAIN_MINIO_PUBLIC_URL": "https://storage.***.live",
deploy	UNKNOWN STEP	  "MAIN_MINIO_REGION_NAME": "default",
deploy	UNKNOWN STEP	  "MAIN_MINIO_SBT_COLLECTIONS_BUCKET": "sbt-collections",
deploy	UNKNOWN STEP	  "MAIN_MINIO_STORAGE_ADMIN_DOMAIN": "storage-admin.***.live",
deploy	UNKNOWN STEP	  "MAIN_MINIO_STORAGE_DOMAIN": "storage.***.live",
deploy	UNKNOWN STEP	  "MAIN_MINIO_VIDEO_BUCKET": "***video",
deploy	UNKNOWN STEP	  "MAIN_MINI_APP_DOMAIN": "app.***.live",
deploy	UNKNOWN STEP	  "MAIN_MINI_APP_PORT": "8000",
deploy	UNKNOWN STEP	  "MAIN_MINI_APP_SOCKET_DOMAIN": "socket.***.live",
deploy	UNKNOWN STEP	  "MAIN_MONITORING_DOMAIN": "monitoring.***.live",
deploy	UNKNOWN STEP	  "MAIN_MS_CLIENT_ID": "916e0c9f-17bc-45c2-9cbc-025c48a0d449",
deploy	UNKNOWN STEP	  "MAIN_NETWORK_NAME": "***-production",
deploy	UNKNOWN STEP	  "MAIN_NETWORK_PUBLIC_IP": "***",
deploy	UNKNOWN STEP	  "MAIN_NEXT_PUBLIC_API_BASE_URL": "https://app.***.live/api/v1",
deploy	UNKNOWN STEP	  "MAIN_NEXT_PUBLIC_APP_BASE_URL": "https://app.***.live",
deploy	UNKNOWN STEP	  "MAIN_NEXT_PUBLIC_BACKEND_URL_CLIENT": "https://app.***.live/api/client/v1/",
deploy	UNKNOWN STEP	  "MAIN_NEXT_PUBLIC_BOT_USERNAME": "the***bot",
deploy	UNKNOWN STEP	  "MAIN_NEXT_PUBLIC_ENV": "production",
deploy	UNKNOWN STEP	  "MAIN_NEXT_PUBLIC_GTM": "GTM-TSCPWNCM",
deploy	UNKNOWN STEP	  "MAIN_NEXT_PUBLIC_SOCKET_URL": "socket.***.live",
deploy	UNKNOWN STEP	  "MAIN_NFT_INTERVAL_TIME": "60000",
deploy	UNKNOWN STEP	  "MAIN_NFT_MANAGER_PORT": "8004",
deploy	UNKNOWN STEP	  "MAIN_NODE_ENV": "production",
deploy	UNKNOWN STEP	  "MAIN_NODE_TLS_REJECT_UNAUTHORIZED": "1",
deploy	UNKNOWN STEP	  "MAIN_ONTON_DOMAIN": "***.live",
deploy	UNKNOWN STEP	  "MAIN_PARTICIPANT_TMA_PORT": "8001",
deploy	UNKNOWN STEP	  "MAIN_PGADMIN_DOMAIN": "pgadmin.***.live",
deploy	UNKNOWN STEP	  "MAIN_PORT_CLIENT_WEB": "8007",
deploy	UNKNOWN STEP	  "MAIN_PORT_METABASE": "8009",
deploy	UNKNOWN STEP	  "MAIN_PORT_PGADMIN": "8006",
deploy	UNKNOWN STEP	  "MAIN_PORT_WEB_SITE": "8005",
deploy	UNKNOWN STEP	  "MAIN_POSTGRES_METABASE_DB": "production-mini-app",
deploy	UNKNOWN STEP	  "MAIN_POSTGRES_MINI_APP_DB": "production-mini-app",
deploy	UNKNOWN STEP	  "MAIN_POSTGRES_NFT_MANAGER_DB": "production-nft-manager",
deploy	UNKNOWN STEP	  "MAIN_POSTGRES_PORT": "8008",
deploy	UNKNOWN STEP	  "MAIN_PTMA_API_BASE_URL": "https://app.***.live/api/v1",
deploy	UNKNOWN STEP	  "MAIN_RABBITMQ_DOMAIN": "rabbitmq.***.live",
deploy	UNKNOWN STEP	  "MAIN_RABBITMQ_MANAGEMENT_PORT": "8015",
deploy	UNKNOWN STEP	  "MAIN_RABBITMQ_NODE_PORT": "8016",
deploy	UNKNOWN STEP	  "MAIN_REDIS_DATABASES": "1",
deploy	UNKNOWN STEP	  "MAIN_REDIS_PORT": "8011",
deploy	UNKNOWN STEP	  "MAIN_REGISTRY_URL": "registry.toncloud.observer",
deploy	UNKNOWN STEP	  "MAIN_SOCKET_PORT": "80***",
deploy	UNKNOWN STEP	  "MAIN_STAGE_NAME": "main-***",
deploy	UNKNOWN STEP	  "MAIN_SWAGGER_UI_DOMAIN": "swagger-ui.***.live",
deploy	UNKNOWN STEP	  "MAIN_SWAGGER_UI_PORT": "8024",
deploy	UNKNOWN STEP	  "MAIN_SYS_CADDY_REPLICAS": "1",
deploy	UNKNOWN STEP	  "MAIN_SYS_MINI_APP_REPLICAS": "12",
deploy	UNKNOWN STEP	  "MAIN_SYS_PARTICIPANT_TMA_REPLICAS": "6",
deploy	UNKNOWN STEP	  "MAIN_SYS_WEB_SITE_REPLICAS": "3",
deploy	UNKNOWN STEP	  "MAIN_TELEGRAM_BOT_PORT": "8002",
deploy	UNKNOWN STEP	  "MAIN_TG_EVENTS_TOPIC": "2",
deploy	UNKNOWN STEP	  "MAIN_TG_LOGS_GROUP_ID": "-1002300666538",
deploy	UNKNOWN STEP	  "MAIN_TG_LOG_BOT_TOKEN": "7604730825:AAE1WJHs5lFI2zX_tba6M-1HYfffA8ugFmA",
deploy	UNKNOWN STEP	  "MAIN_TG_NOTIFICATION_CHANELL": "-100***32083***",
deploy	UNKNOWN STEP	  "MAIN_TG_SYSTEM_TOPIC": "16",
deploy	UNKNOWN STEP	  "MAIN_TG_TICKETS_TOPIC": "4",
deploy	UNKNOWN STEP	  "MAIN_TON_CENTER_ENDPOINT": "https://toncenter.com/api/v2/jsonRPC",
deploy	UNKNOWN STEP	  "MAIN_TON_SOCIETY_BASE_URL": "https://id.ton.org/v1",
deploy	UNKNOWN STEP	  "MAIN_TWITTER_CLIENT_ID": "SU1RUS0xaHNsRk5kd014UlZieDQ6MTpjaQ",
deploy	UNKNOWN STEP	  "MAIN_USE_CLOUDFLARE": "true",
deploy	UNKNOWN STEP	  "MAIN_USE_MAIN_IP_TO_EXPOSE": "true",
deploy	UNKNOWN STEP	  "NEXT_PUBLIC_BOT_USERNAME": "notnonstagebot",
deploy	UNKNOWN STEP	  "SANDBOX_ACME_AGREE": "true",
deploy	UNKNOWN STEP	  "SANDBOX_BRANCH_NAME": "sandbox",
deploy	UNKNOWN STEP	  "SANDBOX_CACHE_ENABLED": "true",
deploy	UNKNOWN STEP	  "SANDBOX_CLAMAV_PORT": "***10",
deploy	UNKNOWN STEP	  "SANDBOX_CLIENT_API_FIXED_ORGANIZER": "@Ontonadmin",
deploy	UNKNOWN STEP	  "SANDBOX_CLIENT_API_FIXED_USER": "@Ontonadmin",
deploy	UNKNOWN STEP	  "SANDBOX_CLIENT_WEB_DOMAIN": "sandbox-client-web.toncloud.observer",
deploy	UNKNOWN STEP	  "SANDBOX_COMPOSE_PROJECT_NAME": "sanbox-***",
deploy	UNKNOWN STEP	  "SANDBOX_IP_CADDY": "caddy",
deploy	UNKNOWN STEP	  "SANDBOX_IP_CLAMAV": "host.docker.internal",
deploy	UNKNOWN STEP	  "SANDBOX_IP_KIBANA": "kibana",
deploy	UNKNOWN STEP	  "SANDBOX_IP_METABASE": "metabase",
deploy	UNKNOWN STEP	  "SANDBOX_IP_PGADMIN": "pgadmin",
deploy	UNKNOWN STEP	  "SANDBOX_IP_POA_WORKER": "mini-app-poa-worker",
deploy	UNKNOWN STEP	  "SANDBOX_IP_POSTGRES": "postgres",
deploy	UNKNOWN STEP	  "SANDBOX_IP_SOCKET": "mini-app-notification-socket",
deploy	UNKNOWN STEP	  "SANDBOX_IP_TELEGRAM_BOT": "telegram-bot",
deploy	UNKNOWN STEP	  "SANDBOX_IP_WEBSITE": "website",
deploy	UNKNOWN STEP	  "SANDBOX_JWT_SECRET_SOCKET": "D3v@OnTonw3tds112ewq%KD___%1006-7-8-9-0OkMjKlll%909R9OOsf",
deploy	UNKNOWN STEP	  "SANDBOX_KIBANA_HASHED_PASSWORD": "$2a$14$6P83mnKs9BxP2qZDaMU.2OzBHY3SG0nnaVXJ8nKluEWEWD5RMmN/W",
deploy	UNKNOWN STEP	  "SANDBOX_KIBANA_PORT": "6023",
deploy	UNKNOWN STEP	  "SANDBOX_KIBANA_USERNAME": "monitor",
deploy	UNKNOWN STEP	  "SANDBOX_LOCAL_DOMAIN": "sandbox-app.toncloud.observer",
deploy	UNKNOWN STEP	  "SANDBOX_MB_REDIRECT_ALL_REQUESTS_TO_HTTPS": "true",
deploy	UNKNOWN STEP	  "SANDBOX_METABASE_DOMAIN": "sandbox-metabase.toncloud.observer",
deploy	UNKNOWN STEP	  "SANDBOX_MINIO_COLLECTION_BUCKET": "***collection",
deploy	UNKNOWN STEP	  "SANDBOX_MINIO_DASHBOARD_PORT": "6014",
deploy	UNKNOWN STEP	  "SANDBOX_MINIO_DOC_BUCKET": "***doc",
deploy	UNKNOWN STEP	  "SANDBOX_MINIO_DOC_DEFAULT_BUCKET": "***",
deploy	UNKNOWN STEP	  "SANDBOX_MINIO_ENDPOINT": "minio",
deploy	UNKNOWN STEP	  "SANDBOX_MINIO_IMAGE_BUCKET": "***image",
deploy	UNKNOWN STEP	  "SANDBOX_MINIO_ITEM_BUCKET": "***item",
deploy	UNKNOWN STEP	  "SANDBOX_MINIO_PORT": "6012",
deploy	UNKNOWN STEP	  "SANDBOX_MINIO_PUBLIC_URL": "https://sandbox-storage.toncloud.observer",
deploy	UNKNOWN STEP	  "SANDBOX_MINIO_REGION_NAME": "default",
deploy	UNKNOWN STEP	  "SANDBOX_MINIO_SBT_COLLECTIONS_BUCKET": "sbt-collections",
deploy	UNKNOWN STEP	  "SANDBOX_MINIO_STORAGE_ADMIN_DOMAIN": "sandbox-storage-admin.toncloud.observer",
deploy	UNKNOWN STEP	  "SANDBOX_MINIO_STORAGE_DOMAIN": "sandbox-storage.toncloud.observer",
deploy	UNKNOWN STEP	  "SANDBOX_MINIO_VIDEO_BUCKET": "***video",
deploy	UNKNOWN STEP	  "SANDBOX_MINI_APP_DOMAIN": "sandbox-app.toncloud.observer",
deploy	UNKNOWN STEP	  "SANDBOX_MINI_APP_PORT": "6000",
deploy	UNKNOWN STEP	  "SANDBOX_MINI_APP_SOCKET_DOMAIN": "sandbox-socket.toncloud.observer",
deploy	UNKNOWN STEP	  "SANDBOX_MONITORING_DOMAIN": "sandbox-monitoring.toncloud.observer",
deploy	UNKNOWN STEP	  "SANDBOX_NETWORK_NAME": "***-sandbox",
deploy	UNKNOWN STEP	  "SANDBOX_NETWORK_PUBLIC_IP": "***",
deploy	UNKNOWN STEP	  "SANDBOX_NEXT_PUBLIC_API_BASE_URL": "https://sandbox-app.toncloud.observer/api/v1",
deploy	UNKNOWN STEP	  "SANDBOX_NEXT_PUBLIC_APP_BASE_URL": "https://sandbox-app.toncloud.observer",
deploy	UNKNOWN STEP	  "SANDBOX_NEXT_PUBLIC_BACKEND_URL_CLIENT": "https://sandbox-app.toncloud.observer/api/client/v1/",
deploy	UNKNOWN STEP	  "SANDBOX_NEXT_PUBLIC_BOT_USERNAME": "sandbox_ont0n_bot",
deploy	UNKNOWN STEP	  "SANDBOX_NEXT_PUBLIC_GTM": "GTM-sandbox",
deploy	UNKNOWN STEP	  "SANDBOX_NEXT_PUBLIC_SOCKET_URL": "sandbox-socket.toncloud.observer",
deploy	UNKNOWN STEP	  "SANDBOX_NFT_INTERVAL_TIME": "60000",
deploy	UNKNOWN STEP	  "SANDBOX_NFT_MANAGER_PORT": "6004",
deploy	UNKNOWN STEP	  "SANDBOX_NODE_ENV": "production",
deploy	UNKNOWN STEP	  "SANDBOX_NODE_TLS_REJECT_UNAUTHORIZED": "0",
deploy	UNKNOWN STEP	  "SANDBOX_ONTON_DOMAIN": "sandbox.toncloud.observer",
deploy	UNKNOWN STEP	  "SANDBOX_PARTICIPANT_TMA_PORT": "6001",
deploy	UNKNOWN STEP	  "SANDBOX_PGADMIN_DOMAIN": "sandbox-pgadmin.toncloud.observer",
deploy	UNKNOWN STEP	  "SANDBOX_PORT_CLIENT_WEB": "6007",
deploy	UNKNOWN STEP	  "SANDBOX_PORT_METABASE": "6009",
deploy	UNKNOWN STEP	  "SANDBOX_PORT_PGADMIN": "6006",
deploy	UNKNOWN STEP	  "SANDBOX_PORT_WEB_SITE": "6005",
deploy	UNKNOWN STEP	  "SANDBOX_POSTGRES_METABASE_DB": "sandbox-mini-app",
deploy	UNKNOWN STEP	  "SANDBOX_POSTGRES_MINI_APP_DB": "sandbox-mini-app",
deploy	UNKNOWN STEP	  "SANDBOX_POSTGRES_NFT_MANAGER_DB": "sandbox-nft-manager",
deploy	UNKNOWN STEP	  "SANDBOX_POSTGRES_PORT": "6008",
deploy	UNKNOWN STEP	  "SANDBOX_PTMA_API_BASE_URL": "https://sandbox-app.toncloud.observer/api/v1",
deploy	UNKNOWN STEP	  "SANDBOX_RABBITMQ_DOMAIN": "sandbox-rabbitmq.toncloud.observer",
deploy	UNKNOWN STEP	  "SANDBOX_RABBITMQ_MANAGEMENT_PORT": "6015",
deploy	UNKNOWN STEP	  "SANDBOX_RABBITMQ_NODE_PORT": "6016",
deploy	UNKNOWN STEP	  "SANDBOX_REDIS_DATABASES": "1",
deploy	UNKNOWN STEP	  "SANDBOX_REDIS_PORT": "6011",
deploy	UNKNOWN STEP	  "SANDBOX_REGISTRY_URL": "registry.toncloud.observer",
deploy	UNKNOWN STEP	  "SANDBOX_SOCKET_PORT": "60***",
deploy	UNKNOWN STEP	  "SANDBOX_STAGE_NAME": "sandbox-***",
deploy	UNKNOWN STEP	  "SANDBOX_SYS_CADDY_REPLICAS": "1",
deploy	UNKNOWN STEP	  "SANDBOX_SYS_MINI_APP_REPLICAS": "2",
deploy	UNKNOWN STEP	  "SANDBOX_SYS_PARTICIPANT_TMA_REPLICAS": "2",
deploy	UNKNOWN STEP	  "SANDBOX_SYS_WEB_SITE_REPLICAS": "1",
deploy	UNKNOWN STEP	  "SANDBOX_TELEGRAM_BOT_PORT": "6002",
deploy	UNKNOWN STEP	  "SANDBOX_TG_NOTIFICATION_CHANELL": "-1002164161685",
deploy	UNKNOWN STEP	  "SANDBOX_TON_CENTER_ENDPOINT": "https://toncenter.com/api/v2/jsonRPC",
deploy	UNKNOWN STEP	  "SANDBOX_TON_SOCIETY_BASE_URL": "https://society.ton.org/v1",
deploy	UNKNOWN STEP	  "SANDBOX_USE_CLOUDFLARE": "true",
deploy	UNKNOWN STEP	  "SANDBOX_USE_MAIN_IP_TO_EXPOSE": "true",
deploy	UNKNOWN STEP	  "STAGING_ACME_AGREE": "true",
deploy	UNKNOWN STEP	  "STAGING_BRANCH_NAME": "staging",
deploy	UNKNOWN STEP	  "STAGING_CACHE_ENABLED": "true",
deploy	UNKNOWN STEP	  "STAGING_CLAMAV_PORT": "***10",
deploy	UNKNOWN STEP	  "STAGING_CLIENT_API_FIXED_ORGANIZER": "@Ontonadmin",
deploy	UNKNOWN STEP	  "STAGING_CLIENT_API_FIXED_USER": "@Ontonadmin",
deploy	UNKNOWN STEP	  "STAGING_CLIENT_WEB_DOMAIN": "staging-client-web.toncloud.observer",
deploy	UNKNOWN STEP	  "STAGING_COMPOSE_PROJECT_NAME": "staging-***",
deploy	UNKNOWN STEP	  "STAGING_ENV": "staging",
deploy	UNKNOWN STEP	  "STAGING_EVENT_WALLET_ENC_KEY": "Ci5M6/B4Wke4qX6tXViVeW0xM0iH0yh/qvD3Y1xu2v8",
deploy	UNKNOWN STEP	  "STAGING_GITHUB_CLIENT_ID": "Ov23liQFN1rMeZicYHnL",
deploy	UNKNOWN STEP	  "STAGING_GITHUB_REPO": "***bot",
deploy	UNKNOWN STEP	  "STAGING_GOLANG_SERVER_PORT": "4013",
deploy	UNKNOWN STEP	  "STAGING_GOOGLE_CLIENT_ID": "174044865725-8urfv981fca74aj3bq2kqik7fbe2rggg.apps.googleusercontent.com",
deploy	UNKNOWN STEP	  "STAGING_IP_CADDY": "caddy",
deploy	UNKNOWN STEP	  "STAGING_IP_CLAMAV": "host.docker.internal",
deploy	UNKNOWN STEP	  "STAGING_IP_CLIENT_WEB": "client-web",
deploy	UNKNOWN STEP	  "STAGING_IP_GIVEAWAY_CHECKER": "giveaway-checker",
deploy	UNKNOWN STEP	  "STAGING_IP_GOLANG_SERVER": "golang-server",
deploy	UNKNOWN STEP	  "STAGING_IP_GOLANG_WORKER": "golang-worker",
deploy	UNKNOWN STEP	  "STAGING_IP_KIBANA": "kibana",
deploy	UNKNOWN STEP	  "STAGING_IP_METABASE": "metabase",
deploy	UNKNOWN STEP	  "STAGING_IP_MINIO": "minio",
deploy	UNKNOWN STEP	  "STAGING_IP_MINI_APP": "mini-app",
deploy	UNKNOWN STEP	  "STAGING_IP_MINI_APP_CRON": "mini-app-sbt-worker",
deploy	UNKNOWN STEP	  "STAGING_IP_NFT_MANAGER": "nft-manager",
deploy	UNKNOWN STEP	  "STAGING_IP_PARTICIPANT_TMA": "participant-tma",
deploy	UNKNOWN STEP	  "STAGING_IP_PGADMIN": "pgadmin",
deploy	UNKNOWN STEP	  "STAGING_IP_POA_WORKER": "mini-app-poa-worker",
deploy	UNKNOWN STEP	  "STAGING_IP_POSTGRES": "postgres",
deploy	UNKNOWN STEP	  "STAGING_IP_RABBITMQ": "rabbitmq",
deploy	UNKNOWN STEP	  "STAGING_IP_RANGE_BASE": "host.docker.internal",
deploy	UNKNOWN STEP	  "STAGING_IP_RANGE_START": "172.11",
deploy	UNKNOWN STEP	  "STAGING_IP_RANGE_SUBNET": "24",
deploy	UNKNOWN STEP	  "STAGING_IP_REDIS": "redis",
deploy	UNKNOWN STEP	  "STAGING_IP_SOCKET": "IP_SOCKET=mini-app-notification-socket",
deploy	UNKNOWN STEP	  "STAGING_IP_SWAGGER_UI": "swagger-ui",
deploy	UNKNOWN STEP	  "STAGING_IP_TELEGRAM_BOT": "telegram-bot",
deploy	UNKNOWN STEP	  "STAGING_IP_WEBSITE": "website",
deploy	UNKNOWN STEP	  "STAGING_JWT_SECRET_SOCKET": "JFDmdjeu__@HF_KKSEEWR_ERWER_FGDFG_ET%DG%34534aasd%_Rhueflihfsdlnf",
deploy	UNKNOWN STEP	  "STAGING_KIBANA_HASHED_PASSWORD": "$2a$14$6P83mnKs9BxP2qZDaMU.2OzBHY3SG0nnaVXJ8nKluEWEWD5RMmN/W",
deploy	UNKNOWN STEP	  "STAGING_KIBANA_PORT": "4023",
deploy	UNKNOWN STEP	  "STAGING_KIBANA_USERNAME": "monitor",
deploy	UNKNOWN STEP	  "STAGING_LINKEDIN_CLIENT_ID": "77osbnm9chxr4c",
deploy	UNKNOWN STEP	  "STAGING_LOCAL_DOMAIN": "staging-app.toncloud.observer",
deploy	UNKNOWN STEP	  "STAGING_MB_REDIRECT_ALL_REQUESTS_TO_HTTPS": "true",
deploy	UNKNOWN STEP	  "STAGING_METABASE_DOMAIN": "staging-metabase.toncloud.observer",
deploy	UNKNOWN STEP	  "STAGING_MINIO_COLLECTION_BUCKET": "***collection",
deploy	UNKNOWN STEP	  "STAGING_MINIO_DASHBOARD_PORT": "4014",
deploy	UNKNOWN STEP	  "STAGING_MINIO_DOC_BUCKET": "***doc",
deploy	UNKNOWN STEP	  "STAGING_MINIO_DOC_DEFAULT_BUCKET": "***",
deploy	UNKNOWN STEP	  "STAGING_MINIO_ENDPOINT": "minio",
deploy	UNKNOWN STEP	  "STAGING_MINIO_IMAGE_BUCKET": "***image",
deploy	UNKNOWN STEP	  "STAGING_MINIO_ITEM_BUCKET": "***item",
deploy	UNKNOWN STEP	  "STAGING_MINIO_PORT": "4012",
deploy	UNKNOWN STEP	  "STAGING_MINIO_PUBLIC_URL": "https://staging-storage.toncloud.observer",
deploy	UNKNOWN STEP	  "STAGING_MINIO_REGION_NAME": "default",
deploy	UNKNOWN STEP	  "STAGING_MINIO_SBT_COLLECTIONS_BUCKET": "sbt-collections",
deploy	UNKNOWN STEP	  "STAGING_MINIO_STORAGE_ADMIN_DOMAIN": "staging-storage-admin.toncloud.observer",
deploy	UNKNOWN STEP	  "STAGING_MINIO_STORAGE_DOMAIN": "staging-storage.toncloud.observer",
deploy	UNKNOWN STEP	  "STAGING_MINIO_VIDEO_BUCKET": "***video",
deploy	UNKNOWN STEP	  "STAGING_MINI_APP_DOMAIN": "staging-app.toncloud.observer",
deploy	UNKNOWN STEP	  "STAGING_MINI_APP_PORT": "4000",
deploy	UNKNOWN STEP	  "STAGING_MINI_APP_SOCKET_DOMAIN": "staging-socket.toncloud.observer",
deploy	UNKNOWN STEP	  "STAGING_MONITORING_DOMAIN": "staging-monitoring.toncloud.observer",
deploy	UNKNOWN STEP	  "STAGING_MS_CLIENT_ID": "916e0c9f-17bc-45c2-9cbc-025c48a0d449",
deploy	UNKNOWN STEP	  "STAGING_NETWORK_NAME": "***-staging",
deploy	UNKNOWN STEP	  "STAGING_NETWORK_PUBLIC_IP": "***",
deploy	UNKNOWN STEP	  "STAGING_NEXT_PUBLIC_API_BASE_URL": "https://staging-app.toncloud.observer/api/v1",
deploy	UNKNOWN STEP	  "STAGING_NEXT_PUBLIC_APP_BASE_URL": "https://staging-app.toncloud.observer",
deploy	UNKNOWN STEP	  "STAGING_NEXT_PUBLIC_BACKEND_URL_CLIENT": "https://staging-app.toncloud.observer/api/client/v1/",
deploy	UNKNOWN STEP	  "STAGING_NEXT_PUBLIC_BOT_USERNAME": "notnonstagebot",
deploy	UNKNOWN STEP	  "STAGING_NEXT_PUBLIC_ENV": "staging",
deploy	UNKNOWN STEP	  "STAGING_NEXT_PUBLIC_GTM": "GTM-staging",
deploy	UNKNOWN STEP	  "STAGING_NEXT_PUBLIC_SOCKET_URL": "staging-socket.toncloud.observer",
deploy	UNKNOWN STEP	  "STAGING_NEXT_PUBLIC_TRPC_BASE_URL": "https://staging-app.toncloud.observer",
deploy	UNKNOWN STEP	  "STAGING_NFT_INTERVAL_TIME": "60000",
deploy	UNKNOWN STEP	  "STAGING_NFT_MANAGER_PORT": "4004",
deploy	UNKNOWN STEP	  "STAGING_NODE_ENV": "production",
deploy	UNKNOWN STEP	  "STAGING_NODE_TLS_REJECT_UNAUTHORIZED": "0",
deploy	UNKNOWN STEP	  "STAGING_ONTON_DOMAIN": "staging.toncloud.observer",
deploy	UNKNOWN STEP	  "STAGING_PARTICIPANT_TMA_PORT": "4001",
deploy	UNKNOWN STEP	  "STAGING_PGADMIN_DOMAIN": "staging-pgadmin.toncloud.observer",
deploy	UNKNOWN STEP	  "STAGING_PORT_CLIENT_WEB": "4007",
deploy	UNKNOWN STEP	  "STAGING_PORT_METABASE": "4009",
deploy	UNKNOWN STEP	  "STAGING_PORT_PGADMIN": "4006",
deploy	UNKNOWN STEP	  "STAGING_PORT_WEB_SITE": "4005",
deploy	UNKNOWN STEP	  "STAGING_POSTGRES_METABASE_DB": "staging-mini-app",
deploy	UNKNOWN STEP	  "STAGING_POSTGRES_MINI_APP_DB": "staging-mini-app",
deploy	UNKNOWN STEP	  "STAGING_POSTGRES_NFT_MANAGER_DB": "staging-nft-manager",
deploy	UNKNOWN STEP	  "STAGING_POSTGRES_PORT": "4008",
deploy	UNKNOWN STEP	  "STAGING_PTMA_API_BASE_URL": "https://staging-app.toncloud.observer/api/v1",
deploy	UNKNOWN STEP	  "STAGING_RABBITMQ_DOMAIN": "staging-rabbitmq.toncloud.observer",
deploy	UNKNOWN STEP	  "STAGING_RABBITMQ_MANAGEMENT_PORT": "4015",
deploy	UNKNOWN STEP	  "STAGING_RABBITMQ_NODE_PORT": "4016",
deploy	UNKNOWN STEP	  "STAGING_REDIS_DATABASES": "1",
deploy	UNKNOWN STEP	  "STAGING_REDIS_PORT": "4011",
deploy	UNKNOWN STEP	  "STAGING_REGISTRY_URL": "registry.toncloud.observer",
deploy	UNKNOWN STEP	  "STAGING_SOCKET_PORT": "40***",
deploy	UNKNOWN STEP	  "STAGING_STAGE_NAME": "staging-***",
deploy	UNKNOWN STEP	  "STAGING_SWAGGER_UI_DOMAIN": "staging-swagger-ui.toncloud.observer",
deploy	UNKNOWN STEP	  "STAGING_SWAGGER_UI_PORT": "4024",
deploy	UNKNOWN STEP	  "STAGING_SYS_CADDY_REPLICAS": "1",
deploy	UNKNOWN STEP	  "STAGING_SYS_MINI_APP_REPLICAS": "2",
deploy	UNKNOWN STEP	  "STAGING_SYS_PARTICIPANT_TMA_REPLICAS": "2",
deploy	UNKNOWN STEP	  "STAGING_SYS_WEB_SITE_REPLICAS": "1",
deploy	UNKNOWN STEP	  "STAGING_TELEGRAM_BOT_PORT": "4002",
deploy	UNKNOWN STEP	  "STAGING_TG_EVENTS_TOPIC": "2",
deploy	UNKNOWN STEP	  "STAGING_TG_LOGS_GROUP_ID": "-100***64975789",
deploy	UNKNOWN STEP	  "STAGING_TG_LOG_BOT_TOKEN": "7604730825:AAE1WJHs5lFI2zX_tba6M-1HYfffA8ugFmA",
deploy	UNKNOWN STEP	  "STAGING_TG_NOTIFICATION_CHANELL": "-1002164161685",
deploy	UNKNOWN STEP	  "STAGING_TG_SYSTEM_TOPIC": "16",
deploy	UNKNOWN STEP	  "STAGING_TG_TICKETS_TOPIC": "4",
deploy	UNKNOWN STEP	  "STAGING_TON_CENTER_ENDPOINT": "https://toncenter.com/api/v2/jsonRPC",
deploy	UNKNOWN STEP	  "STAGING_TON_SOCIETY_BASE_URL": "https://id.ton.org/v1",
deploy	UNKNOWN STEP	  "STAGING_TWITTER_CLIENT_ID": "SU1RUS0xaHNsRk5kd014UlZieDQ6MTpjaQ",
deploy	UNKNOWN STEP	  "STAGING_USE_CLOUDFLARE": "true",
deploy	UNKNOWN STEP	  "STAGING_USE_MAIN_IP_TO_EXPOSE": "true",
deploy	UNKNOWN STEP	  "TELEGRAM_BOT_TOKEN_FOR_DEPLOYMENT": "7604730825:AAHhtwa4bGhELsBn2VqUxIIFXVJkRJfKuDs",
deploy	UNKNOWN STEP	  "TELEGRAM_CHAT_ID_FOR_DEPLOYMENT": "***"
deploy	UNKNOWN STEP	}
deploy	UNKNOWN STEP	2026-02-09T09:14:46.5596130Z   SSH_AUTH_SOCK: /tmp/ssh-INNUIgKIh2X5/agent.2073
deploy	UNKNOWN STEP	2026-02-09T09:14:46.5596744Z   SSH_AGENT_PID: 2074
deploy	UNKNOWN STEP	2026-02-09T09:14:46.5597271Z   SSH_IP: ***
deploy	UNKNOWN STEP	2026-02-09T09:14:46.5597740Z   SSH_PORT: ***
deploy	UNKNOWN STEP	2026-02-09T09:14:46.5598270Z   COMPOSE_FILE: docker-compose-server-dev.yml
deploy	UNKNOWN STEP	2026-02-09T09:14:46.5598842Z ##[endgroup]
deploy	UNKNOWN STEP	2026-02-09T09:14:46.5676123Z Cleaning up environment variables script...
deploy	UNKNOWN STEP	2026-02-09T09:14:46.5677405Z Environment variables script deleted successfully.
deploy	UNKNOWN STEP	2026-02-09T09:14:46.5723753Z ##[group]Run if [ -z "$TELEGRAM_BOT_TOKEN" ] || [ -z "$TELEGRAM_CHAT_ID" ]; then
deploy	UNKNOWN STEP	2026-02-09T09:14:46.5724787Z [36;1mif [ -z "$TELEGRAM_BOT_TOKEN" ] || [ -z "$TELEGRAM_CHAT_ID" ]; then[0m
deploy	UNKNOWN STEP	2026-02-09T09:14:46.5725540Z [36;1m  echo "Error: Telegram vars are not set or are empty."[0m
deploy	UNKNOWN STEP	2026-02-09T09:14:46.5726149Z [36;1m  exit 1[0m
deploy	UNKNOWN STEP	2026-02-09T09:14:46.5726610Z [36;1mfi[0m
deploy	UNKNOWN STEP	2026-02-09T09:14:46.5727046Z [36;1m[0m
deploy	UNKNOWN STEP	2026-02-09T09:14:46.5727707Z [36;1mcurl -s -X POST "https://api.telegram.org/bot$TELEGRAM_BOT_TOKEN/sendMessage" \[0m
deploy	UNKNOWN STEP	2026-02-09T09:14:46.5728468Z [36;1m  -d chat_id="$TELEGRAM_CHAT_ID" \[0m
deploy	UNKNOWN STEP	2026-02-09T09:14:46.5729212Z [36;1m  -d text="[0m
deploy	UNKNOWN STEP	2026-02-09T09:14:46.5729688Z [36;1m  Hi there! [0m
deploy	UNKNOWN STEP	2026-02-09T09:14:46.5730285Z [36;1m  🔄 Deployment Finished for ExecutESG/***[0m
deploy	UNKNOWN STEP	2026-02-09T09:14:46.5730858Z [36;1m[0m
deploy	UNKNOWN STEP	2026-02-09T09:14:46.5731324Z [36;1m  🧑 ‍💻Actor: bemehrbani[0m
deploy	UNKNOWN STEP	2026-02-09T09:14:46.5731828Z [36;1m[0m
deploy	UNKNOWN STEP	2026-02-09T09:14:46.5732354Z [36;1m  📝 branch: refs/heads/dev[0m
deploy	UNKNOWN STEP	2026-02-09T09:14:46.5732870Z [36;1m[0m
deploy	UNKNOWN STEP	2026-02-09T09:14:46.5733329Z [36;1m  ❌ ❌ deployment failed ❌ ❌ [0m
deploy	UNKNOWN STEP	2026-02-09T09:14:46.5733854Z [36;1m  "[0m
deploy	UNKNOWN STEP	2026-02-09T09:14:46.5765308Z shell: /usr/bin/bash -e {0}
deploy	UNKNOWN STEP	2026-02-09T09:14:46.5765817Z env:
deploy	UNKNOWN STEP	2026-02-09T09:14:46.5795844Z   ALLMYSECRETS: {
deploy	UNKNOWN STEP	  "DEV_MNEMONIC": "***",
deploy	UNKNOWN STEP	  "MAIN_PGADMIN_DEFAULT_PASSWORD": "***",
deploy	UNKNOWN STEP	  "DOCKER_HUB_TOKEN": "***",
deploy	UNKNOWN STEP	  "STAGING_ONTON_API_KEY": "***",
deploy	UNKNOWN STEP	  "STAGING_CLOUDFLARE_API_TOKEN": "***",
deploy	UNKNOWN STEP	  "DEV_TON_CENTER_TOKEN": "***",
deploy	UNKNOWN STEP	  "STAGING_ONTON_API_SECRET": "***",
deploy	UNKNOWN STEP	  "STAGING_GITHUB_CLIENT_SECRET": "***",
deploy	UNKNOWN STEP	  "SSH_MAIN_IP": "***",
deploy	UNKNOWN STEP	  "MAIN_TWITTER_CLIENT_SECRET": "***",
deploy	UNKNOWN STEP	  "STAGING_MINIO_ROOT_PASSWORD": "***",
deploy	UNKNOWN STEP	  "MAIN_GITHUB_CLIENT_SECRET": "***",
deploy	UNKNOWN STEP	  "STAGING_RABBITMQ_DEFAULT_PASS": "***",
deploy	UNKNOWN STEP	  "SSH_DEV_IP": "***",
deploy	UNKNOWN STEP	  "DEV_POSTGRES_PASSWORD": "***",
deploy	UNKNOWN STEP	  "SSH_PASSPHRASE": "***",
deploy	UNKNOWN STEP	  "STAGING_CLIENT_API_FIXED_KEY": "***",
deploy	UNKNOWN STEP	  "MAIN_TON_CENTER_TOKEN": "***",
deploy	UNKNOWN STEP	  "DOCKER_HUB_USERNAME": "***",
deploy	UNKNOWN STEP	  "GIT_API_KEY": "***",
deploy	UNKNOWN STEP	  "MAIN_CLOUDFLARE_EMAIL": "***",
deploy	UNKNOWN STEP	  "MAIN_DATABASE_URL": "***",
deploy	UNKNOWN STEP	  "MAIN_CLOUDFLARE_EMAIL_MAIN": "***",
deploy	UNKNOWN STEP	  "STAGING_PGADMIN_DEFAULT_EMAIL": "***",
deploy	UNKNOWN STEP	  "STAGING_SECRET_EVENT_WALLET_ENC_KEY": "***",
deploy	UNKNOWN STEP	  "STAGING_PGADMIN_DEFAULT_PASSWORD": "***",
deploy	UNKNOWN STEP	  "CR_PAT": "***",
deploy	UNKNOWN STEP	  "MAIN_CLOUDFLARE_API_TOKEN_MAIN": "***",
deploy	UNKNOWN STEP	  "MAIN_POSTGRES_USER": "***",
deploy	UNKNOWN STEP	  "DEV_BOT_TOKEN": "***",
deploy	UNKNOWN STEP	  "STAGING_REDIS_PASSWORD": "***",
deploy	UNKNOWN STEP	  "TELEGRAM_CHAT_ID_FOR_DEPLOYMENT": "***",
deploy	UNKNOWN STEP	  "STAGING_TONAPI_API_KEY": "***",
deploy	UNKNOWN STEP	  "STAGING_CLOUDFLARE_API_TOKEN_MAIN": "***",
deploy	UNKNOWN STEP	  "MAIN_BOT_TOKEN": "***",
deploy	UNKNOWN STEP	  "MAIN_SENTRY_AUTH_TOKEN": "***",
deploy	UNKNOWN STEP	  "github_token": "***",
deploy	UNKNOWN STEP	  "STAGING_DATABASE_URL_NFT_MANAGER": "***",
deploy	UNKNOWN STEP	  "DEV_CLOUDFLARE_API_TOKEN": "***",
deploy	UNKNOWN STEP	  "STAGING_TON_SOCIETY_API_KEY": "***",
deploy	UNKNOWN STEP	  "STAGING_POSTGRES_PASSWORD": "***",
deploy	UNKNOWN STEP	  "MAIN_RABBITMQ_DEFAULT_USER": "***",
deploy	UNKNOWN STEP	  "MAIN_CLOUDFLARE_API_TOKEN": "***",
deploy	UNKNOWN STEP	  "MAIN_CLOUDFLARE_DNS_ZONE_ID": "***",
deploy	UNKNOWN STEP	  "MAIN_REDIS_PASSWORD": "***",
deploy	UNKNOWN STEP	  "STAGING_MINIO_ROOT_USER": "***",
deploy	UNKNOWN STEP	  "MAIN_TON_SOCIETY_API_KEY": "***",
deploy	UNKNOWN STEP	  "STAGING_CLOUDFLARE_DNS_ZONE_ID": "***",
deploy	UNKNOWN STEP	  "DEV_CLIENT_API_JWT_SECRET": "***",
deploy	UNKNOWN STEP	  "STAGING_BOT_TOKEN": "***",
deploy	UNKNOWN STEP	  "MAIN_MB_ENCRYPTION_SECRET_KEY": "***",
deploy	UNKNOWN STEP	  "USE_CLOUDFLARE": "***",
deploy	UNKNOWN STEP	  "MAIN_TONAPI_API_KEY": "***",
deploy	UNKNOWN STEP	  "SSH_PRIVATE_KEY": "***",
deploy	UNKNOWN STEP	  "MAIN_LINKEDIN_CLIENT_SECRET": "***",
deploy	UNKNOWN STEP	  "STAGING_MS_CLIENT_SECRET": "***",
deploy	UNKNOWN STEP	  "SSH_DEV_KEY": "***",
deploy	UNKNOWN STEP	  "STAGING_TWITTER_CLIENT_SECRET": "***",
deploy	UNKNOWN STEP	  "STAGING_CLIENT_API_JWT_SECRET": "***",
deploy	UNKNOWN STEP	  "MAIN_DATABASE_URL_NFT_MANAGER": "***",
deploy	UNKNOWN STEP	  "DEV_ONTON_API_SECRET": "***",
deploy	UNKNOWN STEP	  "MAIN_GOOGLE_CLIENT_SECRET": "***",
deploy	UNKNOWN STEP	  "MAIN_MS_CLIENT_SECRET": "***",
deploy	UNKNOWN STEP	  "STAGING_DATABASE_URL": "***",
deploy	UNKNOWN STEP	  "STAGING_TON_CENTER_TOKEN": "***",
deploy	UNKNOWN STEP	  "DEV_TON_SOCIETY_API_KEY": "***",
deploy	UNKNOWN STEP	  "MAIN_EVENT_WALLET_ENC_KEY": "***",
deploy	UNKNOWN STEP	  "STAGING_POSTGRES_USER": "***",
deploy	UNKNOWN STEP	  "MAIN_PGADMIN_DEFAULT_EMAIL": "***",
deploy	UNKNOWN STEP	  "SSH_MAIN_PORT": "***",
deploy	UNKNOWN STEP	  "MAIN_MNEMONIC": "***",
deploy	UNKNOWN STEP	  "MAIN_POSTGRES_PASSWORD": "***",
deploy	UNKNOWN STEP	  "DEV_TONAPI_API_KEY": "***",
deploy	UNKNOWN STEP	  "STAGING_GOOGLE_CLIENT_SECRET": "***",
deploy	UNKNOWN STEP	  "DEV_MB_ENCRYPTION_SECRET_KEY": "***",
deploy	UNKNOWN STEP	  "STAGING_SENTRY_AUTH_TOKEN": "***",
deploy	UNKNOWN STEP	  "DEV_DATABASE_URL": "***",
deploy	UNKNOWN STEP	  "DEV_MINIO_ROOT_PASSWORD": "***",
deploy	UNKNOWN STEP	  "MAIN_RABBITMQ_DEFAULT_PASS": "***",
deploy	UNKNOWN STEP	  "TELEGRAM_BOT_TOKEN_FOR_DEPLOYMENT": "***",
deploy	UNKNOWN STEP	  "MAIN_ONTON_API_SECRET": "***",
deploy	UNKNOWN STEP	  "MAIN_CLIENT_API_FIXED_KEY": "***",
deploy	UNKNOWN STEP	  "SSH_DEV_PORT": "***",
deploy	UNKNOWN STEP	  "DEV_ONTON_API_KEY": "***",
deploy	UNKNOWN STEP	  "DEV_MINIO_ROOT_USER": "***",
deploy	UNKNOWN STEP	  "STAGING_MNEMONIC": "***",
deploy	UNKNOWN STEP	  "MAIN_MINIO_ROOT_USER": "***",
deploy	UNKNOWN STEP	  "DEV_PGADMIN_DEFAULT_PASSWORD": "***",
deploy	UNKNOWN STEP	  "DEV_CLIENT_API_FIXED_KEY": "***",
deploy	UNKNOWN STEP	  "STAGING_CLOUDFLARE_EMAIL": "***",
deploy	UNKNOWN STEP	  "STAGING_MB_ENCRYPTION_SECRET_KEY": "***",
deploy	UNKNOWN STEP	  "MAIN_MINIO_ROOT_PASSWORD": "***",
deploy	UNKNOWN STEP	  "MAIN_ONTON_API_KEY": "***",
deploy	UNKNOWN STEP	  "STAGING_RABBITMQ_DEFAULT_USER": "***",
deploy	UNKNOWN STEP	  "MAIN_CLIENT_API_JWT_SECRET": "***",
deploy	UNKNOWN STEP	  "STAGING_LINKEDIN_CLIENT_SECRET": "***",
deploy	UNKNOWN STEP	  "DEV_RABBITMQ_DEFAULT_PASS": "***"
deploy	UNKNOWN STEP	}
deploy	UNKNOWN STEP	2026-02-09T09:14:46.5877058Z   ALLMYVARS: {
deploy	UNKNOWN STEP	  "DEV_ACME_AGREE": "true",
deploy	UNKNOWN STEP	  "DEV_BRANCH_NAME": "dev",
deploy	UNKNOWN STEP	  "DEV_CACHE_ENABLED": "true",
deploy	UNKNOWN STEP	  "DEV_CLAMAV_PORT": "***10",
deploy	UNKNOWN STEP	  "DEV_CLIENT_API_FIXED_ORGANIZER": "@Ontonadmin",
deploy	UNKNOWN STEP	  "DEV_CLIENT_API_FIXED_USER": "@Ontonadmin",
deploy	UNKNOWN STEP	  "DEV_CLIENT_WEB_DOMAIN": "dev-client-web.dev.***.live",
deploy	UNKNOWN STEP	  "DEV_COMPOSE_PROJECT_NAME": "develop-***",
deploy	UNKNOWN STEP	  "DEV_ENV": "development",
deploy	UNKNOWN STEP	  "DEV_EVENT_WALLET_ENC_KEY": "Ci5M6/B4Wke4qX6tXViVeW0xM0iH0yh/qvD3Y1xu2v8",
deploy	UNKNOWN STEP	  "DEV_GOLANG_SERVER_PORT": "3013",
deploy	UNKNOWN STEP	  "DEV_IP_CADDY": "caddy",
deploy	UNKNOWN STEP	  "DEV_IP_CLAMAV": "host.docker.internal",
deploy	UNKNOWN STEP	  "DEV_IP_CLIENT_WEB": "client-web",
deploy	UNKNOWN STEP	  "DEV_IP_GIVEAWAY_CHECKER": "giveaway-checker",
deploy	UNKNOWN STEP	  "DEV_IP_GOLANG_SERVER": "golang-server",
deploy	UNKNOWN STEP	  "DEV_IP_GOLANG_WORKER": "golang-worker",
deploy	UNKNOWN STEP	  "DEV_IP_KIBANA": "kibana",
deploy	UNKNOWN STEP	  "DEV_IP_METABASE": "metabase",
deploy	UNKNOWN STEP	  "DEV_IP_MINIO": "minio",
deploy	UNKNOWN STEP	  "DEV_IP_MINI_APP": "mini-app",
deploy	UNKNOWN STEP	  "DEV_IP_MINI_APP_CRON": "mini-app-sbt-worker",
deploy	UNKNOWN STEP	  "DEV_IP_NFT_MANAGER": "nft-manager",
deploy	UNKNOWN STEP	  "DEV_IP_PARTICIPANT_TMA": "participant-tma",
deploy	UNKNOWN STEP	  "DEV_IP_PGADMIN": "pgadmin",
deploy	UNKNOWN STEP	  "DEV_IP_POA_WORKER": "mini-app-poa-worker",
deploy	UNKNOWN STEP	  "DEV_IP_POSTGRES": "postgres",
deploy	UNKNOWN STEP	  "DEV_IP_RABBITMQ": "rabbitmq",
deploy	UNKNOWN STEP	  "DEV_IP_RANGE_BASE": "host.docker.internal",
deploy	UNKNOWN STEP	  "DEV_IP_RANGE_START": "172.10",
deploy	UNKNOWN STEP	  "DEV_IP_RANGE_SUBNET": "24",
deploy	UNKNOWN STEP	  "DEV_IP_REDIS": "redis",
deploy	UNKNOWN STEP	  "DEV_IP_SOCKET": "mini-app-notification-socket",
deploy	UNKNOWN STEP	  "DEV_IP_SWAGGER_UI": "swagger-ui",
deploy	UNKNOWN STEP	  "DEV_IP_TELEGRAM_BOT": "telegram-bot",
deploy	UNKNOWN STEP	  "DEV_IP_WEBSITE": "website",
deploy	UNKNOWN STEP	  "DEV_JWT_SECRET_SOCKET": "D3v@OnTonw3tds112ewq%KD___%1006-7-8-9-0OkMjKlll%909R9OOsf",
deploy	UNKNOWN STEP	  "DEV_KIBANA_HASHED_PASSWORD": "$2a$14$6P83mnKs9BxP2qZDaMU.2OzBHY3SG0nnaVXJ8nKluEWEWD5RMmN/W",
deploy	UNKNOWN STEP	  "DEV_KIBANA_PORT": "3023",
deploy	UNKNOWN STEP	  "DEV_KIBANA_USERNAME": "monitor",
deploy	UNKNOWN STEP	  "DEV_LOCAL_DOMAIN": "dev-app.dev.***.live",
deploy	UNKNOWN STEP	  "DEV_MB_REDIRECT_ALL_REQUESTS_TO_HTTPS": "true",
deploy	UNKNOWN STEP	  "DEV_METABASE_DOMAIN": "dev-metabase.dev.***.live",
deploy	UNKNOWN STEP	  "DEV_MINIO_COLLECTION_BUCKET": "***collection",
deploy	UNKNOWN STEP	  "DEV_MINIO_DASHBOARD_PORT": "3014",
deploy	UNKNOWN STEP	  "DEV_MINIO_DOC_BUCKET": "***doc",
deploy	UNKNOWN STEP	  "DEV_MINIO_DOC_DEFAULT_BUCKET": "***",
deploy	UNKNOWN STEP	  "DEV_MINIO_ENDPOINT": "minio",
deploy	UNKNOWN STEP	  "DEV_MINIO_IMAGE_BUCKET": "***image",
deploy	UNKNOWN STEP	  "DEV_MINIO_ITEM_BUCKET": "***item",
deploy	UNKNOWN STEP	  "DEV_MINIO_PORT": "3012",
deploy	UNKNOWN STEP	  "DEV_MINIO_PUBLIC_URL": "https://dev-storage.dev.***.live",
deploy	UNKNOWN STEP	  "DEV_MINIO_REGION_NAME": "default",
deploy	UNKNOWN STEP	  "DEV_MINIO_SBT_COLLECTIONS_BUCKET": "sbt-collections",
deploy	UNKNOWN STEP	  "DEV_MINIO_STORAGE_ADMIN_DOMAIN": "dev-storage-admin.dev.***.live",
deploy	UNKNOWN STEP	  "DEV_MINIO_STORAGE_DOMAIN": "dev-storage.dev.***.live",
deploy	UNKNOWN STEP	  "DEV_MINIO_VIDEO_BUCKET": "***video",
deploy	UNKNOWN STEP	  "DEV_MINI_APP_DOMAIN": "dev-app.dev.***.live",
deploy	UNKNOWN STEP	  "DEV_MINI_APP_PORT": "3000",
deploy	UNKNOWN STEP	  "DEV_MINI_APP_SOCKET_DOMAIN": "dev-socket.dev.***.live",
deploy	UNKNOWN STEP	  "DEV_MONITORING_DOMAIN": "dev-monitoring.dev.***.live",
deploy	UNKNOWN STEP	  "DEV_NETWORK_NAME": "***-dev",
deploy	UNKNOWN STEP	  "DEV_NETWORK_PUBLIC_IP": "***",
deploy	UNKNOWN STEP	  "DEV_NEXT_PUBLIC_API_BASE_URL": "https://dev-app.dev.***.live/api/v1",
deploy	UNKNOWN STEP	  "DEV_NEXT_PUBLIC_APP_BASE_URL": "https://dev-app.dev.***.live",
deploy	UNKNOWN STEP	  "DEV_NEXT_PUBLIC_BACKEND_URL_CLIENT": "https://dev-app.dev.***.live/api/client/v1/",
deploy	UNKNOWN STEP	  "DEV_NEXT_PUBLIC_BOT_USERNAME": "dev_ont0n_bot",
deploy	UNKNOWN STEP	  "DEV_NEXT_PUBLIC_ENV": "development",
deploy	UNKNOWN STEP	  "DEV_NEXT_PUBLIC_GTM": "GTM-dev",
deploy	UNKNOWN STEP	  "DEV_NEXT_PUBLIC_SOCKET_URL": "dev-socket.dev.***.live",
deploy	UNKNOWN STEP	  "DEV_NFT_INTERVAL_TIME": "60000",
deploy	UNKNOWN STEP	  "DEV_NFT_MANAGER_PORT": "3004",
deploy	UNKNOWN STEP	  "DEV_NODE_ENV": "production",
deploy	UNKNOWN STEP	  "DEV_NODE_TLS_REJECT_UNAUTHORIZED": "0",
deploy	UNKNOWN STEP	  "DEV_ONTON_DOMAIN": "dev.***.live",
deploy	UNKNOWN STEP	  "DEV_PARTICIPANT_TMA_PORT": "3001",
deploy	UNKNOWN STEP	  "DEV_PGADMIN_DOMAIN": "dev-pgadmin.dev.***.live",
deploy	UNKNOWN STEP	  "DEV_PORT_CLIENT_WEB": "3007",
deploy	UNKNOWN STEP	  "DEV_PORT_METABASE": "3009",
deploy	UNKNOWN STEP	  "DEV_PORT_PGADMIN": "3006",
deploy	UNKNOWN STEP	  "DEV_PORT_WEB_SITE": "3005",
deploy	UNKNOWN STEP	  "DEV_POSTGRES_METABASE_DB": "dev-mini-app",
deploy	UNKNOWN STEP	  "DEV_POSTGRES_MINI_APP_DB": "dev-mini-app",
deploy	UNKNOWN STEP	  "DEV_POSTGRES_NFT_MANAGER_DB": "dev-nft-manager",
deploy	UNKNOWN STEP	  "DEV_POSTGRES_PORT": "3008",
deploy	UNKNOWN STEP	  "DEV_PTMA_API_BASE_URL": "https://dev-app.dev.***.live/api/v1",
deploy	UNKNOWN STEP	  "DEV_RABBITMQ_DOMAIN": "dev-rabbitmq.dev.***.live",
deploy	UNKNOWN STEP	  "DEV_RABBITMQ_MANAGEMENT_PORT": "3015",
deploy	UNKNOWN STEP	  "DEV_RABBITMQ_NODE_PORT": "3016",
deploy	UNKNOWN STEP	  "DEV_REDIS_DATABASES": "1",
deploy	UNKNOWN STEP	  "DEV_REDIS_PORT": "3011",
deploy	UNKNOWN STEP	  "DEV_REGISTRY_URL": "ghcr.io",
deploy	UNKNOWN STEP	  "DEV_SOCKET_PORT": "30***",
deploy	UNKNOWN STEP	  "DEV_STAGE_NAME": "dev-***",
deploy	UNKNOWN STEP	  "DEV_SWAGGER_UI_DOMAIN": "dev-swagger-ui.dev.***.live",
deploy	UNKNOWN STEP	  "DEV_SWAGGER_UI_PORT": "3024",
deploy	UNKNOWN STEP	  "DEV_SYS_CADDY_REPLICAS": "1",
deploy	UNKNOWN STEP	  "DEV_SYS_MINI_APP_REPLICAS": "1",
deploy	UNKNOWN STEP	  "DEV_SYS_PARTICIPANT_TMA_REPLICAS": "1",
deploy	UNKNOWN STEP	  "DEV_SYS_WEB_SITE_REPLICAS": "1",
deploy	UNKNOWN STEP	  "DEV_TELEGRAM_BOT_PORT": "3002",
deploy	UNKNOWN STEP	  "DEV_TG_EVENTS_TOPIC": "2",
deploy	UNKNOWN STEP	  "DEV_TG_LOGS_GROUP_ID": "-1002308507308",
deploy	UNKNOWN STEP	  "DEV_TG_LOG_BOT_TOKEN": "7604730825:AAE1WJHs5lFI2zX_tba6M-1HYfffA8ugFmA",
deploy	UNKNOWN STEP	  "DEV_TG_NOTIFICATION_CHANELL": "-1002164161685",
deploy	UNKNOWN STEP	  "DEV_TG_SYSTEM_TOPIC": "16",
deploy	UNKNOWN STEP	  "DEV_TG_TICKETS_TOPIC": "4",
deploy	UNKNOWN STEP	  "DEV_TON_CENTER_ENDPOINT": "https://toncenter.com/api/v2/jsonRPC",
deploy	UNKNOWN STEP	  "DEV_TON_SOCIETY_BASE_URL": "https://id.ton.org/v1",
deploy	UNKNOWN STEP	  "DEV_USE_CLOUDFLARE": "true",
deploy	UNKNOWN STEP	  "DEV_USE_MAIN_IP_TO_EXPOSE": "true",
deploy	UNKNOWN STEP	  "MAIN_ACME_AGREE": "true",
deploy	UNKNOWN STEP	  "MAIN_BRANCH_NAME": "main",
deploy	UNKNOWN STEP	  "MAIN_CACHE_ENABLED": "true",
deploy	UNKNOWN STEP	  "MAIN_CLAMAV_PORT": "***10",
deploy	UNKNOWN STEP	  "MAIN_CLIENT_API_FIXED_ORGANIZER": "@Ontonadmin",
deploy	UNKNOWN STEP	  "MAIN_CLIENT_API_FIXED_USER": "@Ontonadmin",
deploy	UNKNOWN STEP	  "MAIN_CLIENT_WEB_DOMAIN": "client-web.***.live",
deploy	UNKNOWN STEP	  "MAIN_COMPOSE_PROJECT_NAME": "production-***",
deploy	UNKNOWN STEP	  "MAIN_ENV": "production",
deploy	UNKNOWN STEP	  "MAIN_GITHUB_CLIENT_ID": "Ov23liQFN1rMeZicYHnL",
deploy	UNKNOWN STEP	  "MAIN_GITHUB_REPO": "***bot",
deploy	UNKNOWN STEP	  "MAIN_GOLANG_SERVER_PORT": "8013",
deploy	UNKNOWN STEP	  "MAIN_GOOGLE_CLIENT_ID": "174044865725-8urfv981fca74aj3bq2kqik7fbe2rggg.apps.googleusercontent.com",
deploy	UNKNOWN STEP	  "MAIN_IP_CADDY": "caddy",
deploy	UNKNOWN STEP	  "MAIN_IP_CLAMAV": "host.docker.internal",
deploy	UNKNOWN STEP	  "MAIN_IP_CLIENT_WEB": "client-web",
deploy	UNKNOWN STEP	  "MAIN_IP_GIVEAWAY_CHECKER": "giveaway-checker",
deploy	UNKNOWN STEP	  "MAIN_IP_GOLANG_SERVER": "golang-server",
deploy	UNKNOWN STEP	  "MAIN_IP_GOLANG_WORKER": "golang-worker",
deploy	UNKNOWN STEP	  "MAIN_IP_KIBANA": "kibana",
deploy	UNKNOWN STEP	  "MAIN_IP_METABASE": "metabase",
deploy	UNKNOWN STEP	  "MAIN_IP_MINIO": "minio",
deploy	UNKNOWN STEP	  "MAIN_IP_MINI_APP": "mini-app",
deploy	UNKNOWN STEP	  "MAIN_IP_MINI_APP_CRON": "mini-app-sbt-worker",
deploy	UNKNOWN STEP	  "MAIN_IP_NFT_MANAGER": "nft-manager",
deploy	UNKNOWN STEP	  "MAIN_IP_PARTICIPANT_TMA": "participant-tma",
deploy	UNKNOWN STEP	  "MAIN_IP_PGADMIN": "pgadmin",
deploy	UNKNOWN STEP	  "MAIN_IP_POA_WORKER": "mini-app-poa-worker",
deploy	UNKNOWN STEP	  "MAIN_IP_POSTGRES": "postgres",
deploy	UNKNOWN STEP	  "MAIN_IP_RABBITMQ": "rabbitmq",
deploy	UNKNOWN STEP	  "MAIN_IP_RANGE_BASE": "host.docker.internal",
deploy	UNKNOWN STEP	  "MAIN_IP_REDIS": "redis",
deploy	UNKNOWN STEP	  "MAIN_IP_SOCKET": "mini-app-notification-socket",
deploy	UNKNOWN STEP	  "MAIN_IP_SWAGGER_UI": "swagger-ui",
deploy	UNKNOWN STEP	  "MAIN_IP_TELEGRAM_BOT": "telegram-bot",
deploy	UNKNOWN STEP	  "MAIN_IP_WEBSITE": "website",
deploy	UNKNOWN STEP	  "MAIN_JWT_SECRET_SOCKET": "JFDmdjeu__@HF_KKSEEWR_ERW*ER_FGDFG_ET%DG%34534aasd_Rhuefli!hfsdlnf",
deploy	UNKNOWN STEP	  "MAIN_KIBANA_HASHED_PASSWORD": "$2a$14$6P83mnKs9BxP2qZDaMU.2OzBHY3SG0nnaVXJ8nKluEWEWD5RMmN/W",
deploy	UNKNOWN STEP	  "MAIN_KIBANA_PORT": "8023",
deploy	UNKNOWN STEP	  "MAIN_KIBANA_USERNAME": "monitor",
deploy	UNKNOWN STEP	  "MAIN_LINKEDIN_CLIENT_ID": "77osbnm9chxr4c",
deploy	UNKNOWN STEP	  "MAIN_LOCAL_DOMAIN": "***.live",
deploy	UNKNOWN STEP	  "MAIN_MB_REDIRECT_ALL_REQUESTS_TO_HTTPS": "true",
deploy	UNKNOWN STEP	  "MAIN_METABASE_DOMAIN": "metabase.***.live",
deploy	UNKNOWN STEP	  "MAIN_MINIO_COLLECTION_BUCKET": "***collection",
deploy	UNKNOWN STEP	  "MAIN_MINIO_DASHBOARD_PORT": "8014",
deploy	UNKNOWN STEP	  "MAIN_MINIO_DOC_BUCKET": "***doc",
deploy	UNKNOWN STEP	  "MAIN_MINIO_DOC_DEFAULT_BUCKET": "***",
deploy	UNKNOWN STEP	  "MAIN_MINIO_ENDPOINT": "minio",
deploy	UNKNOWN STEP	  "MAIN_MINIO_IMAGE_BUCKET": "***image",
deploy	UNKNOWN STEP	  "MAIN_MINIO_ITEM_BUCKET": "***item",
deploy	UNKNOWN STEP	  "MAIN_MINIO_PORT": "8012",
deploy	UNKNOWN STEP	  "MAIN_MINIO_PUBLIC_URL": "https://storage.***.live",
deploy	UNKNOWN STEP	  "MAIN_MINIO_REGION_NAME": "default",
deploy	UNKNOWN STEP	  "MAIN_MINIO_SBT_COLLECTIONS_BUCKET": "sbt-collections",
deploy	UNKNOWN STEP	  "MAIN_MINIO_STORAGE_ADMIN_DOMAIN": "storage-admin.***.live",
deploy	UNKNOWN STEP	  "MAIN_MINIO_STORAGE_DOMAIN": "storage.***.live",
deploy	UNKNOWN STEP	  "MAIN_MINIO_VIDEO_BUCKET": "***video",
deploy	UNKNOWN STEP	  "MAIN_MINI_APP_DOMAIN": "app.***.live",
deploy	UNKNOWN STEP	  "MAIN_MINI_APP_PORT": "8000",
deploy	UNKNOWN STEP	  "MAIN_MINI_APP_SOCKET_DOMAIN": "socket.***.live",
deploy	UNKNOWN STEP	  "MAIN_MONITORING_DOMAIN": "monitoring.***.live",
deploy	UNKNOWN STEP	  "MAIN_MS_CLIENT_ID": "916e0c9f-17bc-45c2-9cbc-025c48a0d449",
deploy	UNKNOWN STEP	  "MAIN_NETWORK_NAME": "***-production",
deploy	UNKNOWN STEP	  "MAIN_NETWORK_PUBLIC_IP": "***",
deploy	UNKNOWN STEP	  "MAIN_NEXT_PUBLIC_API_BASE_URL": "https://app.***.live/api/v1",
deploy	UNKNOWN STEP	  "MAIN_NEXT_PUBLIC_APP_BASE_URL": "https://app.***.live",
deploy	UNKNOWN STEP	  "MAIN_NEXT_PUBLIC_BACKEND_URL_CLIENT": "https://app.***.live/api/client/v1/",
deploy	UNKNOWN STEP	  "MAIN_NEXT_PUBLIC_BOT_USERNAME": "the***bot",
deploy	UNKNOWN STEP	  "MAIN_NEXT_PUBLIC_ENV": "production",
deploy	UNKNOWN STEP	  "MAIN_NEXT_PUBLIC_GTM": "GTM-TSCPWNCM",
deploy	UNKNOWN STEP	  "MAIN_NEXT_PUBLIC_SOCKET_URL": "socket.***.live",
deploy	UNKNOWN STEP	  "MAIN_NFT_INTERVAL_TIME": "60000",
deploy	UNKNOWN STEP	  "MAIN_NFT_MANAGER_PORT": "8004",
deploy	UNKNOWN STEP	  "MAIN_NODE_ENV": "production",
deploy	UNKNOWN STEP	  "MAIN_NODE_TLS_REJECT_UNAUTHORIZED": "1",
deploy	UNKNOWN STEP	  "MAIN_ONTON_DOMAIN": "***.live",
deploy	UNKNOWN STEP	  "MAIN_PARTICIPANT_TMA_PORT": "8001",
deploy	UNKNOWN STEP	  "MAIN_PGADMIN_DOMAIN": "pgadmin.***.live",
deploy	UNKNOWN STEP	  "MAIN_PORT_CLIENT_WEB": "8007",
deploy	UNKNOWN STEP	  "MAIN_PORT_METABASE": "8009",
deploy	UNKNOWN STEP	  "MAIN_PORT_PGADMIN": "8006",
deploy	UNKNOWN STEP	  "MAIN_PORT_WEB_SITE": "8005",
deploy	UNKNOWN STEP	  "MAIN_POSTGRES_METABASE_DB": "production-mini-app",
deploy	UNKNOWN STEP	  "MAIN_POSTGRES_MINI_APP_DB": "production-mini-app",
deploy	UNKNOWN STEP	  "MAIN_POSTGRES_NFT_MANAGER_DB": "production-nft-manager",
deploy	UNKNOWN STEP	  "MAIN_POSTGRES_PORT": "8008",
deploy	UNKNOWN STEP	  "MAIN_PTMA_API_BASE_URL": "https://app.***.live/api/v1",
deploy	UNKNOWN STEP	  "MAIN_RABBITMQ_DOMAIN": "rabbitmq.***.live",
deploy	UNKNOWN STEP	  "MAIN_RABBITMQ_MANAGEMENT_PORT": "8015",
deploy	UNKNOWN STEP	  "MAIN_RABBITMQ_NODE_PORT": "8016",
deploy	UNKNOWN STEP	  "MAIN_REDIS_DATABASES": "1",
deploy	UNKNOWN STEP	  "MAIN_REDIS_PORT": "8011",
deploy	UNKNOWN STEP	  "MAIN_REGISTRY_URL": "registry.toncloud.observer",
deploy	UNKNOWN STEP	  "MAIN_SOCKET_PORT": "80***",
deploy	UNKNOWN STEP	  "MAIN_STAGE_NAME": "main-***",
deploy	UNKNOWN STEP	  "MAIN_SWAGGER_UI_DOMAIN": "swagger-ui.***.live",
deploy	UNKNOWN STEP	  "MAIN_SWAGGER_UI_PORT": "8024",
deploy	UNKNOWN STEP	  "MAIN_SYS_CADDY_REPLICAS": "1",
deploy	UNKNOWN STEP	  "MAIN_SYS_MINI_APP_REPLICAS": "12",
deploy	UNKNOWN STEP	  "MAIN_SYS_PARTICIPANT_TMA_REPLICAS": "6",
deploy	UNKNOWN STEP	  "MAIN_SYS_WEB_SITE_REPLICAS": "3",
deploy	UNKNOWN STEP	  "MAIN_TELEGRAM_BOT_PORT": "8002",
deploy	UNKNOWN STEP	  "MAIN_TG_EVENTS_TOPIC": "2",
deploy	UNKNOWN STEP	  "MAIN_TG_LOGS_GROUP_ID": "-1002300666538",
deploy	UNKNOWN STEP	  "MAIN_TG_LOG_BOT_TOKEN": "7604730825:AAE1WJHs5lFI2zX_tba6M-1HYfffA8ugFmA",
deploy	UNKNOWN STEP	  "MAIN_TG_NOTIFICATION_CHANELL": "-100***32083***",
deploy	UNKNOWN STEP	  "MAIN_TG_SYSTEM_TOPIC": "16",
deploy	UNKNOWN STEP	  "MAIN_TG_TICKETS_TOPIC": "4",
deploy	UNKNOWN STEP	  "MAIN_TON_CENTER_ENDPOINT": "https://toncenter.com/api/v2/jsonRPC",
deploy	UNKNOWN STEP	  "MAIN_TON_SOCIETY_BASE_URL": "https://id.ton.org/v1",
deploy	UNKNOWN STEP	  "MAIN_TWITTER_CLIENT_ID": "SU1RUS0xaHNsRk5kd014UlZieDQ6MTpjaQ",
deploy	UNKNOWN STEP	  "MAIN_USE_CLOUDFLARE": "true",
deploy	UNKNOWN STEP	  "MAIN_USE_MAIN_IP_TO_EXPOSE": "true",
deploy	UNKNOWN STEP	  "NEXT_PUBLIC_BOT_USERNAME": "notnonstagebot",
deploy	UNKNOWN STEP	  "SANDBOX_ACME_AGREE": "true",
deploy	UNKNOWN STEP	  "SANDBOX_BRANCH_NAME": "sandbox",
deploy	UNKNOWN STEP	  "SANDBOX_CACHE_ENABLED": "true",
deploy	UNKNOWN STEP	  "SANDBOX_CLAMAV_PORT": "***10",
deploy	UNKNOWN STEP	  "SANDBOX_CLIENT_API_FIXED_ORGANIZER": "@Ontonadmin",
deploy	UNKNOWN STEP	  "SANDBOX_CLIENT_API_FIXED_USER": "@Ontonadmin",
deploy	UNKNOWN STEP	  "SANDBOX_CLIENT_WEB_DOMAIN": "sandbox-client-web.toncloud.observer",
deploy	UNKNOWN STEP	  "SANDBOX_COMPOSE_PROJECT_NAME": "sanbox-***",
deploy	UNKNOWN STEP	  "SANDBOX_IP_CADDY": "caddy",
deploy	UNKNOWN STEP	  "SANDBOX_IP_CLAMAV": "host.docker.internal",
deploy	UNKNOWN STEP	  "SANDBOX_IP_KIBANA": "kibana",
deploy	UNKNOWN STEP	  "SANDBOX_IP_METABASE": "metabase",
deploy	UNKNOWN STEP	  "SANDBOX_IP_PGADMIN": "pgadmin",
deploy	UNKNOWN STEP	  "SANDBOX_IP_POA_WORKER": "mini-app-poa-worker",
deploy	UNKNOWN STEP	  "SANDBOX_IP_POSTGRES": "postgres",
deploy	UNKNOWN STEP	  "SANDBOX_IP_SOCKET": "mini-app-notification-socket",
deploy	UNKNOWN STEP	  "SANDBOX_IP_TELEGRAM_BOT": "telegram-bot",
deploy	UNKNOWN STEP	  "SANDBOX_IP_WEBSITE": "website",
deploy	UNKNOWN STEP	  "SANDBOX_JWT_SECRET_SOCKET": "D3v@OnTonw3tds112ewq%KD___%1006-7-8-9-0OkMjKlll%909R9OOsf",
deploy	UNKNOWN STEP	  "SANDBOX_KIBANA_HASHED_PASSWORD": "$2a$14$6P83mnKs9BxP2qZDaMU.2OzBHY3SG0nnaVXJ8nKluEWEWD5RMmN/W",
deploy	UNKNOWN STEP	  "SANDBOX_KIBANA_PORT": "6023",
deploy	UNKNOWN STEP	  "SANDBOX_KIBANA_USERNAME": "monitor",
deploy	UNKNOWN STEP	  "SANDBOX_LOCAL_DOMAIN": "sandbox-app.toncloud.observer",
deploy	UNKNOWN STEP	  "SANDBOX_MB_REDIRECT_ALL_REQUESTS_TO_HTTPS": "true",
deploy	UNKNOWN STEP	  "SANDBOX_METABASE_DOMAIN": "sandbox-metabase.toncloud.observer",
deploy	UNKNOWN STEP	  "SANDBOX_MINIO_COLLECTION_BUCKET": "***collection",
deploy	UNKNOWN STEP	  "SANDBOX_MINIO_DASHBOARD_PORT": "6014",
deploy	UNKNOWN STEP	  "SANDBOX_MINIO_DOC_BUCKET": "***doc",
deploy	UNKNOWN STEP	  "SANDBOX_MINIO_DOC_DEFAULT_BUCKET": "***",
deploy	UNKNOWN STEP	  "SANDBOX_MINIO_ENDPOINT": "minio",
deploy	UNKNOWN STEP	  "SANDBOX_MINIO_IMAGE_BUCKET": "***image",
deploy	UNKNOWN STEP	  "SANDBOX_MINIO_ITEM_BUCKET": "***item",
deploy	UNKNOWN STEP	  "SANDBOX_MINIO_PORT": "6012",
deploy	UNKNOWN STEP	  "SANDBOX_MINIO_PUBLIC_URL": "https://sandbox-storage.toncloud.observer",
deploy	UNKNOWN STEP	  "SANDBOX_MINIO_REGION_NAME": "default",
deploy	UNKNOWN STEP	  "SANDBOX_MINIO_SBT_COLLECTIONS_BUCKET": "sbt-collections",
deploy	UNKNOWN STEP	  "SANDBOX_MINIO_STORAGE_ADMIN_DOMAIN": "sandbox-storage-admin.toncloud.observer",
deploy	UNKNOWN STEP	  "SANDBOX_MINIO_STORAGE_DOMAIN": "sandbox-storage.toncloud.observer",
deploy	UNKNOWN STEP	  "SANDBOX_MINIO_VIDEO_BUCKET": "***video",
deploy	UNKNOWN STEP	  "SANDBOX_MINI_APP_DOMAIN": "sandbox-app.toncloud.observer",
deploy	UNKNOWN STEP	  "SANDBOX_MINI_APP_PORT": "6000",
deploy	UNKNOWN STEP	  "SANDBOX_MINI_APP_SOCKET_DOMAIN": "sandbox-socket.toncloud.observer",
deploy	UNKNOWN STEP	  "SANDBOX_MONITORING_DOMAIN": "sandbox-monitoring.toncloud.observer",
deploy	UNKNOWN STEP	  "SANDBOX_NETWORK_NAME": "***-sandbox",
deploy	UNKNOWN STEP	  "SANDBOX_NETWORK_PUBLIC_IP": "***",
deploy	UNKNOWN STEP	  "SANDBOX_NEXT_PUBLIC_API_BASE_URL": "https://sandbox-app.toncloud.observer/api/v1",
deploy	UNKNOWN STEP	  "SANDBOX_NEXT_PUBLIC_APP_BASE_URL": "https://sandbox-app.toncloud.observer",
deploy	UNKNOWN STEP	  "SANDBOX_NEXT_PUBLIC_BACKEND_URL_CLIENT": "https://sandbox-app.toncloud.observer/api/client/v1/",
deploy	UNKNOWN STEP	  "SANDBOX_NEXT_PUBLIC_BOT_USERNAME": "sandbox_ont0n_bot",
deploy	UNKNOWN STEP	  "SANDBOX_NEXT_PUBLIC_GTM": "GTM-sandbox",
deploy	UNKNOWN STEP	  "SANDBOX_NEXT_PUBLIC_SOCKET_URL": "sandbox-socket.toncloud.observer",
deploy	UNKNOWN STEP	  "SANDBOX_NFT_INTERVAL_TIME": "60000",
deploy	UNKNOWN STEP	  "SANDBOX_NFT_MANAGER_PORT": "6004",
deploy	UNKNOWN STEP	  "SANDBOX_NODE_ENV": "production",
deploy	UNKNOWN STEP	  "SANDBOX_NODE_TLS_REJECT_UNAUTHORIZED": "0",
deploy	UNKNOWN STEP	  "SANDBOX_ONTON_DOMAIN": "sandbox.toncloud.observer",
deploy	UNKNOWN STEP	  "SANDBOX_PARTICIPANT_TMA_PORT": "6001",
deploy	UNKNOWN STEP	  "SANDBOX_PGADMIN_DOMAIN": "sandbox-pgadmin.toncloud.observer",
deploy	UNKNOWN STEP	  "SANDBOX_PORT_CLIENT_WEB": "6007",
deploy	UNKNOWN STEP	  "SANDBOX_PORT_METABASE": "6009",
deploy	UNKNOWN STEP	  "SANDBOX_PORT_PGADMIN": "6006",
deploy	UNKNOWN STEP	  "SANDBOX_PORT_WEB_SITE": "6005",
deploy	UNKNOWN STEP	  "SANDBOX_POSTGRES_METABASE_DB": "sandbox-mini-app",
deploy	UNKNOWN STEP	  "SANDBOX_POSTGRES_MINI_APP_DB": "sandbox-mini-app",
deploy	UNKNOWN STEP	  "SANDBOX_POSTGRES_NFT_MANAGER_DB": "sandbox-nft-manager",
deploy	UNKNOWN STEP	  "SANDBOX_POSTGRES_PORT": "6008",
deploy	UNKNOWN STEP	  "SANDBOX_PTMA_API_BASE_URL": "https://sandbox-app.toncloud.observer/api/v1",
deploy	UNKNOWN STEP	  "SANDBOX_RABBITMQ_DOMAIN": "sandbox-rabbitmq.toncloud.observer",
deploy	UNKNOWN STEP	  "SANDBOX_RABBITMQ_MANAGEMENT_PORT": "6015",
deploy	UNKNOWN STEP	  "SANDBOX_RABBITMQ_NODE_PORT": "6016",
deploy	UNKNOWN STEP	  "SANDBOX_REDIS_DATABASES": "1",
deploy	UNKNOWN STEP	  "SANDBOX_REDIS_PORT": "6011",
deploy	UNKNOWN STEP	  "SANDBOX_REGISTRY_URL": "registry.toncloud.observer",
deploy	UNKNOWN STEP	  "SANDBOX_SOCKET_PORT": "60***",
deploy	UNKNOWN STEP	  "SANDBOX_STAGE_NAME": "sandbox-***",
deploy	UNKNOWN STEP	  "SANDBOX_SYS_CADDY_REPLICAS": "1",
deploy	UNKNOWN STEP	  "SANDBOX_SYS_MINI_APP_REPLICAS": "2",
deploy	UNKNOWN STEP	  "SANDBOX_SYS_PARTICIPANT_TMA_REPLICAS": "2",
deploy	UNKNOWN STEP	  "SANDBOX_SYS_WEB_SITE_REPLICAS": "1",
deploy	UNKNOWN STEP	  "SANDBOX_TELEGRAM_BOT_PORT": "6002",
deploy	UNKNOWN STEP	  "SANDBOX_TG_NOTIFICATION_CHANELL": "-1002164161685",
deploy	UNKNOWN STEP	  "SANDBOX_TON_CENTER_ENDPOINT": "https://toncenter.com/api/v2/jsonRPC",
deploy	UNKNOWN STEP	  "SANDBOX_TON_SOCIETY_BASE_URL": "https://society.ton.org/v1",
deploy	UNKNOWN STEP	  "SANDBOX_USE_CLOUDFLARE": "true",
deploy	UNKNOWN STEP	  "SANDBOX_USE_MAIN_IP_TO_EXPOSE": "true",
deploy	UNKNOWN STEP	  "STAGING_ACME_AGREE": "true",
deploy	UNKNOWN STEP	  "STAGING_BRANCH_NAME": "staging",
deploy	UNKNOWN STEP	  "STAGING_CACHE_ENABLED": "true",
deploy	UNKNOWN STEP	  "STAGING_CLAMAV_PORT": "***10",
deploy	UNKNOWN STEP	  "STAGING_CLIENT_API_FIXED_ORGANIZER": "@Ontonadmin",
deploy	UNKNOWN STEP	  "STAGING_CLIENT_API_FIXED_USER": "@Ontonadmin",
deploy	UNKNOWN STEP	  "STAGING_CLIENT_WEB_DOMAIN": "staging-client-web.toncloud.observer",
deploy	UNKNOWN STEP	  "STAGING_COMPOSE_PROJECT_NAME": "staging-***",
deploy	UNKNOWN STEP	  "STAGING_ENV": "staging",
deploy	UNKNOWN STEP	  "STAGING_EVENT_WALLET_ENC_KEY": "Ci5M6/B4Wke4qX6tXViVeW0xM0iH0yh/qvD3Y1xu2v8",
deploy	UNKNOWN STEP	  "STAGING_GITHUB_CLIENT_ID": "Ov23liQFN1rMeZicYHnL",
deploy	UNKNOWN STEP	  "STAGING_GITHUB_REPO": "***bot",
deploy	UNKNOWN STEP	  "STAGING_GOLANG_SERVER_PORT": "4013",
deploy	UNKNOWN STEP	  "STAGING_GOOGLE_CLIENT_ID": "174044865725-8urfv981fca74aj3bq2kqik7fbe2rggg.apps.googleusercontent.com",
deploy	UNKNOWN STEP	  "STAGING_IP_CADDY": "caddy",
deploy	UNKNOWN STEP	  "STAGING_IP_CLAMAV": "host.docker.internal",
deploy	UNKNOWN STEP	  "STAGING_IP_CLIENT_WEB": "client-web",
deploy	UNKNOWN STEP	  "STAGING_IP_GIVEAWAY_CHECKER": "giveaway-checker",
deploy	UNKNOWN STEP	  "STAGING_IP_GOLANG_SERVER": "golang-server",
deploy	UNKNOWN STEP	  "STAGING_IP_GOLANG_WORKER": "golang-worker",
deploy	UNKNOWN STEP	  "STAGING_IP_KIBANA": "kibana",
deploy	UNKNOWN STEP	  "STAGING_IP_METABASE": "metabase",
deploy	UNKNOWN STEP	  "STAGING_IP_MINIO": "minio",
deploy	UNKNOWN STEP	  "STAGING_IP_MINI_APP": "mini-app",
deploy	UNKNOWN STEP	  "STAGING_IP_MINI_APP_CRON": "mini-app-sbt-worker",
deploy	UNKNOWN STEP	  "STAGING_IP_NFT_MANAGER": "nft-manager",
deploy	UNKNOWN STEP	  "STAGING_IP_PARTICIPANT_TMA": "participant-tma",
deploy	UNKNOWN STEP	  "STAGING_IP_PGADMIN": "pgadmin",
deploy	UNKNOWN STEP	  "STAGING_IP_POA_WORKER": "mini-app-poa-worker",
deploy	UNKNOWN STEP	  "STAGING_IP_POSTGRES": "postgres",
deploy	UNKNOWN STEP	  "STAGING_IP_RABBITMQ": "rabbitmq",
deploy	UNKNOWN STEP	  "STAGING_IP_RANGE_BASE": "host.docker.internal",
deploy	UNKNOWN STEP	  "STAGING_IP_RANGE_START": "172.11",
deploy	UNKNOWN STEP	  "STAGING_IP_RANGE_SUBNET": "24",
deploy	UNKNOWN STEP	  "STAGING_IP_REDIS": "redis",
deploy	UNKNOWN STEP	  "STAGING_IP_SOCKET": "IP_SOCKET=mini-app-notification-socket",
deploy	UNKNOWN STEP	  "STAGING_IP_SWAGGER_UI": "swagger-ui",
deploy	UNKNOWN STEP	  "STAGING_IP_TELEGRAM_BOT": "telegram-bot",
deploy	UNKNOWN STEP	  "STAGING_IP_WEBSITE": "website",
deploy	UNKNOWN STEP	  "STAGING_JWT_SECRET_SOCKET": "JFDmdjeu__@HF_KKSEEWR_ERWER_FGDFG_ET%DG%34534aasd%_Rhueflihfsdlnf",
deploy	UNKNOWN STEP	  "STAGING_KIBANA_HASHED_PASSWORD": "$2a$14$6P83mnKs9BxP2qZDaMU.2OzBHY3SG0nnaVXJ8nKluEWEWD5RMmN/W",
deploy	UNKNOWN STEP	  "STAGING_KIBANA_PORT": "4023",
deploy	UNKNOWN STEP	  "STAGING_KIBANA_USERNAME": "monitor",
deploy	UNKNOWN STEP	  "STAGING_LINKEDIN_CLIENT_ID": "77osbnm9chxr4c",
deploy	UNKNOWN STEP	  "STAGING_LOCAL_DOMAIN": "staging-app.toncloud.observer",
deploy	UNKNOWN STEP	  "STAGING_MB_REDIRECT_ALL_REQUESTS_TO_HTTPS": "true",
deploy	UNKNOWN STEP	  "STAGING_METABASE_DOMAIN": "staging-metabase.toncloud.observer",
deploy	UNKNOWN STEP	  "STAGING_MINIO_COLLECTION_BUCKET": "***collection",
deploy	UNKNOWN STEP	  "STAGING_MINIO_DASHBOARD_PORT": "4014",
deploy	UNKNOWN STEP	  "STAGING_MINIO_DOC_BUCKET": "***doc",
deploy	UNKNOWN STEP	  "STAGING_MINIO_DOC_DEFAULT_BUCKET": "***",
deploy	UNKNOWN STEP	  "STAGING_MINIO_ENDPOINT": "minio",
deploy	UNKNOWN STEP	  "STAGING_MINIO_IMAGE_BUCKET": "***image",
deploy	UNKNOWN STEP	  "STAGING_MINIO_ITEM_BUCKET": "***item",
deploy	UNKNOWN STEP	  "STAGING_MINIO_PORT": "4012",
deploy	UNKNOWN STEP	  "STAGING_MINIO_PUBLIC_URL": "https://staging-storage.toncloud.observer",
deploy	UNKNOWN STEP	  "STAGING_MINIO_REGION_NAME": "default",
deploy	UNKNOWN STEP	  "STAGING_MINIO_SBT_COLLECTIONS_BUCKET": "sbt-collections",
deploy	UNKNOWN STEP	  "STAGING_MINIO_STORAGE_ADMIN_DOMAIN": "staging-storage-admin.toncloud.observer",
deploy	UNKNOWN STEP	  "STAGING_MINIO_STORAGE_DOMAIN": "staging-storage.toncloud.observer",
deploy	UNKNOWN STEP	  "STAGING_MINIO_VIDEO_BUCKET": "***video",
deploy	UNKNOWN STEP	  "STAGING_MINI_APP_DOMAIN": "staging-app.toncloud.observer",
deploy	UNKNOWN STEP	  "STAGING_MINI_APP_PORT": "4000",
deploy	UNKNOWN STEP	  "STAGING_MINI_APP_SOCKET_DOMAIN": "staging-socket.toncloud.observer",
deploy	UNKNOWN STEP	  "STAGING_MONITORING_DOMAIN": "staging-monitoring.toncloud.observer",
deploy	UNKNOWN STEP	  "STAGING_MS_CLIENT_ID": "916e0c9f-17bc-45c2-9cbc-025c48a0d449",
deploy	UNKNOWN STEP	  "STAGING_NETWORK_NAME": "***-staging",
deploy	UNKNOWN STEP	  "STAGING_NETWORK_PUBLIC_IP": "***",
deploy	UNKNOWN STEP	  "STAGING_NEXT_PUBLIC_API_BASE_URL": "https://staging-app.toncloud.observer/api/v1",
deploy	UNKNOWN STEP	  "STAGING_NEXT_PUBLIC_APP_BASE_URL": "https://staging-app.toncloud.observer",
deploy	UNKNOWN STEP	  "STAGING_NEXT_PUBLIC_BACKEND_URL_CLIENT": "https://staging-app.toncloud.observer/api/client/v1/",
deploy	UNKNOWN STEP	  "STAGING_NEXT_PUBLIC_BOT_USERNAME": "notnonstagebot",
deploy	UNKNOWN STEP	  "STAGING_NEXT_PUBLIC_ENV": "staging",
deploy	UNKNOWN STEP	  "STAGING_NEXT_PUBLIC_GTM": "GTM-staging",
deploy	UNKNOWN STEP	  "STAGING_NEXT_PUBLIC_SOCKET_URL": "staging-socket.toncloud.observer",
deploy	UNKNOWN STEP	  "STAGING_NEXT_PUBLIC_TRPC_BASE_URL": "https://staging-app.toncloud.observer",
deploy	UNKNOWN STEP	  "STAGING_NFT_INTERVAL_TIME": "60000",
deploy	UNKNOWN STEP	  "STAGING_NFT_MANAGER_PORT": "4004",
deploy	UNKNOWN STEP	  "STAGING_NODE_ENV": "production",
deploy	UNKNOWN STEP	  "STAGING_NODE_TLS_REJECT_UNAUTHORIZED": "0",
deploy	UNKNOWN STEP	  "STAGING_ONTON_DOMAIN": "staging.toncloud.observer",
deploy	UNKNOWN STEP	  "STAGING_PARTICIPANT_TMA_PORT": "4001",
deploy	UNKNOWN STEP	  "STAGING_PGADMIN_DOMAIN": "staging-pgadmin.toncloud.observer",
deploy	UNKNOWN STEP	  "STAGING_PORT_CLIENT_WEB": "4007",
deploy	UNKNOWN STEP	  "STAGING_PORT_METABASE": "4009",
deploy	UNKNOWN STEP	  "STAGING_PORT_PGADMIN": "4006",
deploy	UNKNOWN STEP	  "STAGING_PORT_WEB_SITE": "4005",
deploy	UNKNOWN STEP	  "STAGING_POSTGRES_METABASE_DB": "staging-mini-app",
deploy	UNKNOWN STEP	  "STAGING_POSTGRES_MINI_APP_DB": "staging-mini-app",
deploy	UNKNOWN STEP	  "STAGING_POSTGRES_NFT_MANAGER_DB": "staging-nft-manager",
deploy	UNKNOWN STEP	  "STAGING_POSTGRES_PORT": "4008",
deploy	UNKNOWN STEP	  "STAGING_PTMA_API_BASE_URL": "https://staging-app.toncloud.observer/api/v1",
deploy	UNKNOWN STEP	  "STAGING_RABBITMQ_DOMAIN": "staging-rabbitmq.toncloud.observer",
deploy	UNKNOWN STEP	  "STAGING_RABBITMQ_MANAGEMENT_PORT": "4015",
deploy	UNKNOWN STEP	  "STAGING_RABBITMQ_NODE_PORT": "4016",
deploy	UNKNOWN STEP	  "STAGING_REDIS_DATABASES": "1",
deploy	UNKNOWN STEP	  "STAGING_REDIS_PORT": "4011",
deploy	UNKNOWN STEP	  "STAGING_REGISTRY_URL": "registry.toncloud.observer",
deploy	UNKNOWN STEP	  "STAGING_SOCKET_PORT": "40***",
deploy	UNKNOWN STEP	  "STAGING_STAGE_NAME": "staging-***",
deploy	UNKNOWN STEP	  "STAGING_SWAGGER_UI_DOMAIN": "staging-swagger-ui.toncloud.observer",
deploy	UNKNOWN STEP	  "STAGING_SWAGGER_UI_PORT": "4024",
deploy	UNKNOWN STEP	  "STAGING_SYS_CADDY_REPLICAS": "1",
deploy	UNKNOWN STEP	  "STAGING_SYS_MINI_APP_REPLICAS": "2",
deploy	UNKNOWN STEP	  "STAGING_SYS_PARTICIPANT_TMA_REPLICAS": "2",
deploy	UNKNOWN STEP	  "STAGING_SYS_WEB_SITE_REPLICAS": "1",
deploy	UNKNOWN STEP	  "STAGING_TELEGRAM_BOT_PORT": "4002",
deploy	UNKNOWN STEP	  "STAGING_TG_EVENTS_TOPIC": "2",
deploy	UNKNOWN STEP	  "STAGING_TG_LOGS_GROUP_ID": "-100***64975789",
deploy	UNKNOWN STEP	  "STAGING_TG_LOG_BOT_TOKEN": "7604730825:AAE1WJHs5lFI2zX_tba6M-1HYfffA8ugFmA",
deploy	UNKNOWN STEP	  "STAGING_TG_NOTIFICATION_CHANELL": "-1002164161685",
deploy	UNKNOWN STEP	  "STAGING_TG_SYSTEM_TOPIC": "16",
deploy	UNKNOWN STEP	  "STAGING_TG_TICKETS_TOPIC": "4",
deploy	UNKNOWN STEP	  "STAGING_TON_CENTER_ENDPOINT": "https://toncenter.com/api/v2/jsonRPC",
deploy	UNKNOWN STEP	  "STAGING_TON_SOCIETY_BASE_URL": "https://id.ton.org/v1",
deploy	UNKNOWN STEP	  "STAGING_TWITTER_CLIENT_ID": "SU1RUS0xaHNsRk5kd014UlZieDQ6MTpjaQ",
deploy	UNKNOWN STEP	  "STAGING_USE_CLOUDFLARE": "true",
deploy	UNKNOWN STEP	  "STAGING_USE_MAIN_IP_TO_EXPOSE": "true",
deploy	UNKNOWN STEP	  "TELEGRAM_BOT_TOKEN_FOR_DEPLOYMENT": "7604730825:AAHhtwa4bGhELsBn2VqUxIIFXVJkRJfKuDs",
deploy	UNKNOWN STEP	  "TELEGRAM_CHAT_ID_FOR_DEPLOYMENT": "***"
deploy	UNKNOWN STEP	}
deploy	UNKNOWN STEP	2026-02-09T09:14:46.5946229Z   SSH_AUTH_SOCK: /tmp/ssh-INNUIgKIh2X5/agent.2073
deploy	UNKNOWN STEP	2026-02-09T09:14:46.5946811Z   SSH_AGENT_PID: 2074
deploy	UNKNOWN STEP	2026-02-09T09:14:46.5947314Z   SSH_IP: ***
deploy	UNKNOWN STEP	2026-02-09T09:14:46.5947776Z   SSH_PORT: ***
deploy	UNKNOWN STEP	2026-02-09T09:14:46.5948293Z   COMPOSE_FILE: docker-compose-server-dev.yml
deploy	UNKNOWN STEP	2026-02-09T09:14:46.5949133Z   TELEGRAM_BOT_TOKEN: 7604730825:AAHhtwa4bGhELsBn2VqUxIIFXVJkRJfKuDs
deploy	UNKNOWN STEP	2026-02-09T09:14:46.5949802Z   TELEGRAM_CHAT_ID: ***
deploy	UNKNOWN STEP	2026-02-09T09:14:46.5950300Z ##[endgroup]
deploy	UNKNOWN STEP	2026-02-09T09:14:46.9989956Z {"ok":true,"result":{"message_id":***5,"sender_chat":{"id":***,"title":"ONTON LOGs","type":"channel"},"chat":{"id":***,"title":"ONTON LOGs","type":"channel"},"date":1770628486,"text":"Hi there! \n  \ud83d\udd04 Deployment Finished for ExecutESG/***\n\n  \ud83e\uddd1 \u200d\ud83d\udcbbActor: bemehrbani\n\n  \ud83d\udcdd branch: refs/heads/dev\n\n  \u274c \u274c deployment failed \u274c \u274c"}}
deploy	UNKNOWN STEP	2026-02-09T09:14:47.0096459Z Post job cleanup.
deploy	UNKNOWN STEP	2026-02-09T09:14:47.1111039Z [command]/usr/bin/git version
deploy	UNKNOWN STEP	2026-02-09T09:14:47.1151478Z git version 2.52.0
deploy	UNKNOWN STEP	2026-02-09T09:14:47.1205758Z Temporarily overriding HOME='/home/runner/work/_temp/535258ac-05ca-4b17-9201-05affb337190' before making global git config changes
deploy	UNKNOWN STEP	2026-02-09T09:14:47.1207192Z Adding repository directory to the temporary git global config as a safe directory
deploy	UNKNOWN STEP	2026-02-09T09:14:47.1220979Z [command]/usr/bin/git config --global --add safe.directory /home/runner/work/***/***
deploy	UNKNOWN STEP	2026-02-09T09:14:47.1260335Z [command]/usr/bin/git config --local --name-only --get-regexp core\.sshCommand
deploy	UNKNOWN STEP	2026-02-09T09:14:47.1293807Z [command]/usr/bin/git submodule foreach --recursive sh -c "git config --local --name-only --get-regexp 'core\.sshCommand' && git config --local --unset-all 'core.sshCommand' || :"
deploy	UNKNOWN STEP	2026-02-09T09:14:47.1561356Z [command]/usr/bin/git config --local --name-only --get-regexp http\.https\:\/\/github\.com\/\.extraheader
deploy	UNKNOWN STEP	2026-02-09T09:14:47.1588775Z http.https://github.com/.extraheader
deploy	UNKNOWN STEP	2026-02-09T09:14:47.1603049Z [command]/usr/bin/git config --local --unset-all http.https://github.com/.extraheader
deploy	UNKNOWN STEP	2026-02-09T09:14:47.1646667Z [command]/usr/bin/git submodule foreach --recursive sh -c "git config --local --name-only --get-regexp 'http\.https\:\/\/github\.com\/\.extraheader' && git config --local --unset-all 'http.https://github.com/.extraheader' || :"
deploy	UNKNOWN STEP	2026-02-09T09:14:47.1927018Z [command]/usr/bin/git config --local --name-only --get-regexp ^includeIf\.gitdir:
deploy	UNKNOWN STEP	2026-02-09T09:14:47.1982715Z [command]/usr/bin/git submodule foreach --recursive git config --local --show-origin --name-only --get-regexp remote.origin.url
deploy	UNKNOWN STEP	2026-02-09T09:14:47.2392251Z Post job cleanup.
deploy	UNKNOWN STEP	2026-02-09T09:14:47.2760488Z Stopping SSH agent
deploy	UNKNOWN STEP	2026-02-09T09:14:47.2772225Z The "file" argument must be of type string. Received undefined
deploy	UNKNOWN STEP	2026-02-09T09:14:47.2773529Z Error stopping the SSH agent, proceeding anyway
deploy	UNKNOWN STEP	2026-02-09T09:14:47.2865085Z Cleaning up orphan processes
